  TimeWindow  Iteration  ResRel(Mass-Left-Mesh:Displacement-Left)  ResRel(Mass-Left-Mesh:Displacement-Right)
     1       1   1.00000000e+00   1.00000000e+00
     1       2   5.23697388e-06   5.00000109e-01
     1       3   5.23694271e-06   3.28661168e-13
     1       4   0.00000000e+00   0.00000000e+00
     2       1   3.04536299e-02   7.47514542e-01
     2       2   5.34224301e-05   9.78828022e-07
     2       3   4.28898461e-12   1.48655364e-12
     3       1   5.22638582e-02   5.48140257e-01
     3       2   9.88480441e-05   9.32256304e-07
     3       3   3.64560500e-13   1.49582557e-12
     4       1   7.61884154e-02   4.24244382e-01
     4       2   1.48044665e-04   7.16176215e-07
     4       3   5.43616584e-13   1.20213029e-12
     5       1   1.03359754e-01   3.40397433e-01
     5       2   2.02822764e-04   5.88791750e-07
     5       3   1.64927256e-12   1.02657330e-12
     6       1   1.35512848e-01   2.79219366e-01
     6       2   2.65929150e-04   4.97180824e-07
     6       3   2.65476071e-12   8.32453074e-13
     7       1   1.75552134e-01   2.31871942e-01
     7       2   3.41908031e-04   3.95279106e-07
     7       3   3.68528857e-12   7.33508971e-13
     8       1   2.28864853e-01   1.93455058e-01
     8       2   4.39091680e-04   3.64253385e-07
     8       3   2.08006281e-11   6.49881458e-13
     9       1   3.06876608e-01   1.61030300e-01
     9       2   5.74979611e-04   2.91647835e-07
     9       3   2.66855286e-11   5.50497522e-13
    10       1   4.39132480e-01   1.32708560e-01
    10       2   7.94486115e-04   2.54389703e-07
    10       3   3.45461193e-11   4.57978579e-13
    11       1   7.33730168e-01   1.07191858e-01
    11       2   1.26108769e-03   1.96717682e-07
    11       3   1.19234839e-11   3.56047244e-13
    12       1   2.16519222e+00   8.35233169e-02
    12       2   3.44134105e-03   1.55085183e-07
    12       3   3.28361959e-11   2.88445409e-13
    13       1   2.06179011e+00   6.09375032e-02
    13       2   2.92423268e-03   1.17799848e-07
    13       3   3.38800100e-11   2.19288818e-13
    14       1   6.40396612e-01   3.87588231e-02
    14       2   7.33447996e-04   7.79394863e-08
    14       3   6.43787485e-11   1.39206099e-13
    15       1   3.42573681e-01   1.63183097e-02
    15       2   2.44935896e-04   3.81136143e-08
    15       3   1.55515198e-11   1.00283948e-13
    16       1   2.03847655e-01   7.13375521e-03
    16       2   9.77946911e-06   3.26269023e-09
    16       3   1.83494351e-11   4.50500693e-15
    17       1   1.16014488e-01   3.25458113e-02
    17       2   1.97568365e-04   9.47189610e-09
    17       3   1.90222666e-11   2.41584459e-14
    18       1   4.85265654e-02   6.12590830e-02
    18       2   3.69114521e-04   1.70395031e-07
    18       3   2.03847179e-11   2.75333825e-13
    19       1   1.19261958e-02   9.53768372e-02
    19       2   5.51911755e-04   1.63004234e-07
    19       3   1.55783821e-11   2.53450882e-13
    20       1   7.42342105e-02   1.38561683e-01
    20       2   7.72628119e-04   2.22738232e-07
    20       3   2.47052663e-11   3.88466616e-13
    21       1   1.48395506e-01   1.98015941e-01
    21       2   1.07281625e-03   3.52479730e-07
    21       3   2.38201980e-11   5.78643608e-13
    22       1   2.52791712e-01   2.90410635e-01
    22       2   1.54193599e-03   4.84739340e-07
    22       3   3.57453205e-11   8.53226390e-13
    23       1   4.38673802e-01   4.65588175e-01
    23       2   2.44238004e-03   8.30015480e-07
    23       3   1.50942682e-11   1.44509351e-12
    24       1   9.58640418e-01   9.72459081e-01
    24       2   5.07909660e-03   1.71245307e-06
    24       3   7.57384038e-12   3.15571250e-12
    25       1   1.91751363e+02   6.77414825e+04
    25       2   2.94252429e+02   1.42718501e-01
    25       3   1.03911387e-05   2.64523112e-07
    25       4   4.36143285e-11   3.50504301e-14
    26       1   1.00001778e+00   1.00001304e+00
    26       2   5.29703979e-03   1.73873001e-06
    26       3   6.40258472e-11   3.25830913e-12
    27       1   4.88207118e-01   4.93025756e-01
    27       2   2.66208391e-03   9.33002761e-07
    27       3   1.00245194e-10   1.76605986e-12
    27       4   3.42958586e-16   0.00000000e+00
    28       1   3.04445668e-01   3.17683379e-01
    28       2   1.76495679e-03   5.64688844e-07
    28       3   1.25059582e-11   1.12802384e-12
    29       1   2.01591469e-01   2.25054845e-01
    29       2   1.30091848e-03   4.54698408e-07
    29       3   1.28517500e-10   9.06157894e-13
    29       4   3.82083563e-16   0.00000000e+00
    30       1   1.29164627e-01   1.65287916e-01
    30       2   1.00808871e-03   3.02103683e-07
    30       3   7.43739293e-13   6.50028642e-13
    31       1   6.91290331e-02   1.21699909e-01
    31       2   7.97898681e-04   2.66299552e-07
    31       3   8.91254434e-11   4.81610253e-13
    32       1   1.18645675e-02   8.70730115e-02
    32       2   6.30382294e-04   1.62118860e-07
    32       3   9.09074455e-12   3.61326477e-13
    33       1   5.08811956e-02   5.77237577e-02
    33       2   4.81908961e-04   1.34054560e-07
    33       3   6.26531867e-11   3.59826099e-13
    34       1   1.31086202e-01   3.15206419e-02
    34       2   3.31535898e-04   9.17162638e-08
    34       3   6.19766477e-11   1.91826124e-13
    35       1   2.55865982e-01   7.08387187e-03
    35       2   1.45658428e-04   2.68283678e-08
    35       3   1.84691288e-11   1.05478453e-13
    36       1   5.20973043e-01   1.65883678e-02
    36       2   1.79904424e-04   1.36300045e-08
    36       3   3.60083511e-11   1.11482091e-14
    37       1   1.78301906e+00   4.03209713e-02
    37       2   1.54921242e-03   5.54284633e-08
    37       3   1.06078817e-10   8.77458806e-14
    37       4   3.22850959e-16   0.00000000e+00
    38       1   1.93695732e+00   6.48911289e-02
    38       2   2.34567552e-03   9.89410940e-08
    38       3   1.01399286e-10   1.55353856e-13
    38       4   0.00000000e+00   0.00000000e+00
    39       1   6.83295822e-01   9.11344313e-02
    39       2   9.86716674e-04   1.45708106e-07
    39       3   3.14712111e-11   2.79978445e-13
    40       1   4.22879010e-01   1.20060546e-01
    40       2   6.83050017e-04   2.36340882e-07
    40       3   8.83036530e-12   4.48443766e-13
    41       1   3.04956731e-01   1.53013854e-01
    41       2   5.32377646e-04   2.95694293e-07
    41       3   4.55047000e-11   6.08772962e-13
    42       1   2.34710155e-01   1.91936796e-01
    42       2   4.33904410e-04   4.00802311e-07
    42       3   6.33001825e-11   7.21252043e-13
    43       1   1.86177301e-01   2.39854750e-01
    43       2   3.59793643e-04   4.38152260e-07
    43       3   2.95825519e-11   8.71574681e-13
    44       1   1.49300267e-01   3.01863847e-01
    44       2   2.99096371e-04   6.08784476e-07
    44       3   4.85762349e-11   1.03796841e-12
    45       1   1.19324241e-01   3.87381132e-01
    45       2   2.46518375e-04   6.72229470e-07
    45       3   6.21776237e-12   1.17188146e-12
    46       1   9.36745343e-02   5.16058711e-01
    46       2   1.99102523e-04   9.18773378e-07
    46       3   2.02077781e-12   1.79100603e-12
    47       1   7.08017129e-02   7.36837086e-01
    47       2   1.54996267e-04   1.47408437e-06
    47       3   4.51537956e-12   3.00506899e-12
    48       1   4.96819315e-02   1.21304797e+00
    48       2   1.12913113e-04   2.57420305e-06
    48       3   9.39018705e-12   5.22275260e-12
    49       1   2.95720502e-02   2.96046567e+00
    49       2   7.18640387e-05   6.54547758e-06
    49       3   6.11983846e-12   1.43754932e-11
    50       1   9.87424488e-03   1.29639362e+05
    50       2   3.10039661e-05   6.54854320e-01
    50       3   4.08961772e-12   2.02627301e-06
    50       4   0.00000000e+00   1.41649463e-13
    51       1   9.95087659e-03   9.99995310e-01
    51       2   1.04725919e-05   4.34672556e-07
    51       3   3.74691128e-12   3.65714290e-13
    52       1   3.04530466e-02   7.47521513e-01
    52       2   5.34210784e-05   1.28287029e-06
    52       3   1.14783332e-11   1.99151742e-12
    53       1   5.22632298e-02   5.48144707e-01
    53       2   9.88465978e-05   9.50741458e-07
    53       3   1.93816036e-12   1.53830622e-12
    54       1   7.61877171e-02   4.24247328e-01
    54       2   1.48043086e-04   7.21891945e-07
    54       3   7.62709569e-13   1.17481040e-12
    55       1   1.03358950e-01   3.40399531e-01
    55       2   2.02820994e-04   5.71365354e-07
    55       3   1.59068464e-12   9.84714692e-13
    56       1   1.35511880e-01   2.79220953e-01
    56       2   2.65927105e-04   4.91611211e-07
    56       3   5.31965653e-12   8.81143870e-13
    57       1   1.75550904e-01   2.31873204e-01
    57       2   3.41905519e-04   4.22635702e-07
    57       3   1.08933474e-11   7.26238539e-13
    58       1   2.28863164e-01   1.93456103e-01
    58       2   4.39088450e-04   3.37754317e-07
    58       3   1.46452901e-12   6.36920524e-13
    59       1   3.06874019e-01   1.61031195e-01
    59       2   5.74974936e-04   3.08060435e-07
    59       3   1.15456855e-11   5.40539125e-13
    60       1   4.39127714e-01   1.32709351e-01
    60       2   7.94478060e-04   2.36734288e-07
    60       3   2.69114753e-13   4.35736875e-13
    61       1   7.33717540e-01   1.07192577e-01
    61       2   1.26106756e-03   2.01036538e-07
    61       3   6.88013425e-13   3.81049867e-13
    62       1   2.16508129e+00   8.35239887e-02
    62       2   3.44117237e-03   1.62236859e-07
    62       3   2.02870445e-10   3.01609076e-13
    62       4   0.00000000e+00   0.00000000e+00
    63       1   2.06189936e+00   6.09381480e-02
    63       2   2.92439917e-03   1.17800859e-07
    63       3   3.38778065e-11   2.40043142e-13
    64       1   6.40409189e-01   3.87594595e-02
    64       2   7.33468014e-04   8.47688802e-08
    64       3   3.31736239e-11   1.61796133e-13
    65       1   3.42578562e-01   1.63189569e-02
    65       2   2.44944549e-04   4.01125040e-08
    65       3   1.25408122e-11   1.05478583e-13
    66       1   2.03850485e-01   7.13307502e-03
    66       2   9.77357644e-06   3.26375876e-09
    66       3   1.83493759e-11   1.45322803e-15
    67       1   1.16016559e-01   3.25450690e-02
    67       2   1.97563169e-04   3.99125071e-08
    67       3   1.90225020e-11   5.89705733e-14
    68       1   4.85283672e-02   6.12582359e-02
    68       2   3.69109092e-04   1.04305449e-07
    68       3   2.09322393e-11   1.61951459e-13
    69       1   1.19243803e-02   9.53758156e-02
    69       2   5.51905302e-04   1.56981537e-07
    69       3   8.72303553e-12   2.86941277e-13
    70       1   7.42321102e-02   1.38560360e-01
    70       2   7.72619595e-04   2.60667668e-07
    70       3   2.05782653e-11   4.45265337e-13
    71       1   1.48392695e-01   1.98014051e-01
    71       2   1.07280367e-03   3.45370606e-07
    71       3   6.79415359e-11   5.67695918e-13
    72       1   2.52787213e-01   2.90407511e-01
    72       2   1.54191444e-03   4.85286367e-07
    72       3   3.58926218e-11   9.06642076e-13
    73       1   4.38664317e-01   4.65581512e-01
    73       2   2.44233238e-03   8.80319980e-07
    73       3   8.78896452e-11   1.51538361e-12
    74       1   9.58603590e-01   9.72433307e-01
    74       2   5.07890776e-03   1.69327003e-06
    74       3   8.98964488e-11   3.11591565e-12
    75       1   1.93099588e+02   2.47189583e+04
    75       2   9.65532910e+01   4.79829088e-02
    75       3   1.73355492e-06   8.78602644e-08
    75       4   4.08895386e-12   9.61543016e-15
    76       1   1.00005420e+00   1.00003874e+00
    76       2   5.29723098e-03   1.73926493e-06
    76       3   6.40284836e-11   3.25861367e-12
    77       1   4.88216669e-01   4.93032381e-01
    77       2   2.66213259e-03   9.32807510e-07
    77       3   8.81937875e-11   1.70319606e-12
    78       1   3.04450234e-01   3.17686482e-01
    78       2   1.76497897e-03   5.86379304e-07
    78       3   4.12925711e-11   1.12281305e-12
    79       1   2.01594326e-01   2.25056722e-01
    79       2   1.30093157e-03   4.36018026e-07
    79       3   3.72592757e-11   8.39898750e-13
    80       1   1.29166749e-01   1.65289234e-01
    80       2   1.00809743e-03   3.22941446e-07
    80       3   6.43096108e-11   5.84293132e-13
    81       1   6.91308420e-02   1.21700931e-01
    81       2   7.97905312e-04   2.24613186e-07
    81       3   3.85929552e-11   3.92475865e-13
    82       1   1.18663249e-02   8.70738651e-02
    82       2   6.30387708e-04   1.56825000e-07
    82       3   5.88242138e-13   3.48587465e-13
    83       1   5.08792291e-02   5.77245126e-02
    83       2   4.81913835e-04   1.33724948e-07
    83       3   9.44718384e-11   2.42485182e-13
    84       1   1.31083592e-01   3.15213417e-02
    84       2   3.31541076e-04   6.42880247e-08
    84       3   6.53092577e-12   1.43869610e-13
    85       1   2.55861600e-01   7.08454704e-03
    85       2   1.45665100e-04   2.78621784e-08
    85       3   2.13154950e-11   1.09085726e-13
    86       1   5.20961979e-01   1.65876930e-02
    86       2   1.79890840e-04   1.33710781e-08
    86       3   3.60086670e-11   1.27617501e-14
    87       1   1.78292368e+00   4.03202749e-02
    87       2   1.54910970e-03   6.07352033e-08
    87       3   1.03450205e-10   9.44601692e-14
    87       4   3.22835468e-16   0.00000000e+00
    88       1   1.93705158e+00   6.48903878e-02
    88       2   2.34577575e-03   9.89398973e-08
    88       3   1.01402510e-10   1.62178605e-13
    88       4   3.03223115e-16   0.00000000e+00
    89       1   6.83306626e-01   9.11336184e-02
    89       2   9.86728883e-04   1.45706701e-07
    89       3   3.14716048e-11   2.70579914e-13
    90       1   4.22883116e-01   1.20059626e-01
    90       2   6.83055146e-04   2.28595653e-07
    90       3   3.56213016e-11   3.84889463e-13
    91       1   3.04958984e-01   1.53012777e-01
    91       2   5.32380868e-04   2.62963059e-07
    91       3   6.85605782e-13   4.17563230e-13
    92       1   2.34711643e-01   1.91935488e-01
    92       2   4.33906778e-04   3.10454588e-07
    92       3   3.22991039e-11   5.52296871e-13
    93       1   1.86178400e-01   2.39853090e-01
    93       2   3.59795564e-04   4.33175873e-07
    93       3   8.07980362e-12   8.15900114e-13
    94       1   1.49301145e-01   3.01861619e-01
    94       2   2.99098043e-04   5.76871791e-07
    94       3   1.71955548e-11   1.06571409e-12
    95       1   1.19324982e-01   3.87377918e-01
    95       2   2.46519852e-04   7.27434590e-07
    95       3   7.35972608e-12   1.47228418e-12
    96       1   9.36751882e-02   5.16053571e-01
    96       2   1.99103871e-04   1.06358651e-06
    96       3   2.29816446e-11   2.04221676e-12
    97       1   7.08023110e-02   7.36827411e-01
    97       2   1.54997570e-04   1.45250549e-06
    97       3   9.21919464e-12   2.90200382e-12
    98       1   4.96824959e-02   1.21302330e+00
    98       2   1.12914384e-04   2.52484407e-06
    98       3   9.14110510e-12   5.21245863e-12
    99       1   2.95725976e-02   2.96032857e+00
    99       2   7.18652956e-05   6.65047865e-06
    99       3   8.01791257e-12   1.45138338e-11
   100       1   9.87478988e-03   8.06148609e+04
   100       2   3.10052348e-05   3.25883839e-01
   100       3   4.01823055e-12   1.01301322e-06
   100       4   0.00000000e+00   8.53281805e-14