  TimeWindow  Iteration  ResRel(Mass-Left-Mesh:Displacement-Left)  ResRel(Mass-Left-Mesh:Displacement-Right)
     1       1   1.00000000e+00   1.00000000e+00
     1       2   6.19429640e-09   4.17155624e-10
     1       3   0.00000000e+00   0.00000000e+00
     2       1   7.23361389e-04   7.49939751e-01
     2       2   3.09863166e-08   7.24555132e-10
     2       3   0.00000000e+00   0.00000000e+00
     3       1   1.20642493e-03   5.55377008e-01
     3       2   5.58112400e-08   5.97618628e-10
     3       3   1.11263447e-16   0.00000000e+00
     4       1   1.69051539e-03   4.37183568e-01
     4       2   8.06811463e-08   4.91070934e-10
     4       3   0.00000000e+00   0.00000000e+00
     5       1   2.17595494e-03   3.59536987e-01
     5       2   1.05608226e-07   4.13278882e-10
     5       3   1.11694032e-16   0.00000000e+00
     6       1   2.66306974e-03   3.04941326e-01
     6       2   1.30604818e-07   3.55652682e-10
     6       3   1.11991467e-16   0.00000000e+00
     7       1   3.15219084e-03   2.64537879e-01
     7       2   1.55683437e-07   3.11606310e-10
     7       3   1.12344468e-16   0.00000000e+00
     8       1   3.64365529e-03   2.33450888e-01
     8       2   1.80856814e-07   2.76973803e-10
     8       3   0.00000000e+00   0.00000000e+00
     9       1   4.13780719e-03   2.08795237e-01
     9       2   2.06137928e-07   2.49109839e-10
     9       3   0.00000000e+00   0.00000000e+00
    10       1   4.63499877e-03   1.88760491e-01
    10       2   2.31540048e-07   2.26238643e-10
    10       3   0.00000000e+00   0.00000000e+00
    11       1   5.13559161e-03   1.72155192e-01
    11       2   2.57076769e-07   2.07015574e-10
    11       3   0.00000000e+00   0.00000000e+00
    12       1   5.63995784e-03   1.58163988e-01
    12       2   2.82762056e-07   1.90749862e-10
    12       3   0.00000000e+00   0.00000000e+00
    13       1   6.14848149e-03   1.46210443e-01
    13       2   3.08610289e-07   1.76781374e-10
    13       3   0.00000000e+00   0.00000000e+00
    14       1   6.66155984e-03   1.35875677e-01
    14       2   3.34636306e-07   1.64640388e-10
    14       3   0.00000000e+00   0.00000000e+00
    15       1   7.17960495e-03   1.26848064e-01
    15       2   3.60855460e-07   1.53986616e-10
    15       3   1.17287458e-16   0.00000000e+00
    16       1   7.70304525e-03   1.18891018e-01
    16       2   3.87283666e-07   1.44570773e-10
    16       3   1.18190883e-16   0.00000000e+00
    17       1   8.23232722e-03   1.11821714e-01
    17       2   4.13937465e-07   1.36171815e-10
    17       3   0.00000000e+00   0.00000000e+00
    18       1   8.76791734e-03   1.05496651e-01
    18       2   4.40834083e-07   1.28635665e-10
    18       3   0.00000000e+00   0.00000000e+00
    19       1   9.31030401e-03   9.98016314e-02
    19       2   4.67991500e-07   1.21823068e-10
    19       3   0.00000000e+00   0.00000000e+00
    20       1   9.85999981e-03   9.46446443e-02
    20       2   4.95428526e-07   1.15655585e-10
    20       3   1.22523937e-16   0.00000000e+00
    21       1   1.04175439e-02   8.99507332e-02
    21       2   5.23164878e-07   1.10023742e-10
    21       3   1.23800271e-16   0.00000000e+00
    22       1   1.09835046e-02   8.56582201e-02
    22       2   5.51221270e-07   1.04854087e-10
    22       3   1.25159963e-16   0.00000000e+00
    23       1   1.15584822e-02   8.17158905e-02
    23       2   5.79619511e-07   1.00127606e-10
    23       3   1.26606549e-16   0.00000000e+00
    24       1   1.21431124e-02   7.80808651e-02
    24       2   6.08382606e-07   9.57361202e-11
    24       3   0.00000000e+00   0.00000000e+00
    25       1   1.27380695e-02   7.47169705e-02
    25       2   6.37534878e-07   9.16664343e-11
    25       3   0.00000000e+00   0.00000000e+00
    26       1   1.33440702e-02   7.15934769e-02
    26       2   6.67102096e-07   8.79294936e-11
    26       3   1.31507745e-16   0.00000000e+00
    27       1   1.39618782e-02   6.86841112e-02
    27       2   6.97111615e-07   8.43945424e-11
    27       3   0.00000000e+00   0.00000000e+00
    28       1   1.45923088e-02   6.59662768e-02
    28       2   7.27592538e-07   8.10968808e-11
    28       3   0.00000000e+00   0.00000000e+00
    29       1   1.52362341e-02   6.34204314e-02
    29       2   7.58575890e-07   7.80099961e-11
    29       3   1.37350639e-16   0.00000000e+00
    30       1   1.58945890e-02   6.10295876e-02
    30       2   7.90094817e-07   7.50922964e-11
    30       3   1.39533661e-16   0.00000000e+00
    31       1   1.65683778e-02   5.87789078e-02
    31       2   8.22184808e-07   7.23676488e-11
    31       3   1.41845390e-16   0.00000000e+00
    32       1   1.72586815e-02   5.66553738e-02
    32       2   8.54883936e-07   6.97992386e-11
    32       3   1.44293331e-16   0.00000000e+00
    33       1   1.79666665e-02   5.46475160e-02
    33       2   8.88233143e-07   6.73423600e-11
    33       3   2.93771342e-16   0.00000000e+00
    34       1   1.86935936e-02   5.27451888e-02
    34       2   9.22276553e-07   6.50130310e-11
    34       3   1.49631354e-16   0.00000000e+00
    35       1   1.94408291e-02   5.09393844e-02
    35       2   9.57061822e-07   6.28344099e-11
    35       3   1.52540166e-16   0.00000000e+00
    36       1   2.02098566e-02   4.92220769e-02
    36       2   9.92640547e-07   6.07453071e-11
    36       3   1.55622826e-16   0.00000000e+00
    37       1   2.10022909e-02   4.75860919e-02
    37       2   1.02906872e-06   5.87438517e-11
    37       3   3.17782197e-16   0.00000000e+00
    38       1   2.18198940e-02   4.60249952e-02
    38       2   1.06640725e-06   5.68362509e-11
    38       3   1.62357912e-16   0.00000000e+00
    39       1   2.26645926e-02   4.45329997e-02
    39       2   1.10472257e-06   5.49953698e-11
    39       3   1.66037505e-16   0.00000000e+00
    40       1   2.35384995e-02   4.31048851e-02
    40       2   1.14408732e-06   5.32802310e-11
    40       3   1.69945584e-16   0.00000000e+00
    41       1   2.44439370e-02   4.17359296e-02
    41       2   1.18458112e-06   5.15692136e-11
    41       3   1.74099517e-16   0.00000000e+00
    42       1   2.53834649e-02   4.04218514e-02
    42       2   1.22629153e-06   4.99683495e-11
    42       3   3.57037094e-16   0.00000000e+00
    43       1   2.63599126e-02   3.91587577e-02
    43       2   1.26931507e-06   4.84770955e-11
    43       3   1.83224048e-16   0.00000000e+00
    44       1   2.73764164e-02   3.79431010e-02
    44       2   1.31375850e-06   4.69582176e-11
    44       3   1.88239818e-16   0.00000000e+00
    45       1   2.84364639e-02   3.67716412e-02
    45       2   1.35974023e-06   4.54935026e-11
    45       3   1.93592430e-16   0.00000000e+00
    46       1   2.95439450e-02   3.56414120e-02
    46       2   1.40739207e-06   4.41368751e-11
    46       3   1.99311634e-16   0.00000000e+00
    47       1   3.07032136e-02   3.45496925e-02
    47       2   1.45686123e-06   4.27957020e-11
    47       3   2.05430842e-16   0.00000000e+00
    48       1   3.19191598e-02   3.34939811e-02
    48       2   1.50831271e-06   4.15404962e-11
    48       3   2.11987702e-16   0.00000000e+00
    49       1   3.31972961e-02   3.24719739e-02
    49       2   1.56193217e-06   4.02617852e-11
    49       3   2.19024779e-16   0.00000000e+00
    50       1   3.45438619e-02   3.14815442e-02
    50       2   1.61792935e-06   3.90366286e-11
    50       3   2.26590374e-16   0.00000000e+00
    51       1   3.59659478e-02   3.05207258e-02
    51       2   1.67654219e-06   3.78651116e-11
    51       3   4.69479035e-16   0.00000000e+00
    52       1   3.74716486e-02   2.95876969e-02
    52       2   1.73804189e-06   3.67249170e-11
    52       3   2.43535171e-16   0.00000000e+00
    53       1   3.90702482e-02   2.86807670e-02
    53       2   1.80273900e-06   3.56040605e-11
    53       3   2.53049694e-16   0.00000000e+00
    54       1   4.07724490e-02   2.77983641e-02
    54       2   1.87099102e-06   3.45242365e-11
    54       3   2.63366657e-16   0.00000000e+00
    55       1   4.25906551e-02   2.69390243e-02
    55       2   1.94321170e-06   3.34576738e-11
    55       3   4.11874624e-16   0.00000000e+00
    56       1   4.45393267e-02   2.61013815e-02
    56       2   2.01988275e-06   3.24353349e-11
    56       3   2.86812249e-16   0.00000000e+00
    57       1   4.66354268e-02   2.52841593e-02
    57       2   2.10156863e-06   3.14295103e-11
    57       3   3.00187229e-16   0.00000000e+00
    58       1   4.88989901e-02   2.44861623e-02
    58       2   2.18893523e-06   3.04960921e-11
    58       3   4.72298089e-16   0.00000000e+00
    59       1   5.13538542e-02   2.37062697e-02
    59       2   2.28277407e-06   2.94894464e-11
    59       3   6.62068377e-16   0.00000000e+00
    60       1   5.40286094e-02   2.29434285e-02
    60       2   2.38403359e-06   2.85199875e-11
    60       3   3.48918673e-16   0.00000000e+00
    61       1   5.69578497e-02   2.21966478e-02
    61       2   2.49386042e-06   2.76327181e-11
    61       3   3.68791411e-16   0.00000000e+00
    62       1   6.01838400e-02   2.14649936e-02
    62       2   2.61365438e-06   2.67405265e-11
    62       3   7.81971345e-16   0.00000000e+00
    63       1   6.37587716e-02   2.07475840e-02
    63       2   2.74514283e-06   2.58578133e-11
    63       3   4.15913297e-16   0.00000000e+00
    64       1   6.77478639e-02   2.00435846e-02
    64       2   2.89048304e-06   2.49854213e-11
    64       3   4.44089251e-16   0.00000000e+00
    65       1   7.22337061e-02   1.93522048e-02
    65       2   3.05240530e-06   2.41215332e-11
    65       3   5.95207512e-16   0.00000000e+00
    66       1   7.73224606e-02   1.86726941e-02
    66       2   3.23441752e-06   2.33108529e-11
    66       3   5.12982678e-16   0.00000000e+00
    67       1   8.31529284e-02   1.80043387e-02
    67       2   3.44110422e-06   2.24799459e-11
    67       3   6.94545972e-16   0.00000000e+00
    68       1   8.99101474e-02   1.73464584e-02
    68       2   3.67857490e-06   2.16720891e-11
    68       3   6.05591935e-16   0.00000000e+00
    69       1   9.78464086e-02   1.66984038e-02
    69       2   3.95515714e-06   2.08800461e-11
    69       3   6.64844301e-16   0.00000000e+00
    70       1   1.07314881e-01   1.60595537e-02
    70       2   4.28250537e-06   2.00823991e-11
    70       3   9.20236044e-16   0.00000000e+00
    71       1   1.18825653e-01   1.54293127e-02
    71       2   4.67744897e-06   1.92910000e-11
    71       3   1.02957888e-15   0.00000000e+00
    72       1   1.33143807e-01   1.48071088e-02
    72       2   5.16522626e-06   1.85399449e-11
    72       3   9.33323922e-16   0.00000000e+00
    73       1   1.51471556e-01   1.41923914e-02
    73       2   5.78549063e-06   1.77700678e-11
    73       3   1.07468973e-15   0.00000000e+00
    74       1   1.75812514e-01   1.35846294e-02
    74       2   6.60432263e-06   1.70146634e-11
    74       3   1.26362529e-15   0.00000000e+00
    75       1   2.09773106e-01   1.29833091e-02
    75       2   7.74065661e-06   1.62972234e-11
    75       3   1.33760205e-15   0.00000000e+00
    76       1   2.60566090e-01   1.23879326e-02
    76       2   9.43234736e-06   1.55540929e-11
    76       3   1.68611988e-15   0.00000000e+00
    77       1   3.45021177e-01   1.17980163e-02
    77       2   1.22343700e-05   1.48094649e-11
    77       3   2.10585069e-15   0.00000000e+00
    78       1   5.13627847e-01   1.12130890e-02
    78       2   1.78116201e-05   1.40996377e-11
    78       3   2.94223151e-15   0.00000000e+00
    79       1   1.01884034e+00   1.06326907e-02
    79       2   3.44885333e-05   1.33865169e-11
    79       3   6.06343436e-15   0.00000000e+00
    80       1   2.74913473e+04   1.00563707e-02
    80       2   9.70245716e+00   1.26711198e-11
    80       3   1.73843998e-09   0.00000000e+00
    80       4   0.00000000e+00   0.00000000e+00
    81       1   9.99996534e-01   9.48368679e-03
    81       2   3.20486906e-05   1.19722600e-11
    81       3   5.80504176e-15   0.00000000e+00
    82       1   4.94828308e-01   8.91420356e-03
    82       2   1.53704889e-05   1.12701175e-11
    82       3   2.93258784e-15   0.00000000e+00
    83       1   3.26212977e-01   8.34749103e-03
    83       2   9.79083386e-06   1.05666382e-11
    83       3   1.89004772e-15   0.00000000e+00
    84       1   2.41734896e-01   7.78312347e-03
    84       2   6.98540461e-06   9.87761449e-12
    84       3   1.17259138e-15   0.00000000e+00
    85       1   1.90909294e-01   7.22067805e-03
    85       2   5.28931338e-06   9.18311289e-12
    85       3   6.32491870e-16   0.00000000e+00
    86       1   1.56907566e-01   6.65973359e-03
    86       2   4.14758015e-06   8.47660495e-12
    86       3   7.11001763e-16   0.00000000e+00
    87       1   1.32517276e-01   6.09986924e-03
    87       2   3.32234082e-06   7.78274123e-12
    87       3   6.16783795e-16   0.00000000e+00
    88       1   1.14132068e-01   5.54066322e-03
    88       2   2.69464892e-06   7.08490732e-12
    88       3   5.46390458e-16   0.00000000e+00
    89       1   9.97482927e-02   4.98169145e-03
    89       2   2.19840946e-06   6.40934035e-12
    89       3   3.68917518e-16   0.00000000e+00
    90       1   8.81636496e-02   4.42252625e-03
    90       2   1.79395231e-06   5.71016671e-12
    90       3   3.36393006e-16   0.00000000e+00
    91       1   7.86129314e-02   3.86273492e-03
    91       2   1.45602006e-06   5.01724722e-12
    91       3   2.06632412e-16   0.00000000e+00
    92       1   7.05858964e-02   3.30187835e-03
    92       2   1.16776193e-06   4.31662205e-12
    92       3   1.92047302e-16   0.00000000e+00
    93       1   6.37291984e-02   2.73950948e-03
    93       2   9.17499539e-07   3.61623215e-12
    93       3   1.79808446e-16   0.00000000e+00
    94       1   5.77903461e-02   2.17517177e-03
    94       2   6.96878816e-07   2.93837128e-12
    94       3   0.00000000e+00   0.00000000e+00
    95       1   5.25840777e-02   1.60839755e-03
    95       2   4.99761002e-07   2.22125042e-12
    95       3   0.00000000e+00   0.00000000e+00
    96       1   4.79713451e-02   1.03870626e-03
    96       2   3.21529475e-07   1.52965384e-12
    96       3   1.52809022e-16   0.00000000e+00
    97       1   4.38457142e-02   4.65602624e-04
    97       2   1.58641140e-07   8.21223813e-13
    97       3   0.00000000e+00   0.00000000e+00
    98       1   4.01242981e-02   1.11425330e-04
    98       2   8.32727248e-09   1.01835022e-13
    98       3   0.00000000e+00   0.00000000e+00
    99       1   3.67415525e-02   6.92908415e-04
    99       2   1.31611259e-07   6.12588243e-13
    99       3   0.00000000e+00   0.00000000e+00
   100       1   3.36449321e-02   1.27939856e-03
   100       2   2.62947429e-07   1.34178735e-12
   100       3   1.30548362e-16   0.00000000e+00
   101       1   3.07917869e-02   1.87147130e-03
   101       2   3.87130613e-07   2.09767901e-12
   101       3   1.26528496e-16   0.00000000e+00
   102       1   2.81471044e-02   2.46972846e-03
   102       2   5.05361278e-07   2.81948968e-12
   102       3   1.22967023e-16   0.00000000e+00
   103       1   2.56818397e-02   3.07480110e-03
   103       2   6.18646310e-07   3.56621188e-12
   103       3   1.19808929e-16   0.00000000e+00
   104       1   2.33716621e-02   3.68735273e-03
   104       2   7.27840630e-07   4.33416532e-12
   104       3   1.17008710e-16   0.00000000e+00
   105       1   2.11960017e-02   4.30808287e-03
   105       2   8.33678958e-07   5.08388732e-12
   105       3   1.14528498e-16   0.00000000e+00
   106       1   1.91373145e-02   4.93773088e-03
   106       2   9.36800395e-07   5.87654078e-12
   106       3   1.12336625e-16   0.00000000e+00
   107       1   1.71805098e-02   5.57708032e-03
   107       2   1.03776770e-06   6.68188757e-12
   107       3   4.41626039e-16   0.00000000e+00
   108       1   1.53124989e-02   6.22696368e-03
   108       2   1.13708260e-06   7.46371868e-12
   108       3   2.17431573e-16   0.00000000e+00
   109       1   1.35218358e-02   6.88826770e-03
   109       2   1.23519817e-06   8.28314312e-12
   109       3   2.14491234e-16   0.00000000e+00
   110       1   1.17984279e-02   7.56193923e-03
   110       2   1.33252887e-06   9.12505026e-12
   110       3   2.11960293e-16   0.00000000e+00
   111       1   1.01333007e-02   8.24899189e-03
   111       2   1.42945893e-06   9.96953504e-12
   111       3   4.19624270e-16   0.00000000e+00
   112       1   8.51840529e-03   8.95051341e-03
   112       2   1.52634944e-06   1.08456459e-11
   112       3   4.16049106e-16   0.00000000e+00
   113       1   6.94645790e-03   9.66767399e-03
   113       2   1.62354437e-06   1.17434287e-11
   113       3   4.13158367e-16   0.00000000e+00
   114       1   5.41080549e-03   1.04017356e-02
   114       2   1.72137589e-06   1.26342345e-11
   114       3   2.05461070e-16   0.00000000e+00
   115       1   3.90531160e-03   1.11540628e-02
   115       2   1.82016917e-06   1.35655716e-11
   115       3   6.13974925e-16   0.00000000e+00
   116       1   2.42425800e-03   1.19261345e-02
   116       2   1.92024674e-06   1.45318595e-11
   116       3   2.04161772e-16   0.00000000e+00
   117       1   9.62258705e-04   1.27195577e-02
   117       2   2.02193261e-06   1.55104310e-11
   117       3   6.11894708e-16   0.00000000e+00
   118       1   4.85816592e-04   1.35360833e-02
   118       2   2.12555631e-06   1.65255182e-11
   118       3   4.08127117e-16   0.00000000e+00
   119       1   1.92491188e-03   1.43776238e-02
   119       2   2.23145683e-06   1.75719611e-11
   119       3   2.04455907e-16   0.00000000e+00
   120       1   3.35984919e-03   1.52462740e-02
   120       2   2.33998676e-06   1.86511883e-11
   120       3   4.10284735e-16   0.00000000e+00
   121       1   4.79538968e-03   1.61443345e-02
   121       2   2.45151650e-06   1.97701556e-11
   121       3   4.12251200e-16   0.00000000e+00
   122       1   6.23629309e-03   1.70743393e-02
   122       2   2.56643885e-06   2.09165300e-11
   122       3   6.22231582e-16   0.00000000e+00
   123       1   7.68737714e-03   1.80390876e-02
   123       2   2.68517404e-06   2.21131349e-11
   123       3   4.18008818e-16   0.00000000e+00
   124       1   9.15357851e-03   1.90416808e-02
   124       2   2.80817521e-06   2.33432226e-11
   124       3   4.21833910e-16   0.00000000e+00
   125       1   1.06400169e-02   2.00855662e-02
   125       2   2.93593474e-06   2.46752681e-11
   125       3   6.39481468e-16   0.00000000e+00
   126       1   1.21520643e-02   2.11745882e-02
   126       2   3.06899137e-06   2.59729263e-11
   126       3   6.47250501e-16   0.00000000e+00
   127       1   1.36954209e-02   2.23130484e-02
   127       2   3.20793846e-06   2.74105135e-11
   127       3   4.37408510e-16   0.00000000e+00
   128       1   1.52762005e-02   2.35057775e-02
   128       2   3.35343372e-06   2.88760412e-11
   128       3   4.44088960e-16   0.00000000e+00
   129       1   1.69010284e-02   2.47582211e-02
   129       2   3.50621053e-06   3.04601935e-11
   129       3   6.77389406e-16   0.00000000e+00
   130       1   1.85771547e-02   2.60765422e-02
   130       2   3.66709152e-06   3.20887534e-11
   130       3   6.89970843e-16   0.00000000e+00
   131       1   2.03125871e-02   2.74677455e-02
   131       2   3.83700480e-06   3.38048086e-11
   131       3   5.86652696e-16   0.00000000e+00
   132       1   2.21162507e-02   2.89398272e-02
   132       2   4.01700356e-06   3.56158670e-11
   132       3   7.19549814e-16   0.00000000e+00
   133       1   2.39981784e-02   3.05019599e-02
   133       2   4.20828996e-06   3.75493403e-11
   133       3   7.36814598e-16   0.00000000e+00
   134       1   2.59697441e-02   3.21647182e-02
   134       2   4.41224440e-06   3.96098674e-11
   134       3   7.55946149e-16   0.00000000e+00
   135       1   2.80439496e-02   3.39403598e-02
   135       2   4.63046182e-06   4.18202866e-11
   135       3   7.77142267e-16   0.00000000e+00
   136       1   3.02357803e-02   3.58431764e-02
   136       2   4.86479691e-06   4.41927057e-11
   136       3   9.34075187e-16   0.00000000e+00
   137       1   3.25626524e-02   3.78899359e-02
   137       2   5.11742112e-06   4.67246337e-11
   137       3   9.64486217e-16   0.00000000e+00
   138       1   3.50449804e-02   4.01004454e-02
   138       2   5.39089518e-06   4.94613882e-11
   138       3   8.55669631e-16   0.00000000e+00
   139       1   3.77069045e-02   4.24982754e-02
   139       2   5.68826216e-06   5.24606197e-11
   139       3   1.03591744e-15   0.00000000e+00
   140       1   4.05772351e-02   4.51117003e-02
   140       2   6.01316854e-06   5.57004058e-11
   140       3   9.23953390e-16   0.00000000e+00
   141       1   4.36906945e-02   4.79749372e-02
   141       2   6.37002344e-06   5.92486604e-11
   141       3   9.64315413e-16   0.00000000e+00
   142       1   4.70895704e-02   5.11297962e-02
   142       2   6.76421076e-06   6.31446025e-11
   142       3   1.17800408e-15   0.00000000e+00
   143       1   5.08259522e-02   5.46279142e-02
   143       2   7.20237633e-06   6.74753238e-11
   143       3   1.41470668e-15   0.00000000e+00
   144       1   5.49648048e-02   5.85338261e-02
   144       2   7.69282256e-06   7.23030148e-11
   144       3   1.30589749e-15   0.00000000e+00
   145       1   5.95882703e-02   6.29292639e-02
   145       2   8.24606100e-06   7.78004633e-11
   145       3   1.58137400e-15   0.00000000e+00
   146       1   6.48018129e-02   6.79192995e-02
   146       2   8.87560165e-06   8.39430466e-11
   146       3   1.47335559e-15   0.00000000e+00
   147       1   7.07431982e-02   7.36413208e-02
   147       2   9.59910645e-06   9.10785098e-11
   147       3   1.69025392e-15   0.00000000e+00
   148       1   7.75959614e-02   8.02784977e-02
   148       2   1.04401197e-05   9.92818689e-11
   148       3   1.82139179e-15   0.00000000e+00
   149       1   8.56102207e-02   8.80805920e-02
   149       2   1.14307419e-05   1.08964363e-10
   149       3   1.97729894e-15   0.00000000e+00
   150       1   9.51359784e-02   9.73972537e-02
   150       2   1.26159084e-05   1.20521577e-10
   150       3   2.30974281e-15   0.00000000e+00
   151       1   1.06678621e-01   1.08733514e-01
   151       2   1.40605202e-05   1.34566869e-10
   151       3   2.39635036e-15   0.00000000e+00
   152       1   1.20996044e-01   1.22846900e-01
   152       2   1.58619224e-05   1.52106930e-10
   152       3   2.68625667e-15   0.00000000e+00
   153       1   1.39279030e-01   1.40927787e-01
   153       2   1.81730789e-05   1.74503479e-10
   153       3   3.26436295e-15   0.00000000e+00
   154       1   1.63511996e-01   1.64960106e-01
   154       2   2.12489221e-05   2.04316702e-10
   154       3   3.67935585e-15   0.00000000e+00
   155       1   1.97266667e-01   1.98514899e-01
   155       2   2.55483206e-05   2.45906751e-10
   155       3   4.68925484e-15   0.00000000e+00
   156       1   2.47686270e-01   2.48734199e-01
   156       2   3.19890000e-05   3.08230558e-10
   156       3   5.67324288e-15   0.00000000e+00
   157       1   3.31438278e-01   3.32282668e-01
   157       2   4.27123006e-05   4.11833884e-10
   157       3   7.55325010e-15   0.00000000e+00
   158       1   4.98526426e-01   4.99154027e-01
   158       2   6.41421971e-05   6.18817695e-10
   158       3   1.13180189e-14   0.00000000e+00
   159       1   9.98991418e-01   9.99314579e-01
   159       2   1.28398207e-04   1.23909838e-09
   159       3   2.27984498e-14   0.00000000e+00
   160       1   8.60583487e+03   9.25421396e+04
   160       2   1.04537728e+01   1.14786358e-04
   160       3   1.85101759e-09   4.99135824e-16
   160       4   0.00000000e+00   0.00000000e+00
   161       1   1.00001229e+00   1.00001080e+00
   161       2   1.28531414e-04   1.24055198e-09
   161       3   2.27990100e-14   0.00000000e+00
   162       1   4.99721796e-01   4.99833992e-01
   162       2   6.42730623e-05   6.20193165e-10
   162       3   1.11413116e-14   0.00000000e+00
   163       1   3.32666292e-01   3.32959539e-01
   163       2   4.28427720e-05   4.13236295e-10
   163       3   7.55331178e-15   0.00000000e+00
   164       1   2.48926102e-01   2.49409890e-01
   164       2   3.21193808e-05   3.09610820e-10
   164       3   5.67327754e-15   0.00000000e+00
   165       1   1.98512401e-01   1.99189936e-01
   165       2   2.56787115e-05   2.47325655e-10
   165       3   4.68927768e-15   0.00000000e+00
   166       1   1.64761395e-01   1.65634674e-01
   166       2   2.13793738e-05   2.05724332e-10
   166       3   3.79806010e-15   0.00000000e+00
   167       1   1.40531121e-01   1.41601953e-01
   167       2   1.83036254e-05   1.75885001e-10
   167       3   3.26437421e-15   0.00000000e+00
   168       1   1.22250382e-01   1.23520682e-01
   168       2   1.59925905e-05   1.53464573e-10
   168       3   3.04443335e-15   0.00000000e+00
   169       1   1.07935014e-01   1.09406906e-01
   169       2   1.41913338e-05   1.35982463e-10
   169       3   2.39635671e-15   0.00000000e+00
   170       1   9.63943711e-02   9.80702379e-02
   170       2   1.27468897e-05   1.21913394e-10
   170       3   2.30974828e-15   0.00000000e+00
   171       1   8.68706344e-02   8.87531430e-02
   171       2   1.15619125e-05   1.10331503e-10
   171       3   2.10912337e-15   0.00000000e+00
   172       1   7.88584664e-02   8.09505854e-02
   172       2   1.05715011e-05   1.00667863e-10
   172       3   2.06424802e-15   0.00000000e+00
   173       1   7.20078971e-02   7.43129124e-02
   173       2   9.73072019e-06   9.24365227e-11
   173       3   1.69025692e-15   0.00000000e+00
   174       1   6.60688309e-02   6.85903600e-02
   174       2   9.00746934e-06   8.53418891e-11
   174       3   1.47335798e-15   0.00000000e+00
   175       1   6.08577498e-02   6.35997567e-02
   175       2   8.37820472e-06   7.91691003e-11
   175       3   1.38370432e-15   0.00000000e+00
   176       1   5.62369021e-02   5.92037131e-02
   176       2   7.82526483e-06   7.36688225e-11
   176       3   1.49245634e-15   0.00000000e+00
   177       1   5.21008352e-02   5.52971566e-02
   177       2   7.33514025e-06   6.88561486e-11
   177       3   1.41470849e-15   0.00000000e+00
   178       1   4.83674176e-02   5.17983541e-02
   178       2   6.89732009e-06   6.45247672e-11
   178       3   1.34629198e-15   0.00000000e+00
   179       1   4.49716941e-02   4.86427698e-02
   179       2   6.50350263e-06   6.05998139e-11
   179       3   1.28575531e-15   0.00000000e+00
   180       1   4.18615849e-02   4.57787660e-02
   180       2   6.14704287e-06   5.70809548e-11
   180       3   1.07794674e-15   0.00000000e+00
   181       1   3.89948120e-02   4.31645317e-02
   181       2   5.82255778e-06   5.38071886e-11
   181       3   1.03591844e-15   0.00000000e+00
   182       1   3.63366628e-02   4.07658492e-02
   182       2   5.52563922e-06   5.08244623e-11
   182       3   9.98282139e-16   0.00000000e+00
   183       1   3.38583370e-02   3.85544432e-02
   183       2   5.25264177e-06   4.80728705e-11
   183       3   9.64487032e-16   0.00000000e+00
   184       1   3.15357050e-02   3.65067423e-02
   184       2   5.00052350e-06   4.55338458e-11
   184       3   9.34075924e-16   0.00000000e+00
   185       1   2.93483639e-02   3.46029386e-02
   185       2   4.76672495e-06   4.31851844e-11
   185       3   7.77142839e-16   0.00000000e+00
   186       1   2.72789093e-02   3.28262633e-02
   186       2   4.54907604e-06   4.09977054e-11
   186       3   7.55946669e-16   0.00000000e+00
   187       1   2.53123687e-02   3.11624238e-02
   187       2   4.34572355e-06   3.89190674e-11
   187       3   7.36815070e-16   0.00000000e+00
   188       1   2.34357544e-02   2.95991615e-02
   188       2   4.15507416e-06   3.70025608e-11
   188       3   7.19550243e-16   0.00000000e+00
   189       1   2.16377072e-02   2.81259006e-02
   189       2   3.97574923e-06   3.51681619e-11
   189       3   7.03983624e-16   0.00000000e+00
   190       1   1.99082104e-02   2.67334678e-02
   190       2   3.80654850e-06   3.34118992e-11
   190       3   6.89971197e-16   0.00000000e+00
   191       1   1.82383566e-02   2.54138653e-02
   191       2   3.64642087e-06   3.17849207e-11
   191       3   4.51593151e-16   0.00000000e+00
   192       1   1.66201570e-02   2.41600877e-02
   192       2   3.49444048e-06   3.02499901e-11
   192       3   6.66133730e-16   0.00000000e+00
   193       1   1.50463823e-02   2.29659706e-02
   193       2   3.34978718e-06   2.87331150e-11
   193       3   4.37408683e-16   0.00000000e+00
   194       1   1.35104297e-02   2.18260672e-02
   194       2   3.21173027e-06   2.73446700e-11
   194       3   6.47250735e-16   0.00000000e+00
   195       1   1.20062099e-02   2.07355454e-02
   195       2   3.07961501e-06   2.60271171e-11
   195       3   4.26321117e-16   0.00000000e+00
   196       1   1.05280497e-02   1.96901023e-02
   196       2   2.95285125e-06   2.47129121e-11
   196       3   4.21834033e-16   0.00000000e+00
   197       1   9.07060664e-03   1.86858920e-02
   197       2   2.83090379e-06   2.34423888e-11
   197       3   6.27013389e-16   0.00000000e+00
   198       1   7.62879330e-03   1.77194658e-02
   198       2   2.71328414e-06   2.22369831e-11
   198       3   6.22231722e-16   0.00000000e+00
   199       1   6.19770860e-03   1.67877205e-02
   199       2   2.59954342e-06   2.10889906e-11
   199       3   6.18376918e-16   0.00000000e+00
   200       1   4.77257399e-03   1.58878554e-02
   200       2   2.48926613e-06   1.99874769e-11
   200       3   4.10284800e-16   0.00000000e+00
   201       1   3.34867303e-03   1.50173348e-02
   201       2   2.38206468e-06   1.88823229e-11
   201       3   4.08911865e-16   0.00000000e+00
   202       1   1.92129247e-03   1.41738560e-02
   202       2   2.27757441e-06   1.78344687e-11
   202       3   2.04063578e-16   0.00000000e+00
   203       1   4.85663438e-04   1.33553226e-02
   203       2   2.17544916e-06   1.68087379e-11
   203       3   4.07929830e-16   0.00000000e+00
   204       1   9.63098916e-04   1.25598199e-02
   204       2   2.07535703e-06   1.58352421e-11
   204       3   4.08323554e-16   0.00000000e+00
   205       1   2.43005892e-03   1.17855950e-02
   205       2   1.97697645e-06   1.48664617e-11
   205       3   2.04658307e-16   0.00000000e+00
   206       1   3.92052876e-03   1.10310386e-02
   206       2   1.87999230e-06   1.39353866e-11
   206       3   2.05461062e-16   0.00000000e+00
   207       1   5.44014385e-03   1.02946695e-02
   207       2   1.78409201e-06   1.30203000e-11
   207       3   4.13158336e-16   0.00000000e+00
   208       1   6.99494740e-03   9.57512073e-03
   208       2   1.68896165e-06   1.21551100e-11
   208       3   2.08024530e-16   0.00000000e+00
   209       1   8.59148707e-03   8.87112781e-03
   209       2   1.59428174e-06   1.12641767e-11
   209       3   4.19624209e-16   0.00000000e+00
   210       1   1.02369272e-02   8.18151785e-03
   210       2   1.49972269e-06   1.04050116e-11
   210       3   2.11960254e-16   0.00000000e+00
   211       1   1.19391807e-02   7.50520032e-03
   211       2   1.40493981e-06   9.56281441e-12
   211       3   2.14491187e-16   0.00000000e+00
   212       1   1.37070665e-02   6.84115866e-03
   212       2   1.30956761e-06   8.71926375e-12
   212       3   4.34863033e-16   0.00000000e+00
   213       1   1.55504985e-02   6.18844293e-03
   213       2   1.21321312e-06   7.93173899e-12
   213       3   2.20812953e-16   0.00000000e+00
   214       1   1.74807166e-02   5.54616315e-03
   214       2   1.11544815e-06   7.12034510e-12
   214       3   2.24673172e-16   0.00000000e+00
   215       1   1.95105702e-02   4.91348345e-03
   215       2   1.01579977e-06   6.35812525e-12
   215       3   2.29056906e-16   0.00000000e+00
   216       1   2.16548706e-02   4.28961668e-03
   216       2   9.13738883e-07   5.57020219e-12
   216       3   2.34017318e-16   0.00000000e+00
   217       1   2.39308341e-02   3.67381973e-03
   217       2   8.08665878e-07   4.79683407e-12
   217       3   2.39617741e-16   0.00000000e+00
   218       1   2.63586430e-02   3.06538915e-03
   218       2   6.99892737e-07   4.05722608e-12
   218       3   1.22966956e-16   0.00000000e+00
   219       1   2.89621666e-02   2.46365727e-03
   219       2   5.86620140e-07   3.28212132e-12
   219       3   1.26528420e-16   0.00000000e+00
   220       1   3.17698959e-02   1.86798866e-03
   220       2   4.67907936e-07   2.55754733e-12
   220       3   0.00000000e+00   0.00000000e+00
   221       1   3.48161729e-02   1.27777691e-03
   221       2   3.42636449e-07   1.82549565e-12
   221       3   1.35093513e-16   0.00000000e+00
   222       1   3.81428280e-02   6.92441647e-04
   222       2   2.09455065e-07   1.08975012e-12
   222       3   1.40246391e-16   0.00000000e+00
   223       1   4.18013940e-02   1.11425856e-04
   223       2   6.67128194e-08   3.89266424e-13
   223       3   0.00000000e+00   0.00000000e+00
   224       1   4.58561496e-02   4.65806640e-04
   224       2   8.76368949e-08   3.24371447e-13
   224       3   0.00000000e+00   0.00000000e+00
   225       1   5.03883784e-02   1.03977348e-03
   225       2   2.56169590e-07   1.05804776e-12
   225       3   0.00000000e+00   0.00000000e+00
   226       1   5.55024531e-02   1.61097589e-03
   226       2   4.42179930e-07   1.76909905e-12
   226       3   0.00000000e+00   0.00000000e+00
   227       1   6.13347262e-02   2.17990073e-03
   227       2   6.49959650e-07   2.46296984e-12
   227       3   0.00000000e+00   0.00000000e+00
   228       1   6.80668653e-02   2.74702231e-03
   228       2   8.85214307e-07   3.17705681e-12
   228       3   3.84094043e-16   0.00000000e+00
   229       1   7.59464608e-02   3.31280419e-03
   229       2   1.15570723e-06   3.87974156e-12
   229       3   2.06632074e-16   0.00000000e+00
   230       1   8.53199976e-02   3.87770082e-03
   230       2   1.47228971e-06   4.58889762e-12
   230       3   2.24261592e-16   0.00000000e+00
   231       1   9.66878076e-02   4.44215919e-03
   231       2   1.85061786e-06   5.28706161e-12
   231       3   3.68916748e-16   0.00000000e+00
   232       1   1.10800234e-01   5.00662025e-03
   232       2   2.31415700e-06   6.01185227e-12
   232       3   5.46389149e-16   0.00000000e+00
   233       1   1.28836223e-01   5.57152049e-03
   233       2   2.89976106e-06   6.71381548e-12
   233       3   4.62586556e-16   0.00000000e+00
   234       1   1.52760506e-01   6.13729326e-03
   234       2   3.66883129e-06   7.39977265e-12
   234       3   5.33249555e-16   0.00000000e+00
   235       1   1.86109394e-01   6.70437020e-03
   235       2   4.73186512e-06   8.10026538e-12
   235       3   6.32489314e-16   0.00000000e+00
   236       1   2.35955282e-01   7.27318261e-03
   236       2   6.30982797e-06   8.80736477e-12
   236       3   1.04229810e-15   0.00000000e+00
   237       1   3.18800139e-01   7.84416275e-03
   237       2   8.91826749e-06   9.50694608e-12
   237       3   1.37457062e-15   0.00000000e+00
   238       1   4.84149546e-01   8.41774522e-03
   238       2   1.41037631e-05   1.02458955e-11
   238       3   2.55004949e-15   0.00000000e+00
   239       1   9.79531782e-01   8.99436825e-03
   239       2   2.95989625e-05   1.09448907e-11
   239       3   5.17394847e-15   0.00000000e+00
   240       1   1.67965170e+05   9.57447509e-03
   240       2   1.23543516e+00   1.16547959e-11
   240       3   2.19572971e-10   0.00000000e+00
   240       4   0.00000000e+00   0.00000000e+00
   241       1   1.00002480e+00   1.01585154e-02
   241       2   3.22073200e-05   1.24196621e-11
   241       3   5.81607426e-15   0.00000000e+00
   242       1   5.04662679e-01   1.07469464e-02
   242       2   1.67124190e-05   1.31304073e-11
   242       3   2.94226396e-15   0.00000000e+00
   243       1   3.39333855e-01   1.13402348e-02
   243       2   1.15291448e-05   1.38569665e-11
   243       3   2.10586631e-15   0.00000000e+00
   244       1   2.56516165e-01   1.19388577e-02
   244       2   8.92404778e-06   1.46364880e-11
   244       3   1.56569154e-15   0.00000000e+00
   245       1   2.06704827e-01   1.25433046e-02
   245       2   7.35045570e-06   1.53632908e-11
   245       3   1.33760810e-15   0.00000000e+00
   246       1   1.73398122e-01   1.31540788e-02
   246       2   6.29280499e-06   1.61337478e-11
   246       3   1.10567633e-15   0.00000000e+00
   247       1   1.49523805e-01   1.37716989e-02
   247       2   5.53013238e-06   1.69172872e-11
   247       3   1.07469325e-15   0.00000000e+00
   248       1   1.31545685e-01   1.43967010e-02
   248       2   4.95194954e-06   1.76816368e-11
   248       3   9.33326614e-16   0.00000000e+00
   249       1   1.17499160e-01   1.50296400e-02
   249       2   4.49686824e-06   1.84619548e-11
   249       3   8.23665225e-16   0.00000000e+00
   250       1   1.06205422e-01   1.56710924e-02
   250       2   4.12805056e-06   1.92608813e-11
   250       3   5.52142913e-16   0.00000000e+00
   251       1   9.69142792e-02   1.63216576e-02
   251       2   3.82204981e-06   2.00982537e-11
   251       3   8.31057144e-16   0.00000000e+00
   252       1   8.91255701e-02   1.69819605e-02
   252       2   3.56323105e-06   2.09222042e-11
   252       3   6.05593120e-16   0.00000000e+00
   253       1   8.24929972e-02   1.76526543e-02
   253       2   3.34076675e-06   2.17429109e-11
   253       3   6.94547231e-16   0.00000000e+00
   254       1   7.67691776e-02   1.83344225e-02
   254       2   3.14692000e-06   2.25836212e-11
   254       3   5.12983543e-16   0.00000000e+00
   255       1   7.17726720e-02   1.90279821e-02
   255       2   2.97601440e-06   2.34749214e-11
   255       3   5.95208451e-16   0.00000000e+00
   256       1   6.73673786e-02   1.97340870e-02
   256       2   2.82379028e-06   2.43397522e-11
   256       3   5.55112385e-16   0.00000000e+00
   257       1   6.34491986e-02   2.04535304e-02
   257       2   2.68698812e-06   2.52173799e-11
   257       3   6.23870815e-16   0.00000000e+00
   258       1   5.99371476e-02   2.11871496e-02
   258       2   2.56307081e-06   2.61436441e-11
   258       3   3.90986188e-16   0.00000000e+00
   259       1   5.67672734e-02   2.19358292e-02
   259       2   2.45003361e-06   2.70914790e-11
   259       3   3.68791871e-16   0.00000000e+00
   260       1   5.38883980e-02   2.27005057e-02
   260       2   2.34627113e-06   2.80605518e-11
   260       3   3.48919087e-16   0.00000000e+00
   261       1   5.12590769e-02   2.34821724e-02
   261       2   2.25048231e-06   2.90274124e-11
   261       3   3.31034562e-16   0.00000000e+00
   262       1   4.88453871e-02   2.42818845e-02
   262       2   2.16160129e-06   3.00303213e-11
   262       3   4.72298596e-16   0.00000000e+00
   263       1   4.66192925e-02   2.51007652e-02
   263       2   2.07874638e-06   3.10410744e-11
   263       3   6.00375075e-16   0.00000000e+00
   264       1   4.45574175e-02   2.59400117e-02
   264       2   2.00118164e-06   3.20894062e-11
   264       3   4.30218795e-16   0.00000000e+00
   265       1   4.26401152e-02   2.68009027e-02
   265       2   1.92828788e-06   3.31625880e-11
   265       3   2.74583340e-16   0.00000000e+00
   266       1   4.08507506e-02   2.76848060e-02
   266       2   1.85954014e-06   3.42861569e-11
   266       3   2.63366894e-16   0.00000000e+00
   267       1   3.91751429e-02   2.85931874e-02
   267       2   1.79449035e-06   3.54242713e-11
   267       3   2.53049913e-16   0.00000000e+00
   268       1   3.76011275e-02   2.95276207e-02
   268       2   1.73275356e-06   3.65948472e-11
   268       3   3.65303059e-16   0.00000000e+00
   269       1   3.61182084e-02   3.04897981e-02
   269       2   1.67399715e-06   3.77940980e-11
   269       3   2.34739704e-16   0.00000000e+00
   270       1   3.47172802e-02   3.14815430e-02
   270       2   1.61793208e-06   3.90482133e-11
   270       3   3.39885820e-16   0.00000000e+00
   271       1   3.33904040e-02   3.25048232e-02
   271       2   1.56430588e-06   4.03306294e-11
   271       3   2.19024939e-16   0.00000000e+00
   272       1   3.21306250e-02   3.35617669e-02
   272       2   1.51289698e-06   4.16447494e-11
   272       3   2.11987852e-16   0.00000000e+00
   273       1   3.09318236e-02   3.46546797e-02
   273       2   1.46351005e-06   4.30300756e-11
   273       3   4.10861963e-16   0.00000000e+00
   274       1   2.97885925e-02   3.57860645e-02
   274       2   1.41597211e-06   4.44316282e-11
   274       3   1.99311764e-16   0.00000000e+00
   275       1   2.86961348e-02   3.69586438e-02
   275       2   1.37012939e-06   4.59105051e-11
   275       3   1.93592552e-16   0.00000000e+00
   276       1   2.76501798e-02   3.81753853e-02
   276       2   1.32584466e-06   4.74448443e-11
   276       3   3.76479866e-16   0.00000000e+00
   277       1   2.66469109e-02   3.94395307e-02
   277       2   1.28299500e-06   4.90356565e-11
   277       3   1.83224155e-16   0.00000000e+00
   278       1   2.56829069e-02   4.07546287e-02
   278       2   1.24146993e-06   5.06781334e-11
   278       3   1.78518648e-16   0.00000000e+00
   279       1   2.47550904e-02   4.21245739e-02
   279       2   1.20116982e-06   5.23904767e-11
   279       3   1.74099612e-16   0.00000000e+00
   280       1   2.38606851e-02   4.35536495e-02
   280       2   1.16200454e-06   5.42160366e-11
   280       3   1.69945673e-16   0.00000000e+00
   281       1   2.29971793e-02   4.50465791e-02
   281       2   1.12389231e-06   5.60888816e-11
   281       3   1.66037589e-16   0.00000000e+00
   282       1   2.21622938e-02   4.66085847e-02
   282       2   1.08675870e-06   5.80193211e-11
   282       3   1.62357991e-16   0.00000000e+00
   283       1   2.13539550e-02   4.82454553e-02
   283       2   1.05053578e-06   6.01137114e-11
   283       3   3.17782346e-16   0.00000000e+00
   284       1   2.05702716e-02   4.99636271e-02
   284       2   1.01516142e-06   6.22788087e-11
   284       3   3.11245793e-16   0.00000000e+00
   285       1   1.98095139e-02   5.17702769e-02
   285       2   9.80578573e-07   6.45495064e-11
   285       3   1.52540232e-16   0.00000000e+00
   286       1   1.90700967e-02   5.36734333e-02
   286       2   9.46734794e-07   6.69482624e-11
   286       3   1.49631417e-16   0.00000000e+00
   287       1   1.83505629e-02   5.56821071e-02
   287       2   9.13581713e-07   6.94818459e-11
   287       3   1.46885730e-16   0.00000000e+00
   288       1   1.76495709e-02   5.78064472e-02
   288       2   8.81074622e-07   7.21475136e-11
   288       3   1.44293387e-16   0.00000000e+00
   289       1   1.69658822e-02   6.00579278e-02
   289       2   8.49172094e-07   7.50250967e-11
   289       3   1.41845443e-16   0.00000000e+00
   290       1   1.62983510e-02   6.24495720e-02
   290       2   8.17835660e-07   7.80224026e-11
   290       3   1.39533710e-16   0.00000000e+00
   291       1   1.56459150e-02   6.49962235e-02
   291       2   7.87029511e-07   8.12659965e-11
   291       3   1.37350686e-16   0.00000000e+00
   292       1   1.50075873e-02   6.77148775e-02
   292       2   7.56720241e-07   8.46854952e-11
   292       3   1.35289486e-16   0.00000000e+00
   293       1   1.43824488e-02   7.06250859e-02
   293       2   7.26876616e-07   8.83646186e-11
   293       3   1.33343789e-16   0.00000000e+00
   294       1   1.37696421e-02   7.37494576e-02
   294       2   6.97469372e-07   9.23504026e-11
   294       3   1.31507784e-16   0.00000000e+00
   295       1   1.31683653e-02   7.71142816e-02
   295       2   6.68471024e-07   9.66167829e-11
   295       3   0.00000000e+00   0.00000000e+00
   296       1   1.25778671e-02   8.07503082e-02
   296       2   6.39855709e-07   1.01251854e-10
   296       3   1.28143903e-16   0.00000000e+00
   297       1   1.19974422e-02   8.46937381e-02
   297       2   6.11599032e-07   1.06270275e-10
   297       3   2.53213164e-16   0.00000000e+00
   298       1   1.14264268e-02   8.89874873e-02
   298       2   5.83677940e-07   1.11718621e-10
   298       3   1.25159994e-16   0.00000000e+00
   299       1   1.08641950e-02   9.36828201e-02
   299       2   5.56070591e-07   1.17701711e-10
   299       3   0.00000000e+00   0.00000000e+00
   300       1   1.03101553e-02   9.88414835e-02
   300       2   5.28756255e-07   1.24324253e-10
   300       3   0.00000000e+00   0.00000000e+00
   301       1   9.76374769e-03   1.04538531e-01
   301       2   5.01715208e-07   1.31597511e-10
   301       3   1.21327733e-16   0.00000000e+00
   302       1   9.22444058e-03   1.10866112e-01
   302       2   4.74928645e-07   1.39686032e-10
   302       3   0.00000000e+00   0.00000000e+00
   303       1   8.69172836e-03   1.17938627e-01
   303       2   4.48378596e-07   1.48788966e-10
   303       3   1.19163842e-16   0.00000000e+00
   304       1   8.16512902e-03   1.25899881e-01
   304       2   4.22047853e-07   1.59022161e-10
   304       3   2.36381808e-16   0.00000000e+00
   305       1   7.64418198e-03   1.34933163e-01
   305       2   3.95919895e-07   1.70656611e-10
   305       3   1.17287477e-16   0.00000000e+00
   306       1   7.12844611e-03   1.45275794e-01
   306       2   3.69978832e-07   1.84006021e-10
   306       3   0.00000000e+00   0.00000000e+00
   307       1   6.61749791e-03   1.57240591e-01
   307       2   3.44209338e-07   1.99517882e-10
   307       3   1.15680866e-16   0.00000000e+00
   308       1   6.11092979e-03   1.71248456e-01
   308       2   3.18596599e-07   2.17763719e-10
   308       3   2.29947969e-16   0.00000000e+00
   309       1   5.60834852e-03   1.87879388e-01
   309       2   2.93126266e-07   2.39471117e-10
   309       3   1.14329204e-16   0.00000000e+00
   310       1   5.10937374e-03   2.07955365e-01
   310       2   2.67784399e-07   2.65803823e-10
   310       3   1.13745084e-16   0.00000000e+00
   311       1   4.61363660e-03   2.32680944e-01
   311       2   2.42557430e-07   2.98410473e-10
   311       3   0.00000000e+00   0.00000000e+00
   312       1   4.12077845e-03   2.63894510e-01
   312       2   2.17432115e-07   3.39807843e-10
   312       3   0.00000000e+00   0.00000000e+00
   313       1   3.63044962e-03   3.04546776e-01
   313       2   1.92395496e-07   3.94187131e-10
   313       3   0.00000000e+00   0.00000000e+00
   314       1   3.14230828e-03   3.59687834e-01
   314       2   1.67434864e-07   4.68587938e-10
   314       3   1.11991474e-16   0.00000000e+00
   315       1   2.65601931e-03   4.38725245e-01
   315       2   1.42537722e-07   5.76677404e-10
   315       3   0.00000000e+00   0.00000000e+00
   316       1   2.17125325e-03   5.61366814e-01
   316       2   1.17691747e-07   7.47342288e-10
   316       3   1.11451535e-16   0.00000000e+00
   317       1   1.68768528e-03   7.76771440e-01
   317       2   9.28847613e-08   1.05451132e-09
   317       3   1.11263451e-16   0.00000000e+00
   318       1   1.20499421e-03   1.24907924e+00
   318       2   6.81046939e-08   1.75462163e-09
   318       3   0.00000000e+00   0.00000000e+00
   319       1   7.22861559e-04   2.99894481e+00
   319       2   4.33395530e-08   4.54226520e-09
   319       3   0.00000000e+00   0.00000000e+00
   320       1   2.40970539e-04   3.15436721e+06
   320       2   1.85773914e-08   6.46720529e-03
   320       3   0.00000000e+00   0.00000000e+00
   321       1   2.40994829e-04   1.00000032e+00
   321       2   6.19372421e-09   4.17120318e-10
   321       3   0.00000000e+00   0.00000000e+00
   322       1   7.23350674e-04   7.49945586e-01
   322       2   3.09857438e-08   7.24564884e-10
   322       3   0.00000000e+00   0.00000000e+00
   323       1   1.20641420e-03   5.55380452e-01
   323       2   5.58106662e-08   5.97616836e-10
   323       3   0.00000000e+00   0.00000000e+00
   324       1   1.69050463e-03   4.37185745e-01
   324       2   8.06805711e-08   4.91067737e-10
   324       3   0.00000000e+00   0.00000000e+00
   325       1   2.17594415e-03   3.59538473e-01
   325       2   1.05607650e-07   4.13294420e-10
   325       3   0.00000000e+00   0.00000000e+00
   326       1   2.66305890e-03   3.04942402e-01
   326       2   1.30604240e-07   3.55648396e-10
   326       3   1.11991459e-16   0.00000000e+00
   327       1   3.15217996e-03   2.64538692e-01
   327       2   1.55682857e-07   3.11593979e-10
   327       3   0.00000000e+00   0.00000000e+00
   328       1   3.64364436e-03   2.33451524e-01
   328       2   1.80856232e-07   2.77003804e-10
   328       3   0.00000000e+00   0.00000000e+00
   329       1   4.13779619e-03   2.08795749e-01
   329       2   2.06137343e-07   2.49124082e-10
   329       3   1.13220311e-16   0.00000000e+00
   330       1   4.63498770e-03   1.88760911e-01
   330       2   2.31539460e-07   2.26187608e-10
   330       3   0.00000000e+00   0.00000000e+00
   331       1   5.13558046e-03   1.72155543e-01
   331       2   2.57076178e-07   2.07025899e-10
   331       3   1.14329177e-16   0.00000000e+00
   332       1   5.63994661e-03   1.58164286e-01
   332       2   2.82761462e-07   1.90771451e-10
   332       3   1.14973955e-16   0.00000000e+00
   333       1   6.14847016e-03   1.46210699e-01
   333       2   3.08609691e-07   1.76784585e-10
   333       3   0.00000000e+00   0.00000000e+00
   334       1   6.66154841e-03   1.35875899e-01
   334       2   3.34635704e-07   1.64652677e-10
   334       3   1.16451407e-16   0.00000000e+00
   335       1   7.17959341e-03   1.26848259e-01
   335       2   3.60854853e-07   1.53989037e-10
   335       3   0.00000000e+00   0.00000000e+00
   336       1   7.70303358e-03   1.18891191e-01
   336       2   3.87283055e-07   1.44589699e-10
   336       3   0.00000000e+00   0.00000000e+00
   337       1   8.23231543e-03   1.11821868e-01
   337       2   4.13936848e-07   1.36153436e-10
   337       3   1.19163797e-16   0.00000000e+00
   338       1   8.76790540e-03   1.05496790e-01
   338       2   4.40833461e-07   1.28630513e-10
   338       3   0.00000000e+00   0.00000000e+00
   339       1   9.31029191e-03   9.98017564e-02
   339       2   4.67990872e-07   1.21826641e-10
   339       3   1.21327681e-16   0.00000000e+00
   340       1   9.85998755e-03   9.46447577e-02
   340       2   4.95427892e-07   1.15675176e-10
   340       3   1.22523910e-16   0.00000000e+00
   341       1   1.04175315e-02   8.99508367e-02
   341       2   5.23164237e-07   1.09989297e-10
   341       3   1.23800242e-16   0.00000000e+00
   342       1   1.09834920e-02   8.56583149e-02
   342       2   5.51220622e-07   1.04851515e-10
   342       3   1.25159932e-16   0.00000000e+00
   343       1   1.15584694e-02   8.17159777e-02
   343       2   5.79618854e-07   1.00110755e-10
   343       3   0.00000000e+00   0.00000000e+00
   344       1   1.21430994e-02   7.80809457e-02
   344       2   6.08381941e-07   9.57397008e-11
   344       3   1.28143833e-16   0.00000000e+00
   345       1   1.27380562e-02   7.47170451e-02
   345       2   6.37534204e-07   9.16725323e-11
   345       3   1.29776054e-16   0.00000000e+00
   346       1   1.33440566e-02   7.15935463e-02
   346       2   6.67101413e-07   8.78987077e-11
   346       3   0.00000000e+00   0.00000000e+00
   347       1   1.39618644e-02   6.86841760e-02
   347       2   6.97110922e-07   8.43942594e-11
   347       3   1.33343705e-16   0.00000000e+00
   348       1   1.45922947e-02   6.59663374e-02
   348       2   7.27591834e-07   8.11048344e-11
   348       3   1.35289397e-16   0.00000000e+00
   349       1   1.52362197e-02   6.34204882e-02
   349       2   7.58575174e-07   7.79892172e-11
   349       3   1.37350592e-16   0.00000000e+00
   350       1   1.58945743e-02   6.10296410e-02
   350       2   7.90094090e-07   7.51034184e-11
   350       3   1.39533611e-16   0.00000000e+00
   351       1   1.65683627e-02   5.87789581e-02
   351       2   8.22184067e-07   7.23807074e-11
   351       3   1.41845338e-16   0.00000000e+00
   352       1   1.72586661e-02   5.66554214e-02
   352       2   8.54883181e-07   6.97990256e-11
   352       3   1.44293276e-16   0.00000000e+00
   353       1   1.79666507e-02   5.46475610e-02
   353       2   8.88232374e-07   6.73463465e-11
   353       3   1.46885612e-16   0.00000000e+00
   354       1   1.86935774e-02   5.27452315e-02
   354       2   9.22275768e-07   6.50311740e-11
   354       3   1.49631292e-16   0.00000000e+00
   355       1   1.94408124e-02   5.09394249e-02
   355       2   9.57061020e-07   6.28163032e-11
   355       3   1.52540100e-16   0.00000000e+00
   356       1   2.02098394e-02   4.92221155e-02
   356       2   9.92639727e-07   6.07404379e-11
   356       3   1.55622756e-16   0.00000000e+00
   357       1   2.10022732e-02   4.75861286e-02
   357       2   1.02906788e-06   5.87378018e-11
   357       3   1.58891024e-16   0.00000000e+00
   358       1   2.18198757e-02   4.60250303e-02
   358       2   1.06640639e-06   5.68489892e-11
   358       3   1.62357833e-16   0.00000000e+00
   359       1   2.26645737e-02   4.45330332e-02
   359       2   1.10472169e-06   5.50258695e-11
   359       3   1.66037421e-16   0.00000000e+00
   360       1   2.35384799e-02   4.31049172e-02
   360       2   1.14408641e-06   5.32747458e-11
   360       3   1.69945495e-16   0.00000000e+00
   361       1   2.44439167e-02   4.17359604e-02
   361       2   1.18458019e-06   5.15804689e-11
   361       3   3.48198845e-16   0.00000000e+00
   362       1   2.53834439e-02   4.04218810e-02
   362       2   1.22629057e-06   5.00281938e-11
   362       3   1.78518446e-16   0.00000000e+00
   363       1   2.63598907e-02   3.91587862e-02
   363       2   1.26931408e-06   4.84216779e-11
   363       3   1.83223941e-16   0.00000000e+00
   364       1   2.73763937e-02   3.79431284e-02
   364       2   1.31375747e-06   4.69547717e-11
   364       3   1.88239704e-16   0.00000000e+00
   365       1   2.84364401e-02   3.67716676e-02
   365       2   1.35973917e-06   4.55247821e-11
   365       3   1.93592308e-16   0.00000000e+00
   366       1   2.95439202e-02   3.56414375e-02
   366       2   1.40739097e-06   4.41680106e-11
   366       3   1.99311503e-16   0.00000000e+00
   367       1   3.07031876e-02   3.45497171e-02
   367       2   1.45686009e-06   4.27912016e-11
   367       3   2.05430702e-16   0.00000000e+00
   368       1   3.19191325e-02   3.34940050e-02
   368       2   1.50831153e-06   4.15106032e-11
   368       3   2.11987552e-16   0.00000000e+00
   369       1   3.31972674e-02   3.24719970e-02
   369       2   1.56193094e-06   4.02602071e-11
   369       3   2.19024618e-16   0.00000000e+00
   370       1   3.45438316e-02   3.14815666e-02
   370       2   1.61792806e-06   3.90332582e-11
   370       3   3.39885301e-16   0.00000000e+00
   371       1   3.59659158e-02   3.05207475e-02
   371       2   1.67654084e-06   3.78827136e-11
   371       3   2.34739331e-16   0.00000000e+00
   372       1   3.74716147e-02   2.95877180e-02
   372       2   1.73804047e-06   3.67005590e-11
   372       3   3.65302454e-16   0.00000000e+00
   373       1   3.90702122e-02   2.86807874e-02
   373       2   1.80273752e-06   3.56326864e-11
   373       3   2.53049476e-16   0.00000000e+00
   374       1   4.07724107e-02   2.77983840e-02
   374       2   1.87098946e-06   3.45230007e-11
   374       3   3.95049631e-16   0.00000000e+00
   375       1   4.25906141e-02   2.69390437e-02
   375       2   1.94321004e-06   3.34832835e-11
   375       3   2.74582825e-16   0.00000000e+00
   376       1   4.45392826e-02   2.61014004e-02
   376       2   2.01988099e-06   3.24364278e-11
   376       3   2.86811967e-16   0.00000000e+00
   377       1   4.66353793e-02   2.52841777e-02
   377       2   2.10156675e-06   3.14249961e-11
   377       3   3.00186921e-16   0.00000000e+00
   378       1   4.88989388e-02   2.44861803e-02
   378       2   2.18893322e-06   3.04526860e-11
   378       3   3.14865054e-16   0.00000000e+00
   379       1   5.13537985e-02   2.37062873e-02
   379       2   2.28277191e-06   2.94941117e-11
   379       3   4.96550723e-16   0.00000000e+00
   380       1   5.40285485e-02   2.29434457e-02
   380       2   2.38403126e-06   2.85959241e-11
   380       3   3.48918260e-16   0.00000000e+00
   381       1   5.69577829e-02   2.21966647e-02
   381       2   2.49385789e-06   2.76763011e-11
   381       3   3.68790951e-16   0.00000000e+00
   382       1   6.01837663e-02   2.14650102e-02
   382       2   2.61365161e-06   2.67459208e-11
   382       3   5.86477735e-16   0.00000000e+00
   383       1   6.37586897e-02   2.07476002e-02
   383       2   2.74513979e-06   2.58509353e-11
   383       3   4.15912717e-16   0.00000000e+00
   384       1   6.77477722e-02   2.00436005e-02
   384       2   2.89047967e-06   2.49876177e-11
   384       3   4.44088593e-16   0.00000000e+00
   385       1   7.22336027e-02   1.93522204e-02
   385       2   3.05240153e-06   2.41227127e-11
   385       3   4.76165258e-16   0.00000000e+00
   386       1   7.73223428e-02   1.86727094e-02
   386       2   3.23441328e-06   2.32959556e-11
   386       3   3.84736359e-16   0.00000000e+00
   387       1   8.31527927e-02   1.80043538e-02
   387       2   3.44109938e-06   2.24844598e-11
   387       3   6.94544714e-16   0.00000000e+00
   388       1   8.99099893e-02   1.73464732e-02
   388       2   3.67856932e-06   2.16711758e-11
   388       3   6.05590749e-16   0.00000000e+00
   389       1   9.78462216e-02   1.66984184e-02
   389       2   3.95515060e-06   2.08686294e-11
   389       3   9.97264330e-16   0.00000000e+00
   390       1   1.07314656e-01   1.60595681e-02
   390       2   4.28249758e-06   2.00799086e-11
   390       3   9.20233899e-16   0.00000000e+00
   391       1   1.18825377e-01   1.54293269e-02
   391       2   4.67743948e-06   1.93040074e-11
   391       3   1.02957622e-15   0.00000000e+00
   392       1   1.33143460e-01   1.48071228e-02
   392       2   5.16521440e-06   1.85572593e-11
   392       3   9.33321230e-16   0.00000000e+00
   393       1   1.51471104e-01   1.41924053e-02
   393       2   5.78547532e-06   1.77647844e-11
   393       3   9.40350433e-16   0.00000000e+00
   394       1   1.75811901e-01   1.35846431e-02
   394       2   6.60430200e-06   1.70227475e-11
   394       3   1.10566793e-15   0.00000000e+00
   395       1   2.09772226e-01   1.29833226e-02
   395       2   7.74062719e-06   1.62879257e-11
   395       3   1.52868114e-15   0.00000000e+00
   396       1   2.60564719e-01   1.23879461e-02
   396       2   9.43230174e-06   1.55531131e-11
   396       3   1.68611042e-15   0.00000000e+00
   397       1   3.45018746e-01   1.17980296e-02
   397       2   1.22342893e-05   1.48410838e-11
   397       3   2.10583506e-15   0.00000000e+00
   398       1   5.13622387e-01   1.12131022e-02
   398       2   1.78114396e-05   1.40901832e-11
   398       3   3.18738232e-15   0.00000000e+00
   399       1   1.01881852e+00   1.06327037e-02
   399       2   3.44878132e-05   1.33790659e-11
   399       3   6.55826539e-15   0.00000000e+00
   400       1   6.67480889e+04   1.00563837e-02
   400       2   1.83256477e+00   1.26555789e-11
   400       3   3.18035217e-10   0.00000000e+00
   400       4   0.00000000e+00   0.00000000e+00
   401       1   1.00001835e+00   9.48369969e-03
   401       2   3.20494106e-05   1.19602876e-11
   401       3   5.67896647e-15   0.00000000e+00
   402       1   4.94833769e-01   8.91421639e-03
   402       2   1.53706694e-05   1.12667290e-11
   402       3   2.67760844e-15   0.00000000e+00
   403       1   3.26215408e-01   8.34750379e-03
   403       2   9.79091450e-06   1.05588451e-11
   403       3   2.06188454e-15   0.00000000e+00
   404       1   2.41736267e-01   7.78313617e-03
   404       2   6.98545030e-06   9.87791968e-12
   404       3   1.17259739e-15   0.00000000e+00
   405       1   1.90910174e-01   7.22069071e-03
   405       2   5.28934290e-06   9.17528526e-12
   405       3   8.43325901e-16   0.00000000e+00
   406       1   1.56908180e-01   6.65974621e-03
   406       2   4.14760090e-06   8.49679693e-12
   406       3   7.11004117e-16   0.00000000e+00
   407       1   1.32517729e-01   6.09988184e-03
   407       2   3.32235628e-06   7.75895880e-12
   407       3   7.70981895e-16   0.00000000e+00
   408       1   1.14132417e-01   5.54067579e-03
   408       2   2.69466096e-06   7.08476048e-12
   408       3   4.09793825e-16   0.00000000e+00
   409       1   9.97485705e-02   4.98170402e-03
   409       2   2.19841916e-06   6.40698776e-12
   409       3   4.91891050e-16   0.00000000e+00
   410       1   8.81638764e-02   4.42253881e-03
   410       2   1.79396034e-06   5.72861843e-12
   410       3   2.24262417e-16   0.00000000e+00
   411       1   7.86131204e-02   3.86274750e-03
   411       2   1.45602686e-06   5.00834957e-12
   411       3   2.06632749e-16   0.00000000e+00
   412       1   7.05860568e-02   3.30189095e-03
   412       2   1.16776780e-06   4.31953023e-12
   412       3   1.92047582e-16   0.00000000e+00
   413       1   6.37293366e-02   2.73952211e-03
   413       2   9.17504692e-07   3.63203649e-12
   413       3   0.00000000e+00   0.00000000e+00
   414       1   5.77904666e-02   2.17518444e-03
   414       2   6.96883405e-07   2.93345247e-12
   414       3   3.38835145e-16   0.00000000e+00
   415       1   5.25841840e-02   1.60841027e-03
   415       2   4.99765140e-07   2.23815041e-12
   415       3   1.60508968e-16   0.00000000e+00
   416       1   4.79714399e-02   1.03871904e-03
   416       2   3.21533249e-07   1.51883190e-12
   416       3   1.52809171e-16   0.00000000e+00
   417       1   4.38457995e-02   4.65615481e-04
   417       2   1.58644619e-07   8.28723595e-13
   417       3   0.00000000e+00   0.00000000e+00
   418       1   4.01243754e-02   1.11412388e-04
   418       2   8.33050779e-09   1.02123508e-13
   418       3   0.00000000e+00   0.00000000e+00
   419       1   3.67416232e-02   6.92895376e-04
   419       2   1.31608224e-07   6.17928903e-13
   419       3   0.00000000e+00   0.00000000e+00
   420       1   3.36449971e-02   1.27938541e-03
   420       2   2.62944559e-07   1.34063112e-12
   420       3   0.00000000e+00   0.00000000e+00
   421       1   3.07918471e-02   1.87145803e-03
   421       2   3.87127880e-07   2.09463821e-12
   421       3   1.26528572e-16   0.00000000e+00
   422       1   2.81471604e-02   2.46971505e-03
   422       2   5.05358658e-07   2.82500545e-12
   422       3   0.00000000e+00   0.00000000e+00
   423       1   2.56818922e-02   3.07478754e-03
   423       2   6.18643783e-07   3.57829659e-12
   423       3   1.19808988e-16   0.00000000e+00
   424       1   2.33717115e-02   3.68733901e-03
   424       2   7.27838179e-07   4.32028190e-12
   424       3   1.17008762e-16   0.00000000e+00
   425       1   2.11960485e-02   4.30806897e-03
   425       2   8.33676568e-07   5.09973781e-12
   425       3   2.29057086e-16   0.00000000e+00
   426       1   1.91373589e-02   4.93771678e-03
   426       2   9.36798053e-07   5.89276438e-12
   426       3   2.24673327e-16   0.00000000e+00
   427       1   1.71805522e-02   5.57706601e-03
   427       2   1.03776539e-06   6.67758570e-12
   427       3   2.20813086e-16   0.00000000e+00
   428       1   1.53125395e-02   6.22694914e-03
   428       2   1.13708032e-06   7.48147714e-12
   428       3   2.17431630e-16   0.00000000e+00
   429       1   1.35218749e-02   6.88825290e-03
   429       2   1.23519591e-06   8.28494516e-12
   429       3   2.14491282e-16   0.00000000e+00
   430       1   1.17984657e-02   7.56192416e-03
   430       2   1.33252661e-06   9.12671428e-12
   430       3   4.23920663e-16   0.00000000e+00
   431       1   1.01333374e-02   8.24897652e-03
   431       2   1.42945667e-06   9.98861481e-12
   431       3   2.09812166e-16   0.00000000e+00
   432       1   8.51844104e-03   8.95049772e-03
   432       2   1.52634717e-06   1.08393292e-11
   432       3   2.08024576e-16   0.00000000e+00
   433       1   6.94649286e-03   9.66765795e-03
   433       2   1.62354208e-06   1.17264761e-11
   433       3   2.06579199e-16   0.00000000e+00
   434       1   5.41083979e-03   1.04017192e-02
   434       2   1.72137358e-06   1.26386312e-11
   434       3   2.05461079e-16   0.00000000e+00
   435       1   3.90534537e-03   1.11540460e-02
   435       2   1.82016683e-06   1.35725590e-11
   435       3   4.09316619e-16   0.00000000e+00
   436       1   2.42429137e-03   1.19261172e-02
   436       2   1.92024436e-06   1.45468077e-11
   436       3   6.12485298e-16   0.00000000e+00
   437       1   9.62291791e-04   1.27195400e-02
   437       2   2.02193018e-06   1.55136832e-11
   437       3   4.07929781e-16   0.00000000e+00
   438       1   4.85783675e-04   1.35360651e-02
   438       2   2.12555382e-06   1.65433357e-11
   438       3   4.08127079e-16   0.00000000e+00
   439       1   1.92487902e-03   1.43776050e-02
   439       2   2.23145428e-06   1.75664318e-11
   439       3   4.08911762e-16   0.00000000e+00
   440       1   3.35981628e-03   1.52462546e-02
   440       2   2.33998414e-06   1.86562806e-11
   440       3   6.15427006e-16   0.00000000e+00
   441       1   4.79535661e-03   1.61443144e-02
   441       2   2.45151379e-06   1.97466630e-11
   441       3   4.12251121e-16   0.00000000e+00
   442       1   6.23625975e-03   1.70743185e-02
   442       2   2.56643606e-06   2.09151173e-11
   442       3   4.14820961e-16   0.00000000e+00
   443       1   7.68734342e-03   1.80390660e-02
   443       2   2.68517114e-06   2.21095502e-11
   443       3   4.18008710e-16   0.00000000e+00
   444       1   9.15354428e-03   1.90416583e-02
   444       2   2.80817220e-06   2.33269963e-11
   444       3   6.32750680e-16   0.00000000e+00
   445       1   1.06399821e-02   2.00855429e-02
   445       2   2.93593161e-06   2.46364105e-11
   445       3   6.39481259e-16   0.00000000e+00
   446       1   1.21520287e-02   2.11745638e-02
   446       2   3.06898809e-06   2.59918951e-11
   446       3   6.47250267e-16   0.00000000e+00
   447       1   1.36953844e-02   2.23130229e-02
   447       2   3.20793503e-06   2.74073957e-11
   447       3   4.37408336e-16   0.00000000e+00
   448       1   1.52761630e-02   2.35057507e-02
   448       2   3.35343012e-06   2.88998589e-11
   448       3   6.66133151e-16   0.00000000e+00
   449       1   1.69009897e-02   2.47581930e-02
   449       2   3.50620674e-06   3.04746272e-11
   449       3   5.64490905e-16   0.00000000e+00
   450       1   1.85771145e-02   2.60765127e-02
   450       2   3.66708752e-06   3.20776675e-11
   450       3   5.74975408e-16   0.00000000e+00
   451       1   2.03125454e-02   2.74677143e-02
   451       2   3.83700056e-06   3.38176624e-11
   451       3   5.86652371e-16   0.00000000e+00
   452       1   2.21162071e-02   2.89397942e-02
   452       2   4.01699906e-06   3.56410128e-11
   452       3   7.19549386e-16   0.00000000e+00
   453       1   2.39981327e-02   3.05019248e-02
   453       2   4.20828516e-06   3.75321389e-11
   453       3   8.59616481e-16   0.00000000e+00
   454       1   2.59696960e-02   3.21646807e-02
   454       2   4.41223928e-06   3.96374317e-11
   454       3   6.29954692e-16   0.00000000e+00
   455       1   2.80438988e-02   3.39403198e-02
   455       2   4.63045632e-06   4.18236550e-11
   455       3   9.06665310e-16   0.00000000e+00
   456       1   3.02357263e-02   3.58431335e-02
   456       2   4.86479098e-06   4.41728032e-11
   456       3   9.34074450e-16   0.00000000e+00
   457       1   3.25625949e-02   3.78898897e-02
   457       2   5.11741472e-06   4.67195054e-11
   457       3   9.64485402e-16   0.00000000e+00
   458       1   3.50449188e-02   4.01003954e-02
   458       2   5.39088823e-06   4.94591734e-11
   458       3   9.98280333e-16   0.00000000e+00
   459       1   3.77068381e-02   4.24982210e-02
   459       2   5.68825458e-06   5.24334006e-11
   459       3   8.87928373e-16   0.00000000e+00
   460       1   4.05771631e-02   4.51116410e-02
   460       2   6.01316024e-06   5.56663345e-11
   460       3   1.07794450e-15   0.00000000e+00
   461       1   4.36906161e-02   4.79748721e-02
   461       2   6.37001428e-06   5.92324794e-11
   461       3   1.12503340e-15   0.00000000e+00
   462       1   4.70894843e-02   5.11297242e-02
   462       2   6.76420061e-06   6.31243306e-11
   462       3   1.17800267e-15   0.00000000e+00
   463       1   5.08258571e-02   5.46278342e-02
   463       2   7.20236500e-06   6.74829759e-11
   463       3   1.06102864e-15   0.00000000e+00
   464       1   5.49646988e-02   5.85337364e-02
   464       2   7.69280983e-06   7.23083795e-11
   464       3   1.30589568e-15   0.00000000e+00
   465       1   5.95881512e-02   6.29291627e-02
   465       2   8.24604658e-06   7.77616928e-11
   465       3   1.38370018e-15   0.00000000e+00
   466       1   6.48016778e-02   6.79191840e-02
   466       2   8.87558515e-06   8.39270263e-11
   466       3   1.47335319e-15   0.00000000e+00
   467       1   7.07430432e-02   7.36411877e-02
   467       2   9.59908738e-06   9.10655085e-11
   467       3   1.69025093e-15   0.00000000e+00
   468       1   7.75957812e-02   8.02783424e-02
   468       2   1.04400974e-05   9.93082752e-11
   468       3   1.82138826e-15   0.00000000e+00
   469       1   8.56100081e-02   8.80804083e-02
   469       2   1.14307154e-05   1.08964155e-10
   469       3   2.10911437e-15   0.00000000e+00
   470       1   9.51357232e-02   9.73970325e-02
   470       2   1.26158765e-05   1.20514461e-10
   470       3   2.16537877e-15   0.00000000e+00
   471       1   1.06678308e-01   1.08733242e-01
   471       2   1.40604809e-05   1.34588109e-10
   471       3   2.55610028e-15   0.00000000e+00
   472       1   1.20995651e-01   1.22846557e-01
   472       2   1.58618727e-05   1.52093000e-10
   472       3   2.86533185e-15   0.00000000e+00
   473       1   1.39278519e-01   1.40927341e-01
   473       2   1.81730141e-05   1.74480205e-10
   473       3   3.06032972e-15   0.00000000e+00
   474       1   1.63511304e-01   1.64959501e-01
   474       2   2.12488340e-05   2.04307457e-10
   474       3   3.79802940e-15   0.00000000e+00
   475       1   1.97265675e-01   1.98514029e-01
   475       2   2.55481940e-05   2.45918736e-10
   475       3   4.54713406e-15   0.00000000e+00
   476       1   2.47684725e-01   2.48732844e-01
   476       2   3.19888023e-05   3.08192258e-10
   476       3   5.67320822e-15   0.00000000e+00
   477       1   3.31435538e-01   3.32280262e-01
   477       2   4.27119493e-05   4.11834344e-10
   477       3   7.55318842e-15   0.00000000e+00
   478       1   4.98520273e-01   4.99148621e-01
   478       2   6.41414073e-05   6.18788919e-10
   478       3   1.11410381e-14   0.00000000e+00
   479       1   9.98966826e-01   9.99292972e-01
   479       2   1.28395049e-04   1.23903805e-09
   479       3   2.26211618e-14   0.00000000e+00
   480       1   1.09148961e+04   3.08515042e+04
   480       2   3.48463899e+00   3.82649028e-05
   480       3   6.18212466e-10   1.66388122e-16
   480       4   0.00000000e+00   0.00000000e+00
   481       1   1.00003688e+00   1.00003241e+00
   481       2   1.28534573e-04   1.24056994e-09
   481       3   2.29763111e-14   0.00000000e+00
   482       1   4.99727949e-01   4.99839398e-01
   482       2   6.42738523e-05   6.20217890e-10
   482       3   1.13182967e-14   0.00000000e+00
   483       1   3.32669032e-01   3.32961944e-01
   483       2   4.28431233e-05   4.13244571e-10
   483       3   7.67139492e-15   0.00000000e+00
   484       1   2.48927648e-01   2.49411245e-01
   484       2   3.21195786e-05   3.09613016e-10
   484       3   5.85060320e-15   0.00000000e+00
   485       1   1.98513394e-01   1.99190805e-01
   485       2   2.56788383e-05   2.47331395e-10
   485       3   4.40510048e-15   0.00000000e+00
   486       1   1.64762087e-01   1.65635279e-01
   486       2   2.13794620e-05   2.05716078e-10
   486       3   3.67938559e-15   0.00000000e+00
   487       1   1.40531632e-01   1.41602399e-01
   487       2   1.83036902e-05   1.75895285e-10
   487       3   3.26438546e-15   0.00000000e+00
   488       1   1.22250776e-01   1.23521024e-01
   488       2   1.59926402e-05   1.53462845e-10
   488       3   2.86535763e-15   0.00000000e+00
   489       1   1.07935327e-01   1.09407178e-01
   489       2   1.41913732e-05   1.35970895e-10
   489       3   2.55612059e-15   0.00000000e+00
   490       1   9.63946264e-02   9.80704591e-02
   490       2   1.27469217e-05   1.21906646e-10
   490       3   2.30975374e-15   0.00000000e+00
   491       1   8.68708471e-02   8.87533267e-02
   491       2   1.15619390e-05   1.10346955e-10
   491       3   2.10912786e-15   0.00000000e+00
   492       1   7.88586468e-02   8.09507407e-02
   492       2   1.05715235e-05   1.00664686e-10
   492       3   1.94282543e-15   0.00000000e+00
   493       1   7.20080523e-02   7.43130455e-02
   493       2   9.73073927e-06   9.24260306e-11
   493       3   1.69025991e-15   0.00000000e+00
   494       1   6.60689661e-02   6.85904754e-02
   494       2   9.00748585e-06   8.53546083e-11
   494       3   1.68384043e-15   0.00000000e+00
   495       1   6.08578690e-02   6.35998579e-02
   495       2   8.37821915e-06   7.91311235e-11
   495       3   1.58137874e-15   0.00000000e+00
   496       1   5.62370081e-02   5.92038028e-02
   496       2   7.82527757e-06   7.37151127e-11
   496       3   1.49245841e-15   0.00000000e+00
   497       1   5.21009304e-02   5.52972366e-02
   497       2   7.33515159e-06   6.88545118e-11
   497       3   1.41471031e-15   0.00000000e+00
   498       1   4.83675037e-02   5.17984260e-02
   498       2   6.89733024e-06   6.45228836e-11
   498       3   1.17800689e-15   0.00000000e+00
   499       1   4.49717726e-02   4.86428349e-02
   499       2   6.50351179e-06   6.06082465e-11
   499       3   1.12503715e-15   0.00000000e+00
   500       1   4.18616570e-02   4.57788253e-02
   500       2   6.14705118e-06   5.70413734e-11
   500       3   1.07794786e-15   0.00000000e+00
   501       1   3.89948784e-02   4.31645860e-02
   501       2   5.82256536e-06   5.38158705e-11
   501       3   1.03591944e-15   0.00000000e+00
   502       1   3.63367245e-02   4.07658992e-02
   502       2   5.52564617e-06   5.08296648e-11
   502       3   8.55671178e-16   0.00000000e+00
   503       1   3.38583945e-02   3.85544894e-02
   503       2   5.25264817e-06   4.81003176e-11
   503       3   9.64487846e-16   0.00000000e+00
   504       1   3.15357590e-02   3.65067852e-02
   504       2   5.00052942e-06   4.55677074e-11
   504       3   9.34076661e-16   0.00000000e+00
   505       1   2.93484147e-02   3.46029786e-02
   505       2   4.76673045e-06   4.31994196e-11
   505       3   7.77143411e-16   0.00000000e+00
   506       1   2.72789574e-02   3.28263007e-02
   506       2   4.54908117e-06   4.09917458e-11
   506       3   8.81938386e-16   0.00000000e+00
   507       1   2.53124144e-02   3.11624590e-02
   507       2   4.34572834e-06   3.89470763e-11
   507       3   8.59618132e-16   0.00000000e+00
   508       1   2.34357980e-02   2.95991946e-02
   508       2   4.15507866e-06   3.69718965e-11
   508       3   8.39475783e-16   0.00000000e+00
   509       1   2.16377489e-02   2.81259319e-02
   509       2   3.97575346e-06   3.51381439e-11
   509       3   7.03984014e-16   0.00000000e+00
   510       1   1.99082505e-02   2.67334973e-02
   510       2   3.80655250e-06   3.34246564e-11
   510       3   5.74976292e-16   0.00000000e+00
   511       1   1.82383954e-02   2.54138934e-02
   511       2   3.64642465e-06   3.18142445e-11
   511       3   6.77390046e-16   0.00000000e+00
   512       1   1.66201945e-02   2.41601144e-02
   512       2   3.49444407e-06   3.02541760e-11
   512       3   6.66134019e-16   0.00000000e+00
   513       1   1.50464187e-02   2.29659961e-02
   513       2   3.34979060e-06   2.87399202e-11
   513       3   8.74817714e-16   0.00000000e+00
   514       1   1.35104652e-02   2.18260916e-02
   514       2   3.21173353e-06   2.73403169e-11
   514       3   4.31500646e-16   0.00000000e+00
   515       1   1.20062447e-02   2.07355688e-02
   515       2   3.07961814e-06   2.59680213e-11
   515       3   6.39481885e-16   0.00000000e+00
   516       1   1.05280838e-02   1.96901247e-02
   516       2   2.95285425e-06   2.46744756e-11
   516       3   4.21834156e-16   0.00000000e+00
   517       1   9.07064025e-03   1.86859136e-02
   517       2   2.83090667e-06   2.34413250e-11
   517       3   4.18009034e-16   0.00000000e+00
   518       1   7.62882652e-03   1.77194866e-02
   518       2   2.71328692e-06   2.22464756e-11
   518       3   6.22231861e-16   0.00000000e+00
   519       1   6.19774153e-03   1.67877406e-02
   519       2   2.59954611e-06   2.10867529e-11
   519       3   4.12251358e-16   0.00000000e+00
   520       1   4.77260675e-03   1.58878749e-02
   520       2   2.48926874e-06   1.99709987e-11
   520       3   2.05142433e-16   0.00000000e+00
   521       1   3.34870572e-03   1.50173536e-02
   521       2   2.38206721e-06   1.89029180e-11
   521       3   4.08911916e-16   0.00000000e+00
   522       1   1.92132520e-03   1.41738743e-02
   522       2   2.27757687e-06   1.78352990e-11
   522       3   4.08127193e-16   0.00000000e+00
   523       1   4.85696327e-04   1.33553403e-02
   523       2   2.17545156e-06   1.68357700e-11
   523       3   4.07929854e-16   0.00000000e+00
   524       1   9.63065761e-04   1.25598372e-02
   524       2   2.07535939e-06   1.58413554e-11
   524       3   2.04161783e-16   0.00000000e+00
   525       1   2.43002538e-03   1.17856118e-02
   525       2   1.97697877e-06   1.48880725e-11
   525       3   2.04658305e-16   0.00000000e+00
   526       1   3.92049472e-03   1.10310550e-02
   526       2   1.87999458e-06   1.39358610e-11
   526       3   2.05461054e-16   0.00000000e+00
   527       1   5.44010918e-03   1.02946855e-02
   527       2   1.78409426e-06   1.30422292e-11
   527       3   2.06579153e-16   0.00000000e+00
   528       1   6.99491195e-03   9.57513646e-03
   528       2   1.68896388e-06   1.21475653e-11
   528       3   2.08024507e-16   0.00000000e+00
   529       1   8.59145069e-03   8.87114322e-03
   529       2   1.59428396e-06   1.12428073e-11
   529       3   2.09812074e-16   0.00000000e+00
   530       1   1.02368897e-02   8.18153297e-03
   530       2   1.49972490e-06   1.04128862e-11
   530       3   2.11960215e-16   0.00000000e+00
   531       1   1.19391420e-02   7.50521516e-03
   531       2   1.40494203e-06   9.57002854e-12
   531       3   2.14491139e-16   0.00000000e+00
   532       1   1.37070263e-02   6.84117325e-03
   532       2   1.30956984e-06   8.75224656e-12
   532       3   2.17431460e-16   0.00000000e+00
   533       1   1.55504566e-02   6.18845729e-03
   533       2   1.21321537e-06   7.91809488e-12
   533       3   0.00000000e+00   0.00000000e+00
   534       1   1.74806727e-02   5.54617730e-03
   534       2   1.11545043e-06   7.10235170e-12
   534       3   2.24673094e-16   0.00000000e+00
   535       1   1.95105240e-02   4.91349740e-03
   535       2   1.01580210e-06   6.33523000e-12
   535       3   1.14528408e-16   0.00000000e+00
   536       1   2.16548218e-02   4.28963046e-03
   536       2   9.13741258e-07   5.57005644e-12
   536       3   1.17008608e-16   0.00000000e+00
   537       1   2.39307823e-02   3.67383335e-03
   537       2   8.08668321e-07   4.79945516e-12
   537       3   1.19808812e-16   0.00000000e+00
   538       1   2.63585877e-02   3.06540262e-03
   538       2   6.99895264e-07   4.04721055e-12
   538       3   1.22966889e-16   0.00000000e+00
   539       1   2.89621072e-02   2.46367060e-03
   539       2   5.86622771e-07   3.28429337e-12
   539       3   1.26528344e-16   0.00000000e+00
   540       1   3.17698318e-02   1.86800188e-03
   540       2   4.67910691e-07   2.58240598e-12
   540       3   0.00000000e+00   0.00000000e+00
   541       1   3.48161032e-02   1.27779002e-03
   541       2   3.42639357e-07   1.81582472e-12
   541       3   1.35093414e-16   0.00000000e+00
   542       1   3.81427518e-02   6.92454667e-04
   542       2   2.09458157e-07   1.09003859e-12
   542       3   0.00000000e+00   0.00000000e+00
   543       1   4.18013101e-02   1.11438795e-04
   543       2   6.67161353e-08   3.83353142e-13
   543       3   0.00000000e+00   0.00000000e+00
   544       1   4.58560563e-02   4.65793771e-04
   544       2   8.76333047e-08   3.62897757e-13
   544       3   0.00000000e+00   0.00000000e+00
   545       1   5.03882737e-02   1.03976067e-03
   545       2   2.56165663e-07   1.06454766e-12
   545       3   0.00000000e+00   0.00000000e+00
   546       1   5.55023345e-02   1.61096313e-03
   546       2   4.42175586e-07   1.77242649e-12
   546       3   1.69416970e-16   0.00000000e+00
   547       1   6.13345904e-02   2.17988801e-03
   547       2   6.49954781e-07   2.48051362e-12
   547       3   1.79807974e-16   0.00000000e+00
   548       1   6.80667077e-02   2.74700961e-03
   548       2   8.85208773e-07   3.18650686e-12
   548       3   1.92046741e-16   0.00000000e+00
   549       1   7.59462751e-02   3.31279150e-03
   549       2   1.15570083e-06   3.90074664e-12
   549       3   2.06631736e-16   0.00000000e+00
   550       1   8.53197749e-02   3.87768815e-03
   550       2   1.47228217e-06   4.58362536e-12
   550       3   2.24261180e-16   0.00000000e+00
   551       1   9.66875349e-02   4.44214651e-03
   551       2   1.85060877e-06   5.29779834e-12
   551       3   4.91887970e-16   0.00000000e+00
   552       1   1.10799891e-01   5.00660756e-03
   552       2   2.31414574e-06   5.98908655e-12
   552       3   4.09790879e-16   0.00000000e+00
   553       1   1.28835778e-01   5.57150778e-03
   553       2   2.89974662e-06   6.68988221e-12
   553       3   4.62585265e-16   0.00000000e+00
   554       1   1.52759903e-01   6.13728051e-03
   554       2   3.66881193e-06   7.39977143e-12
   554       3   5.33247789e-16   0.00000000e+00
   555       1   1.86108530e-01   6.70435741e-03
   555       2   4.73183760e-06   8.09559651e-12
   555       3   6.32486758e-16   0.00000000e+00
   556       1   2.35953937e-01   7.27316977e-03
   556       2   6.30978543e-06   8.80569487e-12
   556       3   1.17257935e-15   0.00000000e+00
   557       1   3.18797754e-01   7.84414985e-03
   557       2   8.91819246e-06   9.52345165e-12
   557       3   1.71820136e-15   0.00000000e+00
   558       1   4.84144190e-01   8.41773224e-03
   558       2   1.41035953e-05   1.02326377e-11
   558       3   2.55002260e-15   0.00000000e+00
   559       1   9.79510379e-01   8.99435520e-03
   559       2   2.95982933e-05   1.09570188e-11
   559       3   5.17383796e-15   0.00000000e+00
   560       1   6.30086671e+04   9.57446195e-03
   560       2   6.63126432e-01   1.16938884e-11
   560       3   1.15848176e-10   0.00000000e+00
   560       4   0.00000000e+00   0.00000000e+00
   561       1   1.00004620e+00   1.01585021e-02
   561       2   3.22079890e-05   1.23884139e-11
   561       3   5.69245234e-15   0.00000000e+00
   562       1   5.04668034e-01   1.07469330e-02
   562       2   1.67125868e-05   1.31251136e-11
   562       3   3.06489210e-15   0.00000000e+00
   563       1   3.39336240e-01   1.13402213e-02
   563       2   1.15292197e-05   1.38783634e-11
   563       3   1.94389103e-15   0.00000000e+00
   564       1   2.56517509e-01   1.19388441e-02
   564       2   8.92409020e-06   1.46400931e-11
   564       3   1.68613881e-15   0.00000000e+00
   565       1   2.06705689e-01   1.25432909e-02
   565       2   7.35048307e-06   1.53955134e-11
   565       3   9.55438684e-16   0.00000000e+00
   566       1   1.73398724e-01   1.31540649e-02
   566       2   6.29282418e-06   1.61458606e-11
   566       3   9.47726167e-16   0.00000000e+00
   567       1   1.49524248e-01   1.37716848e-02
   567       2   5.53014664e-06   1.69140397e-11
   567       3   9.40359679e-16   0.00000000e+00
   568       1   1.31546027e-01   1.43966867e-02
   568       2   4.95196059e-06   1.76700343e-11
   568       3   8.16663143e-16   0.00000000e+00
   569       1   1.17499431e-01   1.50296256e-02
   569       2   4.49687710e-06   1.84730159e-11
   569       3   6.17750511e-16   0.00000000e+00
   570       1   1.06205643e-01   1.56710777e-02
   570       2   4.12805784e-06   1.92837136e-11
   570       3   5.52144200e-16   0.00000000e+00
   571       1   9.69144627e-02   1.63216427e-02
   571       2   3.82205592e-06   2.00574429e-11
   571       3   8.31058912e-16   0.00000000e+00
   572       1   8.91257253e-02   1.69819454e-02
   572       2   3.56323627e-06   2.08845728e-11
   572       3   7.56992881e-16   0.00000000e+00
   573       1   8.24931303e-02   1.76526389e-02
   573       2   3.34077128e-06   2.17581039e-11
   573       3   5.55638792e-16   0.00000000e+00
   574       1   7.67692932e-02   1.83344068e-02
   574       2   3.14692398e-06   2.25830379e-11
   574       3   6.41230511e-16   0.00000000e+00
   575       1   7.17727736e-02   1.90279662e-02
   575       2   2.97601793e-06   2.34655623e-11
   575       3   5.95209390e-16   0.00000000e+00
   576       1   6.73674686e-02   1.97340707e-02
   576       2   2.82379344e-06   2.43488765e-11
   576       3   4.44090566e-16   0.00000000e+00
   577       1   6.34492790e-02   2.04535139e-02
   577       2   2.68699098e-06   2.52568873e-11
   577       3   4.15914457e-16   0.00000000e+00
   578       1   5.99372200e-02   2.11871327e-02
   578       2   2.56307342e-06   2.61839879e-11
   578       3   5.86480055e-16   0.00000000e+00
   579       1   5.67673390e-02   2.19358119e-02
   579       2   2.45003600e-06   2.70859660e-11
   579       3   3.68792332e-16   0.00000000e+00
   580       1   5.38884578e-02   2.27004880e-02
   580       2   2.34627333e-06   2.80350134e-11
   580       3   3.48919501e-16   0.00000000e+00
   581       1   5.12591316e-02   2.34821543e-02
   581       2   2.25048435e-06   2.90174343e-11
   581       3   4.96552402e-16   0.00000000e+00
   582       1   4.88454375e-02   2.42818661e-02
   582       2   2.16160320e-06   3.00134109e-11
   582       3   3.14866069e-16   0.00000000e+00
   583       1   4.66193392e-02   2.51007463e-02
   583       2   2.07874816e-06   3.10583733e-11
   583       3   3.00187845e-16   0.00000000e+00
   584       1   4.45574608e-02   2.59399923e-02
   584       2   2.00118332e-06   3.20997603e-11
   584       3   2.86812811e-16   0.00000000e+00
   585       1   4.26401556e-02   2.68008828e-02
   585       2   1.92828946e-06   3.31764021e-11
   585       3   2.74583598e-16   0.00000000e+00
   586       1   4.08507884e-02   2.76847855e-02
   586       2   1.85954163e-06   3.42904126e-11
   586       3   3.95050696e-16   0.00000000e+00
   587       1   3.91751783e-02   2.85931664e-02
   587       2   1.79449176e-06   3.54255417e-11
   587       3   3.79575196e-16   0.00000000e+00
   588       1   3.76011608e-02   2.95275990e-02
   588       2   1.73275491e-06   3.65900252e-11
   588       3   2.43535574e-16   0.00000000e+00
   589       1   3.61182399e-02   3.04897758e-02
   589       2   1.67399844e-06   3.78024467e-11
   589       3   2.34739891e-16   0.00000000e+00
   590       1   3.47173100e-02   3.14815199e-02
   590       2   1.61793331e-06   3.90391205e-11
   590       3   2.26590720e-16   0.00000000e+00
   591       1   3.33904323e-02   3.25047994e-02
   591       2   1.56430705e-06   4.03308913e-11
   591       3   2.19025100e-16   0.00000000e+00
   592       1   3.21306519e-02   3.35617423e-02
   592       2   1.51289811e-06   4.16494021e-11
   592       3   4.23976004e-16   0.00000000e+00
   593       1   3.09318492e-02   3.46546542e-02
   593       2   1.46351114e-06   4.30136214e-11
   593       3   4.10862243e-16   0.00000000e+00
   594       1   2.97886169e-02   3.57860381e-02
   594       2   1.41597316e-06   4.44523237e-11
   594       3   3.98623789e-16   0.00000000e+00
   595       1   2.86961583e-02   3.69586165e-02
   595       2   1.37013041e-06   4.59368351e-11
   595       3   3.87185349e-16   0.00000000e+00
   596       1   2.76502022e-02   3.81753569e-02
   596       2   1.32584565e-06   4.74257959e-11
   596       3   3.76480095e-16   0.00000000e+00
   597       1   2.66469325e-02   3.94395011e-02
   597       2   1.28299596e-06   4.90305368e-11
   597       3   3.66448525e-16   0.00000000e+00
   598       1   2.56829276e-02   4.07545979e-02
   598       2   1.24147086e-06   5.06852537e-11
   598       3   1.78518749e-16   0.00000000e+00
   599       1   2.47551104e-02   4.21245418e-02
   599       2   1.20117072e-06   5.24012375e-11
   599       3   3.48199413e-16   0.00000000e+00
   600       1   2.38607044e-02   4.35536160e-02
   600       2   1.16200542e-06   5.42198798e-11
   600       3   1.69945762e-16   0.00000000e+00
   601       1   2.29971980e-02   4.50465441e-02
   601       2   1.12389316e-06   5.60796048e-11
   601       3   1.66037673e-16   0.00000000e+00
   602       1   2.21623118e-02   4.66085480e-02
   602       2   1.08675953e-06   5.80634606e-11
   602       3   1.62358070e-16   0.00000000e+00
   603       1   2.13539725e-02   4.82454168e-02
   603       2   1.05053660e-06   6.00947110e-11
   603       3   1.58891248e-16   0.00000000e+00
   604       1   2.05702886e-02   4.99635866e-02
   604       2   1.01516222e-06   6.22754032e-11
   604       3   1.55622967e-16   0.00000000e+00
   605       1   1.98095305e-02   5.17702343e-02
   605       2   9.80579353e-07   6.45646241e-11
   605       3   1.52540298e-16   0.00000000e+00
   606       1   1.90701127e-02   5.36733884e-02
   606       2   9.46735558e-07   6.69470851e-11
   606       3   1.49631479e-16   0.00000000e+00
   607       1   1.83505785e-02   5.56820596e-02
   607       2   9.13582463e-07   6.94856574e-11
   607       3   1.46885789e-16   0.00000000e+00
   608       1   1.76495862e-02   5.78063969e-02
   608       2   8.81075357e-07   7.21353460e-11
   608       3   1.44293443e-16   0.00000000e+00
   609       1   1.69658971e-02   6.00578744e-02
   609       2   8.49172817e-07   7.50083088e-11
   609       3   1.41845496e-16   0.00000000e+00
   610       1   1.62983656e-02   6.24495152e-02
   610       2   8.17836371e-07   7.80403617e-11
   610       3   1.39533760e-16   0.00000000e+00
   611       1   1.56459293e-02   6.49961629e-02
   611       2   7.87030211e-07   8.12691749e-11
   611       3   1.37350733e-16   0.00000000e+00
   612       1   1.50076013e-02   6.77148128e-02
   612       2   7.56720930e-07   8.47063040e-11
   612       3   1.35289530e-16   0.00000000e+00
   613       1   1.43824625e-02   7.06250165e-02
   613       2   7.26877296e-07   8.83770473e-11
   613       3   1.33343831e-16   0.00000000e+00
   614       1   1.37696555e-02   7.37493830e-02
   614       2   6.97470041e-07   9.23340492e-11
   614       3   1.31507824e-16   0.00000000e+00
   615       1   1.31683785e-02   7.71142011e-02
   615       2   6.68471685e-07   9.66296986e-11
   615       3   0.00000000e+00   0.00000000e+00
   616       1   1.25778801e-02   8.07502210e-02
   616       2   6.39856361e-07   1.01252977e-10
   616       3   1.28143939e-16   0.00000000e+00
   617       1   1.19974550e-02   8.46936434e-02
   617       2   6.11599678e-07   1.06277172e-10
   617       3   1.26606615e-16   0.00000000e+00
   618       1   1.14264394e-02   8.89873839e-02
   618       2   5.83678578e-07   1.11729532e-10
   618       3   1.25160025e-16   0.00000000e+00
   619       1   1.08642073e-02   9.36827068e-02
   619       2   5.56071223e-07   1.17726497e-10
   619       3   1.23800330e-16   0.00000000e+00
   620       1   1.03101675e-02   9.88413587e-02
   620       2   5.28756880e-07   1.24357806e-10
   620       3   1.22523992e-16   0.00000000e+00
   621       1   9.76375971e-03   1.04538393e-01
   621       2   5.01715827e-07   1.31583034e-10
   621       3   1.21327758e-16   0.00000000e+00
   622       1   9.22445245e-03   1.10865958e-01
   622       2   4.74929259e-07   1.39711570e-10
   622       3   1.20208633e-16   0.00000000e+00
   623       1   8.69174010e-03   1.17938455e-01
   623       2   4.48379205e-07   1.48811137e-10
   623       3   1.19163864e-16   0.00000000e+00
   624       1   8.16514063e-03   1.25899686e-01
   624       2   4.22048457e-07   1.59026161e-10
   624       3   0.00000000e+00   0.00000000e+00
   625       1   7.64419347e-03   1.34932941e-01
   625       2   3.95920495e-07   1.70707085e-10
   625       3   1.17287497e-16   0.00000000e+00
   626       1   7.12845749e-03   1.45275538e-01
   626       2   3.69979428e-07   1.84037514e-10
   626       3   2.32902922e-16   0.00000000e+00
   627       1   6.61750919e-03   1.57240294e-01
   627       2   3.44209930e-07   1.99553672e-10
   627       3   1.15680882e-16   0.00000000e+00
   628       1   6.11094098e-03   1.71248106e-01
   628       2   3.18597188e-07   2.17744303e-10
   628       3   0.00000000e+00   0.00000000e+00
   629       1   5.60835963e-03   1.87878968e-01
   629       2   2.93126852e-07   2.39479434e-10
   629       3   1.14329218e-16   0.00000000e+00
   630       1   5.10938478e-03   2.07954854e-01
   630       2   2.67784983e-07   2.65811859e-10
   630       3   0.00000000e+00   0.00000000e+00
   631       1   4.61364757e-03   2.32680308e-01
   631       2   2.42558011e-07   2.98436909e-10
   631       3   1.13220344e-16   0.00000000e+00
   632       1   4.12078936e-03   2.63893696e-01
   632       2   2.17432694e-07   3.39811687e-10
   632       3   0.00000000e+00   0.00000000e+00
   633       1   3.63046048e-03   3.04545697e-01
   633       2   1.92396073e-07   3.94168133e-10
   633       3   0.00000000e+00   0.00000000e+00
   634       1   3.14231909e-03   3.59686337e-01
   634       2   1.67435440e-07   4.68606406e-10
   634       3   0.00000000e+00   0.00000000e+00
   635       1   2.65603008e-03   4.38723030e-01
   635       2   1.42538296e-07   5.76717901e-10
   635       3   0.00000000e+00   0.00000000e+00
   636       1   2.17126399e-03   5.61363214e-01
   636       2   1.17692320e-07   7.47322984e-10
   636       3   0.00000000e+00   0.00000000e+00
   637       1   1.68769600e-03   7.76764623e-01
   637       2   9.28853338e-08   1.05449264e-09
   637       3   0.00000000e+00   0.00000000e+00
   638       1   1.20500492e-03   1.24906202e+00
   638       2   6.81052662e-08   1.75456593e-09
   638       3   0.00000000e+00   0.00000000e+00
   639       1   7.22872258e-04   2.99885340e+00
   639       2   4.33401247e-08   4.54205337e-09
   639       3   0.00000000e+00   0.00000000e+00
   640       1   2.40981237e-04   1.57792196e+06
   640       2   1.85779634e-08   3.24553299e-03
   640       3   0.00000000e+00   0.00000000e+00