  TimeWindow  Iteration  ResRel(Mass-Left-Mesh:Displacement-Left)  ResRel(Mass-Left-Mesh:Displacement-Right)
     1       1   1.00000000e+00   1.00000000e+00
     1       2   2.56745201e-05   1.79523675e-06
     1       3   1.08952862e-11   3.22914051e-13
     2       1   4.83599260e-02   7.46103296e-01
     2       2   1.32473853e-04   3.07463753e-06
     2       3   9.45262440e-11   7.79949214e-13
     3       1   8.44820292e-02   5.43878223e-01
     3       2   2.49249444e-04   2.51070309e-06
     3       3   1.86291329e-10   6.52428340e-13
     3       4   0.00000000e+00   0.00000000e+00
     4       1   1.26458561e-01   4.16516217e-01
     4       2   3.82277620e-04   2.02128159e-06
     4       3   2.91201522e-10   5.31470147e-13
     4       4   1.44293677e-16   0.00000000e+00
     5       1   1.78422148e-01   3.28766541e-01
     5       2   5.41986787e-04   1.64604753e-06
     5       3   4.17621426e-10   4.32971706e-13
     5       4   0.00000000e+00   0.00000000e+00
     6       1   2.48331816e-01   2.63255865e-01
     6       2   7.48213183e-04   1.35003270e-06
     6       3   5.81499345e-10   3.59353885e-13
     6       4   0.00000000e+00   0.00000000e+00
     7       1   3.54412934e-01   2.11078193e-01
     7       2   1.04580989e-03   1.10601702e-06
     7       3   8.18951433e-10   2.93401108e-13
     7       4   1.43411637e-16   0.00000000e+00
     8       1   5.50879738e-01   1.67210027e-01
     8       2   1.56683124e-03   8.95902747e-07
     8       3   1.23639384e-09   2.36991179e-13
     8       4   0.00000000e+00   0.00000000e+00
     9       1   1.10833331e+00   1.28526889e-01
     9       2   2.96528617e-03   7.07301498e-07
     9       3   2.36105339e-09   1.88700008e-13
     9       4   2.33400115e-16   0.00000000e+00
    10       1   3.52193214e+02   9.28664037e-02
    10       2   5.87012991e+00   5.31017121e-07
    10       3   4.73283740e-06   1.43379552e-13
    10       4   7.74313594e-13   0.00000000e+00
    11       1   9.99516156e-01   5.85229533e-02
    11       2   2.01434294e-03   3.59354859e-07
    11       3   1.66045813e-09   9.96519771e-14
    11       4   2.73019580e-16   0.00000000e+00
    12       1   4.40873090e-01   2.39109582e-02
    12       2   5.68016214e-04   1.84789115e-07
    12       3   4.98500916e-10   5.10879695e-14
    12       4   1.52739303e-16   0.00000000e+00
    13       1   2.34224799e-01   1.27501312e-02
    13       2   4.28222499e-05   1.46818730e-09
    13       3   1.10046687e-11   2.48465795e-15
    14       1   1.10656327e-01   5.38746640e-02
    14       2   4.84978010e-04   2.11635991e-07
    14       3   3.39209492e-10   5.43727689e-14
    14       4   2.07932534e-16   0.00000000e+00
    15       1   1.29977458e-02   1.03348267e-01
    15       2   9.17724530e-04   4.65643111e-07
    15       3   6.79785275e-10   1.20664054e-13
    15       4   0.00000000e+00   0.00000000e+00
    16       1   8.38631300e-02   1.68527726e-01
    16       2   1.44249261e-03   8.01449623e-07
    16       3   1.09097135e-09   2.09513201e-13
    16       4   4.43832770e-16   0.00000000e+00
    17       1   2.04406089e-01   2.66162731e-01
    17       2   2.21298948e-03   1.30568657e-06
    17       3   1.69314464e-09   3.42724288e-13
    17       4   1.33342981e-16   0.00000000e+00
    18       1   4.02780385e-01   4.45997726e-01
    18       2   3.64313803e-03   2.23584052e-06
    18       3   2.80941738e-09   5.87023729e-13
    18       4   3.72738932e-16   0.00000000e+00
    19       1   9.33323667e-01   9.55690750e-01
    19       2   7.75742370e-03   4.87410297e-06
    19       3   6.01912219e-09   1.28901455e-12
    19       4   5.36276100e-16   0.00000000e+00
    20       1   1.52400057e+02   7.14148044e+02
    20       2   5.14511382e+00   3.71105741e-03
    20       3   4.01344175e-06   9.84138283e-10
    20       4   5.04824540e-13   1.24613365e-16
    21       1   1.00158518e+00   1.00139695e+00
    21       2   8.31378022e-03   5.25891404e-06
    21       3   6.51759649e-09   1.39806278e-12
    21       4   7.17236136e-16   0.00000000e+00
    22       1   4.81743769e-01   4.89402553e-01
    22       2   4.18772465e-03   2.60797592e-06
    22       3   3.29960446e-09   6.95915097e-13
    22       4   3.73268726e-16   0.00000000e+00
    23       1   2.86934317e-01   3.08785978e-01
    23       2   2.76741968e-03   1.67240392e-06
    23       3   2.19263518e-09   4.48562856e-13
    23       4   1.33450855e-16   0.00000000e+00
    24       1   1.69850622e-01   2.10430425e-01
    24       2   2.01717187e-03   1.16240859e-06
    24       3   1.60886534e-09   3.13737043e-13
    24       4   0.00000000e+00   0.00000000e+00
    25       1   7.77097993e-02   1.44381519e-01
    25       2   1.52549113e-03   8.19306239e-07
    25       3   1.22757345e-09   2.19477352e-13
    25       4   2.05074835e-16   0.00000000e+00
    26       1   1.26593561e-02   9.37972065e-02
    26       2   1.14669008e-03   5.55819978e-07
    26       3   9.35659699e-10   1.50208061e-13
    26       4   0.00000000e+00   0.00000000e+00
    27       1   1.23694059e-01   5.12345172e-02
    27       2   7.99136474e-04   3.33297272e-07
    27       3   6.70732293e-10   9.09154602e-14
    27       4   0.00000000e+00   0.00000000e+00
    28       1   3.04707604e-01   1.26968118e-02
    28       2   3.83671343e-04   1.30871949e-07
    28       3   3.59310337e-10   3.82422744e-14
    28       4   0.00000000e+00   0.00000000e+00
    29       1   7.85722243e-01   2.43900351e-02
    29       2   4.64531025e-04   6.50449594e-08
    29       3   2.63860633e-10   1.52265123e-14
    29       4   0.00000000e+00   0.00000000e+00
    30       1   5.06494657e+02   6.20491382e-02
    30       2   4.36488840e-01   2.65331757e-07
    30       3   3.16200075e-07   6.75112881e-14
    30       4   3.89434342e-14   0.00000000e+00
    31       1   1.00299923e+00   1.02250783e-01
    31       2   2.10211319e-03   4.80834703e-07
    31       3   1.58202881e-09   1.25466150e-13
    31       4   2.34091337e-16   0.00000000e+00
    32       1   5.25581253e-01   1.47340731e-01
    32       2   1.29681486e-03   7.24777358e-07
    32       3   9.92700585e-10   1.88031785e-13
    32       4   1.11201340e-16   0.00000000e+00
    33       1   3.55149879e-01   2.00610528e-01
    33       2   9.70336399e-04   1.01611040e-06
    33       3   7.50763261e-10   2.70927643e-13
    33       4   1.43555557e-16   0.00000000e+00
    34       1   2.61673479e-01   2.67329366e-01
    34       2   7.67188504e-04   1.38575112e-06
    34       3   5.98504481e-10   3.68581734e-13
    34       4   2.12144380e-16   0.00000000e+00
    35       1   1.98973870e-01   3.57010577e-01
    35       2   6.15058522e-04   1.89058736e-06
    35       3   4.83418741e-10   5.03860038e-13
    35       4   1.70037710e-16   0.00000000e+00
    36       1   1.51482032e-01   4.89307661e-01
    36       2   4.88923707e-04   2.65069323e-06
    36       3   3.87280375e-10   7.07053321e-13
    36       4   0.00000000e+00   0.00000000e+00
    37       1   1.12359907e-01   7.12951293e-01
    37       2   3.77335089e-04   3.97195043e-06
    37       3   3.01705972e-10   1.06355001e-12
    37       4   1.28179724e-16   0.00000000e+00
    38       1   7.80160865e-02   1.19019773e+00
    38       2   2.73919261e-04   6.91194390e-06
    38       3   2.21989870e-10   1.86881808e-12
    38       4   0.00000000e+00   0.00000000e+00
    39       1   4.62569510e-02   2.92721075e+00
    39       2   1.74474621e-04   1.84456768e-05
    39       3   1.44991835e-10   5.04051578e-12
    39       4   0.00000000e+00   0.00000000e+00
    40       1   1.55177877e-02   7.32579249e+03
    40       2   7.57247131e-05   5.93264343e-02
    40       3   6.82246495e-11   1.68065306e-08
    40       4   0.00000000e+00   0.00000000e+00
    41       1   1.55321034e-02   1.00014686e+00
    41       2   2.53692796e-05   1.77497192e-06
    41       3   1.06565318e-11   3.17047827e-13
    42       1   4.82632537e-02   7.46891085e-01
    42       2   1.32147007e-04   3.07611754e-06
    42       3   9.42700168e-11   7.80224907e-13
    43       1   8.43730159e-02   5.44351310e-01
    43       2   2.48886766e-04   2.51238407e-06
    43       3   1.86005806e-10   6.51960715e-13
    43       4   0.00000000e+00   0.00000000e+00
    44       1   1.26328645e-01   4.16826087e-01
    44       2   3.81857119e-04   2.02256196e-06
    44       3   2.90869658e-10   5.30971665e-13
    44       4   1.44236440e-16   0.00000000e+00
    45       1   1.78256128e-01   3.28988696e-01
    45       2   5.41469937e-04   1.64703202e-06
    45       3   4.17211521e-10   4.35062968e-13
    45       4   0.00000000e+00   0.00000000e+00
    46       1   2.48098415e-01   2.63426989e-01
    46       2   7.47521953e-04   1.35082303e-06
    46       3   5.80948551e-10   3.56010908e-13
    46       4   2.11837844e-16   0.00000000e+00
    47       1   3.54033861e-01   2.11217926e-01
    47       2   1.04475168e-03   1.10668053e-06
    47       3   8.18105241e-10   2.95851963e-13
    47       4   1.43267971e-16   0.00000000e+00
    48       1   5.50086206e-01   1.67329967e-01
    48       2   1.56475178e-03   8.96483892e-07
    48       3   1.23472418e-09   2.39490073e-13
    48       4   0.00000000e+00   0.00000000e+00
    49       1   1.10530893e+00   1.28634593e-01
    49       2   2.95780054e-03   7.07831517e-07
    49       3   2.35502409e-09   1.89460116e-13
    49       4   2.32714926e-16   0.00000000e+00
    50       1   3.59603035e+03   9.29673875e-02
    50       2   1.12941111e+00   5.31520228e-07
    50       3   9.10550442e-07   1.41529815e-13
    50       4   9.47340351e-14   0.00000000e+00
    51       1   1.00252277e+00   5.86218590e-02
    51       2   2.02190109e-03   3.59852561e-07
    51       3   1.66653552e-09   9.78915245e-14
    51       4   1.36842957e-16   0.00000000e+00
    52       1   4.41685124e-01   2.40124425e-02
    52       2   5.70284943e-04   1.85303967e-07
    52       3   5.00313453e-10   5.18114506e-14
    52       4   0.00000000e+00   0.00000000e+00
    53       1   2.34643425e-01   1.26404097e-02
    53       2   4.14244429e-05   9.07865181e-10
    53       3   1.21121146e-11   1.75375048e-15
    54       1   1.10955552e-01   5.37484515e-02
    54       2   4.83739562e-04   2.10988086e-07
    54       3   3.38235149e-10   5.25143480e-14
    54       4   0.00000000e+00   0.00000000e+00
    55       1   1.32698812e-02   1.03191352e-01
    55       2   9.16335427e-04   4.64834420e-07
    55       3   6.78697342e-10   1.21303368e-13
    55       4   0.00000000e+00   0.00000000e+00
    56       1   8.35553262e-02   1.68311213e-01
    56       2   1.44061828e-03   8.00330716e-07
    56       3   1.08950800e-09   2.06427180e-13
    56       4   0.00000000e+00   0.00000000e+00
    57       1   2.03966053e-01   2.65814516e-01
    57       2   2.20993250e-03   1.30388407e-06
    57       3   1.69076081e-09   3.48230984e-13
    57       4   2.66469223e-16   0.00000000e+00
    58       1   4.01916137e-01   4.45270463e-01
    58       2   3.63659148e-03   2.23207330e-06
    58       3   2.80431409e-09   5.88623085e-13
    58       4   1.86104495e-16   0.00000000e+00
    59       1   9.30096303e-01   9.52918843e-01
    59       2   7.73193324e-03   4.85974487e-06
    59       3   5.99924667e-09   1.28817832e-12
    59       4   7.12844577e-16   0.00000000e+00
    60       1   2.94372208e+02   2.39041464e+02
    60       2   1.71550461e+00   1.23906393e-03
    60       3   1.33816202e-06   3.28687992e-10
    60       4   1.49632410e-13   0.00000000e+00
    61       1   1.00476833e+00   1.00419494e+00
    61       2   8.33967880e-03   5.27339198e-06
    61       3   6.53780683e-09   1.40241487e-12
    61       4   7.19446429e-16   0.00000000e+00
    62       1   4.82606778e-01   4.90132081e-01
    62       2   4.19433527e-03   2.61174970e-06
    62       3   3.30476357e-09   6.95723885e-13
    62       4   3.73797993e-16   0.00000000e+00
    63       1   2.87373238e-01   3.09135043e-01
    63       2   2.77047858e-03   1.67421014e-06
    63       3   2.19502128e-09   4.46021452e-13
    63       4   2.67116450e-16   0.00000000e+00
    64       1   1.70153973e-01   2.10648077e-01
    64       2   2.01900807e-03   1.16353608e-06
    64       3   1.61029521e-09   3.10320349e-13
    64       4   3.33169604e-16   0.00000000e+00
    65       1   7.79720580e-02   1.44540230e-01
    65       2   1.52679479e-03   8.20130130e-07
    65       3   1.22858497e-09   2.19549691e-13
    65       4   2.05107136e-16   0.00000000e+00
    66       1   1.23794593e-02   9.39260842e-02
    66       2   1.14776619e-03   5.56491126e-07
    66       3   9.36488853e-10   1.50544376e-13
    66       4   0.00000000e+00   0.00000000e+00
    67       1   1.23314697e-01   5.13480156e-02
    67       2   8.00212394e-04   3.33890841e-07
    67       3   6.71550391e-10   9.06292607e-14
    67       4   1.16853335e-16   0.00000000e+00
    68       1   3.03991760e-01   1.28035298e-02
    68       2   3.85165292e-04   1.31433029e-07
    68       3   3.60425831e-10   3.60761591e-14
    68       4   0.00000000e+00   0.00000000e+00
    69       1   7.83124054e-01   2.42839151e-02
    69       2   4.60220841e-04   6.44834609e-08
    69       3   2.60706126e-10   1.52243195e-14
    69       4   1.35842244e-16   0.00000000e+00
    70       1   1.99657040e+02   6.19381366e-02
    70       2   2.33683587e-01   2.64740026e-07
    70       3   1.69253188e-07   6.84362946e-14
    70       4   3.65540375e-14   0.00000000e+00
    71       1   1.00560835e+00   1.02128915e-01
    71       2   2.10634839e-03   4.80179369e-07
    71       3   1.58511178e-09   1.24037144e-13
    71       4   0.00000000e+00   0.00000000e+00
    72       1   5.26269997e-01   1.47200181e-01
    72       2   1.29807851e-03   7.24013873e-07
    72       3   9.93631223e-10   1.93696575e-13
    72       4   1.11370624e-16   0.00000000e+00
    73       1   3.55482849e-01   2.00439547e-01
    73       2   9.71037151e-04   1.01517047e-06
    73       3   7.51285794e-10   2.69924788e-13
    73       4   1.43699957e-16   0.00000000e+00
    74       1   2.61881669e-01   2.67108069e-01
    74       2   7.67684855e-04   1.38451699e-06
    74       3   5.98878642e-10   3.66174349e-13
    74       4   0.00000000e+00   0.00000000e+00
    75       1   1.99124556e-01   3.56701040e-01
    75       2   6.15457127e-04   1.88883003e-06
    75       3   4.83721707e-10   4.99861720e-13
    75       4   0.00000000e+00   0.00000000e+00
    76       1   1.51602160e-01   4.88826206e-01
    76       2   4.89268865e-04   2.64789545e-06
    76       3   3.87544243e-10   7.08081058e-13
    76       4   1.44407608e-16   0.00000000e+00
    77       1   1.12462664e-01   7.12070074e-01
    77       2   3.77649671e-04   3.96666042e-06
    77       3   3.01947739e-10   1.06457000e-12
    77       4   1.28215546e-16   0.00000000e+00
    78       1   7.81090112e-02   1.18802999e+00
    78       2   2.74217321e-04   6.89826206e-06
    78       3   2.22219951e-10   1.86463238e-12
    78       4   1.18233169e-16   0.00000000e+00
    79       1   4.63450375e-02   2.91602707e+00
    79       2   1.74766329e-04   1.83683586e-05
    79       3   1.45218248e-10   5.01658439e-12
    79       4   0.00000000e+00   0.00000000e+00
    80       1   1.56049280e-02   3.80705395e+03
    80       2   7.60187648e-05   3.16634041e-02
    80       3   6.84541503e-11   8.96721075e-09
    80       4   0.00000000e+00   0.00000000e+00