  TimeWindow  Iteration  ResRel(Mass-Left-Mesh:Displacement-Left)  ResRel(Mass-Left-Mesh:Displacement-Right)
     1       1   1.00000000e+00   1.00000000e+00
     1       2   6.50678937e-07   4.36578516e-08
     1       3   6.56650713e-15   0.00000000e+00
     2       1   7.45390313e-03   7.49382023e-01
     2       2   3.26944328e-06   7.59087056e-08
     2       3   5.49417201e-14   0.00000000e+00
     3       1   1.25111794e-02   5.53721385e-01
     3       2   5.92427683e-06   6.25357642e-08
     3       3   1.03991753e-13   0.00000000e+00
     4       1   1.76811995e-02   4.34243017e-01
     4       2   8.62961158e-06   5.12450992e-08
     4       3   1.54007397e-13   1.11310456e-16
     5       1   2.30043928e-02   3.55222933e-01
     5       2   1.14012609e-05   4.29445907e-08
     5       3   2.05652136e-13   0.00000000e+00
     6       1   2.85262458e-02   2.99200545e-01
     6       2   1.42569613e-05   3.67380342e-08
     6       3   2.58316471e-13   0.00000000e+00
     7       1   3.42992014e-02   2.57331879e-01
     7       2   1.72170551e-05   3.19472157e-08
     7       3   3.13314081e-13   0.00000000e+00
     8       1   4.03851287e-02   2.24747549e-01
     8       2   2.03053783e-05   2.81362224e-08
     8       3   3.70433660e-13   0.00000000e+00
     9       1   4.68586316e-02   1.98564852e-01
     9       2   2.35504504e-05   2.50256862e-08
     9       3   4.30915133e-13   0.00000000e+00
    10       1   5.38116058e-02   1.76973639e-01
    10       2   2.69871114e-05   2.24292340e-08
    10       3   4.94637540e-13   0.00000000e+00
    11       1   6.13596828e-02   1.58781459e-01
    11       2   3.06588321e-05   2.02208766e-08
    11       3   5.62951569e-13   0.00000000e+00
    12       1   6.96515848e-02   1.43171103e-01
    12       2   3.46210644e-05   1.83113282e-08
    12       3   6.36867505e-13   0.00000000e+00
    13       1   7.88831016e-02   1.29563626e-01
    13       2   3.89462378e-05   1.66358759e-08
    13       3   7.17297574e-13   0.00000000e+00
    14       1   8.93186357e-02   1.17537089e-01
    14       2   4.37314509e-05   1.51472453e-08
    14       3   8.06548103e-13   0.00000000e+00
    15       1   1.01325619e-01   1.06776300e-01
    15       2   4.91107445e-05   1.38089674e-08
    15       3   9.06883383e-13   0.00000000e+00
    16       1   1.15431815e-01   9.70405971e-02
    16       2   5.52755148e-05   1.25930023e-08
    16       3   1.02179601e-12   0.00000000e+00
    17       1   1.32425543e-01   8.81425466e-02
    17       2   6.25101871e-05   1.14781768e-08
    17       3   1.15716944e-12   0.00000000e+00
    18       1   1.53541722e-01   7.99334547e-02
    18       2   7.12584020e-05   1.04460520e-08
    18       3   1.32054209e-12   0.00000000e+00
    19       1   1.80833901e-01   7.22932729e-02
    19       2   8.22552991e-05   9.48253379e-09
    19       3   1.52657707e-12   0.00000000e+00
    20       1   2.17992611e-01   6.51233938e-02
    20       2   9.68184176e-05   8.57645712e-09
    20       3   1.79978264e-12   0.00000000e+00
    21       1   2.72391212e-01   5.83413968e-02
    21       2   1.17574759e-04   7.71689743e-09
    21       3   2.18848412e-12   0.00000000e+00
    22       1   3.61223647e-01   5.18771275e-02
    22       2   1.50641667e-04   6.89606234e-09
    22       3   2.80862736e-12   0.00000000e+00
    23       1   5.36058356e-01   4.56697012e-02
    23       2   2.14349781e-04   6.10617616e-09
    23       3   4.00433398e-12   0.00000000e+00
    24       1   1.05476863e+00   3.96651505e-02
    24       2   4.00302316e-04   5.34060257e-09
    24       3   7.49596448e-12   0.00000000e+00
    25       1   2.80816339e+03   3.38145150e-02
    25       2   5.63493958e+02   4.59364695e-09
    25       3   1.05841567e-05   0.00000000e+00
    25       4   0.00000000e+00   0.00000000e+00
    26       1   9.99999328e-01   2.80722298e-02
    26       2   3.26402682e-04   3.85934480e-09
    26       3   6.15641149e-12   0.00000000e+00
    27       1   4.81481549e-01   2.23946950e-02
    27       2   1.39957962e-04   3.13211685e-09
    27       3   2.65435466e-12   0.00000000e+00
    28       1   3.06118730e-01   1.67389328e-02
    28       2   7.54180520e-05   2.40668780e-09
    28       3   1.44306869e-12   0.00000000e+00
    29       1   2.16418662e-01   1.10612407e-02
    29       2   4.11629781e-05   1.67786675e-09
    29       3   8.01398883e-13   0.00000000e+00
    30       1   1.60842415e-01   5.31575065e-03
    30       2   1.88371291e-05   9.39125013e-10
    30       3   3.83092283e-13   5.33885378e-15
    31       1   1.22181896e-01   5.47214962e-04
    31       2   2.28884397e-06   1.84563966e-10
    31       3   7.36422318e-14   0.00000000e+00
    32       1   9.30331566e-02   6.58312446e-03
    32       2   1.11544493e-05   5.93103025e-10
    32       3   1.77620881e-13   0.00000000e+00
    33       1   6.96620409e-02   1.28557418e-02
    33       2   2.28698450e-05   1.40179766e-09
    33       3   3.95792541e-13   0.00000000e+00
    34       1   4.99568921e-02   1.94404210e-02
    34       2   3.36698900e-05   2.25157981e-09
    34       3   5.96966718e-13   0.00000000e+00
    35       1   3.26065067e-02   2.64285907e-02
    35       2   4.40989933e-05   3.15418367e-09
    35       3   7.90701452e-13   0.00000000e+00
    36       1   1.67222589e-02   3.39340481e-02
    36       2   5.45736609e-05   4.12381550e-09
    36       3   9.85039512e-13   0.00000000e+00
    37       1   1.64323628e-03   4.21020615e-02
    37       2   6.54603735e-05   5.18002649e-09
    37       3   1.18713343e-12   0.00000000e+00
    38       1   1.31773379e-02   5.11229356e-02
    38       2   7.71288599e-05   6.34726443e-09
    38       3   1.40395868e-12   0.00000000e+00
    39       1   2.82501407e-02   6.12528980e-02
    39       2   8.99997658e-05   7.65859276e-09
    39       3   1.64192557e-12   0.00000000e+00
    40       1   4.41174027e-02   7.28474451e-02
    40       2   1.04600587e-04   9.16005157e-09
    40       3   1.91224746e-12   0.00000000e+00
    41       1   6.14298985e-02   8.64168514e-02
    41       2   1.21646175e-04   1.09177884e-08
    41       3   2.22777426e-12   0.00000000e+00
    42       1   8.10580037e-02   1.02723247e-01
    42       2   1.42171207e-04   1.30308196e-08
    42       3   2.60745783e-12   0.00000000e+00
    43       1   1.04281396e-01   1.22960841e-01
    43       2   1.67770305e-04   1.56541004e-08
    43       3   3.08095299e-12   0.00000000e+00
    44       1   1.33156267e-01   1.49116308e-01
    44       2   2.01073947e-04   1.90444970e-08
    44       3   3.69680666e-12   0.00000000e+00
    45       1   1.71313715e-01   1.84761565e-01
    45       2   2.46792046e-04   2.36664496e-08
    45       3   4.54191307e-12   0.00000000e+00
    46       1   2.25948087e-01   2.37035657e-01
    46       2   3.14320071e-04   3.04449529e-08
    46       3   5.79069247e-12   0.00000000e+00
    47       1   3.13776305e-01   3.22590302e-01
    47       2   4.25554750e-04   4.15399061e-08
    47       3   7.84703925e-12   0.00000000e+00
    48       1   4.84878999e-01   4.91371959e-01
    48       2   6.46154097e-04   6.34284908e-08
    48       3   1.19247354e-11   0.00000000e+00
    49       1   9.89764413e-01   9.93095737e-01
    49       2   1.30435302e-03   1.28496211e-07
    49       3   2.40922290e-11   1.32675546e-15
    50       1   7.62483228e+02   4.32635555e+05
    50       2   5.30335586e+02   5.94435519e-02
    50       3   9.80352432e-06   3.32350543e-10
    50       4   0.00000000e+00   0.00000000e+00
    51       1   1.00000248e+00   1.00000218e+00
    51       2   1.31798966e-03   1.29987763e-07
    51       3   2.43836384e-11   0.00000000e+00
    52       1   4.97104626e-01   4.98269086e-01
    52       2   6.59814915e-04   6.49180851e-08
    52       3   1.22169327e-11   0.00000000e+00
    53       1   3.26405469e-01   3.29476972e-01
    53       2   4.39263722e-04   4.30275084e-08
    53       3   8.14024655e-12   0.00000000e+00
    54       1   2.38761448e-01   2.43908250e-01
    54       2   3.28098798e-04   3.19296428e-08
    54       3   6.08529847e-12   0.00000000e+00
    55       1   1.84261157e-01   1.91616054e-01
    55       2   2.60663185e-04   2.51473245e-08
    55       3   4.83910245e-12   0.00000000e+00
    56       1   1.46230779e-01   1.55948446e-01
    56       2   2.15062077e-04   2.05206631e-08
    56       3   3.99599513e-12   0.00000000e+00
    57       1   1.17492355e-01   1.29766172e-01
    57       2   1.81902658e-04   1.71240554e-08
    57       3   3.38314423e-12   0.00000000e+00
    58       1   9.44235681e-02   1.09497079e-01
    58       2   1.56478511e-04   1.44940694e-08
    58       3   2.91350717e-12   0.00000000e+00
    59       1   7.49747656e-02   9.31542160e-02
    59       2   1.36163718e-04   1.23732815e-08
    59       3   2.53836983e-12   0.00000000e+00
    60       1   5.78725824e-02   7.95430516e-02
    60       2   1.19369593e-04   1.06063831e-08
    60       3   2.22799540e-12   0.00000000e+00
    61       1   4.22538064e-02   6.79010765e-02
    61       2   1.05069248e-04   9.09456050e-09
    61       3   1.96478129e-12   0.00000000e+00
    62       1   2.74765443e-02   5.77175742e-02
    62       2   9.25581551e-05   7.77171419e-09
    62       3   1.73328000e-12   0.00000000e+00
    63       1   1.30101541e-02   4.86365332e-02
    63       2   8.13227166e-05   6.59170801e-09
    63       3   1.52669371e-12   0.00000000e+00
    64       1   1.64036718e-03   4.04011269e-02
    64       2   7.09613668e-05   5.52078115e-09
    64       3   1.33581666e-12   0.00000000e+00
    65       1   1.69999105e-02   3.28203538e-02
    65       2   6.11312131e-05   4.53473472e-09
    65       3   1.15516044e-12   0.00000000e+00
    66       1   3.36977938e-02   2.57481347e-02
    66       2   5.15046613e-05   3.61391467e-09
    66       3   9.78027460e-13   0.00000000e+00
    67       1   5.25752494e-02   1.90697267e-02
    67       2   4.17236595e-05   2.74404688e-09
    67       3   7.98941632e-13   0.00000000e+00
    68       1   7.48690015e-02   1.26925969e-02
    68       2   3.13357835e-05   1.91284677e-09
    68       3   6.09263748e-13   0.00000000e+00
    69       1   1.02566598e-01   6.54009711e-03
    69       2   1.96819316e-05   1.10981951e-09
    69       3   3.96111858e-13   0.00000000e+00
    70       1   1.39178924e-01   5.46941906e-04
    70       2   5.66136229e-06   3.27084147e-10
    70       3   1.40278618e-13   0.00000000e+00
    71       1   1.91663865e-01   5.34413291e-03
    71       2   1.28456149e-05   4.42599515e-10
    71       3   1.95205376e-13   0.00000000e+00
    72       1   2.76190625e-01   1.11849343e-02
    72       2   4.07003814e-05   1.20708220e-09
    72       3   7.00851810e-13   0.00000000e+00
    73       1   4.41192140e-01   1.70238685e-02
    73       2   9.23873777e-05   1.97219892e-09
    73       3   1.63835291e-12   0.00000000e+00
    74       1   9.28760796e-01   2.29076796e-02
    74       2   2.40169884e-04   2.74360713e-09
    74       3   4.31185920e-12   0.00000000e+00
    75       1   3.40851391e+03   2.88830140e-02
    75       2   5.76992481e+01   3.52840322e-09
    75       3   1.04350710e-06   0.00000000e+00
    75       4   0.00000000e+00   0.00000000e+00
    76       1   1.00000486e+00   3.49979259e-02
    76       2   3.31583515e-04   4.33248362e-09
    76       3   6.02687533e-12   0.00000000e+00
    77       1   5.13223084e-01   4.13034292e-02
    77       2   1.84291380e-04   5.16275906e-09
    77       3   3.36103847e-12   0.00000000e+00
    78       1   3.48930850e-01   4.78552050e-02
    78       2   1.33435845e-04   6.02721342e-09
    78       3   2.44106817e-12   0.00000000e+00
    79       1   2.65334895e-01   5.47155842e-02
    79       2   1.06769128e-04   6.93357138e-09
    79       3   1.95726478e-12   0.00000000e+00
    80       1   2.14056563e-01   6.19559618e-02
    80       2   8.98316050e-05   7.89188411e-09
    80       3   1.64979308e-12   0.00000000e+00
    81       1   1.78961463e-01   6.96598447e-02
    81       2   7.77961740e-05   8.91366568e-09
    81       3   1.43140645e-12   0.00000000e+00
    82       1   1.53129365e-01   7.79268206e-02
    82       2   6.85887023e-05   1.00124036e-08
    82       3   1.26356446e-12   0.00000000e+00
    83       1   1.33095938e-01   8.68778620e-02
    83       2   6.11679977e-05   1.12047579e-08
    83       3   1.12825426e-12   0.00000000e+00
    84       1   1.16933122e-01   9.66625891e-02
    84       2   5.49523632e-05   1.25117309e-08
    84       3   1.01517608e-12   0.00000000e+00
    85       1   1.03481169e-01   1.07469448e-01
    85       2   4.95901420e-05   1.39586184e-08
    85       3   9.17271199e-13   0.00000000e+00
    86       1   9.19995062e-02   1.19540318e-01
    86       2   4.48553622e-05   1.55799590e-08
    86       3   8.30610137e-13   0.00000000e+00
    87       1   8.19921190e-02   1.33192031e-01
    87       2   4.05955138e-05   1.74195844e-08
    87       3   7.52464687e-13   0.00000000e+00
    88       1   7.31134795e-02   1.48848967e-01
    88       2   3.67033925e-05   1.95376077e-08
    88       3   6.81422239e-13   0.00000000e+00
    89       1   6.51147539e-02   1.67094061e-01
    89       2   3.31009796e-05   2.20163648e-08
    89       3   6.15326454e-13   0.00000000e+00
    90       1   5.78114911e-02   1.88751619e-01
    90       2   2.97297448e-05   2.49731967e-08
    90       3   5.53653650e-13   0.00000000e+00
    91       1   5.10633901e-02   2.15027768e-01
    91       2   2.65445614e-05   2.85813487e-08
    91       3   4.94997950e-13   0.00000000e+00
    92       1   4.47611715e-02   2.47761416e-01
    92       2   2.35097476e-05   3.31074054e-08
    92       3   4.39236040e-13   0.00000000e+00
    93       1   3.88177849e-02   2.89902165e-01
    93       2   2.05964061e-05   3.89822634e-08
    93       3   3.85733451e-13   0.00000000e+00
    94       1   3.31623481e-02   3.46496137e-01
    94       2   1.77805821e-05   4.69540809e-08
    94       3   3.33805706e-13   0.00000000e+00
    95       1   2.77358552e-02   4.26941265e-01
    95       2   1.50419519e-05   5.84358760e-08
    95       3   2.83303579e-13   0.00000000e+00
    96       1   2.24880539e-02   5.50922860e-01
    96       2   1.23628607e-05   7.64478893e-08
    96       3   2.33841710e-13   0.00000000e+00
    97       1   1.73751077e-02   7.67541875e-01
    97       2   9.72759628e-06   1.08721301e-07
    97       3   1.85277896e-13   0.00000000e+00
    98       1   1.23577889e-02   1.24074891e+00
    98       2   7.12181960e-06   1.82044582e-07
    98       3   1.37242180e-13   0.00000000e+00
    99       1   7.40002893e-03   2.99011656e+00
    99       2   4.53210163e-06   4.73526316e-07
    99       3   8.94825737e-14   0.00000000e+00
   100       1   2.46770030e-03   4.63774562e+06
   100       2   1.94552660e-06   5.70989052e+02
   100       3   4.16333634e-14   1.21022943e-05
   100       4   0.00000000e+00   0.00000000e+00
   101       1   2.47246251e-03   1.00000000e+00
   101       2   6.50666809e-07   4.36570338e-08
   101       3   6.45521025e-15   0.00000000e+00
   102       1   7.45388069e-03   7.49383192e-01
   102       2   3.26943102e-06   7.59087231e-08
   102       3   5.50538436e-14   6.39248957e-15
   103       1   1.25111565e-02   5.53722081e-01
   103       2   5.92426437e-06   6.25358501e-08
   103       3   1.03878218e-13   0.00000000e+00
   104       1   1.76811760e-02   4.34243460e-01
   104       2   8.62959886e-06   5.12451382e-08
   104       3   1.54122917e-13   0.00000000e+00
   105       1   2.30043686e-02   3.55223238e-01
   105       2   1.14012478e-05   4.29446966e-08
   105       3   2.05415731e-13   0.00000000e+00
   106       1   2.85262206e-02   2.99200768e-01
   106       2   1.42569478e-05   3.67380761e-08
   106       3   2.58316435e-13   0.00000000e+00
   107       1   3.42991750e-02   2.57332049e-01
   107       2   1.72170411e-05   3.19472400e-08
   107       3   3.13188302e-13   0.00000000e+00
   108       1   4.03851008e-02   2.24747684e-01
   108       2   2.03053636e-05   2.81364475e-08
   108       3   3.70695195e-13   0.00000000e+00
   109       1   4.68586017e-02   1.98564962e-01
   109       2   2.35504350e-05   2.50257437e-08
   109       3   4.30915039e-13   0.00000000e+00
   110       1   5.38115737e-02   1.76973730e-01
   110       2   2.69870950e-05   2.24294667e-08
   110       3   4.94781710e-13   0.00000000e+00
   111       1   6.13596477e-02   1.58781537e-01
   111       2   3.06588146e-05   2.02209126e-08
   111       3   5.63104552e-13   0.00000000e+00
   112       1   6.96515461e-02   1.43171170e-01
   112       2   3.46210455e-05   1.83112588e-08
   112       3   6.36703499e-13   0.00000000e+00
   113       1   7.88830582e-02   1.29563685e-01
   113       2   3.89462170e-05   1.66358380e-08
   113       3   7.17297316e-13   0.00000000e+00
   114       1   8.93185863e-02   1.17537141e-01
   114       2   4.37314278e-05   1.51472227e-08
   114       3   8.06547777e-13   0.00000000e+00
   115       1   1.01325561e-01   1.06776347e-01
   115       2   4.91107185e-05   1.38088171e-08
   115       3   9.06882969e-13   0.00000000e+00
   116       1   1.15431748e-01   9.70406400e-02
   116       2   5.52754848e-05   1.25931719e-08
   116       3   1.02191370e-12   0.00000000e+00
   117       1   1.32425460e-01   8.81425859e-02
   117       2   6.25101516e-05   1.14781370e-08
   117       3   1.15716876e-12   0.00000000e+00
   118       1   1.53541618e-01   7.99334911e-02
   118       2   7.12583584e-05   1.04459477e-08
   118       3   1.32085002e-12   0.00000000e+00
   119       1   1.80833763e-01   7.22933069e-02
   119       2   8.22552433e-05   9.48267677e-09
   119       3   1.52657586e-12   0.00000000e+00
   120       1   2.17992418e-01   6.51234258e-02
   120       2   9.68183420e-05   8.57623073e-09
   120       3   1.79900377e-12   0.00000000e+00
   121       1   2.72390918e-01   5.83414272e-02
   121       2   1.17574647e-04   7.71681256e-09
   121       3   2.18819903e-12   0.00000000e+00
   122       1   3.61223134e-01   5.18771564e-02
   122       2   1.50641476e-04   6.89617216e-09
   122       3   2.80881521e-12   0.00000000e+00
   123       1   5.36057218e-01   4.56697291e-02
   123       2   2.14349368e-04   6.10616341e-09
   123       3   4.00447236e-12   0.00000000e+00
   124       1   1.05476412e+00   3.96651775e-02
   124       2   4.00300705e-04   5.34057283e-09
   124       3   7.49608236e-12   0.00000000e+00
   125       1   2.84190317e+03   3.38145414e-02
   125       2   9.88240828e+01   4.59387392e-09
   125       3   1.85667122e-06   0.00000000e+00
   125       4   0.00000000e+00   0.00000000e+00
   126       1   1.00000383e+00   2.80722558e-02
   126       2   3.26404293e-04   3.85931905e-09
   126       3   6.15579153e-12   0.00000000e+00
   127       1   4.81482687e-01   2.23947208e-02
   127       2   1.39958377e-04   3.13198872e-09
   127       3   2.65452738e-12   0.00000000e+00
   128       1   3.06119246e-01   1.67389585e-02
   128       2   7.54182463e-05   2.40680108e-09
   128       3   1.44353525e-12   0.00000000e+00
   129       1   2.16418961e-01   1.10612665e-02
   129       2   4.11630963e-05   1.67770639e-09
   129       3   8.01581672e-13   0.00000000e+00
   130       1   1.60842614e-01   5.31577681e-03
   130       2   1.88372130e-05   9.39007148e-10
   130       3   3.83245333e-13   0.00000000e+00
   131       1   1.22182041e-01   5.47188204e-04
   131       2   2.28891007e-06   1.84660984e-10
   131       3   7.39105437e-14   0.00000000e+00
   132       1   9.30332708e-02   6.58309685e-03
   132       2   1.11543929e-05   5.93108093e-10
   132       3   1.77377624e-13   0.00000000e+00
   133       1   6.96621356e-02   1.28557130e-02
   133       2   2.28697938e-05   1.40183732e-09
   133       3   3.95905814e-13   0.00000000e+00
   134       1   4.99569744e-02   1.94403907e-02
   134       2   3.36698411e-05   2.25144306e-09
   134       3   5.96751761e-13   0.00000000e+00
   135       1   3.26065812e-02   2.64285584e-02
   135       2   4.40989446e-05   3.15392839e-09
   135       3   7.90493484e-13   0.00000000e+00
   136       1   1.67223289e-02   3.39340133e-02
   136       2   5.45736106e-05   4.12419483e-09
   136       3   9.85653116e-13   0.00000000e+00
   137       1   1.64330452e-03   4.21020235e-02
   137       2   6.54603201e-05   5.18041134e-09
   137       3   1.18733753e-12   0.00000000e+00
   138       1   1.31772690e-02   5.11228934e-02
   138       2   7.71288014e-05   6.34707266e-09
   138       3   1.40375163e-12   0.00000000e+00
   139       1   2.82500689e-02   6.12528503e-02
   139       2   8.99997000e-05   7.65831908e-09
   139       3   1.64192523e-12   0.00000000e+00
   140       1   4.41173251e-02   7.28473900e-02
   140       2   1.04600511e-04   9.15997709e-09
   140       3   1.91246897e-12   0.00000000e+00
   141       1   6.14298115e-02   8.64167862e-02
   141       2   1.21646085e-04   1.09178920e-08
   141       3   2.22765563e-12   0.00000000e+00
   142       1   8.10579023e-02   1.02723168e-01
   142       2   1.42171096e-04   1.30309379e-08
   142       3   2.60758400e-12   0.00000000e+00
   143       1   1.04281272e-01   1.22960741e-01
   143       2   1.67770163e-04   1.56540014e-08
   143       3   3.08095124e-12   0.00000000e+00
   144       1   1.33156108e-01   1.49116176e-01
   144       2   2.01073758e-04   1.90446188e-08
   144       3   3.69664473e-12   0.00000000e+00
   145       1   1.71313497e-01   1.84761380e-01
   145       2   2.46791778e-04   2.36661638e-08
   145       3   4.54153589e-12   0.00000000e+00
   146       1   2.25947758e-01   2.37035374e-01
   146       2   3.14319657e-04   3.04449030e-08
   146       3   5.79034279e-12   0.00000000e+00
   147       1   3.13775736e-01   3.22589808e-01
   147       2   4.25554020e-04   4.15399897e-08
   147       3   7.84687662e-12   0.00000000e+00
   148       1   4.84877742e-01   4.91370860e-01
   148       2   6.46152465e-04   6.34283571e-08
   148       3   1.19249291e-11   0.00000000e+00
   149       1   9.89759435e-01   9.93091374e-01
   149       2   1.30434651e-03   1.28495778e-07
   149       3   2.40916674e-11   0.00000000e+00
   150       1   7.65376192e+02   1.49845033e+05
   150       2   1.76732455e+02   1.98184583e-02
   150       3   3.26698888e-06   9.87622748e-12
   150       4   0.00000000e+00   0.00000000e+00
   151       1   1.00000743e+00   1.00000654e+00
   151       2   1.31799618e-03   1.29988322e-07
   151       3   2.43839801e-11   0.00000000e+00
   152       1   4.97105882e-01   4.98270184e-01
   152       2   6.59816550e-04   6.49183305e-08
   152       3   1.22170739e-11   0.00000000e+00
   153       1   3.26406039e-01   3.29477466e-01
   153       2   4.39264453e-04   4.30273950e-08
   153       3   8.13980915e-12   0.00000000e+00
   154       1   2.38761777e-01   2.43908532e-01
   154       2   3.28099213e-04   3.19293984e-08
   154       3   6.08496259e-12   0.00000000e+00
   155       1   1.84261376e-01   1.91616239e-01
   155       2   2.60663454e-04   2.51472623e-08
   155       3   4.83873366e-12   0.00000000e+00
   156       1   1.46230938e-01   1.55948578e-01
   156       2   2.15062266e-04   2.05206952e-08
   156       3   3.99567933e-12   0.00000000e+00
   157       1   1.17492479e-01   1.29766272e-01
   157       2   1.81902800e-04   1.71240070e-08
   157       3   3.38328676e-12   0.00000000e+00
   158       1   9.44236695e-02   1.09497158e-01
   158       2   1.56478622e-04   1.44941330e-08
   158       3   2.91338114e-12   0.00000000e+00
   159       1   7.49748523e-02   9.31542811e-02
   159       2   1.36163808e-04   1.23732994e-08
   159       3   2.53825292e-12   0.00000000e+00
   160       1   5.78726596e-02   7.95431067e-02
   160       2   1.19369669e-04   1.06066039e-08
   160       3   2.22844011e-12   0.00000000e+00
   161       1   4.22538776e-02   6.79011244e-02
   161       2   1.05069313e-04   9.09477182e-09
   161       3   1.96456901e-12   0.00000000e+00
   162       1   2.74766123e-02   5.77176166e-02
   162       2   9.25582126e-05   7.77179691e-09
   162       3   1.73348710e-12   0.00000000e+00
   163       1   1.30102211e-02   4.86365714e-02
   163       2   8.13227686e-05   6.59158065e-09
   163       3   1.52689800e-12   0.00000000e+00
   164       1   1.64029872e-03   4.04011619e-02
   164       2   7.09614151e-05   5.52102229e-09
   164       3   1.33622573e-12   0.00000000e+00
   165       1   1.69998380e-02   3.28203864e-02
   165       2   6.11312593e-05   4.53451348e-09
   165       3   1.15495234e-12   0.00000000e+00
   166       1   3.36977142e-02   2.57481653e-02
   166       2   5.15047070e-05   3.61376044e-09
   166       3   9.77597224e-13   0.00000000e+00
   167       1   5.25751583e-02   1.90697559e-02
   167       2   4.17237063e-05   2.74403129e-09
   167       3   7.98828264e-13   0.00000000e+00
   168       1   7.48688921e-02   1.26926250e-02
   168       2   3.13358339e-05   1.91278492e-09
   168       3   6.08898569e-13   0.00000000e+00
   169       1   1.02566459e-01   6.54012436e-03
   169       2   1.96819893e-05   1.10996951e-09
   169       3   3.96245814e-13   0.00000000e+00
   170       1   1.39178735e-01   5.46968636e-04
   170       2   5.66143366e-06   3.27194379e-10
   170       3   1.40584147e-13   0.00000000e+00
   171       1   1.91663582e-01   5.34410646e-03
   171       2   1.28455167e-05   4.42730051e-10
   171       3   1.95569396e-13   0.00000000e+00
   172       1   2.76190138e-01   1.11849080e-02
   172       2   4.07002231e-05   1.20731006e-09
   172       3   7.01780446e-13   0.00000000e+00
   173       1   4.41191068e-01   1.70238420e-02
   173       2   9.23870455e-05   1.97185366e-09
   173       3   1.63684273e-12   0.00000000e+00
   174       1   9.28756560e-01   2.29076527e-02
   174       2   2.40168608e-04   2.74389382e-09
   174       3   4.31297118e-12   0.00000000e+00
   175       1   3.46163720e+03   2.88829866e-02
   175       2   3.08536695e+01   3.52845307e-09
   175       3   5.58135612e-07   0.00000000e+00
   175       4   0.00000000e+00   0.00000000e+00
   176       1   1.00000909e+00   3.49978976e-02
   176       2   3.31584787e-04   4.33233723e-09
   176       3   6.02629604e-12   0.00000000e+00
   177       1   5.13224152e-01   4.13033999e-02
   177       2   1.84291708e-04   5.16303041e-09
   177       3   3.36222713e-12   0.00000000e+00
   178       1   3.48931332e-01   4.78551744e-02
   178       2   1.33435997e-04   6.02707810e-09
   178       3   2.44049527e-12   0.00000000e+00
   179       1   2.65335172e-01   5.47155519e-02
   179       2   1.06769219e-04   6.93374604e-09
   179       3   1.95754960e-12   0.00000000e+00
   180       1   2.14056745e-01   6.19559275e-02
   180       2   8.98316670e-05   7.89202015e-09
   180       3   1.65001670e-12   0.00000000e+00
   181       1   1.78961593e-01   6.96598081e-02
   181       2   7.77962203e-05   8.91366840e-09
   181       3   1.43122526e-12   0.00000000e+00
   182       1   1.53129463e-01   7.79267811e-02
   182       2   6.85887389e-05   1.00124446e-08
   182       3   1.26356532e-12   0.00000000e+00
   183       1   1.33096017e-01   8.68778189e-02
   183       2   6.11680280e-05   1.12048993e-08
   183       3   1.12852266e-12   0.00000000e+00
   184       1   1.16933187e-01   9.66625418e-02
   184       2   5.49523891e-05   1.25115438e-08
   184       3   1.01505838e-12   0.00000000e+00
   185       1   1.03481223e-01   1.07469395e-01
   185       2   4.95901648e-05   1.39583792e-08
   185       3   9.17059629e-13   0.00000000e+00
   186       1   9.19995534e-02   1.19540259e-01
   186       2   4.48553826e-05   1.55798923e-08
   186       3   8.30610472e-13   0.00000000e+00
   187       1   8.19921606e-02   1.33191963e-01
   187       2   4.05955324e-05   1.74196187e-08
   187       3   7.52641675e-13   0.00000000e+00
   188       1   7.31135167e-02   1.48848889e-01
   188       2   3.67034096e-05   1.95377124e-08
   188       3   6.81422456e-13   0.00000000e+00
   189       1   6.51147878e-02   1.67093969e-01
   189       2   3.31009956e-05   2.20163019e-08
   189       3   6.15326627e-13   0.00000000e+00
   190       1   5.78115223e-02   1.88751509e-01
   190       2   2.97297599e-05   2.49734325e-08
   190       3   5.53220908e-13   0.00000000e+00
   191       1   5.10634190e-02   2.15027632e-01
   191       2   2.65445757e-05   2.85815069e-08
   191       3   4.94998058e-13   0.00000000e+00
   192       1   4.47611988e-02   2.47761245e-01
   192       2   2.35097613e-05   3.31074091e-08
   192       3   4.39105321e-13   1.04250635e-15
   193       1   3.88178108e-02   2.89901941e-01
   193       2   2.05964193e-05   3.89821948e-08
   193       3   3.85607786e-13   0.00000000e+00
   194       1   3.31623728e-02   3.46495828e-01
   194       2   1.77805950e-05   4.69539753e-08
   194       3   3.33562631e-13   0.00000000e+00
   195       1   2.77358790e-02   4.26940812e-01
   195       2   1.50419645e-05   5.84359376e-08
   195       3   2.83421802e-13   6.31577445e-15
   196       1   2.24880770e-02   5.50922126e-01
   196       2   1.23628731e-05   7.64480696e-08
   196       3   2.33726196e-13   0.00000000e+00
   197       1   1.73751303e-02   7.67540490e-01
   197       2   9.72760846e-06   1.08720725e-07
   197       3   1.85391436e-13   2.75442796e-15
   198       1   1.23578112e-02   1.24074542e+00
   198       2   7.12183168e-06   1.82044236e-07
   198       3   1.37354313e-13   4.62897972e-15
   199       1   7.40005104e-03   2.99009794e+00
   199       2   4.53211367e-06   4.73523690e-07
   199       3   8.94825757e-14   0.00000000e+00
   200       1   2.46772237e-03   4.54612752e+06
   200       2   1.94553866e-06   5.44367051e+01
   200       3   4.16333634e-14   1.18682707e-07
   200       4   0.00000000e+00   0.00000000e+00