  TimeWindow  Iteration  ResRel(Mass-Left-Mesh:Displacement-Left)  ResRel(Mass-Left-Mesh:Displacement-Right)
     1       1   1.00000000e+00   1.00000000e+00
     1       2   9.91661707e-08   6.65907430e-09
     1       3   2.22258768e-16   0.00000000e+00
     2       1   2.89934114e-03   7.49758871e-01
     2       2   4.96782566e-07   1.15769691e-08
     2       3   1.33741837e-15   0.00000000e+00
     3       1   4.84548290e-03   5.54840624e-01
     3       2   8.96518935e-07   9.54574127e-09
     3       3   2.23982933e-15   0.00000000e+00
     4       1   6.80830081e-03   4.36232160e-01
     4       2   1.29917590e-06   7.83673586e-09
     4       3   3.49536754e-15   0.00000000e+00
     5       1   8.79326373e-03   3.58143432e-01
     5       2   1.70558393e-06   6.58709041e-09
     5       3   4.77729301e-15   0.00000000e+00
     6       1   1.08061078e-02   3.03090424e-01
     6       2   2.11661300e-06   5.65701214e-09
     6       3   5.86367246e-15   0.00000000e+00
     7       1   1.28529140e-02   2.62219673e-01
     7       2   2.53318323e-06   4.94461355e-09
     7       3   6.98708552e-15   0.00000000e+00
     8       1   1.49401961e-02   2.30657983e-01
     8       2   2.95627696e-06   4.38258256e-09
     8       3   8.15517093e-15   0.00000000e+00
     9       1   1.70750003e-02   2.05521545e-01
     9       2   3.38695247e-06   3.92817951e-09
     9       3   9.37626965e-15   0.00000000e+00
    10       1   1.92650214e-02   1.85000582e-01
    10       2   3.82635996e-06   3.55259059e-09
    10       3   1.06595825e-14   0.00000000e+00
    11       1   2.15187397e-02   1.67903930e-01
    11       2   4.27576033e-06   3.23692482e-09
    11       3   1.20153564e-14   0.00000000e+00
    12       1   2.38455836e-02   1.53416305e-01
    12       2   4.73654749e-06   2.96726701e-09
    12       3   1.30706746e-14   0.00000000e+00
    13       1   2.62561252e-02   1.40961196e-01
    13       2   5.21027526e-06   2.73464457e-09
    13       3   1.45973596e-14   0.00000000e+00
    14       1   2.87623196e-02   1.30119550e-01
    14       2   5.69869004e-06   2.53073029e-09
    14       3   1.60994435e-14   0.00000000e+00
    15       1   3.13777975e-02   1.20579493e-01
    15       2   6.20377093e-06   2.35041995e-09
    15       3   1.73021739e-14   0.00000000e+00
    16       1   3.41182301e-02   1.12104138e-01
    16       2   6.72777944e-06   2.18938404e-09
    16       3   1.89024264e-14   0.00000000e+00
    17       1   3.70017859e-02   1.04510308e-01
    17       2   7.27332196e-06   2.04545902e-09
    17       3   2.06491268e-14   0.00000000e+00
    18       1   4.00497110e-02   9.76541160e-02
    18       2   7.84342868e-06   1.91400442e-09
    18       3   2.20984412e-14   0.00000000e+00
    19       1   4.32870725e-02   9.14209344e-02
    19       2   8.44165486e-06   1.79493447e-09
    19       3   2.37042551e-14   0.00000000e+00
    20       1   4.67437236e-02   8.57182919e-02
    20       2   9.07221194e-06   1.68565341e-09
    20       3   2.53218919e-14   0.00000000e+00
    21       1   5.04555712e-02   8.04707344e-02
    21       2   9.74013977e-06   1.58465980e-09
    21       3   2.76703746e-14   0.00000000e+00
    22       1   5.44662640e-02   7.56160509e-02
    22       2   1.04515357e-05   1.49116580e-09
    22       3   2.93654114e-14   0.00000000e+00
    23       1   5.88294754e-02   7.11024568e-02
    23       2   1.12138639e-05   1.40370392e-09
    23       3   3.12919261e-14   0.00000000e+00
    24       1   6.36120394e-02   6.68864637e-02
    24       2   1.20363809e-05   1.32259345e-09
    24       3   3.39180318e-14   0.00000000e+00
    25       1   6.88983397e-02   6.29312470e-02
    25       2   1.29307293e-05   1.24617880e-09
    25       3   3.63677543e-14   0.00000000e+00
    26       1   7.47965774e-02   5.92053814e-02
    26       2   1.39117865e-05   1.17403852e-09
    26       3   3.92091616e-14   0.00000000e+00
    27       1   8.14479287e-02   5.56818493e-02
    27       2   1.49989042e-05   1.10557416e-09
    27       3   4.22703473e-14   0.00000000e+00
    28       1   8.90402794e-02   5.23372566e-02
    28       2   1.62177658e-05   1.04076452e-09
    28       3   4.58899582e-14   0.00000000e+00
    29       1   9.78294480e-02   4.91512060e-02
    29       2   1.76032568e-05   9.78385231e-10
    29       3   4.97487298e-14   0.00000000e+00
    30       1   1.08173139e-01   4.61057914e-02
    30       2   1.92040552e-05   9.19561198e-10
    30       3   5.42568507e-14   0.00000000e+00
    31       1   1.20587526e-01   4.31851868e-02
    31       2   2.10902811e-05   8.62409774e-10
    31       3   6.00162966e-14   0.00000000e+00
    32       1   1.35846275e-01   4.03753088e-02
    32       2   2.33668807e-05   8.07811661e-10
    32       3   6.63913372e-14   0.00000000e+00
    33       1   1.55164428e-01   3.76635372e-02
    33       2   2.61984800e-05   7.54881923e-10
    33       3   7.42542344e-14   0.00000000e+00
    34       1   1.80566173e-01   3.50384815e-02
    34       2   2.98590874e-05   7.03545930e-10
    34       3   8.46314606e-14   0.00000000e+00
    35       1   2.15693948e-01   3.24897843e-02
    35       2   3.48414353e-05   6.53847646e-10
    35       3   9.90173791e-14   0.00000000e+00
    36       1   2.67831200e-01   3.00079536e-02
    36       2   4.21303255e-05   6.05529726e-10
    36       3   1.19932092e-13   0.00000000e+00
    37       1   3.53970860e-01   2.75842180e-02
    37       2   5.40226548e-05   5.57386551e-10
    37       3   1.53214505e-13   0.00000000e+00
    38       1   5.25090415e-01   2.52104008e-02
    38       2   7.74074953e-05   5.11258301e-10
    38       3   2.20761121e-13   0.00000000e+00
    39       1   1.03609746e+00   2.28788084e-02
    39       2   1.46726614e-04   4.65990746e-10
    39       3   4.20125525e-13   0.00000000e+00
    40       1   7.39370925e+03   2.05821301e-02
    40       2   1.38219285e+03   4.20133667e-10
    40       3   3.93217593e-06   0.00000000e+00
    40       4   0.00000000e+00   0.00000000e+00
    41       1   9.99999898e-01   1.83133457e-02
    41       2   1.27879975e-04   3.75435768e-10
    41       3   3.64406563e-13   0.00000000e+00
    42       1   4.89112545e-01   1.60656396e-02
    42       2   5.85140738e-05   3.30808500e-10
    42       3   1.66377850e-13   0.00000000e+00
    43       1   3.17879398e-01   1.38323183e-02
    43       2   3.50508290e-05   2.87360551e-10
    43       3   1.00251320e-13   0.00000000e+00
    44       1   2.31538058e-01   1.16067294e-02
    44       2   2.30478750e-05   2.44214473e-10
    44       3   6.63864795e-14   0.00000000e+00
    45       1   1.79127370e-01   9.38218001e-03
    45       2   1.56152668e-05   2.00216183e-10
    45       3   4.51888170e-14   0.00000000e+00
    46       1   1.43656609e-01   7.15185270e-03
    46       2   1.04549552e-05   1.56282048e-10
    46       3   3.09196300e-14   0.00000000e+00
    47       1   1.17841020e-01   4.90871576e-03
    47       2   6.58068374e-06   1.11824614e-10
    47       3   1.96524237e-14   0.00000000e+00
    48       1   9.80353264e-02   2.64542624e-03
    48       2   3.49793395e-06   6.70179041e-11
    48       3   1.05438269e-14   0.00000000e+00
    49       1   8.22114470e-02   3.54221911e-04
    49       2   9.30541907e-07   2.21569033e-11
    49       3   3.36591745e-15   0.00000000e+00
    50       1   6.91494931e-02   1.97320113e-03
    50       2   1.28869036e-06   2.38816150e-11
    50       3   2.87206510e-15   0.00000000e+00
    51       1   5.80699587e-02   4.34582985e-03
    51       2   3.26775671e-06   7.07990262e-11
    51       3   8.73066201e-15   0.00000000e+00
    52       1   4.84497232e-02   6.77350024e-03
    52       2   5.08037340e-06   1.18124624e-10
    52       3   1.35730157e-14   0.00000000e+00
    53       1   3.99228719e-02   9.26709495e-03
    53       2   6.77945391e-06   1.67696660e-10
    53       3   1.85355503e-14   0.00000000e+00
    54       1   3.22238999e-02   1.18387819e-02
    54       2   8.40487127e-06   2.18684459e-10
    54       3   2.32651874e-14   0.00000000e+00
    55       1   2.51534886e-02   1.45023058e-02
    55       2   9.98818992e-06   2.70932212e-10
    55       3   2.75548489e-14   0.00000000e+00
    56       1   1.85569394e-02   1.72733490e-02
    56       2   1.15557133e-05   3.25529687e-10
    56       3   3.18277694e-14   0.00000000e+00
    57       1   1.23100038e-02   2.01699820e-02
    57       2   1.31305664e-05   3.82893690e-10
    57       3   3.63666244e-14   0.00000000e+00
    58       1   6.30916743e-03   2.32132349e-02
    58       2   1.47342222e-05   4.43286164e-10
    58       3   4.10365334e-14   0.00000000e+00
    59       1   4.64662966e-04   2.64278278e-02
    59       2   1.63877199e-05   5.06536275e-10
    59       3   4.57102570e-14   0.00000000e+00
    60       1   5.30485564e-03   2.98431180e-02
    60       2   1.81127406e-05   5.73915413e-10
    60       3   5.04650451e-14   0.00000000e+00
    61       1   1.10766843e-02   3.34943440e-02
    61       2   1.99326671e-05   6.46209754e-10
    61       3   5.55860471e-14   0.00000000e+00
    62       1   1.69279988e-02   3.74242808e-02
    62       2   2.18737396e-05   7.24742469e-10
    62       3   6.11659464e-14   0.00000000e+00
    63       1   2.29397741e-02   4.16854779e-02
    63       2   2.39664308e-05   8.08133302e-10
    63       3   6.68825854e-14   0.00000000e+00
    64       1   2.92011201e-02   4.63433335e-02
    64       2   2.62471943e-05   9.00358137e-10
    64       3   7.32747170e-14   0.00000000e+00
    65       1   3.58145443e-02   5.14803970e-02
    65       2   2.87608028e-05   1.00286478e-09
    65       3   8.07266332e-14   0.00000000e+00
    66       1   4.29028347e-02   5.72025127e-02
    66       2   3.15636034e-05   1.11494825e-09
    66       3   8.85046787e-14   0.00000000e+00
    67       1   5.06186150e-02   6.36477973e-02
    67       2   3.47282065e-05   1.24350072e-09
    67       3   9.76431045e-14   0.00000000e+00
    68       1   5.91582659e-02   7.10001040e-02
    68       2   3.83504634e-05   1.38897267e-09
    68       3   1.07819035e-13   0.00000000e+00
    69       1   6.87830979e-02   7.95098288e-02
    69       2   4.25602041e-05   1.55736946e-09
    69       3   1.19508609e-13   0.00000000e+00
    70       1   7.98529415e-02   8.95271981e-02
    70       2   4.75383792e-05   1.75580827e-09
    70       3   1.33819351e-13   0.00000000e+00
    71       1   9.28818810e-02   1.01557747e-01
    71       2   5.35455949e-05   1.99375367e-09
    71       3   1.50448074e-13   0.00000000e+00
    72       1   1.08635572e-01   1.16359402e-01
    72       2   6.09720205e-05   2.28710971e-09
    72       3   1.71632398e-13   0.00000000e+00
    73       1   1.28311782e-01   1.35122780e-01
    73       2   7.04300467e-05   2.65874146e-09
    73       3   1.98271769e-13   0.00000000e+00
    74       1   1.53901292e-01   1.59831776e-01
    74       2   8.29395767e-05   3.14834736e-09
    74       3   2.33745551e-13   0.00000000e+00
    75       1   1.88981753e-01   1.94056858e-01
    75       2   1.00335642e-04   3.82564921e-09
    75       3   2.82655161e-13   0.00000000e+00
    76       1   2.40702282e-01   2.44938308e-01
    76       2   1.26287414e-04   4.83346310e-09
    76       3   3.55660970e-13   0.00000000e+00
    77       1   3.25737721e-01   3.29135920e-01
    77       2   1.69355223e-04   6.50138275e-09
    77       3   4.77249079e-13   0.00000000e+00
    78       1   4.94109989e-01   4.96627811e-01
    78       2   2.55218564e-04   9.81916392e-09
    78       3   7.19794915e-13   0.00000000e+00
    79       1   9.96010456e-01   9.97302008e-01
    79       2   5.12272108e-04   1.97356573e-08
    79       3   1.44517813e-12   0.00000000e+00
    80       1   1.94819145e+03   3.27802750e+06
    80       2   1.15403454e+03   6.94347228e-02
    80       3   3.25608814e-06   8.80600555e-14
    80       4   0.00000000e+00   0.00000000e+00
    81       1   1.00000045e+00   1.00000029e+00
    81       2   5.14353023e-04   1.98242045e-08
    81       3   1.45154584e-12   0.00000000e+00
    82       1   4.98873005e-01   4.99324739e-01
    82       2   2.57300859e-04   9.90750873e-09
    82       3   7.26354944e-13   0.00000000e+00
    83       1   3.30649225e-01   3.31831272e-01
    83       2   1.71440343e-04   6.59003769e-09
    83       3   4.84014502e-13   0.00000000e+00
    84       1   2.45672118e-01   2.47631536e-01
    84       2   1.28376587e-04   4.92199649e-09
    84       3   3.62466244e-13   0.00000000e+00
    85       1   1.93985665e-01   1.96747370e-01
    85       2   1.02430097e-04   3.91424891e-09
    85       3   2.89295731e-13   0.00000000e+00
    86       1   1.58931354e-01   1.62518960e-01
    86       2   8.50405814e-05   3.23654003e-09
    86       3   2.40424030e-13   0.00000000e+00
    87       1   1.33365747e-01   1.37806011e-01
    87       2   7.25389177e-05   2.74721393e-09
    87       3   2.05428099e-13   0.00000000e+00
    88       1   1.13713653e-01   1.19038040e-01
    88       2   6.30901397e-05   2.37577585e-09
    88       3   1.78348467e-13   0.00000000e+00
    89       1   9.79855667e-02   1.04231138e-01
    89       2   5.56744230e-05   2.08198155e-09
    89       3   1.57516119e-13   0.00000000e+00
    90       1   8.49845027e-02   9.21946710e-02
    90       2   4.96794716e-05   1.84367973e-09
    90       3   1.40749018e-13   0.00000000e+00
    91       1   7.39453702e-02   8.21706922e-02
    91       2   4.47152281e-05   1.64534560e-09
    91       3   1.26639203e-13   0.00000000e+00
    92       1   6.43545592e-02   7.36536451e-02
    92       2   4.05212187e-05   1.47595593e-09
    92       3   1.14757891e-13   0.00000000e+00
    93       1   5.58526893e-02   6.62932787e-02
    93       2   3.69166488e-05   1.33033609e-09
    93       3   1.04572621e-13   0.00000000e+00
    94       1   4.81789138e-02   5.98391698e-02
    94       2   3.37718720e-05   1.20232246e-09
    94       3   9.55802606e-14   0.00000000e+00
    95       1   4.11373577e-02   5.41074349e-02
    95       2   3.09912536e-05   1.08931454e-09
    95       3   8.80863300e-14   0.00000000e+00
    96       1   3.45759677e-02   4.89599238e-02
    96       2   2.85024392e-05   9.86957493e-10
    96       3   8.09352586e-14   0.00000000e+00
    97       1   2.83726143e-02   4.42907551e-02
    97       2   2.62493857e-05   8.94579918e-10
    97       3   7.44338474e-14   0.00000000e+00
    98       1   2.24255619e-02   4.00173386e-02
    98       2   2.41876821e-05   8.09604669e-10
    98       3   6.87589624e-14   0.00000000e+00
    99       1   1.66466163e-02   3.60742311e-02
    99       2   2.22813090e-05   7.31892559e-10
    99       3   6.34676523e-14   0.00000000e+00
   100       1   1.09559006e-02   3.24088336e-02
   100       2   2.05003172e-05   6.58757527e-10
   100       3   5.84656021e-14   0.00000000e+00
   101       1   5.27756899e-03   2.89783168e-02
   101       2   1.88191033e-05   5.90832067e-10
   101       3   5.34646764e-14   0.00000000e+00
   102       1   4.64047490e-04   2.57473824e-02
   102       2   1.72150653e-05   5.27756096e-10
   102       3   4.96113320e-14   0.00000000e+00
   103       1   6.34828271e-03   2.26866072e-02
   103       2   1.56674893e-05   4.65927929e-10
   103       3   4.49959932e-14   0.00000000e+00
   104       1   1.24623859e-02   1.97711991e-02
   104       2   1.41565479e-05   4.07868679e-10
   104       3   4.05648043e-14   0.00000000e+00
   105       1   1.89066787e-02   1.69800484e-02
   105       2   1.26623055e-05   3.52455833e-10
   105       3   3.64571847e-14   0.00000000e+00
   106       1   2.58013015e-02   1.42949971e-02
   106       2   1.11636165e-05   2.99799041e-10
   106       3   3.21798853e-14   0.00000000e+00
   107       1   3.32955766e-02   1.17002666e-02
   107       2   9.63676860e-06   2.47857311e-10
   107       3   2.77471568e-14   0.00000000e+00
   108       1   4.15816514e-02   9.18200600e-03
   108       2   8.05365483e-06   1.97816526e-10
   108       3   2.32847420e-14   0.00000000e+00
   109       1   5.09152483e-02   6.72793014e-03
   109       2   6.37911976e-06   1.49175430e-10
   109       3   1.86909943e-14   0.00000000e+00
   110       1   6.16485837e-02   4.32702684e-03
   110       2   4.56685745e-06   1.01348001e-10
   110       3   1.35770346e-14   0.00000000e+00
   111       1   7.42849909e-02   1.96931676e-03
   111       2   2.55269898e-06   5.44673048e-11
   111       3   7.99405365e-15   0.00000000e+00
   112       1   8.95742968e-02   3.54345954e-04
   112       2   2.42974799e-07   8.39715045e-12
   112       3   1.52809079e-15   0.00000000e+00
   113       1   1.08689760e-01   2.65244161e-03
   113       2   2.50699979e-06   3.75114646e-11
   113       3   5.92961027e-15   0.00000000e+00
   114       1   1.33581773e-01   4.93292865e-03
   114       2   5.93586251e-06   8.31198949e-11
   114       3   1.57478850e-14   0.00000000e+00
   115       1   1.67755840e-01   7.20336867e-03
   115       2   1.04705799e-05   1.27496282e-10
   115       3   2.81448934e-14   0.00000000e+00
   116       1   2.18217396e-01   9.47103753e-03
   116       2   1.69622989e-05   1.73805925e-10
   116       3   4.68530035e-14   0.00000000e+00
   117       1   3.01306211e-01   1.17430260e-02
   117       2   2.73938054e-05   2.18357374e-10
   117       3   7.51884773e-14   0.00000000e+00
   118       1   4.66034835e-01   1.40263335e-02
   118       2   4.77092421e-05   2.63975863e-10
   118       3   1.32112056e-13   0.00000000e+00
   119       1   9.57473846e-01   1.63279572e-02
   119       2   1.07621930e-04   3.09601482e-10
   119       3   2.97594279e-13   0.00000000e+00
   120       1   8.29298473e+03   1.86549793e-02
   120       2   1.77408477e+02   3.56842291e-10
   120       3   4.95369799e-07   0.00000000e+00
   120       4   0.00000000e+00   0.00000000e+00
   121       1   1.00000066e+00   2.10146549e-02
   121       2   1.29142806e-04   4.03765136e-10
   121       3   3.59810078e-13   0.00000000e+00
   122       1   5.08826467e-01   2.34145027e-02
   122       2   6.92768014e-05   4.52333186e-10
   122       3   1.94505901e-13   0.00000000e+00
   123       1   3.44282630e-01   2.58624006e-02
   123       2   4.90397506e-05   5.00516671e-10
   123       3   1.36945364e-13   0.00000000e+00
   124       1   2.61420399e-01   2.83666892e-02
   124       2   3.87188625e-05   5.50284087e-10
   124       3   1.07915566e-13   0.00000000e+00
   125       1   2.11243791e-01   3.09362865e-02
   125       2   3.23708585e-05   6.02467369e-10
   125       3   9.09193150e-14   0.00000000e+00
   126       1   1.77418946e-01   3.35808160e-02
   126       2   2.80141032e-05   6.54817241e-10
   126       3   7.85755505e-14   0.00000000e+00
   127       1   1.52944520e-01   3.63107533e-02
   127       2   2.47989036e-05   7.10169904e-10
   127       3   6.96373972e-14   0.00000000e+00
   128       1   1.34319008e-01   3.91375955e-02
   128       2   2.23000789e-05   7.67236303e-10
   128       3   6.28386286e-14   0.00000000e+00
   129       1   1.19596464e-01   4.20740599e-02
   129       2   2.02811467e-05   8.25750935e-10
   129       3   5.68884156e-14   0.00000000e+00
   130       1   1.07608768e-01   4.51343187e-02
   130       2   1.85999943e-05   8.88298938e-10
   130       3   5.23378016e-14   0.00000000e+00
   131       1   9.76120992e-02   4.83342794e-02
   131       2   1.71659997e-05   9.51946540e-10
   131       3   4.81744058e-14   0.00000000e+00
   132       1   8.91101695e-02   5.16919240e-02
   132       2   1.59185902e-05   1.01935508e-09
   132       3   4.48861178e-14   0.00000000e+00
   133       1   8.17590343e-02   5.52277215e-02
   133       2   1.48156952e-05   1.09060179e-09
   133       3   4.17436161e-14   0.00000000e+00
   134       1   7.53126974e-02   5.89651343e-02
   134       2   1.38271469e-05   1.16643233e-09
   134       3   3.89656283e-14   0.00000000e+00
   135       1   6.95904706e-02   6.29312471e-02
   135       2   1.29307193e-05   1.24623482e-09
   135       3   3.63677559e-14   0.00000000e+00
   136       1   6.44565709e-02   6.71575525e-02
   136       2   1.21096520e-05   1.33171930e-09
   136       3   3.45539963e-14   0.00000000e+00
   137       1   5.98069168e-02   7.16809454e-02
   137       2   1.13510467e-05   1.42287313e-09
   137       3   3.20891738e-14   0.00000000e+00
   138       1   5.55603241e-02   7.65449902e-02
   138       2   1.06447982e-05   1.52130203e-09
   138       3   3.01183717e-14   0.00000000e+00
   139       1   5.16524800e-02   8.18015579e-02
   139       2   9.98286206e-06   1.62858079e-09
   139       3   2.80274126e-14   0.00000000e+00
   140       1   4.80317239e-02   8.75129627e-02
   140       2   9.35874110e-06   1.74481147e-09
   140       3   2.63415662e-14   0.00000000e+00
   141       1   4.46560314e-02   9.37547877e-02
   141       2   8.76711887e-06   1.87133657e-09
   141       3   2.48407612e-14   0.00000000e+00
   142       1   4.14908202e-02   1.00619674e-01
   142       2   8.20359220e-06   2.01199908e-09
   142       3   2.33434244e-14   0.00000000e+00
   143       1   3.85073265e-02   1.08222481e-01
   143       2   7.66447326e-06   2.16731053e-09
   143       3   2.15469155e-14   0.00000000e+00
   144       1   3.56813859e-02   1.16707432e-01
   144       2   7.14664080e-06   2.34131398e-09
   144       3   2.03453601e-14   0.00000000e+00
   145       1   3.29925055e-02   1.26258197e-01
   145       2   6.64742668e-06   2.53779751e-09
   145       3   1.89765782e-14   0.00000000e+00
   146       1   3.04231485e-02   1.37112433e-01
   146       2   6.16452830e-06   2.76120108e-09
   146       3   1.75876277e-14   0.00000000e+00
   147       1   2.79581764e-02   1.49583245e-01
   147       2   5.69594017e-06   3.01865315e-09
   147       3   1.60439451e-14   0.00000000e+00
   148       1   2.55844089e-02   1.64091756e-01
   148       2   5.23989983e-06   3.31895919e-09
   148       3   1.49928328e-14   0.00000000e+00
   149       1   2.32902731e-02   1.81218105e-01
   149       2   4.79484457e-06   3.67683216e-09
   149       3   1.36424361e-14   0.00000000e+00
   150       1   2.10655213e-02   2.01784291e-01
   150       2   4.35937658e-06   4.10605935e-09
   150       3   1.24974418e-14   0.00000000e+00
   151       1   1.89010005e-02   2.26994720e-01
   151       2   3.93223438e-06   4.63709420e-09
   151       3   1.11793986e-14   0.00000000e+00
   152       1   1.67884639e-02   2.58687347e-01
   152       2   3.51226934e-06   5.30724421e-09
   152       3   1.01644160e-14   0.00000000e+00
   153       1   1.47204137e-02   2.99811982e-01
   153       2   3.09842600e-06   6.18400631e-09
   153       3   8.96675982e-15   0.00000000e+00
   154       1   1.26899687e-02   3.55416953e-01
   154       2   2.68972545e-06   7.38324437e-09
   154       3   7.70325603e-15   0.00000000e+00
   155       1   1.06907522e-02   4.34906309e-01
   155       2   2.28525116e-06   9.11727869e-09
   155       3   6.59721419e-15   0.00000000e+00
   156       1   8.71679446e-03   5.57980352e-01
   156       2   1.88413657e-06   1.18501544e-08
   156       3   5.52493582e-15   0.00000000e+00
   157       1   6.76244765e-03   7.73779555e-01
   157       2   1.48555419e-06   1.67643869e-08
   157       3   4.25567575e-15   0.00000000e+00
   158       1   4.82230990e-03   1.24638588e+00
   158       2   1.08870575e-06   2.79510563e-08
   158       3   3.23209439e-15   0.00000000e+00
   159       1   2.89115595e-03   2.99614249e+00
   159       2   6.92813198e-07   7.24712443e-08
   159       3   2.00032891e-15   0.00000000e+00
   160       1   9.63872712e-04   3.00957153e+07
   160       2   2.97110228e-07   1.28321114e+02
   160       3   8.88178420e-16   1.94703388e-08
   160       4   0.00000000e+00   0.00000000e+00
   161       1   9.64602075e-04   1.00000000e+00
   161       2   9.91658808e-08   6.65900146e-09
   161       3   2.22258768e-16   3.44609114e-14
   162       1   2.89933991e-03   7.49759054e-01
   162       2   4.96782275e-07   1.15769568e-08
   162       3   1.44886989e-15   0.00000000e+00
   163       1   4.84548166e-03   5.54840733e-01
   163       2   8.96518642e-07   9.54568587e-09
   163       3   2.46381226e-15   0.00000000e+00
   164       1   6.80829956e-03   4.36232229e-01
   164       2   1.29917561e-06   7.83658861e-09
   164       3   3.60812132e-15   0.00000000e+00
   165       1   8.79326247e-03   3.58143480e-01
   165       2   1.70558364e-06   6.58649612e-09
   165       3   4.66354791e-15   0.00000000e+00
   166       1   1.08061065e-02   3.03090458e-01
   166       2   2.11661270e-06   5.65767089e-09
   166       3   5.74869844e-15   0.00000000e+00
   167       1   1.28529127e-02   2.62219699e-01
   167       2   2.53318292e-06   4.94444889e-09
   167       3   6.87063403e-15   0.00000000e+00
   168       1   1.49401948e-02   2.30658003e-01
   168       2   2.95627665e-06   4.38301669e-09
   168       3   8.15517084e-15   0.00000000e+00
   169       1   1.70749989e-02   2.05521562e-01
   169       2   3.38695216e-06   3.92826612e-09
   169       3   9.61668671e-15   0.00000000e+00
   170       1   1.92650200e-02   1.85000596e-01
   170       2   3.82635964e-06   3.55295004e-09
   170       3   1.05370585e-14   0.00000000e+00
   171       1   2.15187383e-02   1.67903942e-01
   171       2   4.27576000e-06   3.23730156e-09
   171       3   1.18901963e-14   0.00000000e+00
   172       1   2.38455821e-02   1.53416315e-01
   172       2   4.73654715e-06   2.96779258e-09
   172       3   1.33269621e-14   0.00000000e+00
   173       1   2.62561237e-02   1.40961205e-01
   173       2   5.21027492e-06   2.73452203e-09
   173       3   1.47288671e-14   0.00000000e+00
   174       1   2.87623180e-02   1.30119557e-01
   174       2   5.69868969e-06   2.53053464e-09
   174       3   1.59641538e-14   0.00000000e+00
   175       1   3.13777959e-02   1.20579500e-01
   175       2   6.20377056e-06   2.35014462e-09
   175       3   1.73021735e-14   0.00000000e+00
   176       1   3.41182284e-02   1.12104143e-01
   176       2   6.72777906e-06   2.18945375e-09
   176       3   1.90467193e-14   0.00000000e+00
   177       1   3.70017841e-02   1.04510313e-01
   177       2   7.27332156e-06   2.04506468e-09
   177       3   2.03498636e-14   0.00000000e+00
   178       1   4.00497090e-02   9.76541207e-02
   178       2   7.84342827e-06   1.91427164e-09
   178       3   2.20984407e-14   0.00000000e+00
   179       1   4.32870704e-02   9.14209387e-02
   179       2   8.44165443e-06   1.79490924e-09
   179       3   2.35418965e-14   0.00000000e+00
   180       1   4.67437214e-02   8.57182958e-02
   180       2   9.07221149e-06   1.68564901e-09
   180       3   2.58317279e-14   0.00000000e+00
   181       1   5.04555688e-02   8.04707380e-02
   181       2   9.74013930e-06   1.58457841e-09
   181       3   2.73133366e-14   0.00000000e+00
   182       1   5.44662615e-02   7.56160543e-02
   182       2   1.04515352e-05   1.49120809e-09
   182       3   2.95536502e-14   0.00000000e+00
   183       1   5.88294726e-02   7.11024599e-02
   183       2   1.12138634e-05   1.40380717e-09
   183       3   3.14912366e-14   0.00000000e+00
   184       1   6.36120363e-02   6.68864666e-02
   184       2   1.20363803e-05   1.32210882e-09
   184       3   3.39180305e-14   0.00000000e+00
   185       1   6.88983364e-02   6.29312497e-02
   185       2   1.29307286e-05   1.24593356e-09
   185       3   3.64810479e-14   0.00000000e+00
   186       1   7.47965737e-02   5.92053840e-02
   186       2   1.39117858e-05   1.17375703e-09
   186       3   3.93309274e-14   0.00000000e+00
   187       1   8.14479244e-02   5.56818517e-02
   187       2   1.49989034e-05   1.10548424e-09
   187       3   4.22703452e-14   0.00000000e+00
   188       1   8.90402746e-02   5.23372589e-02
   188       2   1.62177650e-05   1.04075228e-09
   188       3   4.58899557e-14   0.00000000e+00
   189       1   9.78294424e-02   4.91512082e-02
   189       2   1.76032558e-05   9.78206926e-10
   189       3   4.95912942e-14   0.00000000e+00
   190       1   1.08173132e-01   4.61057935e-02
   190       2   1.92040541e-05   9.18998419e-10
   190       3   5.42568472e-14   0.00000000e+00
   191       1   1.20587518e-01   4.31851888e-02
   191       2   2.10902798e-05   8.62510385e-10
   191       3   5.98207994e-14   0.00000000e+00
   192       1   1.35846266e-01   4.03753107e-02
   192       2   2.33668792e-05   8.08777690e-10
   192       3   6.66133764e-14   0.00000000e+00
   193       1   1.55164415e-01   3.76635390e-02
   193       2   2.61984781e-05   7.54588190e-10
   193       3   7.43824731e-14   0.00000000e+00
   194       1   1.80566156e-01   3.50384833e-02
   194       2   2.98590849e-05   7.03881420e-10
   194       3   8.47828495e-14   0.00000000e+00
   195       1   2.15693924e-01   3.24897861e-02
   195       2   3.48414318e-05   6.53941341e-10
   195       3   9.90173665e-14   0.00000000e+00
   196       1   2.67831163e-01   3.00079553e-02
   196       2   4.21303203e-05   6.04732708e-10
   196       3   1.19582077e-13   0.00000000e+00
   197       1   3.53970794e-01   2.75842196e-02
   197       2   5.40226457e-05   5.57515317e-10
   197       3   1.53214474e-13   0.00000000e+00
   198       1   5.25090269e-01   2.52104024e-02
   198       2   7.74074753e-05   5.10745453e-10
   198       3   2.19797558e-13   0.00000000e+00
   199       1   1.03609687e+00   2.28788100e-02
   199       2   1.46726535e-04   4.64726239e-10
   199       3   4.15589347e-13   0.00000000e+00
   200       1   7.42441338e+03   2.05821317e-02
   200       2   2.92817673e+02   4.20316119e-10
   200       3   8.35152349e-07   0.00000000e+00
   200       4   0.00000000e+00   0.00000000e+00
   201       1   1.00000048e+00   1.83133473e-02
   201       2   1.27880054e-04   3.75633990e-10
   201       3   3.64916781e-13   0.00000000e+00
   202       1   4.89112692e-01   1.60656411e-02
   202       2   5.85140938e-05   3.31740441e-10
   202       3   1.68071640e-13   0.00000000e+00
   203       1   3.17879464e-01   1.38323198e-02
   203       2   3.50508381e-05   2.87639783e-10
   203       3   1.00606838e-13   0.00000000e+00
   204       1   2.31538096e-01   1.16067309e-02
   204       2   2.30478803e-05   2.43774551e-10
   204       3   6.62498898e-14   0.00000000e+00
   205       1   1.79127394e-01   9.38218149e-03
   205       2   1.56152704e-05   2.00132423e-10
   205       3   4.53009522e-14   0.00000000e+00
   206       1   1.43656627e-01   7.15185418e-03
   206       2   1.04549579e-05   1.55982546e-10
   206       3   3.03434900e-14   0.00000000e+00
   207       1   1.17841033e-01   4.90871725e-03
   207       2   6.58068585e-06   1.12195564e-10
   207       3   1.94830074e-14   0.00000000e+00
   208       1   9.80353367e-02   2.64542773e-03
   208       2   3.49793571e-06   6.73102428e-11
   208       3   1.08494456e-14   0.00000000e+00
   209       1   8.22114554e-02   3.54223416e-04
   209       2   9.30543436e-07   2.24629854e-11
   209       3   3.50616413e-15   0.00000000e+00
   210       1   6.91495003e-02   1.97319961e-03
   210       2   1.28868898e-06   2.37574665e-11
   210       3   3.00261359e-15   0.00000000e+00
   211       1   5.80699650e-02   4.34582830e-03
   211       2   3.26775543e-06   7.07255779e-11
   211       3   8.60769513e-15   0.00000000e+00
   212       1   4.84497287e-02   6.77349866e-03
   212       2   5.08037218e-06   1.18339593e-10
   212       3   1.36900246e-14   0.00000000e+00
   213       1   3.99228769e-02   9.26709333e-03
   213       2   6.77945273e-06   1.67602707e-10
   213       3   1.85355505e-14   0.00000000e+00
   214       1   3.22239046e-02   1.18387802e-02
   214       2   8.40487011e-06   2.18252711e-10
   214       3   2.30477559e-14   0.00000000e+00
   215       1   2.51534930e-02   1.45023041e-02
   215       2   9.98818875e-06   2.70793374e-10
   215       3   2.77668093e-14   0.00000000e+00
   216       1   1.85569436e-02   1.72733472e-02
   216       2   1.15557121e-05   3.26011453e-10
   216       3   3.22438186e-14   0.00000000e+00
   217       1   1.23100079e-02   2.01699802e-02
   217       2   1.31305652e-05   3.82791556e-10
   217       3   3.63666241e-14   0.00000000e+00
   218       1   6.30917147e-03   2.32132330e-02
   218       2   1.47342210e-05   4.43668154e-10
   218       3   4.14448566e-14   0.00000000e+00
   219       1   4.64667006e-04   2.64278257e-02
   219       2   1.63877185e-05   5.07108231e-10
   219       3   4.57102562e-14   0.00000000e+00
   220       1   5.30485155e-03   2.98431158e-02
   220       2   1.81127392e-05   5.73820914e-10
   220       3   5.04650440e-14   0.00000000e+00
   221       1   1.10766801e-02   3.34943417e-02
   221       2   1.99326656e-05   6.47024526e-10
   221       3   5.55860458e-14   0.00000000e+00
   222       1   1.69279944e-02   3.74242784e-02
   222       2   2.18737379e-05   7.24023632e-10
   222       3   6.11659447e-14   0.00000000e+00
   223       1   2.29397694e-02   4.16854752e-02
   223       2   2.39664290e-05   8.08558830e-10
   223       3   6.73140837e-14   0.00000000e+00
   224       1   2.92011152e-02   4.63433306e-02
   224       2   2.62471923e-05   9.00688192e-10
   224       3   7.39408480e-14   0.00000000e+00
   225       1   3.58145390e-02   5.14803938e-02
   225       2   2.87608005e-05   1.00235918e-09
   225       3   8.04966394e-14   0.00000000e+00
   226       1   4.29028288e-02   5.72025091e-02
   226       2   3.15636009e-05   1.11646360e-09
   226       3   8.88644495e-14   0.00000000e+00
   227       1   5.06186085e-02   6.36477932e-02
   227       2   3.47282036e-05   1.24326515e-09
   227       3   9.76430992e-14   0.00000000e+00
   228       1   5.91582585e-02   7.10000994e-02
   228       2   3.83504600e-05   1.38888471e-09
   228       3   1.07819029e-13   0.00000000e+00
   229       1   6.87830894e-02   7.95098234e-02
   229       2   4.25602002e-05   1.55713020e-09
   229       3   1.19365989e-13   0.00000000e+00
   230       1   7.98529315e-02   8.95271917e-02
   230       2   4.75383745e-05   1.75575523e-09
   230       3   1.33665348e-13   0.00000000e+00
   231       1   9.28818689e-02   1.01557739e-01
   231       2   5.35455891e-05   1.99388732e-09
   231       3   1.50448061e-13   0.00000000e+00
   232       1   1.08635557e-01   1.16359393e-01
   232       2   6.09720132e-05   2.28739002e-09
   232       3   1.71445823e-13   0.00000000e+00
   233       1   1.28311763e-01   1.35122768e-01
   233       2   7.04300372e-05   2.65933316e-09
   233       3   1.98482224e-13   0.00000000e+00
   234       1   1.53901266e-01   1.59831759e-01
   234       2   8.29395638e-05   3.14748768e-09
   234       3   2.33381239e-13   0.00000000e+00
   235       1   1.88981717e-01   1.94056834e-01
   235       2   1.00335623e-04   3.82581405e-09
   235       3   2.82655112e-13   0.00000000e+00
   236       1   2.40702226e-01   2.44938271e-01
   236       2   1.26287386e-04   4.83368649e-09
   236       3   3.55660892e-13   0.00000000e+00
   237       1   3.25737622e-01   3.29135856e-01
   237       2   1.69355172e-04   6.50131032e-09
   237       3   4.77130249e-13   0.00000000e+00
   238       1   4.94109766e-01   4.96627668e-01
   238       2   2.55218450e-04   9.81858813e-09
   238       3   7.19440017e-13   0.00000000e+00
   239       1   9.96009565e-01   9.97301435e-01
   239       2   5.12271651e-04   1.97354266e-08
   239       3   1.44464631e-12   0.00000000e+00
   240       1   1.95157550e+03   1.13919683e+06
   240       2   3.84758203e+02   2.30844623e-02
   240       3   1.08542538e-06   2.92767146e-14
   240       4   0.00000000e+00   0.00000000e+00
   241       1   1.00000134e+00   1.00000086e+00
   241       2   5.14353480e-04   1.98242074e-08
   241       3   1.45137029e-12   0.00000000e+00
   242       1   4.98873228e-01   4.99324883e-01
   242       2   2.57300974e-04   9.90766060e-09
   242       3   7.26355266e-13   0.00000000e+00
   243       1   3.30649325e-01   3.31831336e-01
   243       2   1.71440394e-04   6.59027845e-09
   243       3   4.84014644e-13   0.00000000e+00
   244       1   2.45672175e-01   2.47631573e-01
   244       2   1.28376615e-04   4.92250708e-09
   244       3   3.62645407e-13   0.00000000e+00
   245       1   1.93985702e-01   1.96747393e-01
   245       2   1.02430115e-04   3.91448995e-09
   245       3   2.89295781e-13   0.00000000e+00
   246       1   1.58931380e-01   1.62518976e-01
   246       2   8.50405943e-05   3.23635547e-09
   246       3   2.40302638e-13   0.00000000e+00
   247       1   1.33365766e-01   1.37806023e-01
   247       2   7.25389272e-05   2.74740820e-09
   247       3   2.05217644e-13   0.00000000e+00
   248       1   1.13713668e-01   1.19038050e-01
   248       2   6.30901470e-05   2.37564833e-09
   248       3   1.78535042e-13   0.00000000e+00
   249       1   9.79855788e-02   1.04231146e-01
   249       2   5.56744289e-05   2.08108806e-09
   249       3   1.57179560e-13   0.00000000e+00
   250       1   8.49845128e-02   9.21946774e-02
   250       2   4.96794764e-05   1.84329011e-09
   250       3   1.40287052e-13   0.00000000e+00
   251       1   7.39453787e-02   8.21706976e-02
   251       2   4.47152321e-05   1.64489241e-09
   251       3   1.26639212e-13   0.00000000e+00
   252       1   6.43545666e-02   7.36536498e-02
   252       2   4.05212221e-05   1.47630507e-09
   252       3   1.14757898e-13   0.00000000e+00
   253       1   5.58526959e-02   6.62932828e-02
   253       2   3.69166517e-05   1.33026323e-09
   253       3   1.04572627e-13   0.00000000e+00
   254       1   4.81789197e-02   5.98391734e-02
   254       2   3.37718746e-05   1.20251789e-09
   254       3   9.57001902e-14   0.00000000e+00
   255       1   4.11373631e-02   5.41074381e-02
   255       2   3.09912558e-05   1.08964306e-09
   255       3   8.79713386e-14   0.00000000e+00
   256       1   3.45759727e-02   4.89599267e-02
   256       2   2.85024413e-05   9.86994061e-10
   256       3   8.08242393e-14   0.00000000e+00
   257       1   2.83726189e-02   4.42907578e-02
   257       2   2.62493875e-05   8.94122885e-10
   257       3   7.44338499e-14   0.00000000e+00
   258       1   2.24255663e-02   4.00173411e-02
   258       2   2.41876838e-05   8.09633657e-10
   258       3   6.87589643e-14   0.00000000e+00
   259       1   1.66466205e-02   3.60742334e-02
   259       2   2.22813105e-05   7.31105715e-10
   259       3   6.30528325e-14   0.00000000e+00
   260       1   1.09559047e-02   3.24088358e-02
   260       2   2.05003186e-05   6.58935470e-10
   260       3   5.82604608e-14   0.00000000e+00
   261       1   5.27757305e-03   2.89783188e-02
   261       2   1.88191047e-05   5.91058813e-10
   261       3   5.36687409e-14   0.00000000e+00
   262       1   4.64043434e-04   2.57473843e-02
   262       2   1.72150666e-05   5.26817033e-10
   262       3   4.92030089e-14   0.00000000e+00
   263       1   6.34827860e-03   2.26866091e-02
   263       2   1.56674905e-05   4.66061647e-10
   263       3   4.47905324e-14   0.00000000e+00
   264       1   1.24623817e-02   1.97712008e-02
   264       2   1.41565490e-05   4.08267743e-10
   264       3   4.05648044e-14   0.00000000e+00
   265       1   1.89066744e-02   1.69800501e-02
   265       2   1.26623066e-05   3.52847817e-10
   265       3   3.64571847e-14   0.00000000e+00
   266       1   2.58012968e-02   1.42949988e-02
   266       2   1.11636177e-05   2.99444750e-10
   266       3   3.21798851e-14   0.00000000e+00
   267       1   3.32955716e-02   1.17002682e-02
   267       2   9.63676975e-06   2.47810999e-10
   267       3   2.77471565e-14   0.00000000e+00
   268       1   4.15816459e-02   9.18200758e-03
   268       2   8.05365600e-06   1.97717883e-10
   268       3   2.34017504e-14   0.00000000e+00
   269       1   5.09152421e-02   6.72793170e-03
   269       2   6.37912098e-06   1.49431773e-10
   269       3   1.90598951e-14   0.00000000e+00
   270       1   6.16485766e-02   4.32702837e-03
   270       2   4.56685876e-06   1.01739090e-10
   270       3   1.38381310e-14   0.00000000e+00
   271       1   7.42849825e-02   1.96931828e-03
   271       2   2.55270042e-06   5.45029324e-11
   271       3   7.85380681e-15   0.00000000e+00
   272       1   8.95742866e-02   3.54344450e-04
   272       2   2.42976430e-07   8.26887363e-12
   272       3   1.68089979e-15   0.00000000e+00
   273       1   1.08689747e-01   2.65244012e-03
   273       2   2.50699786e-06   3.75720836e-11
   273       3   6.09902736e-15   0.00000000e+00
   274       1   1.33581756e-01   4.93292715e-03
   274       2   5.93586010e-06   8.29371393e-11
   274       3   1.57478838e-14   0.00000000e+00
   275       1   1.67755816e-01   7.20336717e-03
   275       2   1.04705767e-05   1.28625164e-10
   275       3   2.87055460e-14   0.00000000e+00
   276       1   2.18217360e-01   9.47103602e-03
   276       2   1.69622942e-05   1.73506432e-10
   276       3   4.64432048e-14   0.00000000e+00
   277       1   3.01306148e-01   1.17430245e-02
   277       2   2.73937973e-05   2.18842992e-10
   277       3   7.60772170e-14   0.00000000e+00
   278       1   4.66034693e-01   1.40263320e-02
   278       2   4.77092246e-05   2.64378813e-10
   278       3   1.32763461e-13   0.00000000e+00
   279       1   9.57473281e-01   1.63279556e-02
   279       2   1.07621861e-04   3.09855798e-10
   279       3   2.97594114e-13   0.00000000e+00
   280       1   8.33351696e+03   1.86549777e-02
   280       2   9.54834846e+01   3.56596565e-10
   280       3   2.65485071e-07   0.00000000e+00
   280       4   0.00000000e+00   0.00000000e+00
   281       1   1.00000122e+00   2.10146533e-02
   281       2   1.29142874e-04   4.03822038e-10
   281       3   3.60300663e-13   0.00000000e+00
   282       1   5.08826609e-01   2.34145011e-02
   282       2   6.92768188e-05   4.52061162e-10
   282       3   1.93903775e-13   0.00000000e+00
   283       1   3.44282693e-01   2.58623989e-02
   283       2   4.90397585e-05   5.01810423e-10
   283       3   1.37893111e-13   0.00000000e+00
   284       1   2.61420435e-01   2.83666875e-02
   284       2   3.87188671e-05   5.50909065e-10
   284       3   1.08498911e-13   0.00000000e+00
   285       1   2.11243814e-01   3.09362848e-02
   285       2   3.23708615e-05   6.02042502e-10
   285       3   9.05512322e-14   0.00000000e+00
   286       1   1.77418963e-01   3.35808142e-02
   286       2   2.80141054e-05   6.55092571e-10
   286       3   7.85755590e-14   0.00000000e+00
   287       1   1.52944532e-01   3.63107513e-02
   287       2   2.47989053e-05   7.10198169e-10
   287       3   6.96374037e-14   0.00000000e+00
   288       1   1.34319017e-01   3.91375935e-02
   288       2   2.23000802e-05   7.67420980e-10
   288       3   6.27276115e-14   0.00000000e+00
   289       1   1.19596472e-01   4.20740579e-02
   289       2   2.02811478e-05   8.26331220e-10
   289       3   5.72794055e-14   0.00000000e+00
   290       1   1.07608774e-01   4.51343165e-02
   290       2   1.85999953e-05   8.87296574e-10
   290       3   5.23378050e-14   0.00000000e+00
   291       1   9.76121046e-02   4.83342771e-02
   291       2   1.71660006e-05   9.51840043e-10
   291       3   4.83318414e-14   0.00000000e+00
   292       1   8.91101742e-02   5.16919216e-02
   292       2   1.59185910e-05   1.01900102e-09
   292       3   4.47427141e-14   0.00000000e+00
   293       1   8.17590384e-02   5.52277190e-02
   293       2   1.48156959e-05   1.09045969e-09
   293       3   4.16119349e-14   0.00000000e+00
   294       1   7.53127010e-02   5.89651316e-02
   294       2   1.38271476e-05   1.16590744e-09
   294       3   3.89656301e-14   0.00000000e+00
   295       1   6.95904739e-02   6.29312442e-02
   295       2   1.29307199e-05   1.24543245e-09
   295       3   3.63677574e-14   0.00000000e+00
   296       1   6.44565738e-02   6.71575495e-02
   296       2   1.21096525e-05   1.33134441e-09
   296       3   3.41300222e-14   0.00000000e+00
   297       1   5.98069195e-02   7.16809421e-02
   297       2   1.13510472e-05   1.42289476e-09
   297       3   3.22884866e-14   0.00000000e+00
   298       1   5.55603266e-02   7.65449866e-02
   298       2   1.06447987e-05   1.52183482e-09
   298       3   3.01183727e-14   0.00000000e+00
   299       1   5.16524823e-02   8.18015541e-02
   299       2   9.98286250e-06   1.62871934e-09
   299       3   2.80274135e-14   0.00000000e+00
   300       1   4.80317260e-02   8.75129585e-02
   300       2   9.35874152e-06   1.74429132e-09
   300       3   2.63415670e-14   0.00000000e+00
   301       1   4.46560334e-02   9.37547830e-02
   301       2   8.76711927e-06   1.87168928e-09
   301       3   2.48407618e-14   0.00000000e+00
   302       1   4.14908221e-02   1.00619669e-01
   302       2   8.20359258e-06   2.01224749e-09
   302       3   2.33434250e-14   0.00000000e+00
   303       1   3.85073283e-02   1.08222476e-01
   303       2   7.66447363e-06   2.16727027e-09
   303       3   2.16965473e-14   0.00000000e+00
   304       1   3.56813876e-02   1.16707425e-01
   304       2   7.14664116e-06   2.34146537e-09
   304       3   2.02010673e-14   0.00000000e+00
   305       1   3.29925071e-02   1.26258190e-01
   305       2   6.64742703e-06   2.53767096e-09
   305       3   1.88370449e-14   0.00000000e+00
   306       1   3.04231501e-02   1.37112425e-01
   306       2   6.16452864e-06   2.76134210e-09
   306       3   1.74523386e-14   0.00000000e+00
   307       1   2.79581779e-02   1.49583236e-01
   307       2   5.69594050e-06   3.01819164e-09
   307       3   1.63069609e-14   0.00000000e+00
   308       1   2.55844103e-02   1.64091745e-01
   308       2   5.23990015e-06   3.31957857e-09
   308       3   1.48646892e-14   0.00000000e+00
   309       1   2.32902746e-02   1.81218091e-01
   309       2   4.79484489e-06   3.67596799e-09
   309       3   1.37675963e-14   0.00000000e+00
   310       1   2.10655227e-02   2.01784275e-01
   310       2   4.35937689e-06   4.10628909e-09
   310       3   1.23749180e-14   0.00000000e+00
   311       1   1.89010018e-02   2.26994700e-01
   311       2   3.93223469e-06   4.63648279e-09
   311       3   1.11793987e-14   0.00000000e+00
   312       1   1.67884652e-02   2.58687321e-01
   312       2   3.51226965e-06   5.30642236e-09
   312       3   1.00462253e-14   0.00000000e+00
   313       1   1.47204150e-02   2.99811948e-01
   313       2   3.09842629e-06   6.18454408e-09
   313       3   8.96675990e-15   0.00000000e+00
   314       1   1.26899700e-02   3.55416907e-01
   314       2   2.68972575e-06   7.38264518e-09
   314       3   7.70325609e-15   0.00000000e+00
   315       1   1.06907535e-02   4.34906241e-01
   315       2   2.28525146e-06   9.11729679e-09
   315       3   6.71095931e-15   0.00000000e+00
   316       1   8.71679571e-03   5.57980244e-01
   316       2   1.88413687e-06   1.18508249e-08
   316       3   5.41218206e-15   0.00000000e+00
   317       1   6.76244889e-03   7.73779353e-01
   317       2   1.48555448e-06   1.67638331e-08
   317       3   4.36766723e-15   0.00000000e+00
   318       1   4.82231113e-03   1.24638539e+00
   318       2   1.08870604e-06   2.79508067e-08
   318       3   3.23209440e-15   0.00000000e+00
   319       1   2.89115717e-03   2.99614008e+00
   319       2   6.92813487e-07   7.24733471e-08
   319       3   2.22258768e-15   0.00000000e+00
   320       1   9.63873936e-04   7.36167406e+06
   320       2   2.97110517e-07   1.95311402e-01
   320       3   8.88178420e-16   1.54765523e-11