  TimeWindow  Iteration  ResRel(Mass-Left-Mesh:Displacement-Left)  ResRel(Mass-Left-Mesh:Displacement-Right)
     1       1   1.00000000e+00   1.00000000e+00
     1       2   4.06066089e-08   2.86565415e-09
     1       3   0.00000000e+00   0.00000000e+00
     2       1   1.85376530e-03   7.49845814e-01
     2       2   2.03282584e-07   4.90036138e-09
     2       3   3.33890193e-16   0.00000000e+00
     3       1   3.09501820e-03   5.55098286e-01
     3       2   3.66512507e-07   4.03605047e-09
     3       3   4.46564622e-16   0.00000000e+00
     4       1   4.34305313e-03   4.36689273e-01
     4       2   5.30502767e-07   3.31337234e-09
     4       3   4.48503838e-16   0.00000000e+00
     5       1   5.60004774e-03   3.58813218e-01
     5       2   6.95464676e-07   2.78596740e-09
     5       3   9.02030334e-16   0.00000000e+00
     6       1   6.86824781e-03   3.03980427e-01
     6       2   8.61615982e-07   2.39470237e-09
     6       3   1.02175303e-15   0.00000000e+00
     7       1   8.14998585e-03   2.63334970e-01
     7       2   1.02918249e-06   2.09537298e-09
     7       3   1.25898575e-15   0.00000000e+00
     8       1   9.44770121e-03   2.32002474e-01
     8       2   1.19839984e-06   1.85968513e-09
     8       3   1.50194761e-15   0.00000000e+00
     9       1   1.07639620e-02   2.07098557e-01
     9       2   1.36951537e-06   1.66948126e-09
     9       3   1.63489031e-15   0.00000000e+00
    10       1   1.21014896e-02   1.86813181e-01
    10       2   1.54279032e-06   1.51276172e-09
    10       3   2.00924502e-15   0.00000000e+00
    11       1   1.34631858e-02   1.69955101e-01
    11       2   1.71850216e-06   1.38133958e-09
    11       3   2.15607426e-15   0.00000000e+00
    12       1   1.48521633e-02   1.55709063e-01
    12       2   1.89694729e-06   1.26948116e-09
    12       3   2.30965317e-15   0.00000000e+00
    13       1   1.62717812e-02   1.43498657e-01
    13       2   2.07844409e-06   1.17302603e-09
    13       3   2.59430736e-15   0.00000000e+00
    14       1   1.77256848e-02   1.32904983e-01
    14       2   2.26333644e-06   1.08892794e-09
    14       3   2.89174318e-15   0.00000000e+00
    15       1   1.92178522e-02   1.23616358e-01
    15       2   2.45199774e-06   1.01487502e-09
    15       3   3.07545292e-15   0.00000000e+00
    16       1   2.07526483e-02   1.15396119e-01
    16       2   2.64483563e-06   9.49095047e-10
    16       3   3.13926841e-15   0.00000000e+00
    17       1   2.23348881e-02   1.08061341e-01
    17       2   2.84229747e-06   8.90213701e-10
    17       3   3.61054631e-15   0.00000000e+00
    18       1   2.39699115e-02   1.01468411e-01
    18       2   3.04487685e-06   8.37141932e-10
    18       3   3.97093727e-15   0.00000000e+00
    19       1   2.56636719e-02   9.55030035e-02
    19       2   3.25312126e-06   7.88995350e-10
    19       3   3.93239034e-15   0.00000000e+00
    20       1   2.74228422e-02   9.00729703e-02
    20       2   3.46764128e-06   7.45075956e-10
    20       3   4.47309369e-15   0.00000000e+00
    21       1   2.92549425e-02   8.51032069e-02
    21       2   3.68912157e-06   7.04797968e-10
    21       3   4.45542271e-15   0.00000000e+00
    22       1   3.11684942e-02   8.05318775e-02
    22       2   3.91833426e-06   6.67678847e-10
    22       3   5.05370088e-15   0.00000000e+00
    23       1   3.31732081e-02   7.63076001e-02
    23       2   4.15615514e-06   6.33320683e-10
    23       3   5.06310463e-15   0.00000000e+00
    24       1   3.52802166e-02   7.23873188e-02
    24       2   4.40358365e-06   6.01385267e-10
    24       3   5.56931578e-15   0.00000000e+00
    25       1   3.75023590e-02   6.87346734e-02
    25       2   4.66176757e-06   5.71591715e-10
    25       3   5.77815133e-15   0.00000000e+00
    26       1   3.98545404e-02   6.53187381e-02
    26       2   4.93203377e-06   5.43690875e-10
    26       3   6.00840726e-15   0.00000000e+00
    27       1   4.23541816e-02   6.21130329e-02
    27       2   5.21592702e-06   5.17472940e-10
    27       3   6.44705741e-15   0.00000000e+00
    28       1   4.50217924e-02   5.90947438e-02
    28       2   5.51525929e-06   4.92758597e-10
    28       3   6.73727833e-15   0.00000000e+00
    29       1   4.78817088e-02   5.62440997e-02
    29       2   5.83217299e-06   4.69397804e-10
    29       3   7.46324838e-15   0.00000000e+00
    30       1   5.09630492e-02   5.35438720e-02
    30       2   6.16922322e-06   4.47247636e-10
    30       3   7.84354989e-15   0.00000000e+00
    31       1   5.43009743e-02   5.09789692e-02
    31       2   6.52948586e-06   4.26184128e-10
    31       3   8.04591077e-15   0.00000000e+00
    32       1   5.79383649e-02   4.85361054e-02
    32       2   6.91670157e-06   4.06108438e-10
    32       3   8.63024130e-15   0.00000000e+00
    33       1   6.19280919e-02   4.62035282e-02
    33       2   7.33547057e-06   3.86921619e-10
    33       3   9.16462844e-15   0.00000000e+00
    34       1   6.63361376e-02   4.39707934e-02
    34       2   7.79152025e-06   3.68546199e-10
    34       3   1.00402380e-14   0.00000000e+00
    35       1   7.12459639e-02   4.18285775e-02
    35       2   8.29207984e-06   3.50895418e-10
    35       3   1.01818499e-14   0.00000000e+00
    36       1   7.67647528e-02   3.97685203e-02
    36       2   8.84641532e-06   3.33914667e-10
    36       3   1.09633601e-14   0.00000000e+00
    37       1   8.30325260e-02   3.77830930e-02
    37       2   9.46661114e-06   3.17536436e-10
    37       3   1.17063299e-14   0.00000000e+00
    38       1   9.02358241e-02   3.58654854e-02
    38       2   1.01687425e-05   3.01707639e-10
    38       3   1.25802086e-14   0.00000000e+00
    39       1   9.86288452e-02   3.40095110e-02
    39       2   1.09746871e-05   2.86378526e-10
    39       3   1.36205265e-14   0.00000000e+00
    40       1   1.08567267e-01   3.22095246e-02
    40       2   1.19150228e-05   2.71502320e-10
    40       3   1.49880673e-14   0.00000000e+00
    41       1   1.20564617e-01   3.04603518e-02
    41       2   1.30338579e-05   2.57039306e-10
    41       3   1.62972529e-14   0.00000000e+00
    42       1   1.35390912e-01   2.87572281e-02
    42       2   1.43972826e-05   2.42948779e-10
    42       3   1.79384945e-14   0.00000000e+00
    43       1   1.54255862e-01   2.70957454e-02
    43       2   1.61090645e-05   2.29195965e-10
    43       3   2.02161778e-14   0.00000000e+00
    44       1   1.79175260e-01   2.54718049e-02
    44       2   1.83420391e-05   2.15746828e-10
    44       3   2.34534959e-14   0.00000000e+00
    45       1   2.13777069e-01   2.38815763e-02
    45       2   2.14071684e-05   2.02572833e-10
    45       3   2.68333705e-14   0.00000000e+00
    46       1   2.65316675e-01   2.23214607e-02
    46       2   2.59261874e-05   1.89638958e-10
    46       3   3.24756643e-14   0.00000000e+00
    47       1   3.50722885e-01   2.07880570e-02
    47       2   3.33495528e-05   1.76927389e-10
    47       3   4.20697172e-14   0.00000000e+00
    48       1   5.20783477e-01   1.92781330e-02
    48       2   4.80283008e-05   1.64399504e-10
    48       3   6.04890221e-14   0.00000000e+00
    49       1   1.02946947e+00   1.77885968e-02
    49       2   9.17181396e-05   1.52035601e-10
    49       3   1.15673586e-13   0.00000000e+00
    50       1   5.80093057e+03   1.63164723e-02
    50       2   9.88099857e-01   1.39813510e-10
    50       3   1.24956354e-09   0.00000000e+00
    50       4   0.00000000e+00   0.00000000e+00
    51       1   9.99910531e-01   1.48588748e-02
    51       2   8.19163247e-05   1.27706591e-10
    51       3   1.03633194e-13   0.00000000e+00
    52       1   4.91444609e-01   1.34129885e-02
    52       2   3.82226546e-05   1.15696174e-10
    52       3   4.84274739e-14   0.00000000e+00
    53       1   3.21355482e-01   1.19760446e-02
    53       2   2.35204119e-05   1.03755869e-10
    53       3   2.97983368e-14   0.00000000e+00
    54       1   2.35856933e-01   1.05453001e-02
    54       2   1.60617415e-05   9.18560897e-11
    54       3   2.02590996e-14   0.00000000e+00
    55       1   1.84183445e-01   9.11801605e-03
    55       2   1.14964095e-05   7.99814826e-11
    55       3   1.44789858e-14   0.00000000e+00
    56       1   1.49411125e-01   7.69143623e-03
    56       2   8.37396560e-06   6.81154824e-11
    56       3   1.05729701e-14   0.00000000e+00
    57       1   1.24285619e-01   6.26276467e-03
    57       2   6.07246332e-06   5.62273355e-11
    57       3   7.93624986e-15   0.00000000e+00
    58       1   1.05178686e-01   4.82914244e-03
    58       2   4.28061888e-06   4.42942843e-11
    58       3   5.46273533e-15   0.00000000e+00
    59       1   9.00736285e-02   3.38762275e-03
    59       2   2.82518993e-06   3.22897405e-11
    59       3   3.64518072e-15   0.00000000e+00
    60       1   7.77594343e-02   1.93514414e-03
    60       2   1.60192176e-06   2.01886415e-11
    60       3   2.13928840e-15   0.00000000e+00
    61       1   6.74644508e-02   4.68501201e-04
    61       2   5.44154179e-07   7.96938771e-12
    61       3   7.12486989e-16   0.00000000e+00
    62       1   5.86732073e-02   1.01568798e-03
    62       2   3.92880272e-07   4.39428520e-12
    62       3   2.68273132e-16   0.00000000e+00
    63       1   5.10277612e-02   2.52101830e-03
    63       2   1.24051679e-06   1.69445177e-11
    63       3   1.52750063e-15   0.00000000e+00
    64       1   4.42713049e-02   4.05133890e-03
    64       2   2.02149915e-06   2.97010684e-11
    64       3   2.43312206e-15   0.00000000e+00
    65       1   3.82143090e-02   5.61080053e-03
    65       2   2.75289114e-06   4.27067452e-11
    65       3   3.27618975e-15   0.00000000e+00
    66       1   3.27133363e-02   7.20391011e-03
    66       2   3.44790415e-06   5.59922874e-11
    66       3   4.30079077e-15   0.00000000e+00
    67       1   2.76573071e-02   8.83559434e-03
    67       2   4.11708869e-06   6.96055527e-11
    67       3   5.06220953e-15   0.00000000e+00
    68       1   2.29583101e-02   1.05112743e-02
    68       2   4.76913914e-06   8.35865759e-11
    68       3   6.02117620e-15   0.00000000e+00
    69       1   1.85452792e-02   1.22369536e-02
    69       2   5.41145628e-06   9.79897959e-11
    69       3   6.75369123e-15   0.00000000e+00
    70       1   1.43595234e-02   1.40193239e-02
    70       2   6.05055529e-06   1.12865585e-10
    70       3   7.28073409e-15   0.00000000e+00
    71       1   1.03514840e-02   1.58658904e-02
    71       2   6.69237366e-06   1.28281967e-10
    71       3   8.44051709e-15   0.00000000e+00
    72       1   6.47831557e-03   1.77851249e-02
    72       2   7.34251512e-06   1.44305200e-10
    72       3   8.79483739e-15   0.00000000e+00
    73       1   2.70202443e-03   1.97866516e-02
    73       2   8.00645375e-06   1.61019541e-10
    73       3   9.79088740e-15   0.00000000e+00
    74       1   1.01201517e-03   2.18814747e-02
    74       2   8.68971619e-06   1.78516979e-10
    74       3   1.12299811e-14   0.00000000e+00
    75       1   4.69629811e-03   2.40822612e-02
    75       2   9.39805587e-06   1.96900155e-10
    75       3   1.18980297e-14   0.00000000e+00
    76       1   8.38227487e-03   2.64036926e-02
    76       2   1.01376314e-05   2.16293527e-10
    76       3   1.30319200e-14   0.00000000e+00
    77       1   1.21013663e-02   2.88629093e-02
    77       2   1.09152009e-05   2.36842286e-10
    77       3   1.36081937e-14   0.00000000e+00
    78       1   1.58859765e-02   3.14800740e-02
    78       2   1.17383460e-05   2.58710401e-10
    78       3   1.44622514e-14   0.00000000e+00
    79       1   1.97705737e-02   3.42790969e-02
    79       2   1.26157401e-05   2.82100645e-10
    79       3   1.58324036e-14   0.00000000e+00
    80       1   2.37929170e-02   3.72885777e-02
    80       2   1.35574823e-05   3.07252990e-10
    80       3   1.68750013e-14   0.00000000e+00
    81       1   2.79955250e-02   4.05430445e-02
    81       2   1.45755245e-05   3.34454533e-10
    81       3   1.82601821e-14   0.00000000e+00
    82       1   3.24275149e-02   4.40846048e-02
    82       2   1.56842299e-05   3.64061980e-10
    82       3   1.94411443e-14   0.00000000e+00
    83       1   3.71469888e-02   4.79651798e-02
    83       2   1.69011210e-05   3.96500803e-10
    83       3   2.10183828e-14   0.00000000e+00
    84       1   4.22242322e-02   5.22495756e-02
    84       2   1.82478998e-05   4.32318973e-10
    84       3   2.26696124e-14   0.00000000e+00
    85       1   4.77461183e-02   5.70197819e-02
    85       2   1.97518706e-05   4.72202105e-10
    85       3   2.46855782e-14   0.00000000e+00
    86       1   5.38223380e-02   6.23811135e-02
    86       2   2.14479672e-05   5.17027773e-10
    86       3   2.68573419e-14   0.00000000e+00
    87       1   6.05944503e-02   6.84711853e-02
    87       2   2.33817104e-05   5.67948974e-10
    87       3   2.90806070e-14   0.00000000e+00
    88       1   6.82494096e-02   7.54733747e-02
    88       2   2.56136410e-05   6.26501668e-10
    88       3   3.20203777e-14   0.00000000e+00
    89       1   7.70404277e-02   8.36376261e-02
    89       2   2.82261660e-05   6.94772834e-10
    89       3   3.53441352e-14   0.00000000e+00
    90       1   8.73203131e-02   9.33137372e-02
    90       2   3.13345097e-05   7.75683791e-10
    90       3   3.89888404e-14   0.00000000e+00
    91       1   9.95970003e-02   1.05006836e-01
    91       2   3.51049619e-05   8.73470085e-10
    91       3   4.38961172e-14   0.00000000e+00
    92       1   1.14630690e-01   1.19474463e-01
    92       2   3.97868088e-05   9.94459091e-10
    92       3   4.99548307e-14   0.00000000e+00
    93       1   1.33614219e-01   1.37906861e-01
    93       2   4.57716286e-05   1.14860585e-09
    93       3   5.71452385e-14   0.00000000e+00
    94       1   1.58533767e-01   1.62287550e-01
    94       2   5.37118774e-05   1.35249889e-09
    94       3   6.74020600e-14   0.00000000e+00
    95       1   1.92962376e-01   1.96186566e-01
    95       2   6.47817664e-05   1.63599894e-09
    95       3   8.11191970e-14   0.00000000e+00
    96       1   2.44043719e-01   2.46743467e-01
    96       2   8.13294189e-05   2.05880960e-09
    96       3   1.01687260e-13   0.00000000e+00
    97       1   3.28443366e-01   3.30616004e-01
    97       2   1.08833204e-04   2.76024553e-09
    97       3   1.36106658e-13   0.00000000e+00
    98       1   4.96153941e-01   4.97772307e-01
    98       2   1.63726140e-04   4.15819496e-09
    98       3   2.04709711e-13   0.00000000e+00
    99       1   9.97133031e-01   9.97996779e-01
    99       2   3.28151923e-04   8.34164136e-09
    99       3   4.10907546e-13   0.00000000e+00
   100       1   7.18915650e+04   3.61624342e+03
   100       2   1.04416557e+00   3.02440845e-05
   100       3   1.30729786e-09   8.97300571e-15
   100       4   0.00000000e+00   0.00000000e+00
   101       1   1.00031505e+00   1.00027660e+00
   101       2   3.29211242e-04   8.37021132e-09
   101       3   4.12492500e-13   0.00000000e+00
   102       1   4.99358278e-01   4.99637204e-01
   102       2   1.64630615e-04   4.18329087e-09
   102       3   2.06102199e-13   0.00000000e+00
   103       1   3.31654018e-01   3.32403522e-01
   103       2   1.09709676e-04   2.78468943e-09
   103       3   1.37614716e-13   0.00000000e+00
   104       1   2.47259171e-01   2.48503261e-01
   104       2   8.21968877e-05   2.08301810e-09
   104       3   1.02928364e-13   0.00000000e+00
   105       1   1.96182918e-01   1.97932820e-01
   105       2   6.56459513e-05   1.66008703e-09
   105       3   8.23828223e-14   0.00000000e+00
   106       1   1.61760150e-01   1.64025697e-01
   106       2   5.45752262e-05   1.37651376e-09
   106       3   6.84598088e-14   0.00000000e+00
   107       1   1.36847374e-01   1.39639330e-01
   107       2   4.66354742e-05   1.17256218e-09
   107       3   5.85756509e-14   0.00000000e+00
   108       1   1.17871645e-01   1.21202429e-01
   108       2   4.06520256e-05   1.01836556e-09
   108       3   5.11017354e-14   0.00000000e+00
   109       1   1.02846853e-01   1.06730872e-01
   109       2   3.59722125e-05   8.97335423e-10
   109       3   4.51297585e-14   0.00000000e+00
   110       1   9.05802265e-02   9.50340944e-02
   110       2   3.22043532e-05   7.99506013e-10
   110       3   4.02969761e-14   0.00000000e+00
   111       1   8.03116272e-02   8.53543739e-02
   111       2   2.90991116e-05   7.18548211e-10
   111       3   3.65469925e-14   0.00000000e+00
   112       1   7.15331901e-02   7.71864693e-02
   112       2   2.64901772e-05   6.50231016e-10
   112       3   3.29776932e-14   0.00000000e+00
   113       1   6.38921824e-02   7.01805087e-02
   113       2   2.42623224e-05   5.91630307e-10
   113       3   3.05731508e-14   0.00000000e+00
   114       1   5.71354778e-02   6.40864964e-02
   114       2   2.23331492e-05   5.40656032e-10
   114       3   2.81238858e-14   0.00000000e+00
   115       1   5.10762182e-02   5.87210177e-02
   115       2   2.06421346e-05   4.95773815e-10
   115       3   2.58873358e-14   0.00000000e+00
   116       1   4.55729534e-02   5.39464283e-02
   116       2   1.91437833e-05   4.55833908e-10
   116       3   2.40712411e-14   0.00000000e+00
   117       1   4.05161163e-02   4.96573896e-02
   117       2   1.78031936e-05   4.19950599e-10
   117       3   2.24853637e-14   0.00000000e+00
   118       1   3.58189747e-02   4.57718913e-02
   118       2   1.65931002e-05   3.87444801e-10
   118       3   2.07376982e-14   0.00000000e+00
   119       1   3.14114038e-02   4.22251087e-02
   119       2   1.54918475e-05   3.57769252e-10
   119       3   1.94018384e-14   0.00000000e+00
   120       1   2.72354849e-02   3.89651033e-02
   120       2   1.44819672e-05   3.30489935e-10
   120       3   1.82075629e-14   0.00000000e+00
   121       1   2.32423117e-02   3.59497502e-02
   121       2   1.35491590e-05   3.05256795e-10
   121       3   1.73508468e-14   0.00000000e+00
   122       1   1.93896078e-02   3.31445047e-02
   122       2   1.26815441e-05   2.81779437e-10
   122       3   1.61639046e-14   0.00000000e+00
   123       1   1.56398937e-02   3.05207498e-02
   123       2   1.18691084e-05   2.59820435e-10
   123       3   1.52832144e-14   0.00000000e+00
   124       1   1.19590254e-02   2.80545574e-02
   124       2   1.11032773e-05   2.39176507e-10
   124       3   1.40663214e-14   0.00000000e+00
   125       1   8.31497649e-03   2.57257464e-02
   125       2   1.03765849e-05   2.19683445e-10
   125       3   1.33340857e-14   0.00000000e+00
   126       1   4.67676812e-03   2.35171570e-02
   126       2   9.68240839e-06   2.01189732e-10
   126       3   1.22509419e-14   0.00000000e+00
   127       1   1.01347011e-03   2.14140868e-02
   127       2   9.01474883e-06   1.83581074e-10
   127       3   1.12187499e-14   0.00000000e+00
   128       1   2.70679598e-03   1.94038472e-02
   128       2   8.36804214e-06   1.66746179e-10
   128       3   1.04310865e-14   0.00000000e+00
   129       1   6.51792067e-03   1.74754103e-02
   129       2   7.73698762e-06   1.50593213e-10
   129       3   9.67569346e-15   0.00000000e+00
   130       1   1.04570137e-02   1.56191271e-02
   130       2   7.11638288e-06   1.35042356e-10
   130       3   9.15288177e-15   0.00000000e+00
   131       1   1.45658493e-02   1.38264988e-02
   131       2   6.50095365e-06   1.20019528e-10
   131       3   8.44205603e-15   0.00000000e+00
   132       1   1.88926752e-02   1.20899913e-02
   132       2   5.88516558e-06   1.05471494e-10
   132       3   7.52639972e-15   0.00000000e+00
   133       1   2.34945611e-02   1.04028820e-02
   133       2   5.26300211e-06   9.13297836e-11
   133       3   6.60280262e-15   0.00000000e+00
   134       1   2.84405453e-02   8.75913373e-03
   134       2   4.62768618e-06   7.75520266e-11
   134       3   5.99838219e-15   0.00000000e+00
   135       1   3.38159681e-02   7.15328933e-03
   135       2   3.97131407e-06   6.40863083e-11
   135       3   5.26521050e-15   0.00000000e+00
   136       1   3.97286021e-02   5.58038308e-03
   136       2   3.28435237e-06   5.08961584e-11
   136       3   4.25787283e-15   0.00000000e+00
   137       1   4.63175568e-02   4.03586582e-03
   137       2   2.55492038e-06   3.79422913e-11
   137       3   3.30950173e-15   0.00000000e+00
   138       1   5.37665887e-02   2.51554112e-03
   138       2   1.76772926e-06   2.51854643e-11
   138       3   2.28025480e-15   0.00000000e+00
   139       1   6.23246293e-02   1.01551022e-03
   139       2   9.02456415e-07   1.25980445e-11
   139       3   1.28243277e-15   0.00000000e+00
   140       1   7.23385889e-02   4.67875555e-04
   140       2   6.88426868e-08   1.46891318e-13
   140       3   1.52800229e-16   0.00000000e+00
   141       1   8.43079944e-02   1.93805662e-03
   141       2   1.18603654e-06   1.21950787e-11
   141       3   1.49114082e-15   0.00000000e+00
   142       1   9.89805685e-02   3.39830205e-03
   142       2   2.50843491e-06   2.44567952e-11
   142       3   2.91329897e-15   0.00000000e+00
   143       1   1.17529695e-01   4.85174267e-03
   143       2   4.12873847e-06   3.66687244e-11
   143       3   4.88352700e-15   0.00000000e+00
   144       1   1.41909302e-01   6.30140097e-03
   144       2   6.20092649e-06   4.88482065e-11
   144       3   7.66770170e-15   0.00000000e+00
   145       1   1.75634527e-01   7.75021863e-03
   145       2   9.00159497e-06   6.10250841e-11
   145       3   1.10630459e-14   0.00000000e+00
   146       1   2.25733172e-01   9.20108212e-03
   146       2   1.30832762e-05   7.32225125e-11
   146       3   1.59038972e-14   0.00000000e+00
   147       1   3.08599316e-01   1.06568470e-02
   147       2   1.97343195e-05   8.54637824e-11
   147       3   2.40974317e-14   0.00000000e+00
   148       1   4.73402748e-01   1.21203610e-02
   148       2   3.28179566e-05   9.77761310e-11
   148       3   4.05069012e-14   0.00000000e+00
   149       1   9.65875832e-01   1.35944871e-02
   149       2   7.16386656e-05   1.10182326e-10
   149       3   8.91428653e-14   0.00000000e+00
   150       1   1.74662445e+03   1.50821260e-02
   150       2   1.20668351e-01   1.22704580e-10
   150       3   1.49420974e-10   0.00000000e+00
   150       4   0.00000000e+00   0.00000000e+00
   151       1   1.00063135e+00   1.65862393e-02
   151       2   8.26199610e-05   1.35367951e-10
   151       3   1.02810392e-13   0.00000000e+00
   152       1   5.07373204e-01   1.81098726e-02
   152       2   4.37402642e-05   1.48207501e-10
   152       3   5.44404897e-14   0.00000000e+00
   153       1   3.42493677e-01   1.96561808e-02
   153       2   3.06684894e-05   1.61237716e-10
   153       3   3.80894051e-14   0.00000000e+00
   154       1   2.59683252e-01   2.12284536e-02
   154       2   2.40486809e-05   1.74493655e-10
   154       3   2.99705615e-14   0.00000000e+00
   155       1   2.09701538e-01   2.28301440e-02
   155       2   2.00114301e-05   1.88000506e-10
   155       3   2.47362881e-14   0.00000000e+00
   156       1   1.76137618e-01   2.44648988e-02
   156       2   1.72670549e-05   2.01796084e-10
   156       3   2.15332141e-14   0.00000000e+00
   157       1   1.51958567e-01   2.61365918e-02
   157       2   1.52627801e-05   2.15907168e-10
   157       3   1.90765747e-14   0.00000000e+00
   158       1   1.33647821e-01   2.78493617e-02
   158       2   1.37221418e-05   2.30365995e-10
   158       3   1.70922934e-14   0.00000000e+00
   159       1   1.19251539e-01   2.96076532e-02
   159       2   1.24914769e-05   2.45220421e-10
   159       3   1.56762735e-14   0.00000000e+00
   160       1   1.07597211e-01   3.14162645e-02
   160       2   1.14785241e-05   2.60509692e-10
   160       3   1.42117696e-14   0.00000000e+00
   161       1   9.79385062e-02   3.32804009e-02
   161       2   1.06245165e-05   2.76271424e-10
   161       3   1.32206522e-14   0.00000000e+00
   162       1   8.97776940e-02   3.52057364e-02
   162       2   9.89022868e-06   2.92562215e-10
   162       3   1.20338515e-14   0.00000000e+00
   163       1   8.27700367e-02   3.71984842e-02
   163       2   9.24846301e-06   3.09434952e-10
   163       3   1.13723934e-14   0.00000000e+00
   164       1   7.66691515e-02   3.92654791e-02
   164       2   8.67975643e-06   3.26945121e-10
   164       3   1.08094132e-14   0.00000000e+00
   165       1   7.12942297e-02   4.14142730e-02
   165       2   8.16980415e-06   3.45156629e-10
   165       3   1.01822585e-14   0.00000000e+00
   166       1   6.65095483e-02   4.36532479e-02
   166       2   7.70784928e-06   3.64144107e-10
   166       3   9.63898922e-15   0.00000000e+00
   167       1   6.22112122e-02   4.59917479e-02
   167       2   7.28564077e-06   3.83994070e-10
   167       3   9.16494912e-15   0.00000000e+00
   168       1   5.83183150e-02   4.84402366e-02
   168       2   6.89673849e-06   4.04789129e-10
   168       3   8.63052425e-15   0.00000000e+00
   169       1   5.47668917e-02   5.10104856e-02
   169       2   6.53603768e-06   4.26626950e-10
   169       3   8.15791059e-15   0.00000000e+00
   170       1   5.15056837e-02   5.37157990e-02
   170       2   6.19943593e-06   4.49641795e-10
   170       3   8.05577074e-15   0.00000000e+00
   171       1   4.84931147e-02   5.65712870e-02
   171       2   5.88359522e-06   4.73945163e-10
   171       3   7.46345152e-15   0.00000000e+00
   172       1   4.56950907e-02   5.95941968e-02
   172       2   5.58576878e-06   4.99695341e-10
   172       3   6.92994961e-15   0.00000000e+00
   173       1   4.30833725e-02   6.28043192e-02
   173       2   5.30367301e-06   5.27069993e-10
   173       3   6.63141918e-15   0.00000000e+00
   174       1   4.06343567e-02   6.62244896e-02
   174       2   5.03539142e-06   5.56256749e-10
   174       3   6.36198776e-15   0.00000000e+00
   175       1   3.83281471e-02   6.98812114e-02
   175       2   4.77930147e-06   5.87496549e-10
   175       3   6.11817380e-15   0.00000000e+00
   176       1   3.61478410e-02   7.38054379e-02
   176       2   4.53401828e-06   6.21063279e-10
   176       3   5.73323505e-15   0.00000000e+00
   177       1   3.40789739e-02   7.80335621e-02
   177       2   4.29835081e-06   6.57265533e-10
   177       3   5.37965105e-15   0.00000000e+00
   178       1   3.21090822e-02   8.26086811e-02
   178       2   4.07126734e-06   6.96490062e-10
   178       3   5.05379140e-15   0.00000000e+00
   179       1   3.02273569e-02   8.75822295e-02
   179       2   3.85186807e-06   7.39182003e-10
   179       3   4.90104752e-15   0.00000000e+00
   180       1   2.84243655e-02   9.30161137e-02
   180       2   3.63936316e-06   7.85900966e-10
   180       3   4.47316443e-15   0.00000000e+00
   181       1   2.66918279e-02   9.89855349e-02
   181       2   3.43305490e-06   8.37301931e-10
   181       3   4.21333785e-15   0.00000000e+00
   182       1   2.50224339e-02   1.05582776e-01
   182       2   3.23232332e-06   8.94206737e-10
   182       3   4.10792316e-15   0.00000000e+00
   183       1   2.34096932e-02   1.12922360e-01
   183       2   3.03661425e-06   9.57636384e-10
   183       3   3.87804445e-15   0.00000000e+00
   184       1   2.18478122e-02   1.21148194e-01
   184       2   2.84542946e-06   1.02887421e-09
   184       3   3.79332846e-15   0.00000000e+00
   185       1   2.03315909e-02   1.30443651e-01
   185       2   2.65831852e-06   1.10956587e-09
   185       3   3.20363270e-15   0.00000000e+00
   186       1   1.88563370e-02   1.41046105e-01
   186       2   2.47487190e-06   1.20184039e-09
   186       3   3.01750243e-15   0.00000000e+00
   187       1   1.74177932e-02   1.53268395e-01
   187       2   2.29471516e-06   1.30852329e-09
   187       3   2.84141138e-15   0.00000000e+00
   188       1   1.60120759e-02   1.67531390e-01
   188       2   2.11750404e-06   1.43344208e-09
   188       3   2.55279689e-15   0.00000000e+00
   189       1   1.46356226e-02   1.84414980e-01
   189       2   1.94292020e-06   1.58188444e-09
   189       3   2.39565715e-15   0.00000000e+00
   190       1   1.32851467e-02   2.04740918e-01
   190       2   1.77066761e-06   1.76139510e-09
   190       3   2.12745121e-15   0.00000000e+00
   191       1   1.19575986e-02   2.29713343e-01
   191       2   1.60046938e-06   1.98312038e-09
   191       3   2.10201537e-15   0.00000000e+00
   192       1   1.06501315e-02   2.61169887e-01
   192       2   1.43206496e-06   2.26419687e-09
   192       3   1.73302634e-15   0.00000000e+00
   193       1   9.36007139e-03   3.02059888e-01
   193       2   1.26520772e-06   2.63242856e-09
   193       3   1.60235344e-15   0.00000000e+00
   194       1   8.08489051e-03   3.57430809e-01
   194       2   1.09966277e-06   3.13597699e-09
   194       3   1.47587174e-15   0.00000000e+00
   195       1   6.82218361e-03   4.36684718e-01
   195       2   9.35204996e-07   3.86592215e-09
   195       3   1.12754188e-15   0.00000000e+00
   196       1   5.56964630e-03   5.59516357e-01
   196       2   7.71617258e-07   5.01678540e-09
   196       3   1.00913646e-15   0.00000000e+00
   197       1   4.32505534e-03   7.75046313e-01
   197       2   6.08688762e-07   7.08636395e-09
   197       3   7.81489725e-16   0.00000000e+00
   198       1   3.08625036e-03   1.24725320e+00
   198       2   4.46213519e-07   1.17985575e-08
   198       3   5.56484428e-16   0.00000000e+00
   199       1   1.85111660e-03   2.99526135e+00
   199       2   2.83988896e-07   3.05363314e-08
   199       3   4.44363575e-16   0.00000000e+00
   200       1   6.17568544e-04   3.28423952e+04
   200       2   1.21814222e-07   4.54942734e-04
   200       3   2.22044602e-16   0.00000000e+00
   201       1   6.16466049e-04   1.00003054e+00
   201       2   4.05105693e-08   2.85923037e-09
   201       3   0.00000000e+00   0.00000000e+00
   202       1   1.85306182e-03   7.49999563e-01
   202       2   2.03186287e-07   4.90082230e-09
   202       3   3.33889720e-16   0.00000000e+00
   203       1   3.09431153e-03   5.55187977e-01
   203       2   3.66415837e-07   4.03655749e-09
   203       3   4.46563675e-16   0.00000000e+00
   204       1   4.34234208e-03   4.36745756e-01
   204       2   5.30405606e-07   3.31374234e-09
   204       3   6.72753854e-16   0.00000000e+00
   205       1   5.59933108e-03   3.58851720e-01
   205       2   6.95366901e-07   2.78623690e-09
   205       3   9.02027140e-16   0.00000000e+00
   206       1   6.86752427e-03   3.04008285e-01
   206       2   8.61517469e-07   2.39490531e-09
   206       3   1.02174868e-15   0.00000000e+00
   207       1   8.14925411e-03   2.63356050e-01
   207       2   1.02908311e-06   2.09552978e-09
   207       3   1.25897947e-15   0.00000000e+00
   208       1   9.44695986e-03   2.32018984e-01
   208       2   1.19829945e-06   1.85981107e-09
   208       3   1.38640525e-15   0.00000000e+00
   209       1   1.07632096e-02   2.07111846e-01
   209       2   1.36941383e-06   1.66958343e-09
   209       3   1.51810262e-15   0.00000000e+00
   210       1   1.21007246e-02   1.86824116e-01
   210       2   1.54268748e-06   1.51284745e-09
   210       3   1.89104048e-15   0.00000000e+00
   211       1   1.34624064e-02   1.69964265e-01
   211       2   1.71839786e-06   1.38141533e-09
   211       3   2.03627609e-15   0.00000000e+00
   212       1   1.48513678e-02   1.55716861e-01
   212       2   1.89684135e-06   1.26954253e-09
   212       3   2.30963291e-15   0.00000000e+00
   213       1   1.62709677e-02   1.43505381e-01
   213       2   2.07833633e-06   1.17307881e-09
   213       3   2.34720800e-15   0.00000000e+00
   214       1   1.77248511e-02   1.32910846e-01
   214       2   2.26322665e-06   1.08897312e-09
   214       3   2.76598648e-15   0.00000000e+00
   215       1   1.92169961e-02   1.23621522e-01
   215       2   2.45188571e-06   1.01491473e-09
   215       3   3.20356081e-15   0.00000000e+00
   216       1   2.07517672e-02   1.15400707e-01
   216       2   2.64472111e-06   9.49131670e-10
   216       3   3.40083298e-15   0.00000000e+00
   217       1   2.23339792e-02   1.08065449e-01
   217       2   2.84218021e-06   8.90247916e-10
   217       3   3.47677723e-15   0.00000000e+00
   218       1   2.39689716e-02   1.01472115e-01
   218       2   3.04475655e-06   8.37169441e-10
   218       3   3.83395510e-15   0.00000000e+00
   219       1   2.56626976e-02   9.55063631e-02
   219       2   3.25299760e-06   7.89021104e-10
   219       3   4.07277237e-15   0.00000000e+00
   220       1   2.74218296e-02   9.00760356e-02
   220       2   3.46751390e-06   7.45102573e-10
   220       3   4.18444073e-15   0.00000000e+00
   221       1   2.92538872e-02   8.51060184e-02
   221       2   3.68899006e-06   7.04820014e-10
   221       3   4.90088234e-15   0.00000000e+00
   222       1   3.11673910e-02   8.05344685e-02
   222       2   3.91819816e-06   6.67696959e-10
   222       3   4.74733085e-15   0.00000000e+00
   223       1   3.31720514e-02   7.63099986e-02
   223       2   4.15601393e-06   6.33341441e-10
   223       3   5.37944618e-15   0.00000000e+00
   224       1   3.52789997e-02   7.23895482e-02
   224       2   4.40343675e-06   6.01405037e-10
   224       3   5.56920314e-15   0.00000000e+00
   225       1   3.75010743e-02   6.87367535e-02
   225       2   4.66161427e-06   5.71605864e-10
   225       3   5.77802730e-15   0.00000000e+00
   226       1   3.98531790e-02   6.53206858e-02
   226       2   4.93187328e-06   5.43707575e-10
   226       3   6.53841194e-15   0.00000000e+00
   227       1   4.23527331e-02   6.21148629e-02
   227       2   5.21575843e-06   5.17488608e-10
   227       3   6.44690163e-15   0.00000000e+00
   228       1   4.50202445e-02   5.90964686e-02
   228       2   5.51508149e-06   4.92774177e-10
   228       3   7.12208302e-15   0.00000000e+00
   229       1   4.78800466e-02   5.62457302e-02
   229       2   5.83198469e-06   4.69412489e-10
   229       3   7.26134124e-15   0.00000000e+00
   230       1   5.09612553e-02   5.35454179e-02
   230       2   6.16902287e-06   4.47259847e-10
   230       3   7.84332292e-15   0.00000000e+00
   231       1   5.42990272e-02   5.09804387e-02
   231       2   6.52927158e-06   4.26196117e-10
   231       3   8.15740842e-15   0.00000000e+00
   232       1   5.79362384e-02   4.85375060e-02
   232       2   6.91647107e-06   4.06120494e-10
   232       3   8.62995829e-15   0.00000000e+00
   233       1   6.19257535e-02   4.62048664e-02
   233       2   7.33522101e-06   3.86934515e-10
   233       3   9.03876927e-15   0.00000000e+00
   234       1   6.63335465e-02   4.39720751e-02
   234       2   7.79124809e-06   3.68553641e-10
   234       3   9.63826780e-15   0.00000000e+00
   235       1   7.12430681e-02   4.18298078e-02
   235       2   8.29178058e-06   3.50904782e-10
   235       3   1.04682425e-14   0.00000000e+00
   236       1   7.67614850e-02   3.97697040e-02
   236       2   8.84608313e-06   3.33923171e-10
   236       3   1.09628870e-14   0.00000000e+00
   237       1   8.30287976e-02   3.77842342e-02
   237       2   9.46623836e-06   3.17543822e-10
   237       3   1.18730099e-14   0.00000000e+00
   238       1   9.02315156e-02   3.58665881e-02
   238       2   1.01683189e-05   3.01717502e-10
   238       3   1.27618853e-14   0.00000000e+00
   239       1   9.86237923e-02   3.40105786e-02
   239       2   1.09741984e-05   2.86387013e-10
   239       3   1.38200661e-14   0.00000000e+00
   240       1   1.08561237e-01   3.22105602e-02
   240       2   1.19144490e-05   2.71511121e-10
   240       3   1.48761431e-14   0.00000000e+00
   241       1   1.20557265e-01   3.04613584e-02
   241       2   1.30331696e-05   2.57047838e-10
   241       3   1.65449548e-14   0.00000000e+00
   242       1   1.35381717e-01   2.87582084e-02
   242       2   1.43964347e-05   2.42958943e-10
   242       3   1.80783820e-14   0.00000000e+00
   243       1   1.54243978e-01   2.70967018e-02
   243       2   1.61079847e-05   2.29202411e-10
   243       3   2.05404879e-14   0.00000000e+00
   244       1   1.79159238e-01   2.54727399e-02
   244       2   1.83406031e-05   2.15754021e-10
   244       3   2.28745029e-14   0.00000000e+00
   245       1   2.13754186e-01   2.38824920e-02
   245       2   2.14051428e-05   2.02578157e-10
   245       3   2.67135517e-14   0.00000000e+00
   246       1   2.65281169e-01   2.23223590e-02
   246       2   2.59230783e-05   1.89651145e-10
   246       3   3.24709219e-14   0.00000000e+00
   247       1   3.50660115e-01   2.07889400e-02
   247       2   3.33441056e-05   1.76932749e-10
   247       3   4.24603075e-14   0.00000000e+00
   248       1   5.20642832e-01   1.92790025e-02
   248       2   4.80161794e-05   1.64406451e-10
   248       3   6.04717863e-14   0.00000000e+00
   249       1   1.02890839e+00   1.77894546e-02
   249       2   9.16699995e-05   1.52042980e-10
   249       3   1.15762396e-13   0.00000000e+00
   250       1   2.69331504e+03   1.63173201e-02
   250       2   1.87494471e-01   1.39823684e-10
   250       3   2.36929910e-10   0.00000000e+00
   250       4   0.00000000e+00   0.00000000e+00
   251       1   1.00047178e+00   1.48597141e-02
   251       2   8.19644911e-05   1.27714549e-10
   251       3   1.03689358e-13   0.00000000e+00
   252       1   4.91585283e-01   1.34138210e-02
   252       2   3.82347852e-05   1.15701852e-10
   252       3   4.84403164e-14   0.00000000e+00
   253       1   3.21418293e-01   1.19768720e-02
   253       2   2.35258743e-05   1.03756480e-10
   253       3   2.98034805e-14   0.00000000e+00
   254       1   2.35892502e-01   1.05461238e-02
   254       2   1.60648732e-05   9.18632521e-11
   254       3   2.02616536e-14   0.00000000e+00
   255       1   1.84206413e-01   9.11883772e-03
   255       2   1.14984649e-05   7.99888850e-11
   255       3   1.46170110e-14   0.00000000e+00
   256       1   1.49427256e-01   7.69225742e-03
   256       2   8.37543872e-06   6.81218273e-11
   256       3   1.06900004e-14   0.00000000e+00
   257       1   1.24297634e-01   6.26358701e-03
   257       2   6.07358757e-06   5.62338301e-11
   257       3   7.73326065e-15   0.00000000e+00
   258       1   1.05188036e-01   4.82996756e-03
   258       2   4.28151884e-06   4.42980527e-11
   258       3   5.46303456e-15   0.00000000e+00
   259       1   9.00811590e-02   3.38845235e-03
   259       2   2.82593822e-06   3.22953107e-11
   259       3   3.64535022e-15   0.00000000e+00
   260       1   7.77656694e-02   1.93598000e-03
   260       2   1.60256366e-06   2.01997831e-11
   260       3   2.13937341e-15   0.00000000e+00
   261       1   6.74697341e-02   4.69345168e-04
   261       2   5.44719472e-07   7.97948903e-12
   261       3   7.12511266e-16   0.00000000e+00
   262       1   5.86777734e-02   1.01483395e-03
   262       2   3.92371087e-07   4.38793205e-12
   262       3   5.36561943e-16   0.00000000e+00
   263       1   5.10317761e-02   2.52015211e-03
   263       2   1.24004906e-06   1.69345133e-11
   263       3   1.52753881e-15   0.00000000e+00
   264       1   4.42748897e-02   4.05045832e-03
   264       2   2.02106201e-06   2.96937456e-11
   264       3   2.55483243e-15   0.00000000e+00
   265       1   3.82175542e-02   5.60990314e-03
   265       2   2.75247628e-06   4.26961036e-11
   265       3   3.39325716e-15   0.00000000e+00
   266       1   3.27163115e-02   7.20299329e-03
   266       2   3.44750500e-06   5.59848672e-11
   266       3   4.30085439e-15   0.00000000e+00
   267       1   2.76600669e-02   8.83465520e-03
   267       2   4.11669990e-06   6.95975079e-11
   267       3   5.06227005e-15   0.00000000e+00
   268       1   2.29608983e-02   1.05103097e-02
   268       2   4.76875617e-06   8.35799558e-11
   268       3   6.23627625e-15   0.00000000e+00
   269       1   1.85477316e-02   1.22359600e-02
   269       2   5.41107520e-06   9.79797341e-11
   269       3   6.54268292e-15   0.00000000e+00
   270       1   1.43618702e-02   1.40182973e-02
   270       2   6.05017250e-06   1.12859184e-10
   270       3   7.48878822e-15   0.00000000e+00
   271       1   1.03537511e-02   1.58648264e-02
   271       2   6.69198582e-06   1.28274601e-10
   271       3   8.02880171e-15   0.00000000e+00
   272       1   6.48052576e-03   1.77840186e-02
   272       2   7.34211897e-06   1.44299497e-10
   272       3   9.20389879e-15   0.00000000e+00
   273       1   2.70419837e-03   1.97854972e-02
   273       2   8.00604602e-06   1.61012921e-10
   273       3   1.01988179e-14   0.00000000e+00
   274       1   1.00985819e-03   2.18802657e-02
   274       2   8.68929351e-06   1.78508026e-10
   274       3   1.08215703e-14   0.00000000e+00
   275       1   4.69413953e-03   2.40809901e-02
   275       2   9.39761463e-06   1.96889892e-10
   275       3   1.18979516e-14   0.00000000e+00
   276       1   8.38009625e-03   2.64023506e-02
   276       2   1.01371676e-05   2.16284963e-10
   276       3   1.26180981e-14   0.00000000e+00
   277       1   1.20991487e-02   2.88614862e-02
   277       2   1.09147103e-05   2.36825940e-10
   277       3   1.38173997e-14   0.00000000e+00
   278       1   1.58837000e-02   3.14785575e-02
   278       2   1.17378235e-05   2.58699409e-10
   278       3   1.46747384e-14   0.00000000e+00
   279       1   1.97682164e-02   3.42774727e-02
   279       2   1.26151798e-05   2.82089537e-10
   279       3   1.53984008e-14   0.00000000e+00
   280       1   2.37904545e-02   3.72868285e-02
   280       2   1.35568775e-05   3.07240871e-10
   280       3   1.68746997e-14   0.00000000e+00
   281       1   2.79929294e-02   4.05411492e-02
   281       2   1.45748670e-05   3.34442454e-10
   281       3   1.82598096e-14   0.00000000e+00
   282       1   3.24247532e-02   4.40825377e-02
   282       2   1.56835099e-05   3.64044645e-10
   282       3   1.94406958e-14   0.00000000e+00
   283       1   3.71440215e-02   4.79629090e-02
   283       2   1.69003262e-05   3.96482428e-10
   283       3   2.08956410e-14   0.00000000e+00
   284       1   4.22210108e-02   5.22470610e-02
   284       2   1.82470150e-05   4.32297845e-10
   284       3   2.29236618e-14   0.00000000e+00
   285       1   4.77425822e-02   5.70169723e-02
   285       2   1.97508765e-05   4.72178956e-10
   285       3   2.46847784e-14   0.00000000e+00
   286       1   5.38184095e-02   6.23779427e-02
   286       2   2.14468389e-05   5.17001817e-10
   286       3   2.68563717e-14   0.00000000e+00
   287       1   6.05900282e-02   6.84675662e-02
   287       2   2.33804152e-05   5.67921633e-10
   287       3   2.93776859e-14   0.00000000e+00
   288       1   6.82443583e-02   7.54691900e-02
   288       2   2.56121347e-05   6.26464930e-10
   288       3   3.21782344e-14   0.00000000e+00
   289       1   7.70345611e-02   8.36327138e-02
   289       2   2.82243879e-05   6.94728043e-10
   289       3   3.51707868e-14   0.00000000e+00
   290       1   8.73133682e-02   9.33078677e-02
   290       2   3.13323737e-05   7.75637002e-10
   290       3   3.91731628e-14   0.00000000e+00
   291       1   9.95885915e-02   1.04999672e-01
   291       2   3.51023416e-05   8.73410667e-10
   291       3   4.36881774e-14   0.00000000e+00
   292       1   1.14620228e-01   1.19465489e-01
   292       2   3.97835109e-05   9.94385319e-10
   292       3   4.94939216e-14   0.00000000e+00
   293       1   1.33600757e-01   1.37895246e-01
   293       2   4.57673417e-05   1.14850598e-09
   293       3   5.71403386e-14   0.00000000e+00
   294       1   1.58515675e-01   1.62271865e-01
   294       2   5.37060663e-05   1.35236962e-09
   294       3   6.73952285e-14   0.00000000e+00
   295       1   1.92936600e-01   1.96164131e-01
   295       2   6.47734268e-05   1.63581111e-09
   295       3   8.11092234e-14   0.00000000e+00
   296       1   2.44003789e-01   2.46708607e-01
   296       2   8.13164243e-05   2.05851888e-09
   296       3   1.01671495e-13   0.00000000e+00
   297       1   3.28372852e-01   3.30554301e-01
   297       2   1.08810153e-04   2.75972684e-09
   297       3   1.36226248e-13   0.00000000e+00
   298       1   4.95996036e-01   4.97633928e-01
   298       2   1.63674359e-04   4.15703511e-09
   298       3   2.04645525e-13   0.00000000e+00
   299       1   9.96503325e-01   9.97444599e-01
   299       2   3.27945101e-04   8.33703055e-09
   299       3   4.10649272e-13   0.00000000e+00
   300       1   1.62360275e+03   1.20586055e+03
   300       2   3.48081406e-01   1.00848875e-05
   300       3   4.35682177e-10   2.99204987e-15
   300       4   0.00000000e+00   0.00000000e+00
   301       1   1.00094566e+00   1.00082996e+00
   301       2   3.29418618e-04   8.37483903e-09
   301       3   4.12752224e-13   0.00000000e+00
   302       1   4.99516353e-01   4.99775717e-01
   302       2   1.64682477e-04   4.18444758e-09
   302       3   2.06388311e-13   0.00000000e+00
   303       1   3.31724610e-01   3.32465258e-01
   303       2   1.09732757e-04   2.78520509e-09
   303       3   1.37643357e-13   0.00000000e+00
   304       1   2.47299148e-01   2.48538131e-01
   304       2   8.22098979e-05   2.08331017e-09
   304       3   1.03055731e-13   0.00000000e+00
   305       1   1.96208728e-01   1.97955258e-01
   305       2   6.56543006e-05   1.66027481e-09
   305       3   8.25720630e-14   0.00000000e+00
   306       1   1.61778267e-01   1.64041382e-01
   306       2   5.45810441e-05   1.37664443e-09
   306       3   6.86168900e-14   0.00000000e+00
   307       1   1.36860857e-01   1.39650945e-01
   307       2   4.66397660e-05   1.17266193e-09
   307       3   5.84510665e-14   0.00000000e+00
   308       1   1.17882123e-01   1.21211402e-01
   308       2   4.06553272e-05   1.01844291e-09
   308       3   5.09911769e-14   0.00000000e+00
   309       1   1.02855276e-01   1.06738034e-01
   309       2   3.59748356e-05   8.97393594e-10
   309       3   4.53378141e-14   0.00000000e+00
   310       1   9.05871825e-02   9.50399627e-02
   310       2   3.22064913e-05   7.99556195e-10
   310       3   4.04858345e-14   0.00000000e+00
   311       1   8.03175027e-02   8.53592852e-02
   311       2   2.91008912e-05   7.18587096e-10
   311       3   3.65488338e-14   0.00000000e+00
   312       1   7.15382484e-02   7.71906532e-02
   312       2   2.64916844e-05   6.50262586e-10
   312       3   3.32978145e-14   0.00000000e+00
   313       1   6.38966099e-02   7.01841271e-02
   313       2   2.42636180e-05   5.91659385e-10
   313       3   3.05743801e-14   0.00000000e+00
   314       1   5.71394100e-02   6.40896669e-02
   314       2   2.23342774e-05   5.40681453e-10
   314       3   2.84061484e-14   0.00000000e+00
   315       1   5.10797564e-02   5.87238273e-02
   315       2   2.06431282e-05   4.95798197e-10
   315       3   2.61550606e-14   0.00000000e+00
   316       1   4.55761754e-02   5.39489432e-02
   316       2   1.91446671e-05   4.55853799e-10
   316       3   2.41993024e-14   0.00000000e+00
   317       1   4.05190828e-02   4.96596609e-02
   317       2   1.78039870e-05   4.19970375e-10
   317       3   2.23637387e-14   0.00000000e+00
   318       1   3.58217341e-02   4.57739591e-02
   318       2   1.65938185e-05   3.87459673e-10
   318       3   2.08560053e-14   0.00000000e+00
   319       1   3.14139956e-02   4.22270050e-02
   319       2   1.54925028e-05   3.57783702e-10
   319       3   1.94022324e-14   0.00000000e+00
   320       1   2.72379420e-02   3.89668537e-02
   320       2   1.44825693e-05   3.30505304e-10
   320       3   1.83189103e-14   0.00000000e+00
   321       1   2.32446620e-02   3.59513759e-02
   321       2   1.35497160e-05   3.05271012e-10
   321       3   1.73511136e-14   0.00000000e+00
   322       1   1.93918756e-02   3.31460229e-02
   322       2   1.26820629e-05   2.81793412e-10
   322       3   1.61641158e-14   0.00000000e+00
   323       1   1.56421007e-02   3.05221750e-02
   323       2   1.18695947e-05   2.59831933e-10
   323       3   1.50740185e-14   0.00000000e+00
   324       1   1.19611914e-02   2.80559017e-02
   324       2   1.11037361e-05   2.39187488e-10
   324       3   1.40664428e-14   0.00000000e+00
   325       1   8.31712033e-03   2.57270201e-02
   325       2   1.03770205e-05   2.19688394e-10
   325       3   1.27187486e-14   0.00000000e+00
   326       1   4.67890796e-03   2.35183688e-02
   326       2   9.68282469e-06   2.01200611e-10
   326       3   1.22509949e-14   0.00000000e+00
   327       1   1.01562426e-03   2.14152444e-02
   327       2   9.01514932e-06   1.83589556e-10
   327       3   1.14227519e-14   0.00000000e+00
   328       1   2.70460857e-03   1.94049570e-02
   328       2   8.36843010e-06   1.66753050e-10
   328       3   1.08401485e-14   0.00000000e+00
   329       1   6.51567971e-03   1.74764781e-02
   329       2   7.73736619e-06   1.50599046e-10
   329       3   9.67567176e-15   0.00000000e+00
   330       1   1.04546969e-02   1.56201578e-02
   330       2   7.11675516e-06   1.35048767e-10
   330       3   8.94482117e-15   0.00000000e+00
   331       1   1.45634313e-02   1.38274969e-02
   331       2   6.50132280e-06   1.20030794e-10
   331       3   8.44199763e-15   0.00000000e+00
   332       1   1.88901267e-02   1.20909607e-02
   332       2   5.88553494e-06   1.05480033e-10
   332       3   7.74136680e-15   0.00000000e+00
   333       1   2.34918470e-02   1.04038263e-02
   333       2   5.26337533e-06   9.13362926e-11
   333       3   6.82281368e-15   0.00000000e+00
   334       1   2.84376230e-02   8.76005615e-03
   334       2   4.62806742e-06   7.75577578e-11
   334       3   5.88511741e-15   0.00000000e+00
   335       1   3.38127846e-02   7.15419272e-03
   335       2   3.97170821e-06   6.40951078e-11
   335       3   5.03111063e-15   0.00000000e+00
   336       1   3.97250897e-02   5.58127008e-03
   336       2   3.28476537e-06   5.09041013e-11
   336       3   4.13613094e-15   0.00000000e+00
   337       1   4.63136273e-02   4.03673889e-03
   337       2   2.55535972e-06   3.79471055e-11
   337       3   3.43670392e-15   0.00000000e+00
   338       1   5.37621247e-02   2.51640250e-03
   338       2   1.76820469e-06   2.51928307e-11
   338       3   2.28018785e-15   0.00000000e+00
   339       1   6.23194695e-02   1.01636204e-03
   339       2   9.02981076e-07   1.26049583e-11
   339       3   1.13990124e-15   0.00000000e+00
   340       1   7.23325054e-02   4.67031305e-04
   340       2   6.82504794e-08   1.53528603e-13
   340       3   1.52794134e-16   0.00000000e+00
   341       1   8.43006536e-02   1.93721806e-03
   341       2   1.18535020e-06   1.21865196e-11
   341       3   1.32539666e-15   0.00000000e+00
   342       1   9.89714609e-02   3.39746738e-03
   342       2   2.50761404e-06   2.44510587e-11
   342       3   2.91313891e-15   0.00000000e+00
   343       1   1.17518001e-01   4.85091014e-03
   343       2   4.12771836e-06   3.66592463e-11
   343       3   5.08667458e-15   0.00000000e+00
   344       1   1.41893613e-01   6.30056889e-03
   344       2   6.19959617e-06   4.88401934e-11
   344       3   7.43475866e-15   0.00000000e+00
   345       1   1.75612202e-01   7.74938535e-03
   345       2   8.99974664e-06   6.10177877e-11
   345       3   1.10619603e-14   0.00000000e+00
   346       1   2.25698619e-01   9.20024600e-03
   346       2   1.30804702e-05   7.32136792e-11
   346       3   1.60692766e-14   0.00000000e+00
   347       1   3.08538335e-01   1.06560064e-02
   347       2   1.97294398e-05   8.54568197e-11
   347       3   2.40932652e-14   0.00000000e+00
   348       1   4.73266259e-01   1.21195143e-02
   348       2   3.28071469e-05   9.77676982e-11
   348       3   4.03348070e-14   0.00000000e+00
   349       1   9.65331930e-01   1.35936326e-02
   349       2   7.15958513e-05   1.10174832e-10
   349       3   8.86189505e-14   0.00000000e+00
   350       1   8.81386484e+02   1.50812622e-02
   350       2   6.47615253e-02   1.22695357e-10
   350       3   8.01966968e-11   0.00000000e+00
   351       1   1.00117699e+00   1.65853642e-02
   351       2   8.26629101e-05   1.35364419e-10
   351       3   1.02406303e-13   2.71339511e-15
   352       1   5.07509844e-01   1.81089846e-02
   352       2   4.37510728e-05   1.48201226e-10
   352       3   5.43043499e-14   0.00000000e+00
   353       1   3.42554641e-01   1.96552779e-02
   353       2   3.06733502e-05   1.61228571e-10
   353       3   3.80967511e-14   0.00000000e+00
   354       1   2.59717735e-01   2.12275339e-02
   354       2   2.40514594e-05   1.74482683e-10
   354       3   2.96796258e-14   0.00000000e+00
   355       1   2.09723763e-01   2.28292055e-02
   355       2   2.00132437e-05   1.87991926e-10
   355       3   2.49725995e-14   0.00000000e+00
   356       1   1.76153182e-01   2.44639392e-02
   356       2   1.72683436e-05   2.01782717e-10
   356       3   2.15353515e-14   0.00000000e+00
   357       1   1.51970113e-01   2.61356089e-02
   357       2   1.52637515e-05   2.15894383e-10
   357       3   1.92412701e-14   0.00000000e+00
   358       1   1.33656758e-01   2.78483529e-02
   358       2   1.37229067e-05   2.30360345e-10
   358       3   1.72348502e-14   0.00000000e+00
   359       1   1.19258685e-01   2.96066158e-02
   359       2   1.24920998e-05   2.45214797e-10
   359       3   1.55529039e-14   0.00000000e+00
   360       1   1.07603076e-01   3.14151956e-02
   360       2   1.14790450e-05   2.60500305e-10
   360       3   1.42126315e-14   0.00000000e+00
   361       1   9.79434222e-02   3.32792973e-02
   361       2   1.06249616e-05   2.76263550e-10
   361       3   1.32213819e-14   0.00000000e+00
   362       1   8.97818876e-02   3.52045947e-02
   362       2   9.89061575e-06   2.92556157e-10
   362       3   1.22168006e-14   0.00000000e+00
   363       1   8.27736675e-02   3.71973005e-02
   363       2   9.24880472e-06   3.09425544e-10
   363       3   1.13729237e-14   0.00000000e+00
   364       1   7.66723353e-02   3.92642491e-02
   364       2   8.68006194e-06   3.26934949e-10
   364       3   1.08098800e-14   0.00000000e+00
   365       1   7.12970527e-02   4.14129922e-02
   365       2   8.17008026e-06   3.45146455e-10
   365       3   1.00392494e-14   0.00000000e+00
   366       1   6.65120757e-02   4.36519110e-02
   366       2   7.70810119e-06   3.64133920e-10
   366       3   9.90710976e-15   0.00000000e+00
   367       1   6.22134943e-02   4.59903491e-02
   367       2   7.28587249e-06   3.83979956e-10
   367       3   9.29082153e-15   0.00000000e+00
   368       1   5.83203916e-02   4.84387695e-02
   368       2   6.89695319e-06   4.04774660e-10
   368       3   8.74903753e-15   0.00000000e+00
   369       1   5.47687943e-02   5.10089426e-02
   369       2   6.53623789e-06   4.26615957e-10
   369       3   8.15816170e-15   0.00000000e+00
   370       1   5.15074377e-02   5.37141720e-02
   370       2   6.19962368e-06   4.49623621e-10
   370       3   7.63200362e-15   0.00000000e+00
   371       1   4.84947410e-02   5.65695664e-02
   371       2   5.88377219e-06   4.73926823e-10
   371       3   7.26193431e-15   0.00000000e+00
   372       1   4.56966063e-02   5.95923719e-02
   372       2   5.58593635e-06   4.99680884e-10
   372       3   6.93012727e-15   0.00000000e+00
   373       1   4.30847917e-02   6.28023774e-02
   373       2   5.30383235e-06   5.27052007e-10
   373       3   6.26315827e-15   0.00000000e+00
   374       1   4.06356915e-02   6.62224164e-02
   374       2   5.03554350e-06   5.56239771e-10
   374       3   6.53885848e-15   0.00000000e+00
   375       1   3.83294075e-02   6.98789900e-02
   375       2   4.77944712e-06   5.87480746e-10
   375       3   6.11830504e-15   0.00000000e+00
   376       1   3.61490358e-02   7.38030486e-02
   376       2   4.53415822e-06   6.21041366e-10
   376       3   5.89716095e-15   0.00000000e+00
   377       1   3.40801104e-02   7.80309817e-02
   377       2   4.29848565e-06   6.57243126e-10
   377       3   5.53798150e-15   0.00000000e+00
   378       1   3.21101670e-02   8.26058819e-02
   378       2   4.07139762e-06   6.96463152e-10
   378       3   5.05388194e-15   0.00000000e+00
   379       1   3.02283954e-02   8.75791785e-02
   379       2   3.85199426e-06   7.39157979e-10
   379       3   4.90113007e-15   0.00000000e+00
   380       1   2.84253627e-02   9.30127709e-02
   380       2   3.63948566e-06   7.85872211e-10
   380       3   4.47323519e-15   0.00000000e+00
   381       1   2.66927880e-02   9.89818513e-02
   381       2   3.43317410e-06   8.37270299e-10
   381       3   4.35384702e-15   0.00000000e+00
   382       1   2.50233607e-02   1.05578692e-01
   382       2   3.23243954e-06   8.94168049e-10
   382       3   4.10798018e-15   0.00000000e+00
   383       1   2.34105902e-02   1.12917800e-01
   383       2   3.03672777e-06   9.57598111e-10
   383       3   3.74436731e-15   0.00000000e+00
   384       1   2.18486825e-02   1.21143063e-01
   384       2   2.84554056e-06   1.02882917e-09
   384       3   3.66256824e-15   0.00000000e+00
   385       1   2.03324371e-02   1.30437827e-01
   385       2   2.65842744e-06   1.10951089e-09
   385       3   3.45996210e-15   0.00000000e+00
   386       1   1.88571617e-02   1.41039429e-01
   386       2   2.47497885e-06   1.20178173e-09
   386       3   3.01753372e-15   0.00000000e+00
   387       1   1.74185986e-02   1.53260656e-01
   387       2   2.29482035e-06   1.30845314e-09
   387       3   2.84143851e-15   0.00000000e+00
   388       1   1.60128640e-02   1.67522300e-01
   388       2   2.11760766e-06   1.43336272e-09
   388       3   2.67438204e-15   0.00000000e+00
   389       1   1.46363953e-02   1.84404138e-01
   389       2   1.94302242e-06   1.58178846e-09
   389       3   2.39567623e-15   0.00000000e+00
   390       1   1.32859059e-02   2.04727749e-01
   390       2   1.77076859e-06   1.76128236e-09
   390       3   2.36385169e-15   0.00000000e+00
   391       1   1.19583458e-02   2.29696989e-01
   391       2   1.60056927e-06   1.98297527e-09
   391       3   1.98524952e-15   0.00000000e+00
   392       1   1.06508683e-02   2.61149011e-01
   392       2   1.43216390e-06   2.26401337e-09
   392       3   1.73303621e-15   0.00000000e+00
   393       1   9.36079916e-03   3.02032291e-01
   393       2   1.26530585e-06   2.63218062e-09
   393       3   1.83127016e-15   0.00000000e+00
   394       1   8.08561068e-03   3.57392598e-01
   394       2   1.09976023e-06   3.13562896e-09
   394       3   1.47587799e-15   0.00000000e+00
   395       1   6.82289749e-03   4.36628322e-01
   395       2   9.35301896e-07   3.86539934e-09
   395       3   1.12754584e-15   0.00000000e+00
   396       1   5.57035514e-03   5.59424922e-01
   396       2   7.71713725e-07   5.01591525e-09
   396       3   1.00913929e-15   0.00000000e+00
   397       1   4.32576036e-03   7.74873769e-01
   397       2   6.08784914e-07   7.08468161e-09
   397       3   7.81491361e-16   0.00000000e+00
   398       1   3.08695274e-03   1.24681983e+00
   398       2   4.46309471e-07   1.17941269e-08
   398       3   5.56485202e-16   0.00000000e+00
   399       1   1.85181753e-03   2.99299447e+00
   399       2   2.84084764e-07   3.05110678e-08
   399       3   5.55454850e-16   0.00000000e+00
   400       1   6.18269166e-04   1.66265692e+04
   400       2   1.21910119e-07   2.30260242e-04
   400       3   4.44089198e-16   1.40019177e-13