  TimeWindow  Iteration  ResRel(Mass-Left-Mesh:Displacement-Left)  ResRel(Mass-Left-Mesh:Displacement-Right)
     1       1   1.00000000e+00   1.00000000e+00
     1       2   6.92842436e-08   4.70409498e-09
     1       3   1.11111804e-16   0.00000000e+00
     2       1   2.42253263e-03   7.49798476e-01
     2       2   3.46976891e-07   8.14690971e-09
     2       3   6.68285621e-16   0.00000000e+00
     3       1   4.04679817e-03   5.54958077e-01
     3       2   6.25906007e-07   6.71594559e-09
     3       3   1.11831603e-15   0.00000000e+00
     4       1   5.68267849e-03   4.36440584e-01
     4       2   9.06535686e-07   5.51417036e-09
     4       3   1.79947207e-15   0.00000000e+00
     5       1   7.33394622e-03   3.58448896e-01
     5       2   1.18934448e-06   4.63567240e-09
     5       3   2.26583393e-15   0.00000000e+00
     6       1   9.00452808e-03   3.03496420e-01
     6       2   1.47482997e-06   3.98314763e-09
     6       3   2.85779165e-15   0.00000000e+00
     7       1   1.06985485e-02   2.62728584e-01
     7       2   1.76351377e-06   3.48337187e-09
     7       3   3.46603293e-15   0.00000000e+00
     8       1   1.24203779e-02   2.31271666e-01
     8       2   2.05594700e-06   3.08939636e-09
     8       3   4.09392102e-15   0.00000000e+00
     9       1   1.41746863e-02   2.06241611e-01
     9       2   2.35271652e-06   2.77104747e-09
     9       3   4.62644887e-15   0.00000000e+00
    10       1   1.59665052e-02   1.85828535e-01
    10       2   2.65445192e-06   2.50837287e-09
    10       3   5.30290777e-15   0.00000000e+00
    11       1   1.78012979e-02   1.68841253e-01
    11       2   2.96183366e-06   2.28780627e-09
    11       3   5.88795319e-15   0.00000000e+00
    12       1   1.96850416e-02   1.54464509e-01
    12       2   3.27560242e-06   2.09974454e-09
    12       3   6.37907802e-15   0.00000000e+00
    13       1   2.16243241e-02   1.42121857e-01
    13       2   3.59657017e-06   1.93731022e-09
    13       3   7.02813491e-15   0.00000000e+00
    14       1   2.36264581e-02   1.31394327e-01
    14       2   3.92563322e-06   1.79541207e-09
    14       3   7.71736799e-15   0.00000000e+00
    15       1   2.56996182e-02   1.21970156e-01
    15       2   4.26378784e-06   1.67022872e-09
    15       3   8.45232309e-15   0.00000000e+00
    16       1   2.78530058e-02   1.13612575e-01
    16       2   4.61214911e-06   1.55877508e-09
    16       3   9.23930598e-15   0.00000000e+00
    17       1   3.00970506e-02   1.06138548e-01
    17       2   4.97197372e-06   1.45878628e-09
    17       3   9.94348383e-15   0.00000000e+00
    18       1   3.24436569e-02   9.94043338e-02
    18       2   5.34468806e-06   1.36844657e-09
    18       3   1.07060047e-14   0.00000000e+00
    19       1   3.49065090e-02   9.32954698e-02
    19       2   5.73192287e-06   1.28627045e-09
    19       3   1.15349786e-14   0.00000000e+00
    20       1   3.75014530e-02   8.77196604e-02
    20       2   6.13555649e-06   1.21109415e-09
    20       3   1.22824174e-14   0.00000000e+00
    21       1   4.02469774e-02   8.26016421e-02
    21       2   6.55776934e-06   1.14195067e-09
    21       3   1.31042705e-14   0.00000000e+00
    22       1   4.31648265e-02   7.78794087e-02
    22       2   7.00111324e-06   1.07803417e-09
    22       3   1.40115639e-14   0.00000000e+00
    23       1   4.62807888e-02   7.35013969e-02
    23       2   7.46860066e-06   1.01867393e-09
    23       3   1.50174796e-14   0.00000000e+00
    24       1   4.96257251e-02   6.94243565e-02
    24       2   7.96382081e-06   9.63311955e-10
    24       3   1.59502575e-14   0.00000000e+00
    25       1   5.32369241e-02   6.56117203e-02
    25       2   8.49109264e-06   9.11451402e-10
    25       3   1.69968958e-14   0.00000000e+00
    26       1   5.71599149e-02   6.20323409e-02
    26       2   9.05566941e-06   8.62712967e-10
    26       3   1.79682742e-14   0.00000000e+00
    27       1   6.14509286e-02   5.86595017e-02
    27       2   9.66401618e-06   8.16717101e-10
    27       3   1.95157979e-14   0.00000000e+00
    28       1   6.61802955e-02   5.54701348e-02
    28       2   1.03241928e-05   7.73179375e-10
    28       3   2.06889220e-14   0.00000000e+00
    29       1   7.14372234e-02   5.24441975e-02
    29       2   1.10463923e-05   7.31826908e-10
    29       3   2.20399697e-14   0.00000000e+00
    30       1   7.73366604e-02   4.95641691e-02
    30       2   1.18437138e-05   6.92417216e-10
    30       3   2.37441862e-14   0.00000000e+00
    31       1   8.40293839e-02   4.68146443e-02
    31       2   1.27332985e-05   6.54771572e-10
    31       3   2.55911421e-14   0.00000000e+00
    32       1   9.17172421e-02   4.41819992e-02
    32       2   1.37380458e-05   6.18687959e-10
    32       3   2.76149257e-14   0.00000000e+00
    33       1   1.00676899e-01   4.16541169e-02
    33       2   1.48892857e-05   5.84012959e-10
    33       3   2.98614186e-14   0.00000000e+00
    34       1   1.11298189e-01   3.92201592e-02
    34       2   1.62310959e-05   5.50583315e-10
    34       3   3.23942969e-14   0.00000000e+00
    35       1   1.24148772e-01   3.68703762e-02
    35       2   1.78275770e-05   5.18313078e-10
    35       3   3.56382028e-14   0.00000000e+00
    36       1   1.40088838e-01   3.45959457e-02
    36       2   1.97757601e-05   4.87034089e-10
    36       3   3.96173302e-14   0.00000000e+00
    37       1   1.60487774e-01   3.23888367e-02
    37       2   2.22299853e-05   4.56669575e-10
    37       3   4.47993407e-14   0.00000000e+00
    38       1   1.87666909e-01   3.02416930e-02
    38       2   2.54517166e-05   4.27101882e-10
    38       3   5.11120154e-14   0.00000000e+00
    39       1   2.25901533e-01   2.81477322e-02
    39       2   2.99222788e-05   3.98250650e-10
    39       3   6.00902898e-14   0.00000000e+00
    40       1   2.84026198e-01   2.61006587e-02
    40       2   3.66359693e-05   3.70030522e-10
    40       3   7.37225319e-14   0.00000000e+00
    41       1   3.83724564e-01   2.40945861e-02
    41       2   4.80326858e-05   3.42358571e-10
    41       3   9.68779459e-14   0.00000000e+00
    42       1   5.96243844e-01   2.21239686e-02
    42       2   7.21281683e-05   3.15161310e-10
    42       3   1.45230612e-13   0.00000000e+00
    43       1   1.37287936e+00   2.01835399e-02
    43       2   1.59687250e-04   2.88369469e-10
    43       3   3.22260422e-13   0.00000000e+00
    44       1   4.05174235e+00   1.82682554e-02
    44       2   4.50671134e-04   2.61899537e-10
    44       3   9.11287028e-13   0.00000000e+00
    45       1   7.96212243e-01   1.63732409e-02
    45       2   8.39554398e-05   2.35705993e-10
    45       3   1.69863017e-13   0.00000000e+00
    46       1   4.33314353e-01   1.44937419e-02
    46       2   4.29022655e-05   2.09719163e-10
    46       3   8.68777316e-14   0.00000000e+00
    47       1   2.93015529e-01   1.26250759e-02
    47       2   2.68914417e-05   1.83867043e-10
    47       3   5.46977283e-14   0.00000000e+00
    48       1   2.18170194e-01   1.07625849e-02
    48       2   1.82368619e-05   1.58088687e-10
    48       3   3.70163438e-14   0.00000000e+00
    49       1   1.71357523e-01   8.90158763e-03
    49       2   1.27266684e-05   1.32311105e-10
    49       3   2.59099858e-14   0.00000000e+00
    50       1   1.39103572e-01   7.03733066e-03
    50       2   8.84380879e-06   1.06492054e-10
    50       3   1.82049063e-14   0.00000000e+00
    51       1   1.15366301e-01   5.16493629e-03
    51       2   5.90746636e-06   8.05401408e-11
    51       3   1.22113081e-14   0.00000000e+00
    52       1   9.70312465e-02   3.27934722e-03
    52       2   3.56616112e-06   5.44039887e-11
    52       3   7.51078325e-15   0.00000000e+00
    53       1   8.23288511e-02   1.37526572e-03
    53       2   1.61963451e-06   2.79968575e-11
    53       3   3.81283929e-15   0.00000000e+00
    54       1   7.01781787e-02   5.52914072e-04
    54       2   5.50188326e-08   1.24278645e-12
    54       3   4.09068574e-16   0.00000000e+00
    55       1   5.98806069e-02   2.51118281e-03
    55       2   1.53784017e-06   2.59246230e-11
    55       3   2.69200896e-15   0.00000000e+00
    56       1   5.09635004e-02   4.50600395e-03
    56       2   2.88362247e-06   5.36153096e-11
    56       3   5.47458727e-15   0.00000000e+00
    57       1   4.30946217e-02   6.54441620e-03
    57       2   4.13157107e-06   8.19226662e-11
    57       3   7.79975342e-15   0.00000000e+00
    58       1   3.60325196e-02   8.63415402e-03
    58       2   5.31092187e-06   1.10937328e-10
    58       3   1.04363611e-14   0.00000000e+00
    59       1   2.95963697e-02   1.07837912e-02
    59       2   6.44437839e-06   1.40803656e-10
    59       3   1.28498414e-14   0.00000000e+00
    60       1   2.36468689e-02   1.30029132e-02
    60       2   7.55031416e-06   1.71640752e-10
    60       3   1.48849521e-14   0.00000000e+00
    61       1   1.80736800e-02   1.53023273e-02
    61       2   8.64425014e-06   2.03602783e-10
    61       3   1.69125684e-14   0.00000000e+00
    62       1   1.27868888e-02   1.76943188e-02
    62       2   9.73989577e-06   2.36858324e-10
    62       3   1.93757752e-14   0.00000000e+00
    63       1   7.71098323e-03   2.01929699e-02
    63       2   1.08499258e-05   2.71590978e-10
    63       3   2.16805637e-14   0.00000000e+00
    64       1   2.78044319e-03   2.28145570e-02
    64       2   1.19866012e-05   3.08069113e-10
    64       3   2.38636103e-14   0.00000000e+00
    65       1   2.06364093e-03   2.55780530e-02
    65       2   1.31623077e-05   3.46500073e-10
    65       3   2.61607291e-14   0.00000000e+00
    66       1   6.87631160e-03   2.85057685e-02
    66       2   1.43900662e-05   3.87233433e-10
    66       3   2.83980706e-14   0.00000000e+00
    67       1   1.17111312e-02   3.16241788e-02
    67       2   1.56840629e-05   4.30629797e-10
    67       3   3.12284712e-14   0.00000000e+00
    68       1   1.66224363e-02   3.49650044e-02
    68       2   1.70602442e-05   4.77126405e-10
    68       3   3.40751379e-14   0.00000000e+00
    69       1   2.16676626e-02   3.85666405e-02
    69       2   1.85370305e-05   5.27252129e-10
    69       3   3.67588794e-14   0.00000000e+00
    70       1   2.69099540e-02   4.24760758e-02
    70       2   2.01362174e-05   5.81678950e-10
    70       3   4.01897714e-14   0.00000000e+00
    71       1   3.24213171e-02   4.67515074e-02
    71       2   2.18841584e-05   6.41201703e-10
    71       3   4.35550003e-14   0.00000000e+00
    72       1   3.82866729e-02   5.14659670e-02
    72       2   2.38133700e-05   7.06839165e-10
    72       3   4.74825744e-14   0.00000000e+00
    73       1   4.46093214e-02   5.67124470e-02
    73       2   2.59647701e-05   7.79898144e-10
    73       3   5.17127118e-14   0.00000000e+00
    74       1   5.15186175e-02   6.26113027e-02
    74       2   2.83908880e-05   8.62048660e-10
    74       3   5.64666945e-14   0.00000000e+00
    75       1   5.91811490e-02   6.93212075e-02
    75       2   3.11605939e-05   9.55501268e-10
    75       3   6.21600949e-14   0.00000000e+00
    76       1   6.78175898e-02   7.70558225e-02
    76       2   3.43662783e-05   1.06321920e-09
    76       3   6.85907345e-14   0.00000000e+00
    77       1   7.77290499e-02   8.61099900e-02
    77       2   3.81351193e-05   1.18933414e-09
    77       3   7.63090442e-14   0.00000000e+00
    78       1   8.93399472e-02   9.69024697e-02
    78       2   4.26474521e-05   1.33966484e-09
    78       3   8.52053570e-14   0.00000000e+00
    79       1   1.03271037e-01   1.10048839e-01
    79       2   4.81680933e-05   1.52279172e-09
    79       3   9.62974287e-14   0.00000000e+00
    80       1   1.20470765e-01   1.26492715e-01
    80       2   5.51027123e-05   1.75185184e-09
    80       3   1.10037488e-13   0.00000000e+00
    81       1   1.42467786e-01   1.47758096e-01
    81       2   6.41062283e-05   2.04809671e-09
    81       3   1.28156640e-13   0.00000000e+00
    82       1   1.71898881e-01   1.76476984e-01
    82       2   7.63094444e-05   2.44818104e-09
    82       3   1.52472297e-13   0.00000000e+00
    83       1   2.13740714e-01   2.17620488e-01
    83       2   9.38478449e-05   3.02135006e-09
    83       3   1.87483848e-13   0.00000000e+00
    84       1   2.78653284e-01   2.81840343e-01
    84       2   1.21296867e-04   3.91600941e-09
    84       3   2.42482353e-13   0.00000000e+00
    85       1   3.94348620e-01   3.96829814e-01
    85       2   1.70551689e-04   5.51795272e-09
    85       3   3.41152895e-13   0.00000000e+00
    86       1   6.62444366e-01   6.64125813e-01
    86       2   2.85224967e-04   9.24173978e-09
    86       3   5.70598963e-13   0.00000000e+00
    87       1   1.99802328e+00   1.99742881e+00
    87       2   8.57764756e-04   2.78164015e-08
    87       3   1.71712533e-12   0.00000000e+00
    88       1   1.99950072e+00   2.00031589e+00
    88       2   8.59527340e-04   2.78774681e-08
    88       3   1.72064314e-12   0.00000000e+00
    89       1   6.66336352e-01   6.66451030e-01
    89       2   2.86713529e-04   9.29496202e-09
    89       3   5.74022570e-13   0.00000000e+00
    90       1   3.98436978e-01   3.99109282e-01
    90       2   1.72019620e-04   5.57053138e-09
    90       3   3.44438398e-13   1.54979461e-16
    91       1   2.82799861e-01   2.84106186e-01
    91       2   1.22760771e-04   3.96838428e-09
    91       3   2.45947699e-13   0.00000000e+00
    92       1   2.17915945e-01   2.19879566e-01
    92       2   9.53119817e-05   3.07362119e-09
    92       3   1.91150369e-13   0.00000000e+00
    93       1   1.76093734e-01   1.78731385e-01
    93       2   7.77757587e-05   2.50036418e-09
    93       3   1.55922906e-13   0.00000000e+00
    94       1   1.46679386e-01   1.50008484e-01
    94       2   6.55759935e-05   2.10020525e-09
    94       3   1.31345621e-13   0.00000000e+00
    95       1   1.24698641e-01   1.28739204e-01
    95       2   5.65769648e-05   1.80387862e-09
    95       3   1.13686488e-13   0.00000000e+00
    96       1   1.07515853e-01   1.12291291e-01
    96       2   4.96477845e-05   1.57473120e-09
    96       3   9.95539269e-14   0.00000000e+00
    97       1   9.36029957e-02   9.91406147e-02
    97       2   4.41335145e-05   1.39150188e-09
    97       3   8.86775284e-14   0.00000000e+00
    98       1   8.20120316e-02   8.83434812e-02
    98       2   3.96285005e-05   1.24106185e-09
    98       3   7.96557046e-14   0.00000000e+00
    99       1   7.21225154e-02   7.92842615e-02
    99       2   3.58679633e-05   1.11483685e-09
    99       3   7.19916378e-14   0.00000000e+00
   100       1   6.35102967e-02   7.15441586e-02
   100       2   3.26716214e-05   1.00698459e-09
   100       3   6.56218742e-14   0.00000000e+00
   101       1   5.58745225e-02   6.48282997e-02
   101       2   2.99123657e-05   9.13395745e-10
   101       3   5.99964676e-14   0.00000000e+00
   102       1   4.89947841e-02   5.89229973e-02
   102       2   2.74978890e-05   8.31088768e-10
   102       3   5.53181755e-14   0.00000000e+00
   103       1   4.27047806e-02   5.36695526e-02
   103       2   2.53594207e-05   7.57889298e-10
   103       3   5.10530899e-14   0.00000000e+00
   104       1   3.68754763e-02   4.89475855e-02
   104       2   2.34445489e-05   6.92071944e-10
   104       3   4.72231094e-14   0.00000000e+00
   105       1   3.14039341e-02   4.46640784e-02
   105       2   2.17124935e-05   6.32360045e-10
   105       3   4.35206688e-14   0.00000000e+00
   106       1   2.62056504e-02   4.07459731e-02
   106       2   2.01309001e-05   5.77744746e-10
   106       3   4.02187368e-14   0.00000000e+00
   107       1   2.12091037e-02   3.71350444e-02
   107       2   1.86736060e-05   5.27403435e-10
   107       3   3.74616394e-14   0.00000000e+00
   108       1   1.63517185e-02   3.37842739e-02
   108       2   1.73190411e-05   4.80659270e-10
   108       3   3.47678106e-14   0.00000000e+00
   109       1   1.15767307e-02   3.06552340e-02
   109       2   1.60490525e-05   4.37027064e-10
   109       3   3.23080284e-14   0.00000000e+00
   110       1   6.83060289e-03   2.77161697e-02
   110       2   1.48480137e-05   3.96038695e-10
   110       3   2.98396302e-14   0.00000000e+00
   111       1   2.06073135e-03   2.49405680e-02
   111       2   1.37021227e-05   3.57316325e-10
   111       3   2.75349576e-14   0.00000000e+00
   112       1   2.78676660e-03   2.23060776e-02
   112       2   1.25988243e-05   3.20560842e-10
   112       3   2.55667028e-14   0.00000000e+00
   113       1   7.76938445e-03   1.97936814e-02
   113       2   1.15263018e-05   2.85489166e-10
   113       3   2.30860110e-14   0.00000000e+00
   114       1   1.29508956e-02   1.73870548e-02
   114       2   1.04729969e-05   2.51897290e-10
   114       3   2.12972725e-14   0.00000000e+00
   115       1   1.84046330e-02   1.50720633e-02
   115       2   9.42711142e-06   2.19585200e-10
   115       3   1.93503876e-14   0.00000000e+00
   116       1   2.42177578e-02   1.28363643e-02
   116       2   8.37604405e-06   1.88368334e-10
   116       3   1.69878657e-14   0.00000000e+00
   117       1   3.04970783e-02   1.06690885e-02
   117       2   7.30569430e-06   1.58085184e-10
   117       3   1.50372686e-14   0.00000000e+00
   118       1   3.73773013e-02   8.56058200e-03
   118       2   6.19953933e-06   1.28626181e-10
   118       3   1.26890787e-14   0.00000000e+00
   119       1   4.50331510e-02   6.50219669e-03
   119       2   5.03733207e-06   9.98585919e-11
   119       3   1.04624717e-14   0.00000000e+00
   120       1   5.36978065e-02   4.48611650e-03
   120       2   3.79316799e-06   7.16816460e-11
   120       3   7.81957960e-15   0.00000000e+00
   121       1   6.36920027e-02   2.50521334e-03
   121       2   2.43247480e-06   4.39809585e-11
   121       3   5.18148347e-15   0.00000000e+00
   122       1   7.54718952e-02   5.52925552e-04
   122       2   9.07097882e-07   1.66740141e-11
   122       3   2.19968878e-15   0.00000000e+00
   123       1   8.97116342e-02   1.37684545e-03
   123       2   8.53144987e-07   1.03255535e-11
   123       3   1.27841302e-15   0.00000000e+00
   124       1   1.07454180e-01   3.28982440e-03
   124       2   2.95585797e-06   3.70985476e-11
   124       3   5.48614617e-15   0.00000000e+00
   125       1   1.30406815e-01   5.19144008e-03
   125       2   5.57620191e-06   6.37213839e-11
   125       3   1.08026868e-14   0.00000000e+00
   126       1   1.61574283e-01   7.08689461e-03
   126       2   9.02143080e-06   9.02696344e-11
   126       3   1.73116064e-14   0.00000000e+00
   127       1   2.06785680e-01   8.98122592e-03
   127       2   1.38864973e-05   1.16820280e-10
   127       3   2.72005038e-14   0.00000000e+00
   128       1   2.79040041e-01   1.08793653e-02
   128       2   2.14968730e-05   1.43422781e-10
   128       3   4.19629373e-14   0.00000000e+00
   129       1   4.14439630e-01   1.27861913e-02
   129       2   3.55320796e-05   1.70163227e-10
   129       3   6.98780231e-14   0.00000000e+00
   130       1   7.64597743e-01   1.47065817e-02
   130       2   7.14409512e-05   1.97097144e-10
   130       3   1.40863812e-13   0.00000000e+00
   131       1   3.90609734e+00   1.66454644e-02
   131       2   3.91657591e-04   2.24299509e-10
   131       3   7.73538338e-13   0.00000000e+00
   132       1   1.32776353e+00   1.86078680e-02
   132       2   1.41369570e-04   2.51859942e-10
   132       3   2.79879668e-13   0.00000000e+00
   133       1   5.78581867e-01   2.05989746e-02
   133       2   6.48005141e-05   2.79825872e-10
   133       3   1.28718451e-13   0.00000000e+00
   134       1   3.73532156e-01   2.26241740e-02
   134       2   4.37031564e-05   3.08293787e-10
   134       3   8.70054286e-14   0.00000000e+00
   135       1   2.77313657e-01   2.46891225e-02
   135       2   3.37043521e-05   3.37334443e-10
   135       3   6.71358075e-14   0.00000000e+00
   136       1   2.21199843e-01   2.67998060e-02
   136       2   2.77987866e-05   3.67028221e-10
   136       3   5.53876859e-14   0.00000000e+00
   137       1   1.84273700e-01   2.89626102e-02
   137       2   2.38542117e-05   3.97469943e-10
   137       3   4.74501058e-14   0.00000000e+00
   138       1   1.58012898e-01   3.11843985e-02
   138       2   2.10016958e-05   4.28765917e-10
   138       3   4.18627448e-14   0.00000000e+00
   139       1   1.38293179e-01   3.34726011e-02
   139       2   1.88205825e-05   4.61006748e-10
   139       3   3.74664250e-14   0.00000000e+00
   140       1   1.22875190e-01   3.58353159e-02
   140       2   1.70823439e-05   4.94329802e-10
   140       3   3.40845633e-14   0.00000000e+00
   141       1   1.10437877e-01   3.82814268e-02
   141       2   1.56520639e-05   5.28846873e-10
   141       3   3.14072245e-14   2.06204888e-16
   142       1   1.00151395e-01   4.08207400e-02
   142       2   1.44449074e-05   5.64708466e-10
   142       3   2.87954036e-14   0.00000000e+00
   143       1   9.14680937e-02   4.34641455e-02
   143       2   1.34048173e-05   6.02065145e-10
   143       3   2.68078663e-14   0.00000000e+00
   144       1   8.40118664e-02   4.62238088e-02
   144       2   1.24932350e-05   6.41077213e-10
   144       3   2.49997772e-14   0.00000000e+00
   145       1   7.75157812e-02   4.91133989e-02
   145       2   1.16827431e-05   6.81982378e-10
   145       3   2.33350945e-14   0.00000000e+00
   146       1   7.17850795e-02   5.21483644e-02
   146       2   1.09532927e-05   7.24976524e-10
   146       3   2.19135560e-14   0.00000000e+00
   147       1   6.66742702e-02   5.53462667e-02
   147       2   1.02898683e-05   7.70301100e-10
   147       3   2.05709198e-14   0.00000000e+00
   148       1   6.20724267e-02   5.87271893e-02
   148       2   9.68098784e-06   8.18287563e-10
   148       3   1.95159923e-14   0.00000000e+00
   149       1   5.78934536e-02   6.23142403e-02
   149       2   9.11770998e-06   8.69234787e-10
   149       3   1.83863118e-14   0.00000000e+00
   150       1   5.40694667e-02   6.61341779e-02
   150       2   8.59295851e-06   9.23561021e-10
   150       3   1.73923231e-14   0.00000000e+00
   151       1   5.05461828e-02   7.02181939e-02
   151       2   8.10105179e-06   9.81700094e-10
   151       3   1.63256898e-14   0.00000000e+00
   152       1   4.72796427e-02   7.46029044e-02
   152       2   7.63736796e-06   1.04420118e-09
   152       3   1.53751549e-14   0.00000000e+00
   153       1   4.42338364e-02   7.93316163e-02
   153       2   7.19810228e-06   1.11168343e-09
   153       3   1.45242847e-14   0.00000000e+00
   154       1   4.13789542e-02   8.44559613e-02
   154       2   6.78008833e-06   1.18491727e-09
   154       3   1.35957704e-14   0.00000000e+00
   155       1   3.86900789e-02   9.00380315e-02
   155       2   6.38066412e-06   1.26481551e-09
   155       3   1.29123645e-14   0.00000000e+00
   156       1   3.61461940e-02   9.61532032e-02
   156       2   5.99757050e-06   1.35247908e-09
   156       3   1.19903756e-14   0.00000000e+00
   157       1   3.37294228e-02   1.02893925e-01
   157       2   5.62887315e-06   1.44929655e-09
   157       3   1.12926956e-14   0.00000000e+00
   158       1   3.14244366e-02   1.10374878e-01
   158       2   5.27290183e-06   1.55694996e-09
   158       3   1.05117353e-14   0.00000000e+00
   159       1   2.92179907e-02   1.18740118e-01
   159       2   4.92820265e-06   1.67758388e-09
   159       3   9.92885231e-15   0.00000000e+00
   160       1   2.70985560e-02   1.28173160e-01
   160       2   4.59350015e-06   1.81395015e-09
   160       3   9.25734583e-15   0.00000000e+00
   161       1   2.50560244e-02   1.38911516e-01
   161       2   4.26766692e-06   1.96959143e-09
   161       3   8.50221861e-15   0.00000000e+00
   162       1   2.30814704e-02   1.51268160e-01
   162       2   3.94969895e-06   2.14924152e-09
   162       3   8.05043824e-15   0.00000000e+00
   163       1   2.11669569e-02   1.65664092e-01
   163       2   3.63869549e-06   2.35923845e-09
   163       3   7.25466176e-15   0.00000000e+00
   164       1   1.93053759e-02   1.82679338e-01
   164       2   3.33384255e-06   2.60842651e-09
   164       3   6.62396726e-15   0.00000000e+00
   165       1   1.74903158e-02   2.03135801e-01
   165       2   3.03439899e-06   2.90939911e-09
   165       3   6.14656886e-15   0.00000000e+00
   166       1   1.57159506e-02   2.28237795e-01
   166       2   2.73968507e-06   3.28070374e-09
   166       3   5.45685035e-15   0.00000000e+00
   167       1   1.39769470e-02   2.59823195e-01
   167       2   2.44907253e-06   3.75093252e-09
   167       3   4.79574631e-15   0.00000000e+00
   168       1   1.22683841e-02   3.00841729e-01
   168       2   2.16197628e-06   4.36644837e-09
   168       3   4.39031655e-15   0.00000000e+00
   169       1   1.05856853e-02   3.56341603e-01
   169       2   1.87784708e-06   5.20756535e-09
   169       3   3.77229097e-15   0.00000000e+00
   170       1   8.92455826e-03   4.35726570e-01
   170       2   1.59616520e-06   6.42618638e-09
   170       3   3.28546352e-15   0.00000000e+00
   171       1   7.28094261e-03   5.58695946e-01
   171       2   1.31643477e-06   8.34681846e-09
   171       3   2.69921093e-15   0.00000000e+00
   172       1   5.65096257e-03   7.74386021e-01
   172       2   1.03817873e-06   1.18000741e-08
   172       3   2.01297043e-15   0.00000000e+00
   173       1   4.03088434e-03   1.24685388e+00
   173       2   7.60934140e-07   1.96636311e-08
   173       3   1.55933393e-15   0.00000000e+00
   174       1   2.41707663e-03   2.99611544e+00
   174       2   4.84247885e-07   5.09538261e-08
   174       3   1.00000649e-15   0.00000000e+00
   175       1   8.05973491e-04   2.29818260e+05
   175       2   2.07672577e-07   5.29559842e-03
   175       3   4.44089209e-16   4.82132719e-13
   176       1   8.05961414e-04   1.00000438e+00
   176       2   6.92374196e-08   4.70099464e-09
   176       3   2.22223548e-16   1.17820710e-15
   177       1   2.42226978e-03   7.49841586e-01
   177       2   3.46929901e-07   8.14711651e-09
   177       3   6.68285269e-16   0.00000000e+00
   178       1   4.04653376e-03   5.54983445e-01
   178       2   6.25858778e-07   6.71617994e-09
   178       3   1.11831515e-15   0.00000000e+00
   179       1   5.68241193e-03   4.36456619e-01
   179       2   9.06488142e-07   5.51434454e-09
   179       3   1.79947017e-15   0.00000000e+00
   180       1   7.33367689e-03   3.58459852e-01
   180       2   1.18929654e-06   4.63580228e-09
   180       3   2.26583093e-15   0.00000000e+00
   181       1   9.00425535e-03   3.03504362e-01
   181       2   1.47478156e-06   3.98324330e-09
   181       3   2.85778710e-15   0.00000000e+00
   182       1   1.06982717e-02   2.62734603e-01
   182       2   1.76346479e-06   3.48344653e-09
   182       3   3.46602647e-15   0.00000000e+00
   183       1   1.24200963e-02   2.31276388e-01
   183       2   2.05589737e-06   3.08945588e-09
   183       3   3.97694332e-15   0.00000000e+00
   184       1   1.41743992e-02   2.06245417e-01
   184       2   2.35266613e-06   2.77109184e-09
   184       3   4.62643764e-15   0.00000000e+00
   185       1   1.59662117e-02   1.85831672e-01
   185       2   2.65440068e-06   2.50842100e-09
   185       3   5.30289337e-15   0.00000000e+00
   186       1   1.78009971e-02   1.68843886e-01
   186       2   2.96178144e-06   2.28784038e-09
   186       3   6.01060078e-15   0.00000000e+00
   187       1   1.96847325e-02   1.54466754e-01
   187       2   3.27554910e-06   2.09976962e-09
   187       3   6.62921596e-15   0.00000000e+00
   188       1   2.16240056e-02   1.42123796e-01
   188       2   3.59651561e-06   1.93733625e-09
   188       3   7.02810942e-15   0.00000000e+00
   189       1   2.36261290e-02   1.31396021e-01
   189       2   3.92557728e-06   1.79544150e-09
   189       3   7.84813986e-15   0.00000000e+00
   190       1   2.56992770e-02   1.21971651e-01
   190       2   4.26373035e-06   1.67024055e-09
   190       3   8.45228691e-15   0.00000000e+00
   191       1   2.78526511e-02   1.13613907e-01
   191       2   4.61208987e-06   1.55878632e-09
   191       3   9.10136379e-15   0.00000000e+00
   192       1   3.00966806e-02   1.06139743e-01
   192       2   4.97191252e-06   1.45880421e-09
   192       3   1.00854833e-14   0.00000000e+00
   193       1   3.24432696e-02   9.94054135e-02
   193       2   5.34462466e-06   1.36846106e-09
   193       3   1.07059474e-14   0.00000000e+00
   194       1   3.49061020e-02   9.32964519e-02
   194       2   5.73185699e-06   1.28628561e-09
   194       3   1.12313619e-14   0.00000000e+00
   195       1   3.75010236e-02   8.77205590e-02
   195       2   6.13548781e-06   1.21110212e-09
   195       3   1.22823416e-14   0.00000000e+00
   196       1   4.02465226e-02   8.26024687e-02
   196       2   6.55769747e-06   1.14196116e-09
   196       3   1.29403817e-14   0.00000000e+00
   197       1   4.31643424e-02   7.78801729e-02
   197       2   7.00103775e-06   1.07804209e-09
   197       3   1.41823363e-14   0.00000000e+00
   198       1   4.62802710e-02   7.35021067e-02
   198       2   7.46852104e-06   1.01867886e-09
   198       3   1.51961442e-14   0.00000000e+00
   199       1   4.96251683e-02   6.94250185e-02
   199       2   7.96373642e-06   9.63326914e-10
   199       3   1.59501284e-14   0.00000000e+00
   200       1   5.32363217e-02   6.56123402e-02
   200       2   8.49100273e-06   9.11466056e-10
   200       3   1.67991119e-14   0.00000000e+00
   201       1   5.71592590e-02   6.20329237e-02
   201       2   9.05557305e-06   8.62720431e-10
   201       3   1.81770389e-14   0.00000000e+00
   202       1   6.14502093e-02   5.86600515e-02
   202       2   9.66391225e-06   8.16727022e-10
   202       3   1.95156035e-14   0.00000000e+00
   203       1   6.61795003e-02   5.54706553e-02
   203       2   1.03240799e-05   7.73176465e-10
   203       3   2.08069216e-14   0.00000000e+00
   204       1   7.14363365e-02   5.24446917e-02
   204       2   1.10462686e-05   7.31826217e-10
   204       3   2.22930455e-14   0.00000000e+00
   205       1   7.73356609e-02   4.95646399e-02
   205       2   1.18435768e-05   6.92424300e-10
   205       3   2.37438902e-14   0.00000000e+00
   206       1   8.40282446e-02   4.68150942e-02
   206       2   1.27331452e-05   6.54773871e-10
   206       3   2.57387199e-14   0.00000000e+00
   207       1   9.17159261e-02   4.41824303e-02
   207       2   1.37378720e-05   6.18698779e-10
   207       3   2.76145192e-14   0.00000000e+00
   208       1   1.00675355e-01   4.16545310e-02
   208       2   1.48890856e-05   5.84012384e-10
   208       3   3.00386808e-14   0.00000000e+00
   209       1   1.11296343e-01   3.92205581e-02
   209       2   1.62308611e-05   5.50600813e-10
   209       3   3.27887662e-14   0.00000000e+00
   210       1   1.24146516e-01   3.68707615e-02
   210       2   1.78272953e-05   5.18309782e-10
   210       3   3.61925988e-14   0.00000000e+00
   211       1   1.40086004e-01   3.45963189e-02
   211       2   1.97754125e-05   4.87044440e-10
   211       3   3.97430179e-14   0.00000000e+00
   212       1   1.60484086e-01   3.23891990e-02
   212       2   2.22295408e-05   4.56666161e-10
   212       3   4.47982004e-14   0.00000000e+00
   213       1   1.87661885e-01   3.02420455e-02
   213       2   2.54511209e-05   4.27107685e-10
   213       3   5.11104983e-14   0.00000000e+00
   214       1   2.25894245e-01   2.81480761e-02
   214       2   2.99214274e-05   3.98254838e-10
   214       3   6.00881490e-14   0.00000000e+00
   215       1   2.84014603e-01   2.61009950e-02
   215       2   3.66346322e-05   3.70027235e-10
   215       3   7.37192399e-14   0.00000000e+00
   216       1   3.83703149e-01   2.40949157e-02
   216       2   4.80302424e-05   3.42363806e-10
   216       3   9.70620662e-14   0.00000000e+00
   217       1   5.96191214e-01   2.21242925e-02
   217       2   7.21222114e-05   3.15171606e-10
   217       3   1.45217093e-13   0.00000000e+00
   218       1   1.37259360e+00   2.01838588e-02
   218       2   1.59655067e-04   2.88368240e-10
   218       3   3.22191627e-13   0.00000000e+00
   219       1   4.05431090e+00   1.82685703e-02
   219       2   4.50960431e-04   2.61902706e-10
   219       3   9.11722239e-13   0.00000000e+00
   220       1   7.96315196e-01   1.63735525e-02
   220       2   8.39670613e-05   2.35714194e-10
   220       3   1.69883875e-13   0.00000000e+00
   221       1   4.33346262e-01   1.44940510e-02
   221       2   4.29058941e-05   2.09725449e-10
   221       3   8.68835074e-14   0.00000000e+00
   222       1   2.93030927e-01   1.26253832e-02
   222       2   2.68932144e-05   1.83870591e-10
   222       3   5.47001734e-14   0.00000000e+00
   223       1   2.18179286e-01   1.07628911e-02
   223       2   1.82379268e-05   1.58087655e-10
   223       3   3.70175681e-14   0.00000000e+00
   224       1   1.71363556e-01   8.90189370e-03
   224       2   1.27273913e-05   1.32315862e-10
   224       3   2.59106541e-14   0.00000000e+00
   225       1   1.39107898e-01   7.03763729e-03
   225       2   8.84434158e-06   1.06491899e-10
   225       3   1.80052263e-14   0.00000000e+00
   226       1   1.15369578e-01   5.16524429e-03
   226       2   5.90788347e-06   8.05409434e-11
   226       3   1.23884950e-14   0.00000000e+00
   227       1   9.70338359e-02   3.27965741e-03
   227       2   3.56650330e-06   5.44158676e-11
   227       3   7.51088988e-15   0.00000000e+00
   228       1   8.23309667e-02   1.37557899e-03
   228       2   1.61992603e-06   2.80055209e-11
   228       3   3.51958582e-15   0.00000000e+00
   229       1   7.01799554e-02   5.52596787e-04
   229       2   5.47625359e-08   1.25043485e-12
   229       3   2.72715105e-16   0.00000000e+00
   230       1   5.98821343e-02   2.51086051e-03
   230       2   1.53760876e-06   2.59231687e-11
   230       3   2.82022343e-15   0.00000000e+00
   231       1   5.09648406e-02   4.50567558e-03
   231       2   2.88340867e-06   5.36056850e-11
   231       3   5.23130861e-15   0.00000000e+00
   232       1   4.30958189e-02   6.54408056e-03
   232       2   4.13136954e-06   8.19094234e-11
   232       3   7.91621273e-15   0.00000000e+00
   233       1   3.60336068e-02   8.63380982e-03
   233       2   5.31072852e-06   1.10940430e-10
   233       3   1.03241893e-14   0.00000000e+00
   234       1   2.95973718e-02   1.07834370e-02
   234       2   6.44418995e-06   1.40794626e-10
   234       3   1.24142975e-14   0.00000000e+00
   235       1   2.36478055e-02   1.30025474e-02
   235       2   7.55012791e-06   1.71636782e-10
   235       3   1.48849904e-14   0.00000000e+00
   236       1   1.80745670e-02   1.53019480e-02
   236       2   8.64406370e-06   2.03597697e-10
   236       3   1.71213942e-14   0.00000000e+00
   237       1   1.27877394e-02   1.76939240e-02
   237       2   9.73970697e-06   2.36848302e-10
   237       3   1.91696654e-14   0.00000000e+00
   238       1   7.71180882e-03   2.01925572e-02
   238       2   1.08497326e-05   2.71595052e-10
   238       3   2.14760296e-14   0.00000000e+00
   239       1   2.78125381e-03   2.28141236e-02
   239       2   1.19864014e-05   3.08057092e-10
   239       3   2.36596281e-14   0.00000000e+00
   240       1   2.06283593e-03   2.55775957e-02
   240       2   1.31620992e-05   3.46496000e-10
   240       3   2.61606863e-14   0.00000000e+00
   241       1   6.87550320e-03   2.85052834e-02
   241       2   1.43898466e-05   3.87230310e-10
   241       3   2.88095666e-14   0.00000000e+00
   242       1   1.17103103e-02   3.16236613e-02
   242       2   1.56838296e-05   4.30617357e-10
   242       3   3.10201806e-14   0.00000000e+00
   243       1   1.66215935e-02   3.49644490e-02
   243       2   1.70599942e-05   4.77117335e-10
   243       3   3.38633529e-14   0.00000000e+00
   244       1   2.16667874e-02   3.85660406e-02
   244       2   1.85367603e-05   5.27254230e-10
   244       3   3.69749256e-14   0.00000000e+00
   245       1   2.69090348e-02   4.24754231e-02
   245       2   2.01359226e-05   5.81663898e-10
   245       3   3.97454538e-14   0.00000000e+00
   246       1   3.24203402e-02   4.67507916e-02
   246       2   2.18838340e-05   6.41202545e-10
   246       3   4.35547051e-14   0.00000000e+00
   247       1   3.82856218e-02   5.14651753e-02
   247       2   2.38130094e-05   7.06828346e-10
   247       3   4.73632016e-14   0.00000000e+00
   248       1   4.46081757e-02   5.67115627e-02
   248       2   2.59643650e-05   7.79891679e-10
   248       3   5.18365606e-14   0.00000000e+00
   249       1   5.15173513e-02   6.26103040e-02
   249       2   2.83904278e-05   8.62026320e-10
   249       3   5.64661248e-14   0.00000000e+00
   250       1   5.91797282e-02   6.93200657e-02
   250       2   3.11600643e-05   9.55477467e-10
   250       3   6.20209448e-14   0.00000000e+00
   251       1   6.78159686e-02   7.70544982e-02
   251       2   3.43656600e-05   1.06321902e-09
   251       3   6.87376694e-14   0.00000000e+00
   252       1   7.77271649e-02   8.61084283e-02
   252       2   3.81343853e-05   1.18931370e-09
   252       3   7.61486160e-14   0.00000000e+00
   253       1   8.93377074e-02   9.69005914e-02
   253       2   4.26465638e-05   1.33964183e-09
   253       3   8.52039297e-14   0.00000000e+00
   254       1   1.03268306e-01   1.10046526e-01
   254       2   4.81669925e-05   1.52275703e-09
   254       3   9.62955774e-14   0.00000000e+00
   255       1   1.20467331e-01   1.26489781e-01
   255       2   5.51013081e-05   1.75182041e-09
   255       3   1.10035036e-13   0.00000000e+00
   256       1   1.42463298e-01   1.47754233e-01
   256       2   6.41043698e-05   2.04805818e-09
   256       3   1.28030763e-13   0.00000000e+00
   257       1   1.71892708e-01   1.76471638e-01
   257       2   7.63068613e-05   2.44810250e-09
   257       3   1.52467498e-13   0.00000000e+00
   258       1   2.13731608e-01   2.17612566e-01
   258       2   9.38440015e-05   3.02124247e-09
   258       3   1.87650775e-13   0.00000000e+00
   259       1   2.78638380e-01   2.81827332e-01
   259       2   1.21290534e-04   3.91582516e-09
   259       3   2.42804211e-13   0.00000000e+00
   260       1   3.94319622e-01   3.96804435e-01
   260       2   1.70539303e-04   5.51761279e-09
   260       3   3.40973263e-13   0.00000000e+00
   261       1   6.62364192e-01   6.64055551e-01
   261       2   2.85190617e-04   9.24075970e-09
   261       3   5.70272678e-13   0.00000000e+00
   262       1   1.99730291e+00   1.99679775e+00
   262       2   8.57455959e-04   2.78076079e-08
   262       3   1.71573518e-12   0.00000000e+00
   263       1   2.00021977e+00   2.00094773e+00
   263       2   8.59836620e-04   2.78862645e-08
   263       3   1.72106902e-12   0.00000000e+00
   264       1   6.66416511e-01   6.66521313e-01
   264       2   2.86747908e-04   9.29593762e-09
   264       3   5.74091237e-13   0.00000000e+00
   265       1   3.98465987e-01   3.99134662e-01
   265       2   1.72032016e-04   5.57089013e-09
   265       3   3.44618298e-13   0.00000000e+00
   266       1   2.82814776e-01   2.84119196e-01
   266       2   1.22767111e-04   3.96856287e-09
   266       3   2.46071543e-13   0.00000000e+00
   267       1   2.17925061e-01   2.19887486e-01
   267       2   9.53158296e-05   3.07372036e-09
   267       3   1.90983563e-13   0.00000000e+00
   268       1   1.76099915e-01   1.78736729e-01
   268       2   7.77783452e-05   2.50043308e-09
   268       3   1.55784233e-13   0.00000000e+00
   269       1   1.46683881e-01   1.50012347e-01
   269       2   6.55778546e-05   2.10025877e-09
   269       3   1.31471589e-13   0.00000000e+00
   270       1   1.24702080e-01   1.28742137e-01
   270       2   5.65783709e-05   1.80393110e-09
   270       3   1.13474512e-13   0.00000000e+00
   271       1   1.07518588e-01   1.12293604e-01
   271       2   4.96488868e-05   1.57476660e-09
   271       3   9.95558392e-14   0.00000000e+00
   272       1   9.36052390e-02   9.91424923e-02
   272       2   4.41344039e-05   1.39153208e-09
   272       3   8.86790124e-14   0.00000000e+00
   273       1   8.20139192e-02   8.83450424e-02
   273       2   3.96292352e-05   1.24109252e-09
   273       3   7.96568739e-14   0.00000000e+00
   274       1   7.21241384e-02   7.92855855e-02
   274       2   3.58685820e-05   1.11485716e-09
   274       3   7.21403974e-14   0.00000000e+00
   275       1   6.35117186e-02   7.15453002e-02
   275       2   3.26721512e-05   1.00700948e-09
   275       3   6.56226231e-14   0.00000000e+00
   276       1   5.58757891e-02   6.48292983e-02
   276       2   2.99128258e-05   9.13408527e-10
   276       3   5.99970719e-14   0.00000000e+00
   277       1   4.89959294e-02   5.89238817e-02
   277       2   2.74982936e-05   8.31119827e-10
   277       3   5.54429777e-14   0.00000000e+00
   278       1   4.27058306e-02   5.36703446e-02
   278       2   2.53597806e-05   7.57903590e-10
   278       3   5.11724925e-14   0.00000000e+00
   279       1   3.68764515e-02   4.89483016e-02
   279       2   2.34448723e-05   6.92079583e-10
   279       3   4.71088086e-14   0.00000000e+00
   280       1   3.14048508e-02   4.46647316e-02
   280       2   2.17127869e-05   6.32378017e-10
   280       3   4.36319445e-14   0.00000000e+00
   281       1   2.62065223e-02   4.07465737e-02
   281       2   2.01311687e-05   5.77745617e-10
   281       3   4.02189346e-14   0.00000000e+00
   282       1   2.12099423e-02   3.71356006e-02
   282       2   1.86738540e-05   5.27405076e-10
   282       3   3.74617916e-14   0.00000000e+00
   283       1   1.63525342e-02   3.37847923e-02
   283       2   1.73192720e-05   4.80675679e-10
   283       3   3.51843053e-14   0.00000000e+00
   284       1   1.15775329e-02   3.06557203e-02
   284       2   1.60492693e-05   4.37037624e-10
   284       3   3.23081066e-14   0.00000000e+00
   285       1   6.83140056e-03   2.77166283e-02
   285       2   1.48482189e-05   3.96034781e-10
   285       3   3.02484412e-14   0.00000000e+00
   286       1   2.06153335e-03   2.49410028e-02
   286       2   1.37023187e-05   3.57320213e-10
   286       3   2.75349800e-14   0.00000000e+00
   287       1   2.78595111e-03   2.23064919e-02
   287       2   1.25990131e-05   3.20558672e-10
   287       3   2.55667028e-14   0.00000000e+00
   288       1   7.76854559e-03   1.97940779e-02
   288       2   1.15264856e-05   2.85497759e-10
   288       3   2.30859918e-14   0.00000000e+00
   289       1   1.29500223e-02   1.73874359e-02
   289       2   1.04731774e-05   2.51902336e-10
   289       3   2.12972365e-14   0.00000000e+00
   290       1   1.84037125e-02   1.50724312e-02
   290       2   9.42729080e-06   2.19583675e-10
   290       3   1.91376963e-14   0.00000000e+00
   291       1   2.42167746e-02   1.28367208e-02
   291       2   8.37622446e-06   1.88364318e-10
   291       3   1.69878053e-14   0.00000000e+00
   292       1   3.04960135e-02   1.06694351e-02
   292       2   7.30587823e-06   1.58091732e-10
   292       3   1.50371996e-14   0.00000000e+00
   293       1   3.73761306e-02   8.56092025e-03
   293       2   6.19972971e-06   1.28628058e-10
   293       3   1.26890061e-14   0.00000000e+00
   294       1   4.50318426e-02   6.50252789e-03
   294       2   5.03753257e-06   9.98635943e-11
   294       3   1.02190872e-14   0.00000000e+00
   295       1   5.36963175e-02   4.48644185e-03
   295       2   3.79338334e-06   7.16923723e-11
   295       3   7.81951406e-15   0.00000000e+00
   296       1   6.36902731e-02   2.50553392e-03
   296       2   2.43271143e-06   4.39847090e-11
   296       3   5.31778508e-15   0.00000000e+00
   297       1   7.54698385e-02   5.53242383e-04
   297       2   9.07364905e-07   1.66809312e-11
   297       3   2.19966256e-15   0.00000000e+00
   298       1   8.97091199e-02   1.37653143e-03
   298       2   8.52834016e-07   1.03215027e-11
   298       3   1.43819418e-15   0.00000000e+00
   299       1   1.07451002e-01   3.28951228e-03
   299       2   2.95548176e-06   3.71045973e-11
   299       3   5.30908294e-15   0.00000000e+00
   300       1   1.30402624e-01   5.19112901e-03
   300       2   5.57572472e-06   6.37262543e-11
   300       3   1.08024621e-14   0.00000000e+00
   301       1   1.61568442e-01   7.08658376e-03
   301       2   9.02078747e-06   9.02738912e-11
   301       3   1.74273415e-14   0.00000000e+00
   302       1   2.06776885e-01   8.98091448e-03
   302       2   1.38855547e-05   1.16813842e-10
   302       3   2.71996029e-14   0.00000000e+00
   303       1   2.79025155e-01   1.08790524e-02
   303       2   2.14953114e-05   1.43416629e-10
   303       3   4.21403800e-14   0.00000000e+00
   304       1   4.14408798e-01   1.27858763e-02
   304       2   3.55288943e-05   1.70151584e-10
   304       3   6.98733727e-14   0.00000000e+00
   305       1   7.64498310e-01   1.47062637e-02
   305       2   7.14307765e-05   1.97088128e-10
   305       3   1.41070246e-13   0.00000000e+00
   306       1   3.90361888e+00   1.66451426e-02
   306       2   3.91405161e-04   2.24311151e-10
   306       3   7.73738202e-13   0.00000000e+00
   307       1   1.32803952e+00   1.86075415e-02
   307       2   1.41397737e-04   2.51858908e-10
   307       3   2.79939509e-13   0.00000000e+00
   308       1   5.78632687e-01   2.05986426e-02
   308       2   6.48057283e-05   2.79829034e-10
   308       3   1.28427195e-13   0.00000000e+00
   309       1   3.73552836e-01   2.26238356e-02
   309       2   4.37052980e-05   3.08290187e-10
   309       3   8.68206854e-14   0.00000000e+00
   310       1   2.77324854e-01   2.46887767e-02
   310       2   3.37055265e-05   3.37335660e-10
   310       3   6.70015097e-14   0.00000000e+00
   311       1   2.21206883e-01   2.67994518e-02
   311       2   2.77995365e-05   3.67017363e-10
   311       3   5.51758009e-14   0.00000000e+00
   312       1   1.84278555e-01   2.89622464e-02
   312       2   2.38547380e-05   3.97458534e-10
   312       3   4.74515151e-14   0.00000000e+00
   313       1   1.58016463e-01   3.11840240e-02
   313       2   2.10020900e-05   4.28759280e-10
   313       3   4.18638110e-14   0.00000000e+00
   314       1   1.38295921e-01   3.34722145e-02
   314       2   1.88208919e-05   4.61006327e-10
   314       3   3.74672600e-14   0.00000000e+00
   315       1   1.22877373e-01   3.58349160e-02
   315       2   1.70825956e-05   4.94319147e-10
   315       3   3.40852381e-14   0.00000000e+00
   316       1   1.10439664e-01   3.82810118e-02
   316       2   1.56522746e-05   5.28835294e-10
   316       3   3.12102500e-14   0.00000000e+00
   317       1   1.00152891e-01   4.08203083e-02
   317       2   1.44450878e-05   5.64694582e-10
   317       3   2.89736203e-14   0.00000000e+00
   318       1   9.14693695e-02   4.34636952e-02
   318       2   1.34049746e-05   6.02054226e-10
   318       3   2.66467655e-14   0.00000000e+00
   319       1   8.40129716e-02   4.62233376e-02
   319       2   1.24933744e-05   6.41083106e-10
   319       3   2.50001152e-14   0.00000000e+00
   320       1   7.75167514e-02   4.91129045e-02
   320       2   1.16828681e-05   6.81972678e-10
   320       3   2.33353854e-14   0.00000000e+00
   321       1   7.17859413e-02   5.21478439e-02
   321       2   1.09534062e-05   7.24975207e-10
   321       3   2.20404783e-14   0.00000000e+00
   322       1   6.66750434e-02   5.53457171e-02
   322       2   1.02899723e-05   7.70312227e-10
   322       3   2.05711401e-14   0.00000000e+00
   323       1   6.20731268e-02   5.87266068e-02
   323       2   9.68108393e-06   8.18281674e-10
   323       3   1.92944119e-14   0.00000000e+00
   324       1   5.78940926e-02   6.23136209e-02
   324       2   9.11779941e-06   8.69232936e-10
   324       3   1.83864825e-14   0.00000000e+00
   325       1   5.40700540e-02   6.61335166e-02
   325       2   8.59304228e-06   9.23557854e-10
   325       3   1.73924738e-14   0.00000000e+00
   326       1   5.05467262e-02   7.02174851e-02
   326       2   8.10113071e-06   9.81687723e-10
   326       3   1.59505156e-14   0.00000000e+00
   327       1   4.72801485e-02   7.46021414e-02
   327       2   7.63744269e-06   1.04418972e-09
   327       3   1.51964889e-14   0.00000000e+00
   328       1   4.42343097e-02   7.93307911e-02
   328       2   7.19817338e-06   1.11167304e-09
   328       3   1.45243873e-14   0.00000000e+00
   329       1   4.13793993e-02   8.44550645e-02
   329       2   6.78015625e-06   1.18490971e-09
   329       3   1.35958602e-14   0.00000000e+00
   330       1   3.86904994e-02   9.00370515e-02
   330       2   6.38072924e-06   1.26480231e-09
   330       3   1.27549753e-14   0.00000000e+00
   331       1   3.61465931e-02   9.61521261e-02
   331       2   5.99763317e-06   1.35246142e-09
   331       3   1.21422223e-14   0.00000000e+00
   332       1   3.37298030e-02   1.02892734e-01
   332       2   5.62893365e-06   1.44928113e-09
   332       3   1.12927561e-14   0.00000000e+00
   333       1   3.14248002e-02   1.10373551e-01
   333       2   5.27296040e-06   1.55692865e-09
   333       3   1.06538388e-14   0.00000000e+00
   334       1   2.92183396e-02   1.18738627e-01
   334       2   4.92825951e-06   1.67755664e-09
   334       3   1.00667996e-14   0.00000000e+00
   335       1   2.70988919e-02   1.28171471e-01
   335       2   4.59355550e-06   1.81391642e-09
   335       3   9.12322041e-15   0.00000000e+00
   336       1   2.50563488e-02   1.38909584e-01
   336       2   4.26772093e-06   1.96956271e-09
   336       3   8.50225214e-15   0.00000000e+00
   337       1   2.30817846e-02   1.51265923e-01
   337       2   3.94975176e-06   2.14921178e-09
   337       3   8.05046740e-15   0.00000000e+00
   338       1   2.11672622e-02   1.65661468e-01
   338       2   3.63874725e-06   2.35919573e-09
   338       3   7.25468577e-15   0.00000000e+00
   339       1   1.93056733e-02   1.82676212e-01
   339       2   3.33389337e-06   2.60838431e-09
   339       3   6.74665361e-15   0.00000000e+00
   340       1   1.74906063e-02   2.03132008e-01
   340       2   3.03444900e-06   2.90933490e-09
   340       3   6.26710681e-15   0.00000000e+00
   341       1   1.57162351e-02   2.28233088e-01
   341       2   2.73973437e-06   3.28063144e-09
   341       3   5.57549104e-15   0.00000000e+00
   342       1   1.39772262e-02   2.59817191e-01
   342       2   2.44912122e-06   3.75084546e-09
   342       3   4.79575657e-15   0.00000000e+00
   343       1   1.22686589e-02   3.00833795e-01
   343       2   2.16202444e-06   4.36633531e-09
   343       3   4.39032473e-15   0.00000000e+00
   344       1   1.05859563e-02   3.56330619e-01
   344       2   1.87789480e-06   5.20740066e-09
   344       3   3.88660898e-15   0.00000000e+00
   345       1   8.92482617e-03   4.35710356e-01
   345       2   1.59621257e-06   6.42593409e-09
   345       3   3.28546785e-15   0.00000000e+00
   346       1   7.28120806e-03   5.58669640e-01
   346       2   1.31648187e-06   8.34639192e-09
   346       3   2.69921377e-15   0.00000000e+00
   347       1   5.65122615e-03   7.74336303e-01
   347       2   1.03822562e-06   1.17992612e-08
   347       3   2.12480379e-15   0.00000000e+00
   348       1   4.03114664e-03   1.24672859e+00
   348       2   7.60980906e-07   1.96614928e-08
   348       3   1.55933474e-15   0.00000000e+00
   349       1   2.41733823e-03   2.99545362e+00
   349       2   4.84294598e-07   5.09415361e-08
   349       3   1.00000675e-15   0.00000000e+00
   350       1   8.06234941e-04   1.15397115e+05
   350       2   2.07719309e-07   2.66571504e-03
   350       3   6.66133811e-16   1.18652993e-10
   350       4   0.00000000e+00   0.00000000e+00
   351       1   0.00000000e+00   5.43643215e-10
   351       2   0.00000000e+00   0.00000000e+00