  TimeWindow  Iteration  ResRel(Mass-Left-Mesh:Displacement-Left)  ResRel(Mass-Left-Mesh:Displacement-Right)
     1       1   1.00000000e+00   1.00000000e+00
     1       2   4.27748504e-06   2.86287302e-07
     1       3   2.75406593e-13   5.67621948e-14
     2       1   1.92921772e-02   7.48413459e-01
     2       2   2.16602291e-05   4.97990640e-07
     2       3   2.38270704e-12   2.12910721e-14
     3       1   3.27510864e-02   5.50834019e-01
     3       2   3.96704982e-05   4.09365755e-07
     3       3   4.56894729e-12   4.83603552e-14
     4       1   4.70115160e-02   4.29086992e-01
     4       2   5.85976569e-05   3.33817757e-07
     4       3   6.87020611e-12   3.00065169e-14
     5       1   6.24298973e-02   3.47608446e-01
     5       2   7.88031430e-05   2.77574734e-07
     5       3   9.33055938e-12   2.43251982e-14
     6       1   7.94790975e-02   2.88987883e-01
     6       2   1.00763095e-04   2.34862285e-07
     6       3   1.20088891e-11   2.30606754e-15
     7       1   9.88219515e-02   2.44394449e-01
     7       2   1.25138391e-04   2.01275906e-07
     7       3   1.49865168e-11   4.53044042e-14
     8       1   1.21440593e-01   2.08955663e-01
     8       2   1.52897728e-04   1.73973275e-07
     8       3   1.83821450e-11   0.00000000e+00
     9       1   1.48881093e-01   1.79776582e-01
     9       2   1.85550001e-04   1.51121828e-07
     9       3   2.23858188e-11   0.00000000e+00
    10       1   1.83757309e-01   1.55028179e-01
    10       2   2.25622071e-04   1.31488411e-07
    10       3   2.73066495e-11   0.00000000e+00
    11       1   2.30906598e-01   1.33493106e-01
    11       2   2.77753027e-04   1.14229338e-07
    11       3   3.37195654e-11   6.56309982e-14
    12       1   3.00456552e-01   1.14322842e-01
    12       2   3.51594657e-04   9.87365762e-08
    12       3   4.28226515e-11   0.00000000e+00
    13       1   4.17900500e-01   9.68996142e-02
    13       2   4.71332923e-04   8.45569614e-08
    13       3   5.76119515e-11   0.00000000e+00
    14       1   6.71390764e-01   8.07533233e-02
    14       2   7.20346958e-04   7.13370614e-08
    14       3   8.84245045e-11   0.00000000e+00
    15       1   1.71374601e+00   6.55086234e-02
    15       2   1.71452747e-03   5.87891396e-08
    15       3   2.11583067e-10   0.00000000e+00
    15       4   0.00000000e+00   0.00000000e+00
    16       1   2.74642175e+00   5.08488850e-02
    16       2   2.49734089e-03   4.66671723e-08
    16       3   3.10475116e-10   0.00000000e+00
    16       4   0.00000000e+00   0.00000000e+00
    17       1   7.11184518e-01   3.64893876e-02
    17       2   5.52981402e-04   3.47480973e-08
    17       3   6.95844118e-11   0.00000000e+00
    18       1   3.80996861e-01   2.21547904e-02
    18       2   2.25904787e-04   2.28062501e-08
    18       3   2.91237265e-11   6.68473951e-15
    19       1   2.39900127e-01   7.55701230e-03
    19       2   7.59057845e-05   1.06047735e-08
    19       3   1.06052436e-11   0.00000000e+00
    20       1   1.57411123e-01   7.63044325e-03
    20       2   2.11982971e-05   2.12309452e-09
    20       3   1.33544172e-12   0.00000000e+00
    21       1   9.98589838e-02   2.38070636e-02
    21       2   9.80622795e-05   1.57104452e-08
    21       3   1.07523412e-11   0.00000000e+00
    22       1   5.43456125e-02   4.14976308e-02
    22       2   1.67999532e-04   3.06033065e-08
    22       3   1.92954112e-11   0.00000000e+00
    23       1   1.44852257e-02   6.14388471e-02
    23       2   2.38691700e-04   4.74198763e-08
    23       3   2.79051234e-11   0.00000000e+00
    24       1   2.37709389e-02   8.47346078e-02
    24       2   3.16511233e-04   6.70953508e-08
    24       3   3.73674981e-11   7.77884185e-14
    25       1   6.38841530e-02   1.13157755e-01
    25       2   4.08900524e-04   9.11286523e-08
    25       3   4.85766965e-11   0.00000000e+00
    26       1   1.09984820e-01   1.49794400e-01
    26       2   5.27110188e-04   1.22137810e-07
    26       3   6.29087273e-11   0.00000000e+00
    27       1   1.68718844e-01   2.00595740e-01
    27       2   6.91681473e-04   1.65161766e-07
    27       3   8.28356325e-11   0.00000000e+00
    28       1   2.53831494e-01   2.78792566e-01
    28       2   9.47412233e-04   2.31424068e-07
    28       3   1.13797152e-10   0.00000000e+00
    28       4   0.00000000e+00   0.00000000e+00
    29       1   4.02526442e-01   4.21079322e-01
    29       2   1.41779168e-03   3.52033811e-07
    29       3   1.70740372e-10   8.59429182e-14
    29       4   0.00000000e+00   0.00000000e+00
    30       1   7.70122912e-01   7.81477878e-01
    30       2   2.62031166e-03   6.57565968e-07
    30       3   3.16281030e-10   6.65676123e-14
    30       4   0.00000000e+00   0.00000000e+00
    31       1   4.02609062e+00   3.97790601e+00
    31       2   1.33480991e-02   3.36755599e-06
    31       3   1.61463316e-09   3.31368433e-15
    31       4   0.00000000e+00   0.00000000e+00
    32       1   1.33275061e+00   1.33382601e+00
    32       2   4.50130829e-03   1.13584340e-06
    32       3   5.45632732e-10   0.00000000e+00
    32       4   0.00000000e+00   0.00000000e+00
    33       1   5.66329763e-01   5.68254211e-01
    33       2   1.93860377e-03   4.86775682e-07
    33       3   2.35480463e-10   0.00000000e+00
    33       4   0.00000000e+00   0.00000000e+00
    34       1   3.48294921e-01   3.55104682e-01
    34       2   1.23140794e-03   3.06054184e-07
    34       3   1.49899053e-10   7.37141716e-14
    34       4   0.00000000e+00   0.00000000e+00
    35       1   2.39826365e-01   2.52363433e-01
    35       2   8.95006493e-04   2.18930622e-07
    35       3   1.09199959e-10   6.14054575e-16
    35       4   0.00000000e+00   0.00000000e+00
    36       1   1.71115150e-01   1.90213232e-01
    36       2   6.94772960e-04   1.66211612e-07
    36       3   8.49809918e-11   0.00000000e+00
    37       1   1.20587398e-01   1.47381910e-01
    37       2   5.59077950e-04   1.29863286e-07
    37       3   6.85797940e-11   0.00000000e+00
    38       1   7.90668812e-02   1.15180386e-01
    38       2   4.58462226e-04   1.02517501e-07
    38       3   5.64332110e-11   4.93301585e-14
    39       1   4.15832257e-02   8.93814256e-02
    39       2   3.78290598e-04   8.05895136e-08
    39       3   4.67698453e-11   0.00000000e+00
    40       1   4.64005491e-03   6.76663652e-02
    40       2   3.10046729e-04   6.21099233e-08
    40       3   3.85607480e-11   0.00000000e+00
    41       1   3.51405271e-02   4.86420369e-02
    41       2   2.47768149e-04   4.58988643e-08
    41       3   3.10972169e-11   0.00000000e+00
    42       1   8.22886111e-02   3.14051305e-02
    42       2   1.85992642e-04   3.11858890e-08
    42       3   2.37257261e-11   0.00000000e+00
    43       1   1.44832245e-01   1.53274496e-02
    43       2   1.17525596e-04   1.74365491e-08
    43       3   1.56045087e-11   0.00000000e+00
    44       1   2.40996423e-01   5.97569324e-05
    44       2   2.83723971e-05   4.24550316e-09
    44       3   5.08532158e-12   0.00000000e+00
    45       1   4.26936733e-01   1.51335689e-02
    45       2   1.22171497e-04   8.70510673e-09
    45       3   1.25455200e-11   0.00000000e+00
    46       1   1.01433051e+00   3.02230439e-02
    46       2   5.56407616e-04   2.17077519e-08
    46       3   6.31788652e-11   0.00000000e+00
    47       1   7.59855948e+00   4.56409511e-02
    47       2   5.59546154e-03   3.50336583e-08
    47       3   6.52460519e-10   0.00000000e+00
    47       4   0.00000000e+00   0.00000000e+00
    48       1   8.93872938e-01   6.17107667e-02
    48       2   7.75575127e-04   4.89736431e-08
    48       3   9.16114352e-11   1.84545903e-15
    49       1   4.90157392e-01   7.87941383e-02
    49       2   4.75514491e-04   6.38491595e-08
    49       3   5.66128680e-11   0.00000000e+00
    50       1   3.40077671e-01   9.73238919e-02
    50       2   3.57298967e-04   8.00488368e-08
    50       3   4.27660207e-11   0.00000000e+00
    51       1   2.59353772e-01   1.17849193e-01
    51       2   2.89279964e-04   9.80837879e-08
    51       3   3.47773188e-11   0.00000000e+00
    52       1   2.07468806e-01   1.41103371e-01
    52       2   2.42434666e-04   1.18622012e-07
    52       3   2.92505109e-11   1.67200447e-14
    53       1   1.70329161e-01   1.68113290e-01
    53       2   2.06608996e-04   1.42622367e-07
    53       3   2.50062611e-11   0.00000000e+00
    54       1   1.41726035e-01   2.00387093e-01
    54       2   1.77287752e-04   1.71508928e-07
    54       3   2.15256670e-11   0.00000000e+00
    55       1   1.18484499e-01   2.40258025e-01
    55       2   1.52131149e-04   2.07493955e-07
    55       3   1.85300936e-11   6.60850636e-16
    56       1   9.88009606e-02   2.91562657e-01
    56       2   1.29786370e-04   2.54262482e-07
    56       3   1.58614062e-11   0.00000000e+00
    57       1   8.15648680e-02   3.61107573e-01
    57       2   1.09401603e-04   3.18456297e-07
    57       3   1.34219947e-11   0.00000000e+00
    58       1   6.60453101e-02   4.62246484e-01
    58       2   9.04006796e-05   4.13323949e-07
    58       3   1.11432124e-11   1.98188772e-14
    59       1   5.17317153e-02   6.25190257e-01
    59       2   7.23678367e-05   5.69532538e-07
    59       3   8.97637954e-12   3.65807488e-14
    60       1   3.82462240e-02   9.35262230e-01
    60       2   5.49837360e-05   8.76416381e-07
    60       3   6.88377260e-12   4.67503609e-14
    61       1   2.52918620e-02   1.75441897e+00
    61       2   3.79870347e-05   1.73098313e-06
    61       3   4.83451932e-12   6.45384498e-14
    62       1   1.26194342e-02   7.96205584e+00
    62       2   2.11492332e-05   8.99976388e-06
    62       3   2.80129558e-12   2.46782733e-13
    63       1   4.26389458e-06   2.64206080e-06
    63       2   4.25633683e-06   2.25910566e-06
    63       3   7.57924361e-13   8.24330496e-14
    64       1   1.27723564e-02   8.88419772e-01
    64       2   1.29065040e-05   5.06413414e-07
    64       3   1.32121827e-12   3.37256106e-15
    65       1   2.59405145e-02   6.36947728e-01
    65       2   3.05701379e-05   4.54587075e-07
    65       3   3.46406878e-12   6.34469798e-15
    66       1   3.97609310e-02   4.83274570e-01
    66       2   4.89989593e-05   3.68860462e-07
    66       3   5.70292627e-12   2.18564372e-15
    67       1   5.45498041e-02   3.84687689e-01
    67       2   6.85141702e-05   3.03655227e-07
    67       3   8.07725458e-12   0.00000000e+00
    68       1   7.07148079e-02   3.16120949e-01
    68       2   8.95279153e-05   2.54845120e-07
    68       3   1.06380290e-11   0.00000000e+00
    69       1   8.88119935e-02   2.65304341e-01
    69       2   1.12597465e-04   2.17135149e-07
    69       3   1.34538619e-11   5.77555647e-14
    70       1   1.09642466e-01   2.25744201e-01
    70       2   1.38517277e-04   1.86971178e-07
    70       3   1.66222734e-11   0.00000000e+00
    71       1   1.34428551e-01   1.93716235e-01
    71       2   1.68486492e-04   1.62079806e-07
    71       3   2.02929342e-11   0.00000000e+00
    72       1   1.65160768e-01   1.66935450e-01
    72       2   2.04438232e-04   1.40960948e-07
    72       3   2.47032496e-11   0.00000000e+00
    73       1   2.05349281e-01   1.43918695e-01
    73       2   2.49751581e-04   1.22606613e-07
    73       3   3.02752357e-11   0.00000000e+00
    74       1   2.61866515e-01   1.23655239e-01
    74       2   3.10995194e-04   1.06295180e-07
    74       3   3.78173428e-11   0.00000000e+00
    75       1   3.50325869e-01   1.05424975e-01
    75       2   4.03012201e-04   9.15060417e-08
    75       3   4.91679916e-11   0.00000000e+00
    76       1   5.15649748e-01   8.86920592e-02
    76       2   5.68350172e-04   7.78457854e-08
    76       3   6.96095854e-11   0.00000000e+00
    77       1   9.62419383e-01   7.30391038e-02
    77       2   1.00028603e-03   6.49950498e-08
    77       3   1.23089794e-10   0.00000000e+00
    77       4   0.00000000e+00   0.00000000e+00
    78       1   8.49189083e+00   5.81239108e-02
    78       2   8.07061500e-03   5.26904023e-08
    78       3   9.99349915e-10   0.00000000e+00
    78       4   0.00000000e+00   0.00000000e+00
    79       1   1.15055966e+00   4.36487912e-02
    79       2   9.75919503e-04   4.06974275e-08
    79       3   1.21980906e-10   2.34236517e-14
    79       4   0.00000000e+00   0.00000000e+00
    80       1   5.03454557e-01   2.93364188e-02
    80       2   3.49272933e-04   2.87927096e-08
    80       3   4.43671875e-11   0.00000000e+00
    81       1   2.99211112e-01   1.49079680e-02
    81       2   1.40550190e-04   1.67534010e-08
    81       3   1.85798422e-11   0.00000000e+00
    82       1   1.94237830e-01   5.97630935e-05
    82       2   2.35379880e-05   4.32572606e-09
    82       3   4.16025823e-12   0.00000000e+00
    83       1   1.26558911e-01   1.55660265e-02
    83       2   6.11154451e-05   8.78515025e-09
    83       3   6.23142675e-12   0.00000000e+00
    84       1   7.60807066e-02   3.24233786e-02
    84       2   1.33352707e-04   2.29616014e-08
    84       3   1.50671394e-11   0.00000000e+00
    85       1   3.39909790e-02   5.11290421e-02
    85       2   2.02852593e-04   3.87227424e-08
    85       3   2.35433916e-11   0.00000000e+00
    86       1   4.62781882e-03   7.25773929e-02
    86       2   2.76296500e-04   5.68236104e-08
    86       3   3.24792749e-11   0.00000000e+00
    87       1   4.33687508e-02   9.81545945e-02
    87       2   3.60313234e-04   7.84386587e-08
    87       3   4.26830879e-11   0.00000000e+00
    88       1   8.58611665e-02   1.30173815e-01
    88       2   4.63811925e-04   1.05527495e-07
    88       3   5.52343880e-11   0.00000000e+00
    89       1   1.37171410e-01   1.72857987e-01
    89       2   6.01672034e-04   1.41667402e-07
    89       3   7.19390793e-11   0.00000000e+00
    90       1   2.06571964e-01   2.34892859e-01
    90       2   8.03510173e-04   1.94221105e-07
    90       3   9.63771584e-11   1.99567679e-15
    91       1   3.15813852e-01   3.37548028e-01
    91       2   1.14105879e-03   2.81224293e-07
    91       3   1.37239203e-10   5.13329674e-15
    91       4   0.00000000e+00   0.00000000e+00
    92       1   5.35387742e-01   5.50638627e-01
    92       2   1.84901100e-03   4.61863130e-07
    92       3   2.22928628e-10   3.99586573e-14
    92       4   0.00000000e+00   0.00000000e+00
    93       1   1.31163494e+00   1.31617421e+00
    93       2   4.41211766e-03   1.11088126e-06
    93       3   5.33129383e-10   7.81708311e-14
    93       4   0.00000000e+00   0.00000000e+00
    94       1   3.95213809e+00   3.99560502e+00
    94       2   1.34372689e-02   3.39253930e-06
    94       3   1.62713217e-09   4.73582971e-14
    94       4   0.00000000e+00   0.00000000e+00
    95       1   7.98892263e-01   7.99113623e-01
    95       2   2.70965977e-03   6.82504593e-07
    95       3   3.28795787e-10   1.19821815e-14
    95       4   0.00000000e+00   0.00000000e+00
    96       1   4.34436261e-01   4.38668702e-01
    96       2   1.50771683e-03   3.76905263e-07
    96       3   1.83332379e-10   1.46352146e-13
    96       4   0.00000000e+00   0.00000000e+00
    97       1   2.86729355e-01   2.96309700e-01
    97       2   1.03828267e-03   2.56197404e-07
    97       3   1.26529918e-10   6.67878792e-14
    97       4   0.00000000e+00   0.00000000e+00
    98       1   2.02313737e-01   2.18012450e-01
    98       2   7.83917488e-04   1.89794617e-07
    98       3   9.57609485e-11   0.00000000e+00
    99       1   1.44301614e-01   1.67080236e-01
    99       2   6.21215327e-04   1.46582422e-07
    99       3   7.60876044e-11   0.00000000e+00
   100       1   9.90671249e-02   1.30279336e-01
   100       2   5.05505596e-04   1.15342120e-07
   100       3   6.21097663e-11   0.00000000e+00
   101       1   6.00550097e-02   1.01654764e-01
   101       2   4.16442466e-04   9.10224981e-08
   101       3   5.13627219e-11   0.00000000e+00
   102       1   2.32448945e-02   7.81155422e-02
   102       2   3.43083376e-04   7.10065386e-08
   102       3   4.25359275e-11   0.00000000e+00
   103       1   1.46577660e-02   5.78826233e-02
   103       2   2.78493489e-04   5.37753615e-08
   103       3   3.47746836e-11   0.00000000e+00
   104       1   5.74167549e-02   3.98442045e-02
   104       2   2.17191706e-04   3.83932164e-08
   104       3   2.74467402e-11   0.00000000e+00
   105       1   1.10875726e-01   2.32534778e-02
   105       2   1.53208916e-04   2.42171759e-08
   105       3   1.98258989e-11   0.00000000e+00
   106       1   1.86752110e-01   7.57267045e-03
   106       2   7.69808614e-05   1.07921808e-08
   106       3   1.08086854e-11   0.00000000e+00
   107       1   3.15561349e-01   7.61454580e-03
   107       2   3.40753242e-05   2.24124212e-09
   107       3   2.24649553e-12   0.00000000e+00
   108       1   6.15562954e-01   2.26567354e-02
   108       2   2.64756920e-04   1.51842386e-08
   108       3   2.92066240e-11   0.00000000e+00
   109       1   2.46602754e+00   3.78712756e-02
   109       2   1.59572557e-03   2.83140367e-08
   109       3   1.84198953e-10   0.00000000e+00
   109       4   0.00000000e+00   0.00000000e+00
   110       1   1.57045421e+00   5.35729985e-02
   110       2   1.26498113e-03   4.19081894e-08
   110       3   1.48601653e-10   0.00000000e+00
   110       4   0.00000000e+00   0.00000000e+00
   111       1   6.31087917e-01   7.01008143e-02
   111       2   5.81945648e-04   5.62707028e-08
   111       3   6.90355076e-11   0.00000000e+00
   112       1   4.01508089e-01   8.78472602e-02
   112       2   4.06599602e-04   7.17541917e-08
   112       3   4.85462950e-11   0.00000000e+00
   113       1   2.94624836e-01   1.07296585e-01
   113       2   3.19575771e-04   8.88009064e-08
   113       3   3.83406091e-11   0.00000000e+00
   114       1   2.30971949e-01   1.29079548e-01
   114       2   2.64048686e-04   1.07987387e-07
   114       3   3.18025805e-11   0.00000000e+00
   115       1   1.87546589e-01   1.54058857e-01
   115       2   2.23500154e-04   1.30115854e-07
   115       3   2.70101538e-11   0.00000000e+00
   116       1   1.55203262e-01   1.83471350e-01
   116       2   1.91313393e-04   1.56341870e-07
   116       3   2.31923590e-11   0.00000000e+00
   117       1   1.29569399e-01   2.19179921e-01
   117       2   1.64289017e-04   1.88429111e-07
   117       3   1.99784629e-11   0.00000000e+00
   118       1   1.08278913e-01   2.64151512e-01
   118       2   1.40668878e-04   2.29209296e-07
   118       3   1.71617309e-11   0.00000000e+00
   119       1   8.99292286e-02   3.23441644e-01
   119       2   1.19389776e-04   2.83578218e-07
   119       3   1.46179840e-11   0.00000000e+00
   120       1   7.36263458e-02   4.06445490e-01
   120       2   9.97570005e-05   3.60768908e-07
   120       3   1.22659071e-11   2.78002134e-15
   121       1   5.87637744e-02   5.32821293e-01
   121       2   8.12849412e-05   4.80499430e-07
   121       3   1.00482219e-11   1.49854941e-13
   122       1   4.49054693e-02   7.51579329e-01
   122       2   6.36120576e-05   6.93228067e-07
   122       3   7.92303716e-12   3.42098696e-15
   123       1   3.17190485e-02   1.22634582e+00
   123       2   4.64517847e-05   1.17381249e-06
   123       3   5.85558559e-12   6.94122702e-14
   124       1   1.89348000e-02   2.97475984e+00
   124       2   2.95618092e-05   3.07870630e-06
   124       3   3.81759352e-12   2.19823931e-13
   125       1   6.31830687e-03   6.41832316e+05
   125       2   1.27229179e-05   9.82053413e+00
   125       3   1.78235205e-12   4.68520826e-07
   125       4   0.00000000e+00   0.00000000e+00