  TimeWindow  Iteration  ResRel(Mass-Left-Mesh:Displacement-Left)  ResRel(Mass-Left-Mesh:Displacement-Right)
     1       1   1.00000000e+00   1.00000000e+00
     1       2   4.06071742e-08   2.72768697e-09
     1       3   0.00000000e+00   0.00000000e+00
     2       1   1.85376530e-03   7.49845717e-01
     2       2   2.03285064e-07   4.74172391e-09
     2       3   1.11296731e-16   0.00000000e+00
     3       1   3.09501817e-03   5.55098226e-01
     3       2   3.66516906e-07   3.91042364e-09
     3       3   4.46564622e-16   0.00000000e+00
     4       1   4.34305305e-03   4.36689232e-01
     4       2   5.30509088e-07   3.21174379e-09
     4       3   7.84881716e-16   0.00000000e+00
     5       1   5.60004756e-03   3.58813186e-01
     5       2   6.95472923e-07   2.70121583e-09
     5       3   7.89276542e-16   0.00000000e+00
     6       1   6.86824748e-03   3.03980400e-01
     6       2   8.61626158e-07   2.32224073e-09
     6       3   1.24880926e-15   0.00000000e+00
     7       1   8.14998531e-03   2.63334946e-01
     7       2   1.02919460e-06   2.03213236e-09
     7       3   1.14453250e-15   0.00000000e+00
     8       1   9.44770036e-03   2.32002450e-01
     8       2   1.19841388e-06   1.80365523e-09
     8       3   1.27087874e-15   0.00000000e+00
     9       1   1.07639608e-02   2.07098533e-01
     9       2   1.36953136e-06   1.61923757e-09
     9       3   1.63489031e-15   0.00000000e+00
    10       1   1.21014879e-02   1.86813156e-01
    10       2   1.54280825e-06   1.46749214e-09
    10       3   1.77286324e-15   0.00000000e+00
    11       1   1.34631833e-02   1.69955075e-01
    11       2   1.71852204e-06   1.33990646e-09
    11       3   1.91651044e-15   0.00000000e+00
    12       1   1.48521600e-02   1.55709035e-01
    12       2   1.89696911e-06   1.23145756e-09
    12       3   2.18809246e-15   0.00000000e+00
    13       1   1.62717769e-02   1.43498628e-01
    13       2   2.07846787e-06   1.13794543e-09
    13       3   2.47076887e-15   0.00000000e+00
    14       1   1.77256793e-02   1.32904951e-01
    14       2   2.26336217e-06   1.05638007e-09
    14       3   2.51455924e-15   0.00000000e+00
    15       1   1.92178452e-02   1.23616325e-01
    15       2   2.45202542e-06   9.84563840e-10
    15       3   2.94730897e-15   0.00000000e+00
    16       1   2.07526396e-02   1.15396084e-01
    16       2   2.64486525e-06   9.20700778e-10
    16       3   3.00846545e-15   0.00000000e+00
    17       1   2.23348773e-02   1.08061303e-01
    17       2   2.84232904e-06   8.63794400e-10
    17       3   3.20937435e-15   0.00000000e+00
    18       1   2.39698983e-02   1.01468371e-01
    18       2   3.04491036e-06   8.12203554e-10
    18       3   3.42322158e-15   0.00000000e+00
    19       1   2.56636558e-02   9.55029608e-02
    19       2   3.25315670e-06   7.65286465e-10
    19       3   3.65150505e-15   0.00000000e+00
    20       1   2.74228228e-02   9.00729251e-02
    20       2   3.46767863e-06   7.22892007e-10
    20       3   3.89591994e-15   0.00000000e+00
    21       1   2.92549192e-02   8.51031593e-02
    21       2   3.68916083e-06   6.83847712e-10
    21       3   4.15839405e-15   0.00000000e+00
    22       1   3.11684663e-02   8.05318273e-02
    22       2   3.91837539e-06   6.47899586e-10
    22       3   4.59427287e-15   0.00000000e+00
    23       1   3.31731749e-02   7.63075473e-02
    23       2   4.15619811e-06   6.14603416e-10
    23       3   4.74665976e-15   0.00000000e+00
    24       1   3.52801770e-02   7.23872633e-02
    24       2   4.40362843e-06   5.83460277e-10
    24       3   5.24170785e-15   0.00000000e+00
    25       1   3.75023122e-02   6.87346151e-02
    25       2   4.66181410e-06   5.54694789e-10
    25       3   5.26831308e-15   0.00000000e+00
    26       1   3.98544850e-02   6.53186770e-02
    26       2   4.93208199e-06   5.27538240e-10
    26       3   5.65496977e-15   0.00000000e+00
    27       1   4.23541161e-02   6.21129689e-02
    27       2   5.21597686e-06   5.02109364e-10
    27       3   6.07865184e-15   0.00000000e+00
    28       1   4.50217151e-02   5.90946769e-02
    28       2   5.51531063e-06   4.78096296e-10
    28       3   6.15979456e-15   0.00000000e+00
    29       1   4.78816174e-02   5.62440297e-02
    29       2   5.83222570e-06   4.55678008e-10
    29       3   6.65640715e-15   0.00000000e+00
    30       1   5.09629412e-02   5.35437989e-02
    30       2   6.16927715e-06   4.33782436e-10
    30       3   7.41956948e-15   0.00000000e+00
    31       1   5.43008466e-02   5.09788930e-02
    31       2   6.52954079e-06   4.13467635e-10
    31       3   7.37541260e-15   0.00000000e+00
    32       1   5.79382134e-02   4.85360259e-02
    32       2   6.91675723e-06   3.94137464e-10
    32       3   8.03912161e-15   0.00000000e+00
    33       1   6.19279119e-02   4.62034454e-02
    33       2   7.33552661e-06   3.75560016e-10
    33       3   8.41136228e-15   0.00000000e+00
    34       1   6.63359228e-02   4.39707072e-02
    34       2   7.79157622e-06   3.57517467e-10
    34       3   9.10313755e-15   0.00000000e+00
    35       1   7.12457063e-02   4.18284878e-02
    35       2   8.29213514e-06   3.40333781e-10
    35       3   9.75161615e-15   0.00000000e+00
    36       1   7.67644421e-02   3.97684270e-02
    36       2   8.84646916e-06   3.23999471e-10
    36       3   1.01912741e-14   0.00000000e+00
    37       1   8.30321485e-02   3.77829960e-02
    37       2   9.46666246e-06   3.08014555e-10
    37       3   1.08701401e-14   0.00000000e+00
    38       1   9.02353612e-02   3.58653846e-02
    38       2   1.01687899e-05   2.92785027e-10
    38       3   1.16685692e-14   0.00000000e+00
    39       1   9.86282715e-02   3.40094062e-02
    39       2   1.09747284e-05   2.77839276e-10
    39       3   1.28192794e-14   0.00000000e+00
    40       1   1.08566546e-01   3.22094157e-02
    40       2   1.19150551e-05   2.63470963e-10
    40       3   1.39888103e-14   0.00000000e+00
    41       1   1.20563695e-01   3.04602387e-02
    41       2   1.30338768e-05   2.49496449e-10
    41       3   1.53019308e-14   0.00000000e+00
    42       1   1.35389707e-01   2.87571107e-02
    42       2   1.43972812e-05   2.35767677e-10
    42       3   1.65259215e-14   0.00000000e+00
    43       1   1.54254241e-01   2.70956234e-02
    43       2   1.61090318e-05   2.22333988e-10
    43       3   1.85857100e-14   0.00000000e+00
    44       1   1.79172995e-01   2.54716783e-02
    44       2   1.83419560e-05   2.09237228e-10
    44       3   2.13386453e-14   0.00000000e+00
    45       1   2.13773730e-01   2.38814449e-02
    45       2   2.14069985e-05   1.96747725e-10
    45       3   2.51997398e-14   0.00000000e+00
    46       1   2.65311352e-01   2.23213242e-02
    46       2   2.59258537e-05   1.84003372e-10
    46       3   3.01133185e-14   0.00000000e+00
    47       1   3.50713261e-01   2.07879153e-02
    47       2   3.33488584e-05   1.71692072e-10
    47       3   3.86793227e-14   0.00000000e+00
    48       1   5.20761533e-01   1.92779858e-02
    48       2   4.80265630e-05   1.59413423e-10
    48       3   5.56356876e-14   0.00000000e+00
    49       1   1.02938084e+00   1.77884439e-02
    49       2   9.17107180e-05   1.47680368e-10
    49       3   1.07358528e-13   0.00000000e+00
    50       1   1.16263570e+04   1.63163135e-02
    50       2   2.56548901e+02   1.35923537e-10
    50       3   3.00833830e-07   0.00000000e+00
    50       4   0.00000000e+00   0.00000000e+00
    51       1   9.99999655e-01   1.48587097e-02
    51       2   8.19238773e-05   1.23955882e-10
    51       3   9.58658168e-14   0.00000000e+00
    52       1   4.91466799e-01   1.34128168e-02
    52       2   3.82244430e-05   1.12176558e-10
    52       3   4.42326856e-14   0.00000000e+00
    53       1   3.21365248e-01   1.19758661e-02
    53       2   2.35211230e-05   1.00721933e-10
    53       3   2.76082957e-14   0.00000000e+00
    54       1   2.35862337e-01   1.05451144e-02
    54       2   1.60620698e-05   8.91287481e-11
    54       3   1.89202154e-14   0.00000000e+00
    55       1   1.84186822e-01   9.11782276e-03
    55       2   1.14965563e-05   7.80064023e-11
    55       3   1.37963663e-14   0.00000000e+00
    56       1   1.49413395e-01   7.69123492e-03
    56       2   8.37401026e-06   6.61913354e-11
    56       3   9.99226561e-15   0.00000000e+00
    57       1   1.24287215e-01   6.26255490e-03
    57       2   6.07244326e-06   5.46957890e-11
    57       3   7.32592288e-15   0.00000000e+00
    58       1   1.05179840e-01   4.82892371e-03
    58       2   4.28055391e-06   4.29226881e-11
    58       3   4.91655865e-15   0.00000000e+00
    59       1   9.00744756e-02   3.38739450e-03
    59       2   2.82509144e-06   3.10310192e-11
    59       3   3.14816971e-15   0.00000000e+00
    60       1   7.77600572e-02   1.93490577e-03
    60       2   1.60179665e-06   1.95650218e-11
    60       3   1.98651803e-15   0.00000000e+00
    61       1   6.74649036e-02   4.68252056e-04
    61       2   5.44006818e-07   7.78444166e-12
    61       3   7.12499534e-16   0.00000000e+00
    62       1   5.86735266e-02   1.01594864e-03
    62       2   3.93047096e-07   4.21292794e-12
    62       3   2.68277764e-16   0.00000000e+00
    63       1   5.10279724e-02   2.52129128e-03
    63       2   1.24070130e-06   1.66147141e-11
    63       3   1.27293889e-15   0.00000000e+00
    64       1   4.42714261e-02   4.05162510e-03
    64       2   2.02170024e-06   2.85896287e-11
    64       3   2.18984690e-15   0.00000000e+00
    65       1   3.82143532e-02   5.61110097e-03
    65       2   2.75310821e-06   4.13439404e-11
    65       3   2.92521877e-15   0.00000000e+00
    66       1   3.27133130e-02   7.20422590e-03
    66       2   3.44813696e-06   5.41213762e-11
    66       3   3.84814097e-15   0.00000000e+00
    67       1   2.76572232e-02   8.83592674e-03
    67       2   4.11733730e-06   6.74844947e-11
    67       3   4.62209589e-15   0.00000000e+00
    68       1   2.29581705e-02   1.05116247e-02
    68       2   4.76940385e-06   8.11103774e-11
    68       3   5.37614224e-15   0.00000000e+00
    69       1   1.85450871e-02   1.22373237e-02
    69       2   5.41173763e-06   9.50388516e-11
    69       3   6.33169519e-15   0.00000000e+00
    70       1   1.43592809e-02   1.40197154e-02
    70       2   6.05085400e-06   1.09533808e-10
    70       3   6.86481273e-15   0.00000000e+00
    71       1   1.03511923e-02   1.58663054e-02
    71       2   6.69269069e-06   1.24490848e-10
    71       3   7.61718805e-15   0.00000000e+00
    72       1   6.47797451e-03   1.77855658e-02
    72       2   7.34285162e-06   1.39847122e-10
    72       3   8.18139301e-15   0.00000000e+00
    73       1   2.70163325e-03   1.97871211e-02
    73       2   8.00681111e-06   1.56069900e-10
    73       3   8.97514701e-15   0.00000000e+00
    74       1   1.01245816e-03   2.18819760e-02
    74       2   8.69009608e-06   1.73037414e-10
    74       3   9.80089734e-15   0.00000000e+00
    75       1   4.69679549e-03   2.40827978e-02
    75       2   9.39846023e-06   1.91071179e-10
    75       3   1.08725499e-14   0.00000000e+00
    76       1   8.38283018e-03   2.64042690e-02
    76       2   1.01380625e-05   2.09791288e-10
    76       3   1.17910216e-14   0.00000000e+00
    77       1   1.21019842e-02   2.88635304e-02
    77       2   1.09156615e-05   2.29761448e-10
    77       3   1.27710307e-14   0.00000000e+00
    78       1   1.58866627e-02   3.14807457e-02
    78       2   1.17388393e-05   2.50900714e-10
    78       3   1.33991369e-14   0.00000000e+00
    79       1   1.97713356e-02   3.42798264e-02
    79       2   1.26162698e-05   2.73669631e-10
    79       3   1.45314314e-14   0.00000000e+00
    80       1   2.37937636e-02   3.72893735e-02
    80       2   1.35580530e-05   2.98063177e-10
    80       3   1.57651655e-14   0.00000000e+00
    81       1   2.79964678e-02   4.05439170e-02
    81       2   1.45761416e-05   3.24440076e-10
    81       3   1.66628137e-14   0.00000000e+00
    82       1   3.24285677e-02   4.40855668e-02
    82       2   1.56849001e-05   3.53155679e-10
    82       3   1.80276914e-14   0.00000000e+00
    83       1   3.71481694e-02   4.79662472e-02
    83       2   1.69018524e-05   3.84796426e-10
    83       3   1.95524926e-14   0.00000000e+00
    84       1   4.22255629e-02   5.22507683e-02
    84       2   1.82487024e-05   4.19432808e-10
    84       3   2.10145400e-14   0.00000000e+00
    85       1   4.77476278e-02   5.70211253e-02
    85       2   1.97527570e-05   4.58216805e-10
    85       3   2.28181359e-14   0.00000000e+00
    86       1   5.38240636e-02   6.23826405e-02
    86       2   2.14489536e-05   5.01527376e-10
    86       3   2.46082594e-14   0.00000000e+00
    87       1   6.05964412e-02   6.84729393e-02
    87       2   2.33828178e-05   5.51158907e-10
    87       3   2.71427750e-14   0.00000000e+00
    88       1   6.82517323e-02   7.54754143e-02
    88       2   2.56148971e-05   6.07860678e-10
    88       3   2.93131954e-14   0.00000000e+00
    89       1   7.70431738e-02   8.36400318e-02
    89       2   2.82276085e-05   6.74307455e-10
    89       3   3.26001647e-14   0.00000000e+00
    90       1   8.73236131e-02   9.33166235e-02
    90       2   3.13361912e-05   7.52519590e-10
    90       3   3.61920458e-14   0.00000000e+00
    91       1   9.96010454e-02   1.05010371e-01
    91       2   3.51069585e-05   8.47600942e-10
    91       3   4.06159383e-14   0.00000000e+00
    92       1   1.14635773e-01   1.19478904e-01
    92       2   3.97892346e-05   9.64739021e-10
    92       3   4.57274509e-14   0.00000000e+00
    93       1   1.33620812e-01   1.37912621e-01
    93       2   4.57746642e-05   1.11445107e-09
    93       3   5.27423335e-14   0.00000000e+00
    94       1   1.58542680e-01   1.62295343e-01
    94       2   5.37158280e-05   1.31232684e-09
    94       3   6.20017134e-14   0.00000000e+00
    95       1   1.92975132e-01   1.96197726e-01
    95       2   6.47871937e-05   1.58732542e-09
    95       3   7.48571303e-14   0.00000000e+00
    96       1   2.44063540e-01   2.46760825e-01
    96       2   8.13374903e-05   1.99800579e-09
    96       3   9.36763863e-14   0.00000000e+00
    97       1   3.28478441e-01   3.30646746e-01
    97       2   1.08846827e-04   2.67857970e-09
    97       3   1.25617186e-13   0.00000000e+00
    98       1   4.96232582e-01   4.97841283e-01
    98       2   1.63755159e-04   4.03531614e-09
    98       3   1.89471162e-13   0.00000000e+00
    99       1   9.97446939e-01   9.98272172e-01
    99       2   3.28261480e-04   8.09648480e-09
    99       3   3.79439308e-13   0.00000000e+00
   100       1   3.05238986e+03   9.33972240e+05
   100       2   2.62738926e+02   7.63706744e-03
   100       3   3.03751742e-07   1.56650107e-14
   100       4   0.00000000e+00   0.00000000e+00
   101       1   1.00000125e+00   1.00000106e+00
   101       2   3.29114521e-04   8.11968057e-09
   101       3   3.80324217e-13   0.00000000e+00
   102       1   4.99279575e-01   4.99568204e-01
   102       2   1.64608034e-04   4.05860725e-09
   102       3   1.90356779e-13   0.00000000e+00
   103       1   3.31618848e-01   3.32372759e-01
   103       2   1.09700343e-04   2.70190389e-09
   103       3   1.26948922e-13   0.00000000e+00
   104       1   2.47239230e-01   2.48485878e-01
   104       2   8.21920284e-05   2.02102726e-09
   104       3   9.50130878e-14   0.00000000e+00
   105       1   1.96170018e-01   1.97921628e-01
   105       2   6.56430879e-05   1.61094745e-09
   105       3   7.59316717e-14   0.00000000e+00
   106       1   1.61751067e-01   1.64017866e-01
   106       2   5.45734063e-05   1.33559678e-09
   106       3   6.33528659e-14   0.00000000e+00
   107       1   1.36840585e-01   1.39633524e-01
   107       2   4.66342586e-05   1.13787621e-09
   107       3   5.39086442e-14   0.00000000e+00
   108       1   1.17866338e-01   1.21197936e-01
   108       2   4.06511860e-05   9.88169793e-10
   108       3   4.70992883e-14   0.00000000e+00
   109       1   1.02842555e-01   1.06727277e-01
   109       2   3.59716194e-05   8.70765836e-10
   109       3   4.14364729e-14   0.00000000e+00
   110       1   9.05766432e-02   9.50311408e-02
   110       2   3.22039281e-05   7.75802554e-10
   110       3   3.74979529e-14   0.00000000e+00
   111       1   8.03085659e-02   8.53518937e-02
   111       2   2.90988045e-05   6.97402437e-10
   111       3   3.38012302e-14   0.00000000e+00
   112       1   7.15305188e-02   7.71843479e-02
   112       2   2.64899548e-05   6.30848677e-10
   112       3   3.07469985e-14   0.00000000e+00
   113       1   6.38898076e-02   7.01786654e-02
   113       2   2.42621620e-05   5.73975020e-10
   113       3   2.80375962e-14   0.00000000e+00
   114       1   5.71333309e-02   6.40848728e-02
   114       2   2.23330346e-05   5.24519427e-10
   114       3   2.60144494e-14   0.00000000e+00
   115       1   5.10742474e-02   5.87195702e-02
   115       2   2.06420543e-05   4.80981446e-10
   115       3   2.38856541e-14   0.00000000e+00
   116       1   4.55711189e-02   5.39451239e-02
   116       2   1.91437284e-05   4.42516895e-10
   116       3   2.21607902e-14   0.00000000e+00
   117       1   4.05143865e-02   4.96562028e-02
   117       2   1.78031577e-05   4.07480193e-10
   117       3   2.06523225e-14   0.00000000e+00
   118       1   3.58173236e-02   4.57708020e-02
   118       2   1.65930783e-05   3.75801584e-10
   118       3   1.92059736e-14   0.00000000e+00
   119       1   3.14098098e-02   4.22241010e-02
   119       2   1.54918355e-05   3.47041741e-10
   119       3   1.80323615e-14   0.00000000e+00
   120       1   2.72339295e-02   3.89641642e-02
   120       2   1.44819619e-05   3.20636388e-10
   120       3   1.68753897e-14   0.00000000e+00
   121       1   2.32407784e-02   3.59488692e-02
   121       2   1.35491578e-05   2.96257522e-10
   121       3   1.56158676e-14   0.00000000e+00
   122       1   1.93880815e-02   3.31436731e-02
   122       2   1.26815448e-05   2.73469875e-10
   122       3   1.48879306e-14   0.00000000e+00
   123       1   1.56383603e-02   3.05199603e-02
   123       2   1.18691091e-05   2.52266883e-10
   123       3   1.40271983e-14   0.00000000e+00
   124       1   1.19574711e-02   2.80538039e-02
   124       2   1.11032764e-05   2.32015619e-10
   124       3   1.28253222e-14   0.00000000e+00
   125       1   8.31338733e-03   2.57250236e-02
   125       2   1.03765807e-05   2.13186889e-10
   125       3   1.21034049e-14   0.00000000e+00
   126       1   4.67512960e-03   2.35164605e-02
   126       2   9.68239942e-06   1.95434407e-10
   126       3   1.12301951e-14   0.00000000e+00
   127       1   1.01176675e-03   2.14134128e-02
   127       2   9.01473362e-06   1.78064758e-10
   127       3   1.06069920e-14   0.00000000e+00
   128       1   2.70858121e-03   1.94031922e-02
   128       2   8.36801914e-06   1.61970972e-10
   128       3   9.81767164e-15   0.00000000e+00
   129       1   6.51980694e-03   1.74747713e-02
   129       2   7.73695518e-06   1.46223707e-10
   129       3   9.26414757e-15   0.00000000e+00
   130       1   1.04590231e-02   1.56185015e-02
   130       2   7.11633917e-06   1.31348009e-10
   130       3   8.52900962e-15   0.00000000e+00
   131       1   1.45680078e-02   1.38258843e-02
   131       2   6.50089656e-06   1.16326808e-10
   131       3   7.80909055e-15   0.00000000e+00
   132       1   1.88950137e-02   1.20893858e-02
   132       2   5.88509266e-06   1.02437328e-10
   132       3   6.88146184e-15   0.00000000e+00
   133       1   2.34971175e-02   1.04022835e-02
   133       2   5.26291037e-06   8.88683143e-11
   133       3   6.16279425e-15   0.00000000e+00
   134       1   2.84433665e-02   8.75854052e-03
   134       2   4.62757198e-06   7.50542853e-11
   134       3   5.54584992e-15   0.00000000e+00
   135       1   3.38191133e-02   7.15269976e-03
   135       2   3.97117281e-06   6.22627386e-11
   135       3   4.79735847e-15   0.00000000e+00
   136       1   3.97321474e-02   5.57979562e-03
   136       2   3.28417817e-06   4.94044925e-11
   136       3   3.89306084e-15   0.00000000e+00
   137       1   4.63216020e-02   4.03527906e-03
   137       2   2.55470551e-06   3.69015329e-11
   137       3   3.05505305e-15   0.00000000e+00
   138       1   5.37712680e-02   2.51495369e-03
   138       2   1.76746334e-06   2.43634023e-11
   138       3   2.14622188e-15   0.00000000e+00
   139       1   6.23301271e-02   1.01492084e-03
   139       2   9.02125170e-07   1.22336624e-11
   139       3   1.28249900e-15   0.00000000e+00
   140       1   7.23451667e-02   4.68468148e-04
   140       2   6.92595214e-08   1.41984640e-13
   140       3   0.00000000e+00   0.00000000e+00
   141       1   8.43160357e-02   1.93865364e-03
   141       2   1.18656872e-06   1.17633323e-11
   141       3   1.15985179e-15   0.00000000e+00
   142       1   9.89906595e-02   3.39890470e-03
   142       2   2.50912799e-06   2.37529995e-11
   142       3   2.91351563e-15   0.00000000e+00
   143       1   1.17542780e-01   4.85235213e-03
   143       2   4.12966592e-06   3.55626701e-11
   143       3   4.68044956e-15   0.00000000e+00
   144       1   1.41927005e-01   6.30201843e-03
   144       2   6.20221478e-06   4.74828744e-11
   144       3   7.08753509e-15   0.00000000e+00
   145       1   1.75659892e-01   7.75084528e-03
   145       2   9.00348167e-06   5.91641691e-11
   145       3   1.02448226e-14   0.00000000e+00
   146       1   2.25772651e-01   9.20171919e-03
   146       2   1.30862651e-05   7.10525462e-11
   146       3   1.49017554e-14   0.00000000e+00
   147       1   3.08669298e-01   1.06574957e-02
   147       2   1.97396923e-05   8.27362374e-11
   147       3   2.21304445e-14   0.00000000e+00
   148       1   4.73559895e-01   1.21210226e-02
   148       2   3.28301500e-05   9.46482717e-11
   148       3   3.69681558e-14   0.00000000e+00
   149       1   9.66503665e-01   1.35951630e-02
   149       2   7.16877477e-05   1.06743346e-10
   149       3   8.15810052e-14   0.00000000e+00
   150       1   1.31464268e+04   1.50828176e-02
   150       2   3.13855754e+01   1.19227796e-10
   150       3   3.60886897e-08   0.00000000e+00
   150       4   0.00000000e+00   0.00000000e+00
   151       1   1.00000243e+00   1.65869479e-02
   151       2   8.25704183e-05   1.31382541e-10
   151       3   9.49002219e-14   0.00000000e+00
   152       1   5.07215746e-01   1.81105999e-02
   152       2   4.37278584e-05   1.43796757e-10
   152       3   5.04814831e-14   0.00000000e+00
   153       1   3.42423524e-01   1.96569283e-02
   153       2   3.06629715e-05   1.56304465e-10
   153       3   3.48911675e-14   0.00000000e+00
   154       1   2.59643661e-01   2.12292231e-02
   154       2   2.40455771e-05   1.69341283e-10
   154       3   2.76038908e-14   0.00000000e+00
   155       1   2.09676095e-01   2.28309373e-02
   155       2   2.00094448e-05   1.82225643e-10
   155       3   2.28664410e-14   0.00000000e+00
   156       1   1.76119861e-01   2.44657179e-02
   156       2   1.72656774e-05   1.95663111e-10
   156       3   1.98007324e-14   0.00000000e+00
   157       1   1.51945446e-01   2.61374390e-02
   157       2   1.52617690e-05   2.09879225e-10
   157       3   1.76075206e-14   0.00000000e+00
   158       1   1.33637709e-01   2.78502392e-02
   158       2   1.37213683e-05   2.23537191e-10
   158       3   1.58196901e-14   0.00000000e+00
   159       1   1.19243490e-01   2.96085635e-02
   159       2   1.24908661e-05   2.37902030e-10
   159       3   1.44310930e-14   0.00000000e+00
   160       1   1.07590639e-01   3.14172104e-02
   160       2   1.14780292e-05   2.52776186e-10
   160       3   1.32116573e-14   0.00000000e+00
   161       1   9.79330258e-02   3.32813855e-02
   161       2   1.06241071e-05   2.68020657e-10
   161       3   1.22183782e-14   0.00000000e+00
   162       1   8.97730441e-02   3.52067630e-02
   162       2   9.88988397e-06   2.83938686e-10
   162       3   1.16685715e-14   0.00000000e+00
   163       1   8.27660329e-02   3.71995565e-02
   163       2   9.24816828e-06   3.00287867e-10
   163       3   1.05356762e-14   0.00000000e+00
   164       1   7.66656601e-02   3.92666012e-02
   164       2   8.67950103e-06   3.17188648e-10
   164       3   9.88244930e-15   0.00000000e+00
   165       1   7.12911514e-02   4.14154495e-02
   165       2   8.16958015e-06   3.34855482e-10
   165       3   9.46480538e-15   0.00000000e+00
   166       1   6.65068077e-02   4.36544838e-02
   166       2   7.70765067e-06   3.53215804e-10
   166       3   8.83539949e-15   0.00000000e+00
   167       1   6.22087511e-02   4.59930488e-02
   167       2   7.28546291e-06   3.72558462e-10
   167       3   8.53690616e-15   0.00000000e+00
   168       1   5.83160878e-02   4.84416092e-02
   168       2   6.89657772e-06   3.92782387e-10
   168       3   7.92090024e-15   0.00000000e+00
   169       1   5.47648620e-02   5.10119368e-02
   169       2   6.53589110e-06   4.14218892e-10
   169       3   7.59891085e-15   0.00000000e+00
   170       1   5.15038223e-02   5.37173373e-02
   170       2   6.19930119e-06   4.36334208e-10
   170       3   7.20758258e-15   0.00000000e+00
   171       1   4.84913977e-02   5.65729217e-02
   171       2   5.88347040e-06   4.60058220e-10
   171       3   6.85811718e-15   0.00000000e+00
   172       1   4.56934983e-02   5.95959387e-02
   172       2   5.58565230e-06   4.84775803e-10
   172       3   6.35228877e-15   0.00000000e+00
   173       1   4.30818885e-02   6.28061806e-02
   173       2   5.30356357e-06   5.11479134e-10
   173       3   6.26285400e-15   0.00000000e+00
   174       1   4.06329673e-02   6.62264849e-02
   174       2   5.03528791e-06   5.39691968e-10
   174       3   5.83168809e-15   0.00000000e+00
   175       1   3.83268407e-02   6.98833572e-02
   175       2   4.77920295e-06   5.70203673e-10
   175       3   5.60820471e-15   0.00000000e+00
   176       1   3.61466077e-02   7.38077539e-02
   176       2   4.53392396e-06   6.02746663e-10
   176       3   5.40551165e-15   0.00000000e+00
   177       1   3.40778052e-02   7.80360715e-02
   177       2   4.29826000e-06   6.37787616e-10
   177       3   4.90488211e-15   0.00000000e+00
   178       1   3.21079708e-02   8.26114113e-02
   178       2   4.07117945e-06   6.76082619e-10
   178       3   4.90055806e-15   0.00000000e+00
   179       1   3.02262965e-02   8.75852135e-02
   179       2   3.85178259e-06   7.17281269e-10
   179       3   4.30690840e-15   0.00000000e+00
   180       1   2.84233505e-02   9.30193912e-02
   180       2   3.63927962e-06   7.62790605e-10
   180       3   4.32880020e-15   0.00000000e+00
   181       1   2.66908534e-02   9.89891546e-02
   181       2   3.43297292e-06   8.12618745e-10
   181       3   3.93239027e-15   0.00000000e+00
   182       1   2.50214955e-02   1.05586798e-01
   182       2   3.23224255e-06   8.67879033e-10
   182       3   3.69707951e-15   0.00000000e+00
   183       1   2.34087872e-02   1.12926859e-01
   183       2   3.03653436e-06   9.29056046e-10
   183       3   3.47682239e-15   0.00000000e+00
   184       1   2.18469352e-02   1.21153265e-01
   184       2   2.84535017e-06   9.98406771e-10
   184       3   3.40087415e-15   0.00000000e+00
   185       1   2.03307398e-02   1.30449415e-01
   185       2   2.65823958e-06   1.07702796e-09
   185       3   3.20359685e-15   0.00000000e+00
   186       1   1.88555090e-02   1.41052720e-01
   186       2   2.47479307e-06   1.16644321e-09
   186       3   3.01747121e-15   0.00000000e+00
   187       1   1.74169858e-02   1.53276073e-01
   187       2   2.29463624e-06   1.26993576e-09
   187       3   2.71784586e-15   0.00000000e+00
   188       1   1.60112869e-02   1.67540417e-01
   188       2   2.11742483e-06   1.39134149e-09
   188       3   2.43121392e-15   0.00000000e+00
   189       1   1.46348498e-02   1.84425755e-01
   189       2   1.94284053e-06   1.53533124e-09
   189       3   2.27585622e-15   0.00000000e+00
   190       1   1.32843882e-02   2.04754015e-01
   190       2   1.77058731e-06   1.70947049e-09
   190       3   2.00924507e-15   0.00000000e+00
   191       1   1.19568527e-02   2.29729617e-01
   191       2   1.60038828e-06   1.92516780e-09
   191       3   1.75166823e-15   0.00000000e+00
   192       1   1.06493964e-02   2.61190671e-01
   192       2   1.43198292e-06   2.19798902e-09
   192       3   1.50194764e-15   0.00000000e+00
   193       1   9.35934562e-03   3.02087377e-01
   193       2   1.26512460e-06   2.55564593e-09
   193       3   1.48789227e-15   0.00000000e+00
   194       1   8.08417261e-03   3.57468881e-01
   194       2   1.09957844e-06   3.04453560e-09
   194       3   1.24880928e-15   0.00000000e+00
   195       1   6.82147220e-03   4.36740923e-01
   195       2   9.35119330e-07   3.75395015e-09
   195       3   1.24029173e-15   0.00000000e+00
   196       1   5.56894005e-03   5.59607501e-01
   196       2   7.71530128e-07   4.87204029e-09
   196       3   8.97007685e-16   0.00000000e+00
   197       1   4.32435298e-03   7.75218339e-01
   197       2   6.08600047e-07   6.88353422e-09
   197       3   7.81488095e-16   0.00000000e+00
   198       1   3.08555067e-03   1.24768538e+00
   198       2   4.46123101e-07   1.14656494e-08
   198       3   5.56483658e-16   0.00000000e+00
   199       1   1.85041839e-03   2.99752344e+00
   199       2   2.83896657e-07   2.97071365e-08
   199       3   3.33272453e-16   0.00000000e+00
   200       1   6.16870637e-04   1.22679248e+07
   200       2   1.21720047e-07   1.98607270e-01
   200       3   0.00000000e+00   0.00000000e+00
   201       1   6.17164803e-04   9.99999932e-01
   201       2   4.06067983e-08   2.72764513e-09
   201       3   0.00000000e+00   0.00000000e+00
   202       1   1.85376257e-03   7.49846284e-01
   202       2   2.03284687e-07   4.74176536e-09
   202       3   2.22593461e-16   0.00000000e+00
   203       1   3.09501543e-03   5.55098566e-01
   203       2   3.66516527e-07   3.91046739e-09
   203       3   3.34923464e-16   0.00000000e+00
   204       1   4.34305029e-03   4.36689448e-01
   204       2   5.30508708e-07   3.21182265e-09
   204       3   5.60629791e-16   0.00000000e+00
   205       1   5.60004478e-03   3.58813334e-01
   205       2   6.95472540e-07   2.70135697e-09
   205       3   7.89276531e-16   0.00000000e+00
   206       1   6.86824468e-03   3.03980507e-01
   206       2   8.61625773e-07   2.32214846e-09
   206       3   1.02175302e-15   0.00000000e+00
   207       1   8.14998247e-03   2.63335027e-01
   207       2   1.02919422e-06   2.03201339e-09
   207       3   1.14453247e-15   0.00000000e+00
   208       1   9.44769749e-03   2.32002514e-01
   208       2   1.19841349e-06   1.80379596e-09
   208       3   1.27087871e-15   0.00000000e+00
   209       1   1.07639579e-02   2.07098584e-01
   209       2   1.36953096e-06   1.61937502e-09
   209       3   1.51811239e-15   0.00000000e+00
   210       1   1.21014849e-02   1.86813198e-01
   210       2   1.54280785e-06   1.46720573e-09
   210       3   1.77286320e-15   0.00000000e+00
   211       1   1.34631803e-02   1.69955110e-01
   211       2   1.71852163e-06   1.33993275e-09
   211       3   1.91651038e-15   0.00000000e+00
   212       1   1.48521569e-02   1.55709065e-01
   212       2   1.89696870e-06   1.23134938e-09
   212       3   2.18809238e-15   0.00000000e+00
   213       1   1.62717737e-02   1.43498654e-01
   213       2   2.07846745e-06   1.13806041e-09
   213       3   2.34723034e-15   0.00000000e+00
   214       1   1.77256761e-02   1.32904974e-01
   214       2   2.26336174e-06   1.05636023e-09
   214       3   2.64028710e-15   0.00000000e+00
   215       1   1.92178419e-02   1.23616345e-01
   215       2   2.45202498e-06   9.84607473e-10
   215       3   2.81916498e-15   0.00000000e+00
   216       1   2.07526362e-02   1.15396101e-01
   216       2   2.64486481e-06   9.20822656e-10
   216       3   3.00846531e-15   0.00000000e+00
   217       1   2.23348738e-02   1.08061319e-01
   217       2   2.84232858e-06   8.63643365e-10
   217       3   3.20937419e-15   0.00000000e+00
   218       1   2.39698947e-02   1.01468386e-01
   218       2   3.04490989e-06   8.12192238e-10
   218       3   3.69707911e-15   0.00000000e+00
   219       1   2.56636521e-02   9.55029739e-02
   219       2   3.25315622e-06   7.65293187e-10
   219       3   3.93238982e-15   0.00000000e+00
   220       1   2.74228189e-02   9.00729371e-02
   220       2   3.46767814e-06   7.22969329e-10
   220       3   4.18450635e-15   0.00000000e+00
   221       1   2.92549151e-02   8.51031702e-02
   221       2   3.68916031e-06   6.83908665e-10
   221       3   4.15839377e-15   0.00000000e+00
   222       1   3.11684620e-02   8.05318374e-02
   222       2   3.91837485e-06   6.47766278e-10
   222       3   4.59427255e-15   0.00000000e+00
   223       1   3.31731704e-02   7.63075566e-02
   223       2   4.15619756e-06   6.14272131e-10
   223       3   4.74665940e-15   0.00000000e+00
   224       1   3.52801723e-02   7.23872719e-02
   224       2   4.40362786e-06   5.83594529e-10
   224       3   5.24170744e-15   0.00000000e+00
   225       1   3.75023072e-02   6.87346233e-02
   225       2   4.66181350e-06   5.54629438e-10
   225       3   5.09836707e-15   0.00000000e+00
   226       1   3.98544797e-02   6.53186846e-02
   226       2   4.93208136e-06   5.27448010e-10
   226       3   5.83168706e-15   0.00000000e+00
   227       1   4.23541105e-02   6.21129761e-02
   227       2   5.21597620e-06   5.02117529e-10
   227       3   5.89444972e-15   0.00000000e+00
   228       1   4.50217091e-02   5.90946836e-02
   228       2   5.51530994e-06   4.78044247e-10
   228       3   6.54478107e-15   0.00000000e+00
   229       1   4.78816110e-02   5.62440361e-02
   229       2   5.83222497e-06   4.55674715e-10
   229       3   6.65640645e-15   0.00000000e+00
   230       1   5.09629343e-02   5.35438050e-02
   230       2   6.16927637e-06   4.33796849e-10
   230       3   7.20758097e-15   0.00000000e+00
   231       1   5.43008391e-02   5.09788987e-02
   231       2   6.52953996e-06   4.13493216e-10
   231       3   7.48716038e-15   0.00000000e+00
   232       1   5.79382052e-02   4.85360314e-02
   232       2   6.91675634e-06   3.94165486e-10
   232       3   8.03912059e-15   0.00000000e+00
   233       1   6.19279029e-02   4.62034506e-02
   233       2   7.33552563e-06   3.75341376e-10
   233       3   8.28581844e-15   0.00000000e+00
   234       1   6.63359128e-02   4.39707122e-02
   234       2   7.79157516e-06   3.57560935e-10
   234       3   9.10313623e-15   0.00000000e+00
   235       1   7.12456951e-02   4.18284926e-02
   235       2   8.29213398e-06   3.40337510e-10
   235       3   9.32139634e-15   0.00000000e+00
   236       1   7.67644295e-02   3.97684316e-02
   236       2   8.84646787e-06   3.24203877e-10
   236       3   1.01912724e-14   0.00000000e+00
   237       1   8.30321341e-02   3.77830004e-02
   237       2   9.46666101e-06   3.08180058e-10
   237       3   1.08701382e-14   0.00000000e+00
   238       1   9.02353446e-02   3.58653889e-02
   238       2   1.01687882e-05   2.92501660e-10
   238       3   1.18508883e-14   0.00000000e+00
   239       1   9.86282520e-02   3.40094104e-02
   239       2   1.09747265e-05   2.77850790e-10
   239       3   1.26189754e-14   0.00000000e+00
   240       1   1.08566523e-01   3.22094198e-02
   240       2   1.19150529e-05   2.63393925e-10
   240       3   1.37667625e-14   0.00000000e+00
   241       1   1.20563666e-01   3.04602427e-02
   241       2   1.30338741e-05   2.49271757e-10
   241       3   1.50531150e-14   0.00000000e+00
   242       1   1.35389672e-01   2.87571145e-02
   242       2   1.43972779e-05   2.35808836e-10
   242       3   1.68084110e-14   0.00000000e+00
   243       1   1.54254195e-01   2.70956271e-02
   243       2   1.61090276e-05   2.22330364e-10
   243       3   1.85857039e-14   0.00000000e+00
   244       1   1.79172933e-01   2.54716819e-02
   244       2   1.83419504e-05   2.09247525e-10
   244       3   2.11463971e-14   0.00000000e+00
   245       1   2.13773642e-01   2.38814485e-02
   245       2   2.14069907e-05   1.96910258e-10
   245       3   2.49663975e-14   0.00000000e+00
   246       1   2.65311215e-01   2.23213277e-02
   246       2   2.59258417e-05   1.84147554e-10
   246       3   3.04085300e-14   0.00000000e+00
   247       1   3.50713019e-01   2.07879187e-02
   247       2   3.33488374e-05   1.71629115e-10
   247       3   3.88786718e-14   0.00000000e+00
   248       1   5.20760991e-01   1.92779892e-02
   248       2   4.80265163e-05   1.59835779e-10
   248       3   5.62420093e-14   0.00000000e+00
   249       1   1.02937868e+00   1.77884473e-02
   249       2   9.17105324e-05   1.47491870e-10
   249       3   1.06896870e-13   0.00000000e+00
   250       1   1.19164807e+04   1.63163168e-02
   250       2   4.86771411e+01   1.35693994e-10
   250       3   5.69267454e-08   0.00000000e+00
   250       4   0.00000000e+00   0.00000000e+00
   251       1   1.00000182e+00   1.48587130e-02
   251       2   8.19240628e-05   1.23791311e-10
   251       3   9.53898609e-14   0.00000000e+00
   252       1   4.91467341e-01   1.34128201e-02
   252       2   3.82244897e-05   1.12314209e-10
   252       3   4.47170307e-14   0.00000000e+00
   253       1   3.21365490e-01   1.19758693e-02
   253       2   2.35211440e-05   1.00806219e-10
   253       3   2.76083140e-14   0.00000000e+00
   254       1   2.35862474e-01   1.05451176e-02
   254       2   1.60620818e-05   8.92518274e-11
   254       3   1.87527890e-14   0.00000000e+00
   255       1   1.84186911e-01   9.11782595e-03
   255       2   1.14965642e-05   7.75200633e-11
   255       3   1.33865783e-14   0.00000000e+00
   256       1   1.49413457e-01   7.69123811e-03
   256       2   8.37401595e-06   6.59539971e-11
   256       3   9.87607947e-15   0.00000000e+00
   257       1   1.24287262e-01   6.26255810e-03
   257       2   6.07244760e-06   5.46137223e-11
   257       3   7.52942261e-15   0.00000000e+00
   258       1   1.05179876e-01   4.82892691e-03
   258       2   4.28055739e-06   4.29679487e-11
   258       3   5.46284409e-15   0.00000000e+00
   259       1   9.00745047e-02   3.38739772e-03
   259       2   2.82509433e-06   3.14181862e-11
   259       3   3.47955661e-15   0.00000000e+00
   260       1   7.77600813e-02   1.93490902e-03
   260       2   1.60179914e-06   1.98178239e-11
   260       3   1.98651833e-15   0.00000000e+00
   261       1   6.74649240e-02   4.68255331e-04
   261       2   5.44009009e-07   7.83722832e-12
   261       3   7.12499627e-16   0.00000000e+00
   262       1   5.86735442e-02   1.01594533e-03
   262       2   3.93045119e-07   4.09237708e-12
   262       3   4.02416691e-16   0.00000000e+00
   263       1   5.10279879e-02   2.52128792e-03
   263       2   1.24069948e-06   1.64398726e-11
   263       3   1.40023291e-15   0.00000000e+00
   264       1   4.42714400e-02   4.05162169e-03
   264       2   2.02169854e-06   2.89992933e-11
   264       3   2.18984707e-15   0.00000000e+00
   265       1   3.82143658e-02   5.61109749e-03
   265       2   2.75310659e-06   4.15862371e-11
   265       3   3.27624525e-15   0.00000000e+00
   266       1   3.27133245e-02   7.20422235e-03
   266       2   3.44813540e-06   5.43358327e-11
   266       3   3.84814118e-15   0.00000000e+00
   267       1   2.76572339e-02   8.83592311e-03
   267       2   4.11733578e-06   6.76739687e-11
   267       3   4.62209609e-15   0.00000000e+00
   268       1   2.29581805e-02   1.05116210e-02
   268       2   4.76940235e-06   8.11792498e-11
   268       3   5.37614242e-15   0.00000000e+00
   269       1   1.85450966e-02   1.22373199e-02
   269       2   5.41173614e-06   9.50774290e-11
   269       3   6.12063883e-15   0.00000000e+00
   270       1   1.43592901e-02   1.40197114e-02
   270       2   6.05085250e-06   1.09273823e-10
   270       3   6.86481283e-15   0.00000000e+00
   271       1   1.03512011e-02   1.58663013e-02
   271       2   6.69268917e-06   1.24502422e-10
   271       3   7.41131815e-15   0.00000000e+00
   272       1   6.47798312e-03   1.77855616e-02
   272       2   7.34285006e-06   1.40086620e-10
   272       3   8.59046263e-15   0.00000000e+00
   273       1   2.70164174e-03   1.97871166e-02
   273       2   8.00680951e-06   1.56090843e-10
   273       3   9.38310813e-15   0.00000000e+00
   274       1   1.01244973e-03   2.18819713e-02
   274       2   8.69009441e-06   1.73143282e-10
   274       3   1.00050825e-14   0.00000000e+00
   275       1   4.69678705e-03   2.40827929e-02
   275       2   9.39845849e-06   1.91144756e-10
   275       3   1.10776920e-14   0.00000000e+00
   276       1   8.38282165e-03   2.64042638e-02
   276       2   1.01380607e-05   2.09583178e-10
   276       3   1.13773011e-14   0.00000000e+00
   277       1   1.21019755e-02   2.88635249e-02
   277       2   1.09156596e-05   2.29537817e-10
   277       3   1.23523078e-14   0.00000000e+00
   278       1   1.58866538e-02   3.14807398e-02
   278       2   1.17388372e-05   2.50851271e-10
   278       3   1.33991361e-14   0.00000000e+00
   279       1   1.97713264e-02   3.42798201e-02
   279       2   1.26162676e-05   2.73652763e-10
   279       3   1.45314305e-14   0.00000000e+00
   280       1   2.37937539e-02   3.72893668e-02
   280       2   1.35580506e-05   2.98115981e-10
   280       3   1.55431198e-14   0.00000000e+00
   281       1   2.79964575e-02   4.05439097e-02
   281       2   1.45761390e-05   3.24430128e-10
   281       3   1.70051989e-14   0.00000000e+00
   282       1   3.24285568e-02   4.40855588e-02
   282       2   1.56848973e-05   3.53235264e-10
   282       3   1.80276897e-14   0.00000000e+00
   283       1   3.71481577e-02   4.79662385e-02
   283       2   1.69018492e-05   3.84832904e-10
   283       3   1.94302875e-14   0.00000000e+00
   284       1   4.22255502e-02   5.22507586e-02
   284       2   1.82486989e-05   4.19425147e-10
   284       3   2.10145376e-14   0.00000000e+00
   285       1   4.77476138e-02   5.70211145e-02
   285       2   1.97527531e-05   4.58153750e-10
   285       3   2.28181329e-14   0.00000000e+00
   286       1   5.38240480e-02   6.23826283e-02
   286       2   2.14489491e-05   5.01672257e-10
   286       3   2.47488745e-14   0.00000000e+00
   287       1   6.05964237e-02   6.84729254e-02
   287       2   2.33828127e-05   5.51121143e-10
   287       3   2.69936345e-14   0.00000000e+00
   288       1   6.82517123e-02   7.54753981e-02
   288       2   2.56148911e-05   6.07813605e-10
   288       3   2.94725009e-14   0.00000000e+00
   289       1   7.70431506e-02   8.36400128e-02
   289       2   2.82276014e-05   6.74186895e-10
   289       3   3.27717379e-14   0.00000000e+00
   290       1   8.73235856e-02   9.33166009e-02
   290       2   3.13361828e-05   7.52851729e-10
   290       3   3.60054807e-14   0.00000000e+00
   291       1   9.96010121e-02   1.05010344e-01
   291       2   3.51069481e-05   8.47501671e-10
   291       3   4.08210588e-14   0.00000000e+00
   292       1   1.14635732e-01   1.19478869e-01
   292       2   3.97892215e-05   9.64922928e-10
   292       3   4.59560747e-14   0.00000000e+00
   293       1   1.33620758e-01   1.37912577e-01
   293       2   4.57746472e-05   1.11438661e-09
   293       3   5.28719035e-14   0.00000000e+00
   294       1   1.58542608e-01   1.62295282e-01
   294       2   5.37158049e-05   1.31230139e-09
   294       3   6.20016884e-14   0.00000000e+00
   295       1   1.92975029e-01   1.96197640e-01
   295       2   6.47871606e-05   1.58739008e-09
   295       3   7.46780098e-14   0.00000000e+00
   296       1   2.44063381e-01   2.46760691e-01
   296       2   8.13374387e-05   1.99782878e-09
   296       3   9.38991022e-14   0.00000000e+00
   297       1   3.28478160e-01   3.30646509e-01
   297       2   1.08846735e-04   2.67846325e-09
   297       3   1.25765041e-13   0.00000000e+00
   298       1   4.96231954e-01   4.97840751e-01
   298       2   1.63754953e-04   4.03528091e-09
   298       3   1.89028237e-13   0.00000000e+00
   299       1   9.97444432e-01   9.98270046e-01
   299       2   3.28260657e-04   8.09647158e-09
   299       3   3.78775391e-13   0.00000000e+00
   300       1   3.07590117e+03   3.12904256e+05
   300       2   8.75604314e+01   2.54572796e-03
   300       3   1.01228392e-07   5.15555906e-15
   300       4   0.00000000e+00   0.00000000e+00
   301       1   1.00000376e+00   1.00000319e+00
   301       2   3.29115345e-04   8.11966180e-09
   301       3   3.80767150e-13   0.00000000e+00
   302       1   4.99280203e-01   4.99568736e-01
   302       2   1.64608240e-04   4.05878756e-09
   302       3   1.90135671e-13   0.00000000e+00
   303       1   3.31619129e-01   3.32372996e-01
   303       2   1.09700435e-04   2.70179374e-09
   303       3   1.26653109e-13   0.00000000e+00
   304       1   2.47239389e-01   2.48486012e-01
   304       2   8.21920801e-05   2.02104763e-09
   304       3   9.52359204e-14   0.00000000e+00
   305       1   1.96170121e-01   1.97921715e-01
   305       2   6.56431211e-05   1.61065358e-09
   305       3   7.61107931e-14   0.00000000e+00
   306       1   1.61751139e-01   1.64017926e-01
   306       2   5.45734294e-05   1.33569366e-09
   306       3   6.30526407e-14   0.00000000e+00
   307       1   1.36840638e-01   1.39633569e-01
   307       2   4.66342757e-05   1.13779616e-09
   307       3   5.40382508e-14   0.00000000e+00
   308       1   1.17866379e-01   1.21197970e-01
   308       2   4.06511992e-05   9.88051588e-10
   308       3   4.70993022e-14   0.00000000e+00
   309       1   1.02842589e-01   1.06727304e-01
   309       2   3.59716298e-05   8.70614294e-10
   309       3   4.18467458e-14   0.00000000e+00
   310       1   9.05766708e-02   9.50311634e-02
   310       2   3.22039366e-05   7.75759058e-10
   310       3   3.73114043e-14   0.00000000e+00
   311       1   8.03085892e-02   8.53519126e-02
   311       2   2.90988116e-05   6.97132237e-10
   311       3   3.36296571e-14   0.00000000e+00
   312       1   7.15305388e-02   7.71843640e-02
   312       2   2.64899608e-05   6.30902355e-10
   312       3   3.05876931e-14   0.00000000e+00
   313       1   6.38898251e-02   7.01786794e-02
   313       2   2.42621671e-05   5.74001225e-10
   313       3   2.80376008e-14   0.00000000e+00
   314       1   5.71333464e-02   6.40848850e-02
   314       2   2.23330391e-05   5.24685018e-10
   314       3   2.57332159e-14   0.00000000e+00
   315       1   5.10742614e-02   5.87195810e-02
   315       2   2.06420582e-05   4.81048403e-10
   315       3   2.38856572e-14   0.00000000e+00
   316       1   4.55711316e-02   5.39451336e-02
   316       2   1.91437319e-05   4.42481968e-10
   316       3   2.22881537e-14   0.00000000e+00
   317       1   4.05143982e-02   4.96562116e-02
   317       2   1.78031608e-05   4.07510421e-10
   317       3   2.05301216e-14   0.00000000e+00
   318       1   3.58173345e-02   4.57708100e-02
   318       2   1.65930811e-05   3.75948771e-10
   318       3   1.92059754e-14   0.00000000e+00
   319       1   3.14098200e-02   4.22241083e-02
   319       2   1.54918381e-05   3.47240780e-10
   319       3   1.80323630e-14   0.00000000e+00
   320       1   2.72339391e-02   3.89641709e-02
   320       2   1.44819643e-05   3.20783578e-10
   320       3   1.67643686e-14   0.00000000e+00
   321       1   2.32407876e-02   3.59488755e-02
   321       2   1.35491600e-05   2.96347914e-10
   321       3   1.56158686e-14   0.00000000e+00
   322       1   1.93880904e-02   3.31436789e-02
   322       2   1.26815469e-05   2.73356046e-10
   322       3   1.46752467e-14   0.00000000e+00
   323       1   1.56383690e-02   3.05199658e-02
   323       2   1.18691110e-05   2.52118119e-10
   323       3   1.36084765e-14   0.00000000e+00
   324       1   1.19574796e-02   2.80538091e-02
   324       2   1.11032782e-05   2.32194077e-10
   324       3   1.28253226e-14   0.00000000e+00
   325       1   8.31339571e-03   2.57250285e-02
   325       2   1.03765824e-05   2.13010326e-10
   325       3   1.21034052e-14   0.00000000e+00
   326       1   4.67513796e-03   2.35164651e-02
   326       2   9.68240106e-06   1.95333353e-10
   326       3   1.14343807e-14   0.00000000e+00
   327       1   1.01177515e-03   2.14134172e-02
   327       2   9.01473520e-06   1.78074996e-10
   327       3   1.04030115e-14   0.00000000e+00
   328       1   2.70857269e-03   1.94031965e-02
   328       2   8.36802068e-06   1.61892948e-10
   328       3   9.61313684e-15   0.00000000e+00
   329       1   6.51979822e-03   1.74747755e-02
   329       2   7.73695668e-06   1.46214480e-10
   329       3   9.05827758e-15   0.00000000e+00
   330       1   1.04590141e-02   1.56185055e-02
   330       2   7.11634064e-06   1.30929392e-10
   330       3   8.11296026e-15   0.00000000e+00
   331       1   1.45679984e-02   1.38258882e-02
   331       2   6.50089801e-06   1.16584110e-10
   331       3   7.38697737e-15   0.00000000e+00
   332       1   1.88950039e-02   1.20893895e-02
   332       2   5.88509411e-06   1.02355101e-10
   332       3   6.88146161e-15   0.00000000e+00
   333       1   2.34971070e-02   1.04022872e-02
   333       2   5.26291184e-06   8.88601487e-11
   333       3   6.16279398e-15   0.00000000e+00
   334       1   2.84433552e-02   8.75854409e-03
   334       2   4.62757347e-06   7.53926783e-11
   334       3   5.54584961e-15   0.00000000e+00
   335       1   3.38191010e-02   7.15270326e-03
   335       2   3.97117436e-06   6.21161627e-11
   335       3   4.56334068e-15   0.00000000e+00
   336       1   3.97321338e-02   5.57979906e-03
   336       2   3.28417978e-06   4.96170999e-11
   336       3   4.01471867e-15   0.00000000e+00
   337       1   4.63215869e-02   4.03528244e-03
   337       2   2.55470722e-06   3.68199017e-11
   337       3   3.05505276e-15   0.00000000e+00
   338       1   5.37712508e-02   2.51495703e-03
   338       2   1.76746519e-06   2.45365047e-11
   338       3   2.14622164e-15   0.00000000e+00
   339       1   6.23301073e-02   1.01492414e-03
   339       2   9.02127210e-07   1.22930833e-11
   339       3   1.13999896e-15   0.00000000e+00
   340       1   7.23451433e-02   4.68464870e-04
   340       2   6.92572227e-08   1.07931413e-13
   340       3   0.00000000e+00   0.00000000e+00
   341       1   8.43160074e-02   1.93865038e-03
   341       2   1.18656606e-06   1.17510435e-11
   341       3   1.15985159e-15   0.00000000e+00
   342       1   9.89906245e-02   3.39890146e-03
   342       2   2.50912482e-06   2.37334155e-11
   342       3   2.54932564e-15   0.00000000e+00
   343       1   1.17542735e-01   4.85234890e-03
   343       2   4.12966198e-06   3.54755000e-11
   343       3   4.47695064e-15   0.00000000e+00
   344       1   1.41926944e-01   6.30201519e-03
   344       2   6.20220965e-06   4.72426002e-11
   344       3   7.08753295e-15   0.00000000e+00
   345       1   1.75659806e-01   7.75084204e-03
   345       2   9.00347455e-06   5.91121337e-11
   345       3   1.01082212e-14   0.00000000e+00
   346       1   2.25772518e-01   9.20171594e-03
   346       2   1.30862543e-05   7.10177844e-11
   346       3   1.47343128e-14   0.00000000e+00
   347       1   3.08669064e-01   1.06574924e-02
   347       2   1.97396735e-05   8.30640178e-11
   347       3   2.25686562e-14   0.00000000e+00
   348       1   4.73559371e-01   1.21210193e-02
   348       2   3.28301085e-05   9.48330692e-11
   348       3   3.69681182e-14   0.00000000e+00
   349       1   9.66501574e-01   1.35951597e-02
   349       2   7.16875831e-05   1.06794230e-10
   349       3   8.17395530e-14   0.00000000e+00
   350       1   1.35300753e+04   1.50828142e-02
   350       2   1.68595821e+01   1.19069526e-10
   350       3   1.93689592e-08   0.00000000e+00
   350       4   0.00000000e+00   0.00000000e+00
   351       1   1.00000452e+00   1.65869445e-02
   351       2   8.25705828e-05   1.31483092e-10
   351       3   9.53618552e-14   0.00000000e+00
   352       1   5.07216270e-01   1.81105965e-02
   352       2   4.37278999e-05   1.43813814e-10
   352       3   5.00267499e-14   0.00000000e+00
   353       1   3.42423758e-01   1.96569248e-02
   353       2   3.06629901e-05   1.56247457e-10
   353       3   3.50905716e-14   0.00000000e+00
   354       1   2.59643793e-01   2.12292195e-02
   354       2   2.40455878e-05   1.69460910e-10
   354       3   2.78991353e-14   0.00000000e+00
   355       1   2.09676180e-01   2.28309337e-02
   355       2   2.00094517e-05   1.82565907e-10
   355       3   2.29831169e-14   0.00000000e+00
   356       1   1.76119921e-01   2.44657142e-02
   356       2   1.72656824e-05   1.95996982e-10
   356       3   1.99929802e-14   0.00000000e+00
   357       1   1.51945490e-01   2.61374352e-02
   357       2   1.52617728e-05   2.09548247e-10
   357       3   1.77705590e-14   0.00000000e+00
   358       1   1.33637744e-01   2.78502352e-02
   358       2   1.37213713e-05   2.23605062e-10
   358       3   1.58196947e-14   0.00000000e+00
   359       1   1.19243518e-01   2.96085594e-02
   359       2   1.24908685e-05   2.38062025e-10
   359       3   1.44310967e-14   0.00000000e+00
   360       1   1.07590662e-01   3.14172062e-02
   360       2   1.14780312e-05   2.52848657e-10
   360       3   1.33226827e-14   0.00000000e+00
   361       1   9.79330447e-02   3.32813812e-02
   361       2   1.06241089e-05   2.68086714e-10
   361       3   1.22183808e-14   0.00000000e+00
   362       1   8.97730602e-02   3.52067586e-02
   362       2   9.88988547e-06   2.84013440e-10
   362       3   1.14862523e-14   0.00000000e+00
   363       1   8.27660468e-02   3.71995519e-02
   363       2   9.24816960e-06   3.00189569e-10
   363       3   1.07029110e-14   0.00000000e+00
   364       1   7.66656723e-02   3.92665963e-02
   364       2   8.67950221e-06   3.17238195e-10
   364       3   1.01912775e-14   0.00000000e+00
   365       1   7.12911622e-02   4.14154445e-02
   365       2   8.16958122e-06   3.35064712e-10
   365       3   9.46480684e-15   0.00000000e+00
   366       1   6.65068174e-02   4.36544786e-02
   366       2   7.70765165e-06   3.53468636e-10
   366       3   8.96927047e-15   0.00000000e+00
   367       1   6.22087599e-02   4.59930434e-02
   367       2   7.28546380e-06   3.72602678e-10
   367       3   8.41136456e-15   0.00000000e+00
   368       1   5.83160958e-02   4.84416034e-02
   368       2   6.89657856e-06   3.92643551e-10
   368       3   8.15734606e-15   0.00000000e+00
   369       1   5.47648694e-02   5.10119308e-02
   369       2   6.53589188e-06   4.14131061e-10
   369       3   7.59891176e-15   0.00000000e+00
   370       1   5.15038290e-02   5.37173309e-02
   370       2   6.19930192e-06   4.36236215e-10
   370       3   6.99559564e-15   0.00000000e+00
   371       1   4.84914040e-02   5.65729150e-02
   371       2   5.88347109e-06   4.59842259e-10
   371       3   6.65640855e-15   0.00000000e+00
   372       1   4.56935042e-02   5.95959315e-02
   372       2   5.58565295e-06   4.84829374e-10
   372       3   6.35228940e-15   0.00000000e+00
   373       1   4.30818940e-02   6.28061730e-02
   373       2   5.30356419e-06   5.11379971e-10
   373       3   6.07865298e-15   0.00000000e+00
   374       1   4.06329725e-02   6.62264768e-02
   374       2   5.03528850e-06   5.39879985e-10
   374       3   5.65497077e-15   0.00000000e+00
   375       1   3.83268455e-02   6.98833485e-02
   375       2   4.77920352e-06   5.70087060e-10
   375       3   5.43825957e-15   0.00000000e+00
   376       1   3.61466123e-02   7.38077446e-02
   376       2   4.53392450e-06   6.02579806e-10
   376       3   5.24170867e-15   0.00000000e+00
   377       1   3.40778096e-02   7.80360613e-02
   377       2   4.29826052e-06   6.37864086e-10
   377       3   5.06310448e-15   0.00000000e+00
   378       1   3.21079750e-02   8.26114003e-02
   378       2   4.07117996e-06   6.76043541e-10
   378       3   4.59427350e-15   0.00000000e+00
   379       1   3.02263005e-02   8.75852015e-02
   379       2   3.85178308e-06   7.17165087e-10
   379       3   4.30690868e-15   0.00000000e+00
   380       1   2.84233543e-02   9.30193781e-02
   380       2   3.63928010e-06   7.62818254e-10
   380       3   4.32880047e-15   0.00000000e+00
   381       1   2.66908571e-02   9.89891401e-02
   381       2   3.43297339e-06   8.12445588e-10
   381       3   3.93239050e-15   0.00000000e+00
   382       1   2.50214991e-02   1.05586782e-01
   382       2   3.23224300e-06   8.67859515e-10
   382       3   3.69707971e-15   0.00000000e+00
   383       1   2.34087907e-02   1.12926841e-01
   383       2   3.03653480e-06   9.29486226e-10
   383       3   3.47682256e-15   0.00000000e+00
   384       1   2.18469385e-02   1.21153245e-01
   384       2   2.84535060e-06   9.98550247e-10
   384       3   3.27007145e-15   0.00000000e+00
   385       1   2.03307431e-02   1.30449392e-01
   385       2   2.65824000e-06   1.07685310e-09
   385       3   3.07545311e-15   0.00000000e+00
   386       1   1.88555122e-02   1.41052694e-01
   386       2   2.47479349e-06   1.16620213e-09
   386       3   2.76601539e-15   0.00000000e+00
   387       1   1.74169889e-02   1.53276043e-01
   387       2   2.29463665e-06   1.26991860e-09
   387       3   2.71784596e-15   0.00000000e+00
   388       1   1.60112899e-02   1.67540381e-01
   388       2   2.11742524e-06   1.39103818e-09
   388       3   2.30965331e-15   0.00000000e+00
   389       1   1.46348528e-02   1.84425712e-01
   389       2   1.94284093e-06   1.53529081e-09
   389       3   2.27585629e-15   0.00000000e+00
   390       1   1.32843912e-02   2.04753963e-01
   390       2   1.77058770e-06   1.70991857e-09
   390       3   2.00924512e-15   0.00000000e+00
   391       1   1.19568556e-02   2.29729553e-01
   391       2   1.60038867e-06   1.92484945e-09
   391       3   1.98522405e-15   0.00000000e+00
   392       1   1.06493993e-02   2.61190589e-01
   392       2   1.43198331e-06   2.19762801e-09
   392       3   1.50194767e-15   0.00000000e+00
   393       1   9.35934844e-03   3.02087268e-01
   393       2   1.26512499e-06   2.55566643e-09
   393       3   1.37343905e-15   0.00000000e+00
   394       1   8.08417540e-03   3.57468730e-01
   394       2   1.09957883e-06   3.04459288e-09
   394       3   1.36233742e-15   0.00000000e+00
   395       1   6.82147496e-03   4.36740699e-01
   395       2   9.35119709e-07   3.75377284e-09
   395       3   1.24029174e-15   0.00000000e+00
   396       1   5.56894279e-03   5.59607137e-01
   396       2   7.71530506e-07   4.87232827e-09
   396       3   1.00913366e-15   0.00000000e+00
   397       1   4.32435571e-03   7.75217649e-01
   397       2   6.08600423e-07   6.88353591e-09
   397       3   7.81488101e-16   0.00000000e+00
   398       1   3.08555339e-03   1.24768363e+00
   398       2   4.46123476e-07   1.14657983e-08
   398       3   5.56483661e-16   0.00000000e+00
   399       1   1.85042110e-03   2.99751405e+00
   399       2   2.83897033e-07   2.97079099e-08
   399       3   4.44363272e-16   0.00000000e+00
   400       1   6.16873350e-04   7.91626447e+06
   400       2   1.21720422e-07   1.19723274e-01
   400       3   0.00000000e+00   0.00000000e+00