  TimeWindow  TotalIterations  Iterations  Convergence
     1       4       4       1
     2       7       3       1
     3      10       3       1
     4      13       3       1
     5      16       3       1
     6      18       2       1
     7      20       2       1
     8      22       2       1
     9      24       2       1
    10      26       2       1
    11      28       2       1
    12      30       2       1
    13      32       2       1
    14      34       2       1
    15      36       2       1
    16      38       2       1
    17      40       2       1
    18      42       2       1
    19      44       2       1
    20      46       2       1
    21      48       2       1
    22      50       2       1
    23      52       2       1
    24      54       2       1
    25      56       2       1
    26      58       2       1
    27      60       2       1
    28      62       2       1
    29      64       2       1
    30      66       2       1
    31      68       2       1
    32      70       2       1
    33      72       2       1
    34      74       2       1
    35      76       2       1
    36      78       2       1
    37      80       2       1
    38      82       2       1
    39      84       2       1
    40      86       2       1
    41      88       2       1
    42      90       2       1
    43      92       2       1
    44      94       2       1
    45      96       2       1
    46      98       2       1
    47     100       2       1
    48     102       2       1
    49     104       2       1
    50     106       2       1
    51     108       2       1
    52     110       2       1
    53     112       2       1
    54     114       2       1
    55     116       2       1
    56     118       2       1
    57     120       2       1
    58     122       2       1
    59     124       2       1
    60     126       2       1
    61     128       2       1
    62     130       2       1
    63     132       2       1
    64     134       2       1
    65     136       2       1
    66     138       2       1
    67     140       2       1
    68     142       2       1
    69     144       2       1
    70     146       2       1
    71     148       2       1
    72     150       2       1
    73     152       2       1
    74     154       2       1
    75     156       2       1
    76     158       2       1
    77     160       2       1
    78     162       2       1
    79     164       2       1
    80     166       2       1
    81     168       2       1
    82     170       2       1
    83     172       2       1
    84     174       2       1
    85     176       2       1
    86     178       2       1
    87     180       2       1
    88     182       2       1
    89     184       2       1
    90     186       2       1
    91     188       2       1
    92     190       2       1
    93     192       2       1
    94     194       2       1
    95     196       2       1
    96     198       2       1
    97     200       2       1
    98     202       2       1
    99     204       2       1
   100     206       2       1
   101     208       2       1
   102     210       2       1
   103     212       2       1
   104     214       2       1
   105     216       2       1
   106     218       2       1
   107     220       2       1
   108     222       2       1
   109     224       2       1
   110     226       2       1
   111     228       2       1
   112     230       2       1
   113     232       2       1
   114     234       2       1
   115     236       2       1
   116     238       2       1
   117     240       2       1
   118     242       2       1
   119     244       2       1
   120     246       2       1
   121     248       2       1
   122     250       2       1
   123     252       2       1
   124     254       2       1
   125     256       2       1
   126     258       2       1
   127     260       2       1
   128     262       2       1
   129     264       2       1
   130     266       2       1
   131     268       2       1
   132     270       2       1
   133     272       2       1
   134     274       2       1
   135     276       2       1
   136     278       2       1
   137     280       2       1
   138     282       2       1
   139     284       2       1
   140     286       2       1
   141     288       2       1
   142     290       2       1
   143     292       2       1
   144     294       2       1
   145     296       2       1
   146     298       2       1
   147     300       2       1
   148     302       2       1
   149     304       2       1
   150     306       2       1
   151     308       2       1
   152     310       2       1
   153     312       2       1
   154     314       2       1
   155     316       2       1
   156     318       2       1
   157     320       2       1
   158     322       2       1
   159     324       2       1
   160     326       2       1
   161     328       2       1
   162     330       2       1
   163     332       2       1
   164     334       2       1
   165     336       2       1
   166     338       2       1
   167     340       2       1
   168     342       2       1
   169     344       2       1
   170     346       2       1
   171     348       2       1
   172     350       2       1
   173     352       2       1
   174     354       2       1
   175     356       2       1
   176     358       2       1
   177     360       2       1
   178     362       2       1
   179     364       2       1
   180     366       2       1
   181     368       2       1
   182     370       2       1
   183     372       2       1
   184     374       2       1
   185     376       2       1
   186     378       2       1
   187     380       2       1
   188     382       2       1
   189     384       2       1
   190     386       2       1
   191     388       2       1
   192     390       2       1
   193     392       2       1
   194     394       2       1
   195     396       2       1
   196     398       2       1
   197     400       2       1
   198     402       2       1
   199     404       2       1
   200     406       2       1
   201     408       2       1
   202     410       2       1
   203     412       2       1
   204     414       2       1
   205     416       2       1
   206     418       2       1
   207     420       2       1
   208     422       2       1
   209     424       2       1
   210     426       2       1
   211     428       2       1
   212     430       2       1
   213     432       2       1
   214     434       2       1
   215     436       2       1
   216     438       2       1
   217     440       2       1
   218     442       2       1
   219     444       2       1
   220     446       2       1
   221     448       2       1
   222     450       2       1
   223     452       2       1
   224     454       2       1
   225     456       2       1
   226     458       2       1
   227     460       2       1
   228     462       2       1
   229     464       2       1
   230     466       2       1
   231     468       2       1
   232     470       2       1
   233     472       2       1
   234     474       2       1
   235     476       2       1
   236     478       2       1
   237     480       2       1
   238     482       2       1
   239     484       2       1
   240     486       2       1
   241     488       2       1
   242     490       2       1
   243     492       2       1
   244     494       2       1
   245     496       2       1
   246     498       2       1
   247     500       2       1
   248     502       2       1
   249     504       2       1
   250     506       2       1
   251     508       2       1
   252     510       2       1
   253     512       2       1
   254     514       2       1
   255     516       2       1
   256     518       2       1
   257     520       2       1
   258     522       2       1
   259     524       2       1
   260     526       2       1
   261     528       2       1
   262     530       2       1
   263     532       2       1
   264     534       2       1
   265     536       2       1
   266     538       2       1
   267     540       2       1
   268     542       2       1
   269     544       2       1
   270     546       2       1
   271     548       2       1
   272     550       2       1
   273     552       2       1
   274     554       2       1
   275     556       2       1
   276     558       2       1
   277     560       2       1
   278     562       2       1
   279     564       2       1
   280     566       2       1
   281     568       2       1
   282     570       2       1
   283     572       2       1
   284     574       2       1
   285     576       2       1
   286     578       2       1
   287     580       2       1
   288     582       2       1
   289     584       2       1
   290     586       2       1
   291     588       2       1
   292     590       2       1
   293     592       2       1
   294     594       2       1
   295     596       2       1
   296     598       2       1
   297     600       2       1
   298     602       2       1
   299     604       2       1
   300     606       2       1
   301     608       2       1
   302     610       2       1
   303     612       2       1
   304     614       2       1
   305     616       2       1
   306     618       2       1
   307     620       2       1
   308     622       2       1
   309     624       2       1
   310     626       2       1
   311     628       2       1
   312     630       2       1
   313     632       2       1
   314     634       2       1
   315     636       2       1
   316     638       2       1
   317     640       2       1
   318     642       2       1
   319     644       2       1
   320     646       2       1
   321     648       2       1
   322     650       2       1
   323     652       2       1
   324     654       2       1
   325     656       2       1
   326     658       2       1
   327     660       2       1
   328     662       2       1
   329     664       2       1
   330     666       2       1
   331     668       2       1
   332     670       2       1
   333     672       2       1
   334     674       2       1
   335     676       2       1
   336     678       2       1
   337     680       2       1
   338     682       2       1
   339     684       2       1
   340     686       2       1
   341     688       2       1
   342     690       2       1
   343     692       2       1
   344     694       2       1
   345     696       2       1
   346     698       2       1
   347     700       2       1
   348     702       2       1
   349     704       2       1
   350     706       2       1
   351     708       2       1
   352     710       2       1
   353     712       2       1
   354     714       2       1
   355     716       2       1
   356     718       2       1
   357     720       2       1
   358     722       2       1
   359     724       2       1
   360     726       2       1
   361     728       2       1
   362     730       2       1
   363     732       2       1
   364     734       2       1
   365     736       2       1
   366     738       2       1
   367     740       2       1
   368     742       2       1
   369     744       2       1
   370     746       2       1
   371     748       2       1
   372     750       2       1
   373     752       2       1
   374     754       2       1
   375     756       2       1
   376     758       2       1
   377     760       2       1
   378     762       2       1
   379     764       2       1
   380     766       2       1
   381     768       2       1
   382     770       2       1
   383     772       2       1
   384     774       2       1
   385     776       2       1
   386     778       2       1
   387     780       2       1
   388     782       2       1
   389     784       2       1
   390     786       2       1
   391     788       2       1
   392     790       2       1
   393     792       2       1
   394     794       2       1
   395     796       2       1
   396     798       2       1
   397     800       2       1
   398     802       2       1
   399     804       2       1
   400     806       2       1
   401     808       2       1
   402     810       2       1
   403     812       2       1
   404     814       2       1
   405     816       2       1
   406     818       2       1
   407     820       2       1
   408     822       2       1
   409     824       2       1
   410     826       2       1
   411     828       2       1
   412     830       2       1
   413     832       2       1
   414     834       2       1
   415     836       2       1
   416     838       2       1
   417     840       2       1
   418     842       2       1
   419     844       2       1
   420     846       2       1
   421     848       2       1
   422     850       2       1
   423     852       2       1
   424     854       2       1
   425     856       2       1
   426     858       2       1
   427     860       2       1
   428     862       2       1
   429     864       2       1
   430     866       2       1
   431     868       2       1
   432     870       2       1
   433     872       2       1
   434     874       2       1
   435     876       2       1
   436     878       2       1
   437     880       2       1
   438     882       2       1
   439     884       2       1
   440     886       2       1
   441     888       2       1
   442     890       2       1
   443     892       2       1
   444     894       2       1
   445     896       2       1
   446     898       2       1
   447     900       2       1
   448     902       2       1
   449     904       2       1
   450     906       2       1
   451     908       2       1
   452     910       2       1
   453     912       2       1
   454     914       2       1
   455     916       2       1
   456     918       2       1
   457     920       2       1
   458     922       2       1
   459     924       2       1
   460     926       2       1
   461     928       2       1
   462     930       2       1
   463     932       2       1
   464     934       2       1
   465     936       2       1
   466     938       2       1
   467     940       2       1
   468     942       2       1
   469     944       2       1
   470     946       2       1
   471     948       2       1
   472     950       2       1
   473     952       2       1
   474     954       2       1
   475     956       2       1
   476     958       2       1
   477     960       2       1
   478     962       2       1
   479     964       2       1
   480     966       2       1
   481     968       2       1
   482     970       2       1
   483     972       2       1
   484     974       2       1
   485     976       2       1
   486     978       2       1
   487     980       2       1
   488     982       2       1
   489     984       2       1
   490     986       2       1
   491     988       2       1
   492     990       2       1
   493     992       2       1
   494     994       2       1
   495     996       2       1
   496     998       2       1
   497    1000       2       1
   498    1002       2       1
   499    1004       2       1
   500    1006       2       1
   501    1008       2       1
   502    1010       2       1
   503    1012       2       1
   504    1014       2       1
   505    1016       2       1
   506    1018       2       1
   507    1020       2       1
   508    1022       2       1
   509    1024       2       1
   510    1026       2       1
   511    1028       2       1
   512    1030       2       1
   513    1032       2       1
   514    1034       2       1
   515    1036       2       1
   516    1038       2       1
   517    1040       2       1
   518    1042       2       1
   519    1044       2       1
   520    1046       2       1
   521    1048       2       1
   522    1050       2       1
   523    1052       2       1
   524    1054       2       1
   525    1056       2       1
   526    1058       2       1
   527    1060       2       1
   528    1062       2       1
   529    1064       2       1
   530    1066       2       1
   531    1068       2       1
   532    1070       2       1
   533    1072       2       1
   534    1074       2       1
   535    1076       2       1
   536    1078       2       1
   537    1080       2       1
   538    1082       2       1
   539    1084       2       1
   540    1086       2       1
   541    1088       2       1
   542    1090       2       1
   543    1092       2       1
   544    1094       2       1
   545    1096       2       1
   546    1098       2       1
   547    1100       2       1
   548    1102       2       1
   549    1104       2       1
   550    1106       2       1
   551    1108       2       1
   552    1110       2       1
   553    1112       2       1
   554    1114       2       1
   555    1116       2       1
   556    1117       1       1
   557    1119       2       1
   558    1121       2       1
   559    1123       2       1
   560    1125       2       1
   561    1127       2       1
   562    1129       2       1
   563    1131       2       1
   564    1133       2       1
   565    1135       2       1
   566    1137       2       1
   567    1139       2       1
   568    1141       2       1
   569    1143       2       1
   570    1145       2       1
   571    1147       2       1
   572    1149       2       1
   573    1151       2       1
   574    1153       2       1
   575    1155       2       1
   576    1157       2       1
   577    1159       2       1
   578    1161       2       1
   579    1163       2       1
   580    1165       2       1
   581    1167       2       1
   582    1169       2       1
   583    1171       2       1
   584    1173       2       1
   585    1175       2       1
   586    1177       2       1
   587    1179       2       1
   588    1181       2       1
   589    1183       2       1
   590    1185       2       1
   591    1187       2       1
   592    1189       2       1
   593    1191       2       1
   594    1193       2       1
   595    1195       2       1
   596    1197       2       1
   597    1199       2       1
   598    1201       2       1
   599    1203       2       1
   600    1205       2       1
   601    1207       2       1
   602    1209       2       1
   603    1211       2       1
   604    1213       2       1
   605    1215       2       1
   606    1217       2       1
   607    1219       2       1
   608    1221       2       1
   609    1223       2       1
   610    1225       2       1
   611    1227       2       1
   612    1229       2       1
   613    1231       2       1
   614    1233       2       1
   615    1235       2       1
   616    1237       2       1
   617    1239       2       1
   618    1241       2       1
   619    1243       2       1
   620    1245       2       1
   621    1247       2       1
   622    1249       2       1
   623    1251       2       1
   624    1253       2       1
   625    1255       2       1
   626    1257       2       1
   627    1259       2       1
   628    1261       2       1
   629    1263       2       1
   630    1265       2       1
   631    1267       2       1
   632    1269       2       1
   633    1271       2       1
   634    1273       2       1
   635    1275       2       1
   636    1277       2       1
   637    1278       1       1
   638    1280       2       1
   639    1282       2       1
   640    1284       2       1
   641    1286       2       1
   642    1288       2       1
   643    1290       2       1
   644    1292       2       1
   645    1294       2       1
   646    1296       2       1
   647    1298       2       1
   648    1300       2       1
   649    1302       2       1
   650    1304       2       1
   651    1306       2       1
   652    1308       2       1
   653    1310       2       1
   654    1312       2       1
   655    1314       2       1
   656    1316       2       1
   657    1318       2       1
   658    1320       2       1
   659    1322       2       1
   660    1324       2       1
   661    1326       2       1
   662    1328       2       1
   663    1330       2       1
   664    1332       2       1
   665    1334       2       1
   666    1336       2       1
   667    1338       2       1
   668    1340       2       1
   669    1342       2       1
   670    1344       2       1
   671    1346       2       1
   672    1348       2       1
   673    1350       2       1
   674    1352       2       1
   675    1354       2       1
   676    1356       2       1
   677    1358       2       1
   678    1360       2       1
   679    1362       2       1
   680    1364       2       1
   681    1366       2       1
   682    1368       2       1
   683    1370       2       1
   684    1372       2       1
   685    1374       2       1
   686    1376       2       1
   687    1378       2       1
   688    1380       2       1
   689    1382       2       1
   690    1384       2       1
   691    1386       2       1
   692    1388       2       1
   693    1390       2       1
   694    1392       2       1
   695    1394       2       1
   696    1396       2       1
   697    1398       2       1
   698    1400       2       1
   699    1402       2       1
   700    1404       2       1
   701    1406       2       1
   702    1408       2       1
   703    1410       2       1
   704    1412       2       1
   705    1414       2       1
   706    1416       2       1
   707    1418       2       1
   708    1420       2       1
   709    1422       2       1
   710    1424       2       1
   711    1426       2       1
   712    1428       2       1
   713    1430       2       1
   714    1432       2       1
   715    1434       2       1
   716    1436       2       1
   717    1438       2       1
   718    1440       2       1
   719    1442       2       1
   720    1443       1       1
   721    1444       1       1
   722    1445       1       1
   723    1446       1       1
   724    1447       1       1
   725    1448       1       1
   726    1449       1       1
   727    1450       1       1
   728    1454       4       1
   729    1458       4       1
   730    1460       2       1
   731    1462       2       1
   732    1464       2       1
   733    1466       2       1
   734    1468       2       1
   735    1470       2       1
   736    1472       2       1
   737    1474       2       1
   738    1476       2       1
   739    1478       2       1
   740    1480       2       1
   741    1482       2       1
   742    1484       2       1
   743    1486       2       1
   744    1488       2       1
   745    1490       2       1
   746    1492       2       1
   747    1494       2       1
   748    1496       2       1
   749    1498       2       1
   750    1500       2       1
   751    1502       2       1
   752    1504       2       1
   753    1506       2       1
   754    1508       2       1
   755    1510       2       1
   756    1512       2       1
   757    1514       2       1
   758    1516       2       1
   759    1518       2       1
   760    1520       2       1
   761    1522       2       1
   762    1524       2       1
   763    1526       2       1
   764    1528       2       1
   765    1530       2       1
   766    1532       2       1
   767    1534       2       1
   768    1536       2       1
   769    1538       2       1
   770    1540       2       1
   771    1542       2       1
   772    1544       2       1
   773    1546       2       1
   774    1548       2       1
   775    1550       2       1
   776    1552       2       1
   777    1554       2       1
   778    1556       2       1
   779    1558       2       1
   780    1560       2       1
   781    1562       2       1
   782    1564       2       1
   783    1566       2       1
   784    1568       2       1
   785    1570       2       1
   786    1572       2       1
   787    1574       2       1
   788    1576       2       1
   789    1578       2       1
   790    1580       2       1
   791    1582       2       1
   792    1584       2       1
   793    1586       2       1
   794    1588       2       1
   795    1590       2       1
   796    1592       2       1
   797    1594       2       1
   798    1596       2       1
   799    1598       2       1
   800    1600       2       1
   801    1601       1       1
   802    1603       2       1
   803    1605       2       1
   804    1607       2       1
   805    1609       2       1
   806    1611       2       1
   807    1613       2       1
   808    1615       2       1
   809    1617       2       1
   810    1619       2       1
   811    1621       2       1
   812    1623       2       1
   813    1625       2       1
   814    1627       2       1
   815    1629       2       1
   816    1631       2       1
   817    1633       2       1
   818    1635       2       1
   819    1637       2       1
   820    1639       2       1
   821    1641       2       1
   822    1643       2       1
   823    1645       2       1
   824    1647       2       1
   825    1649       2       1
   826    1651       2       1
   827    1653       2       1
   828    1655       2       1
   829    1657       2       1
   830    1659       2       1
   831    1661       2       1
   832    1663       2       1
   833    1665       2       1
   834    1667       2       1
   835    1669       2       1
   836    1671       2       1
   837    1673       2       1
   838    1675       2       1
   839    1677       2       1
   840    1679       2       1
   841    1681       2       1
   842    1683       2       1
   843    1685       2       1
   844    1687       2       1
   845    1689       2       1
   846    1691       2       1
   847    1693       2       1
   848    1695       2       1
   849    1697       2       1
   850    1699       2       1
   851    1701       2       1
   852    1703       2       1
   853    1705       2       1
   854    1707       2       1
   855    1709       2       1
   856    1711       2       1
   857    1713       2       1
   858    1715       2       1
   859    1717       2       1
   860    1719       2       1
   861    1721       2       1
   862    1723       2       1
   863    1725       2       1
   864    1727       2       1
   865    1729       2       1
   866    1731       2       1
   867    1733       2       1
   868    1735       2       1
   869    1737       2       1
   870    1739       2       1
   871    1741       2       1
   872    1743       2       1
   873    1745       2       1
   874    1747       2       1
   875    1749       2       1
   876    1751       2       1
   877    1753       2       1
   878    1755       2       1
   879    1757       2       1
   880    1759       2       1
   881    1761       2       1
   882    1762       1       1
   883    1766       4       1
   884    1767       1       1
   885    1770       3       1
   886    1772       2       1
   887    1774       2       1
   888    1776       2       1
   889    1778       2       1
   890    1780       2       1
   891    1782       2       1
   892    1784       2       1
   893    1786       2       1
   894    1788       2       1
   895    1790       2       1
   896    1792       2       1
   897    1794       2       1
   898    1796       2       1
   899    1798       2       1
   900    1800       2       1
   901    1802       2       1
   902    1804       2       1
   903    1806       2       1
   904    1808       2       1
   905    1810       2       1
   906    1812       2       1
   907    1814       2       1
   908    1816       2       1
   909    1818       2       1
   910    1820       2       1
   911    1822       2       1
   912    1824       2       1
   913    1826       2       1
   914    1828       2       1
   915    1830       2       1
   916    1832       2       1
   917    1834       2       1
   918    1836       2       1
   919    1838       2       1
   920    1840       2       1
   921    1842       2       1
   922    1844       2       1
   923    1846       2       1
   924    1848       2       1
   925    1850       2       1
   926    1852       2       1
   927    1854       2       1
   928    1856       2       1
   929    1858       2       1
   930    1860       2       1
   931    1862       2       1
   932    1864       2       1
   933    1866       2       1
   934    1868       2       1
   935    1870       2       1
   936    1872       2       1
   937    1874       2       1
   938    1876       2       1
   939    1878       2       1
   940    1880       2       1
   941    1882       2       1
   942    1884       2       1
   943    1886       2       1
   944    1888       2       1
   945    1890       2       1
   946    1892       2       1
   947    1894       2       1
   948    1896       2       1
   949    1898       2       1
   950    1900       2       1
   951    1902       2       1
   952    1904       2       1
   953    1906       2       1
   954    1908       2       1
   955    1910       2       1
   956    1912       2       1
   957    1914       2       1
   958    1916       2       1
   959    1918       2       1
   960    1920       2       1
   961    1922       2       1
   962    1924       2       1
   963    1926       2       1
   964    1928       2       1
   965    1930       2       1
   966    1932       2       1
   967    1934       2       1
   968    1936       2       1
   969    1938       2       1
   970    1940       2       1
   971    1942       2       1
   972    1944       2       1
   973    1946       2       1
   974    1948       2       1
   975    1950       2       1
   976    1952       2       1
   977    1954       2       1
   978    1956       2       1
   979    1958       2       1
   980    1960       2       1
   981    1962       2       1
   982    1964       2       1
   983    1966       2       1
   984    1968       2       1
   985    1970       2       1
   986    1972       2       1
   987    1974       2       1
   988    1976       2       1
   989    1978       2       1
   990    1980       2       1
   991    1982       2       1
   992    1984       2       1
   993    1986       2       1
   994    1988       2       1
   995    1990       2       1
   996    1992       2       1
   997    1994       2       1
   998    1996       2       1
   999    1998       2       1
  1000    2000       2       1