  TimeWindow  Iteration  ResRel(Mass-Left-Mesh:Displacement-Left)  ResRel(Mass-Left-Mesh:Displacement-Right)
     1       1   1.00000000e+00   1.00000000e+00
     1       2   2.66328313e-07   1.78872045e-08
     1       3   1.11197823e-15   0.00000000e+00
     2       1   4.75853347e-03   7.49604755e-01
     2       2   1.33583597e-06   3.10931465e-08
     2       3   9.04987182e-15   0.00000000e+00
     3       1   7.96664840e-03   5.54383180e-01
     3       2   2.41472088e-06   2.56279059e-08
     3       3   1.73429608e-14   0.00000000e+00
     4       1   1.12200999e-02   4.35419815e-01
     4       2   3.50660982e-06   2.10239911e-08
     4       3   2.57368347e-14   0.00000000e+00
     5       1   1.45343159e-02   3.56951869e-01
     5       2   4.61535125e-06   1.76492378e-08
     5       3   3.40826572e-14   0.00000000e+00
     6       1   1.79259591e-02   3.01505145e-01
     6       2   5.74509322e-06   1.51345244e-08
     6       3   4.26905500e-14   0.00000000e+00
     7       1   2.14133273e-02   2.60230308e-01
     7       2   6.90037439e-06   1.32014278e-08
     7       3   5.14123455e-14   0.00000000e+00
     8       1   2.50168340e-02   2.28255987e-01
     8       2   8.08623332e-06   1.16713132e-08
     8       3   6.03319294e-14   0.00000000e+00
     9       1   2.87595974e-02   2.02699116e-01
     9       2   9.30834241e-06   1.04289788e-08
     9       3   6.99197826e-14   0.00000000e+00
    10       1   3.26681765e-02   1.81750082e-01
    10       2   1.05731754e-05   9.39842297e-09
    10       3   7.92665247e-14   0.00000000e+00
    11       1   3.67735095e-02   1.64217551e-01
    11       2   1.18882203e-05   8.52804365e-09
    11       3   8.93678556e-14   0.00000000e+00
    12       1   4.11121292e-02   1.49285847e-01
    12       2   1.32622558e-05   7.78105197e-09
    12       3   9.96764059e-14   0.00000000e+00
    13       1   4.57277655e-02   1.36377912e-01
    13       2   1.47057131e-05   7.13135328e-09
    13       3   1.10728951e-13   0.00000000e+00
    14       1   5.06734912e-02   1.25074017e-01
    14       2   1.62311626e-05   6.55945560e-09
    14       3   1.22542783e-13   0.00000000e+00
    15       1   5.60146502e-02   1.15061508e-01
    15       2   1.78539744e-05   6.05053885e-09
    15       3   1.34810175e-13   0.00000000e+00
    16       1   6.18329249e-02   1.06102616e-01
    16       2   1.95932362e-05   5.59333717e-09
    16       3   1.48187001e-13   0.00000000e+00
    17       1   6.82321063e-02   9.80131848e-02
    17       2   2.14730535e-05   5.17914242e-09
    17       3   1.62196344e-13   0.00000000e+00
    18       1   7.53464654e-02   9.06482423e-02
    18       2   2.35244343e-05   4.80086636e-09
    18       3   1.77809523e-13   0.00000000e+00
    19       1   8.33532142e-02   8.38919692e-02
    19       2   2.57880909e-05   4.45292632e-09
    19       3   1.95006316e-13   0.00000000e+00
    20       1   9.24916000e-02   7.76505819e-02
    20       2   2.83187324e-05   4.13078074e-09
    20       3   2.14691843e-13   0.00000000e+00
    21       1   1.03093164e-01   7.18471825e-02
    21       2   3.11918607e-05   3.83042604e-09
    21       3   2.36687311e-13   0.00000000e+00
    22       1   1.15631615e-01   6.64179692e-02
    22       2   3.45149674e-05   3.54906644e-09
    22       3   2.62155489e-13   0.00000000e+00
    23       1   1.30808951e-01   6.13094011e-02
    23       2   3.84468634e-05   3.28371304e-09
    23       3   2.92159270e-13   0.00000000e+00
    24       1   1.49712847e-01   5.64760460e-02
    24       2   4.32329906e-05   3.03228538e-09
    24       3   3.28887145e-13   0.00000000e+00
    25       1   1.74125101e-01   5.18789225e-02
    25       2   4.92746152e-05   2.79263633e-09
    25       3   3.75144416e-13   0.00000000e+00
    26       1   2.07182577e-01   4.74842048e-02
    26       2   5.72770717e-05   2.56323017e-09
    26       3   4.36357830e-13   0.00000000e+00
    27       1   2.54971240e-01   4.32621951e-02
    27       2   6.86072564e-05   2.34265667e-09
    27       3   5.23193530e-13   0.00000000e+00
    28       1   3.31063157e-01   3.91864974e-02
    28       2   8.63110505e-05   2.12931971e-09
    28       3   6.59075380e-13   0.00000000e+00
    29       1   4.73153297e-01   3.52333397e-02
    29       2   1.18843770e-04   1.92221812e-09
    29       3   9.08655101e-13   0.00000000e+00
    30       1   8.39567478e-01   3.13810087e-02
    30       2   2.01706589e-04   1.72014837e-09
    30       3   1.54476408e-12   0.00000000e+00
    31       1   4.12411111e+00   2.76093665e-02
    31       2   9.38360325e-04   1.52210183e-09
    31       3   7.20092478e-12   0.00000000e+00
    32       1   1.34189685e+00   2.38994262e-02
    32       2   2.86157922e-04   1.32708977e-09
    32       3   2.20131499e-12   0.00000000e+00
    33       1   5.59386066e-01   2.02329686e-02
    33       2   1.09748203e-04   1.13419318e-09
    33       3   8.46764445e-13   0.00000000e+00
    34       1   3.44263560e-01   1.65921802e-02
    34       2   6.06248067e-05   9.42466827e-10
    34       3   4.69693853e-13   0.00000000e+00
    35       1   2.42575329e-01   1.29593015e-02
    35       2   3.68999028e-05   7.51067269e-10
    35       3   2.87916440e-13   0.00000000e+00
    36       1   1.82616517e-01   9.31626606e-03
    36       2   2.24785931e-05   5.58837688e-10
    36       3   1.77409820e-13   0.00000000e+00
    37       1   1.42552884e-01   5.64431832e-03
    37       2   1.24552387e-05   3.65079971e-10
    37       3   1.00491353e-13   0.00000000e+00
    38       1   1.13479416e-01   1.92358885e-03
    38       2   4.82390033e-06   1.68546076e-10
    38       3   4.21616211e-14   0.00000000e+00
    39       1   9.10775340e-02   1.86739308e-03
    39       2   1.39377186e-06   3.18404555e-11
    39       3   5.38077137e-15   0.00000000e+00
    40       1   7.29925474e-02   5.75227813e-03
    40       2   6.73723201e-06   2.37327882e-10
    40       3   4.62300730e-14   0.00000000e+00
    41       1   5.78244933e-02   9.75760300e-03
    41       2   1.15338349e-05   4.49257654e-10
    41       3   8.27570461e-14   0.00000000e+00
    42       1   4.46816706e-02   1.39136734e-02
    42       2   1.59995054e-05   6.69283565e-10
    42       3   1.16944607e-13   0.00000000e+00
    43       1   3.29614748e-02   1.82556926e-02
    43       2   2.02885696e-05   8.99291609e-10
    43       3   1.49512880e-13   0.00000000e+00
    44       1   2.22335074e-02   2.28252320e-02
    44       2   2.45208582e-05   1.14148011e-09
    44       3   1.81385477e-13   0.00000000e+00
    45       1   1.21725757e-02   2.76721857e-02
    45       2   2.87979178e-05   1.39842993e-09
    45       3   2.14352356e-13   0.00000000e+00
    46       1   2.51746644e-03   3.28574162e-02
    46       2   3.32138714e-05   1.67343636e-09
    46       3   2.47671788e-13   0.00000000e+00
    47       1   6.95658632e-03   3.84564070e-02
    47       2   3.78638301e-05   1.97058972e-09
    47       3   2.83074907e-13   0.00000000e+00
    48       1   1.64583740e-02   4.45644114e-02
    48       2   4.28516461e-05   2.29474142e-09
    48       3   3.21128964e-13   0.00000000e+00
    49       1   2.61982801e-02   5.13038738e-02
    49       2   4.82984190e-05   2.65254016e-09
    49       3   3.62307277e-13   0.00000000e+00
    50       1   3.64061531e-02   5.88354001e-02
    50       2   5.43532619e-05   3.05248895e-09
    50       3   4.08339653e-13   0.00000000e+00
    51       1   4.73527989e-02   6.73744390e-02
    51       2   6.12084053e-05   3.50605042e-09
    51       3   4.60205744e-13   0.00000000e+00
    52       1   5.93796137e-02   7.72174821e-02
    52       2   6.91220022e-05   4.02900317e-09
    52       3   5.20384736e-13   0.00000000e+00
    53       1   7.29438242e-02   8.87848000e-02
    53       2   7.84546394e-05   4.64355470e-09
    53       3   5.90938848e-13   0.00000000e+00
    54       1   8.86932561e-02   1.02693332e-01
    54       2   8.97310810e-05   5.38278460e-09
    54       3   6.76522564e-13   0.00000000e+00
    55       1   1.07598992e-01   1.19887875e-01
    55       2   1.03750975e-04   6.29653646e-09
    55       3   7.82852515e-13   0.00000000e+00
    56       1   1.31208893e-01   1.41893363e-01
    56       2   1.21801389e-04   7.46621922e-09
    56       3   9.19518088e-13   0.00000000e+00
    57       1   1.62176338e-01   1.71342330e-01
    57       2   1.46100890e-04   9.03174061e-09
    57       3   1.10345315e-12   0.00000000e+00
    58       1   2.05492813e-01   2.13205669e-01
    58       2   1.80835455e-04   1.12572016e-08
    58       3   1.36693578e-12   0.00000000e+00
    59       1   2.71832761e-01   2.78133208e-01
    59       2   2.34969928e-04   1.47088980e-08
    59       3   1.77725389e-12   0.00000000e+00
    60       1   3.88927404e-01   3.93811648e-01
    60       2   3.31806674e-04   2.08586872e-08
    60       3   2.51087556e-12   0.00000000e+00
    61       1   6.58457331e-01   6.61754004e-01
    61       2   5.56778236e-04   3.51036278e-08
    61       3   4.21558791e-12   0.00000000e+00
    62       1   1.99679106e+00   1.99555267e+00
    62       2   1.67874185e-03   1.06013986e-07
    62       3   1.27178051e-11   0.00000000e+00
    63       1   1.99834991e+00   2.00002776e+00
    63       2   1.68437694e-03   1.06408176e-07
    63       3   1.27668150e-11   0.00000000e+00
    64       1   6.65943516e-01   6.66177973e-01
    64       2   5.62371247e-04   3.54950181e-08
    64       3   4.26474326e-12   0.00000000e+00
    65       1   3.96900151e-01   3.98228454e-01
    65       2   3.37406079e-04   2.12496515e-08
    65       3   2.56012431e-12   0.00000000e+00
    66       1   2.79955549e-01   2.82544099e-01
    66       2   2.40583703e-04   1.50993108e-08
    66       3   1.82619772e-12   0.00000000e+00
    67       1   2.13695750e-01   2.17609643e-01
    67       2   1.86469657e-04   1.16470028e-08
    67       3   1.41640406e-12   0.00000000e+00
    68       1   1.70440160e-01   1.75737929e-01
    68       2   1.51761452e-04   9.42081265e-09
    68       3   1.15328957e-12   0.00000000e+00
    69       1   1.39529769e-01   1.46278962e-01
    69       2   1.27494490e-04   7.85454375e-09
    69       3   9.69433282e-13   0.00000000e+00
    70       1   1.15979399e-01   1.24261752e-01
    70       2   1.09483211e-04   6.68378210e-09
    70       3   8.33196180e-13   0.00000000e+00
    71       1   9.71389767e-02   1.07053677e-01
    71       2   9.55096045e-05   5.76874173e-09
    71       3   7.27302413e-13   0.00000000e+00
    72       1   8.14628419e-02   9.31297244e-02
    72       2   8.42873083e-05   5.02823528e-09
    72       3   6.42210743e-13   0.00000000e+00
    73       1   6.79817400e-02   8.15450048e-02
    73       2   7.50175517e-05   4.41203159e-09
    73       3   5.71746392e-13   0.00000000e+00
    74       1   5.60496399e-02   7.16824794e-02
    74       2   6.71766558e-05   3.88739200e-09
    74       3   5.12644999e-13   0.00000000e+00
    75       1   4.52112763e-02   6.31217652e-02
    75       2   6.04053778e-05   3.43190380e-09
    75       3   4.61186550e-13   0.00000000e+00
    76       1   3.51275378e-02   5.55662437e-02
    76       2   5.44472368e-05   3.02983549e-09
    76       3   4.16300080e-13   0.00000000e+00
    77       1   2.55303834e-02   4.88003230e-02
    77       2   4.91120970e-05   2.66965009e-09
    77       3   3.75624999e-13   0.00000000e+00
    78       1   1.61933963e-02   4.26632356e-02
    78       2   4.42534942e-05   2.34291277e-09
    78       3   3.39361304e-13   0.00000000e+00
    79       1   6.91053871e-03   3.70323548e-02
    79       2   3.97537171e-05   2.04307467e-09
    79       3   3.05203499e-13   0.00000000e+00
    80       1   2.52137648e-03   3.18122222e-02
    80       2   3.55133083e-05   1.76490648e-09
    80       3   2.73258347e-13   0.00000000e+00
    81       1   1.23197508e-02   2.69271221e-02
    81       2   3.14429502e-05   1.50457172e-09
    81       3   2.42468452e-13   0.00000000e+00
    82       1   2.27359197e-02   2.23159307e-02
    82       2   2.74563053e-05   1.25871654e-09
    82       3   2.12198104e-13   0.00000000e+00
    83       1   3.40815134e-02   1.79284581e-02
    83       2   2.34625293e-05   1.02468590e-09
    83       3   1.82205746e-13   0.00000000e+00
    84       1   4.67677931e-02   1.37227983e-02
    84       2   1.93569052e-05   8.00265734e-10
    84       3   1.51300873e-13   0.00000000e+00
    85       1   6.13694681e-02   9.66336907e-03
    85       2   1.50071496e-05   5.83460546e-10
    85       3   1.18616533e-13   0.00000000e+00
    86       1   7.87359415e-02   5.71943416e-03
    86       2   1.02307801e-05   3.72828331e-10
    86       3   8.29425307e-14   0.00000000e+00
    87       1   1.00199819e-01   1.86396693e-03
    87       2   4.75372540e-06   1.66790452e-10
    87       3   4.18727839e-14   0.00000000e+00
    88       1   1.28001617e-01   1.92724233e-03
    88       2   1.87309218e-06   3.60043962e-11
    88       3   7.65491908e-15   0.00000000e+00
    89       1   1.66249723e-01   5.67630400e-03
    89       2   1.04615086e-05   2.36719299e-10
    89       3   7.17995225e-14   0.00000000e+00
    90       1   2.23415205e-01   9.40382164e-03
    90       2   2.26732954e-05   4.36269024e-10
    90       3   1.63245084e-13   0.00000000e+00
    91       1   3.20268975e-01   1.31293964e-02
    91       2   4.25692573e-05   6.35962547e-10
    91       3   3.11696138e-13   0.00000000e+00
    92       1   5.25033352e-01   1.68720715e-02
    92       2   8.34682667e-05   8.36698713e-10
    92       3   6.16706582e-13   0.00000000e+00
    93       1   1.26980882e+00   2.06507406e-02
    93       2   2.29675231e-04   1.03951283e-09
    93       3   1.70669170e-12   0.00000000e+00
    94       1   3.92194875e+00   2.44845381e-02
    94       2   7.83351979e-04   1.24549266e-09
    94       3   5.84235829e-12   0.00000000e+00
    95       1   8.04703448e-01   2.83932299e-02
    95       2   1.73548764e-04   1.45569176e-09
    95       3   1.29798049e-12   0.00000000e+00
    96       1   4.56343933e-01   3.23976218e-02
    96       2   1.04768773e-04   1.67120519e-09
    96       3   7.85352128e-13   0.00000000e+00
    97       1   3.21157347e-01   3.65200027e-02
    97       2   7.76423243e-05   1.89323635e-09
    97       3   5.82974918e-13   0.00000000e+00
    98       1   2.48703948e-01   4.07846440e-02
    98       2   6.27927027e-05   2.12327938e-09
    98       3   4.72238062e-13   0.00000000e+00
    99       1   2.03157245e-01   4.52183782e-02
    99       2   5.32228301e-05   2.36273158e-09
    99       3   4.00844602e-13   0.00000000e+00
   100       1   1.71616259e-01   4.98512875e-02
   100       2   4.64117805e-05   2.61316192e-09
   100       3   3.49943199e-13   0.00000000e+00
   101       1   1.48295428e-01   5.47175403e-02
   101       2   4.12279664e-05   2.87655552e-09
   101       3   3.11110114e-13   0.00000000e+00
   102       1   1.30212477e-01   5.98564272e-02
   102       2   3.70872573e-05   3.15514620e-09
   102       3   2.80150986e-13   0.00000000e+00
   103       1   1.15673268e-01   6.53136652e-02
   103       2   3.36571632e-05   3.45128805e-09
   103       3   2.54590929e-13   0.00000000e+00
   104       1   1.03643535e-01   7.11430643e-02
   104       2   3.07341642e-05   3.76816069e-09
   104       3   2.32645057e-13   0.00000000e+00
   105       1   9.34556634e-02   7.74086899e-02
   105       2   2.81864512e-05   4.10924911e-09
   105       3   2.13509899e-13   0.00000000e+00
   106       1   8.46590774e-02   8.41877106e-02
   106       2   2.59247033e-05   4.47919111e-09
   106       3   1.96521582e-13   0.00000000e+00
   107       1   7.69383621e-02   9.15742052e-02
   107       2   2.38860895e-05   4.88289146e-09
   107       3   1.81006294e-13   0.00000000e+00
   108       1   7.00658496e-02   9.96843379e-02
   108       2   2.20250011e-05   5.32705514e-09
   108       3   1.67212889e-13   0.00000000e+00
   109       1   6.38728497e-02   1.08663516e-01
   109       2   2.03074239e-05   5.81997005e-09
   109       3   1.54100704e-13   0.00000000e+00
   110       1   5.82314957e-02   1.18696482e-01
   110       2   1.87073849e-05   6.37231153e-09
   110       3   1.42181442e-13   0.00000000e+00
   111       1   5.30428956e-02   1.30021861e-01
   111       2   1.72046305e-05   6.99728704e-09
   111       3   1.30919221e-13   0.00000000e+00
   112       1   4.82291713e-02   1.42953620e-01
   112       2   1.57830646e-05   7.71346797e-09
   112       3   1.20177901e-13   0.00000000e+00
   113       1   4.37279712e-02   1.57913637e-01
   113       2   1.44296701e-05   8.54484964e-09
   113       3   1.10124141e-13   0.00000000e+00
   114       1   3.94886008e-02   1.75482687e-01
   114       2   1.31337474e-05   9.52506198e-09
   114       3   1.00352426e-13   0.00000000e+00
   115       1   3.54692367e-02   1.96483265e-01
   115       2   1.18863646e-05   1.07025623e-08
   115       3   9.09080220e-14   0.00000000e+00
   116       1   3.16348841e-02   2.22120077e-01
   116       2   1.06799532e-05   1.21479680e-08
   116       3   8.18264474e-14   0.00000000e+00
   117       1   2.79558506e-02   2.54231106e-01
   117       2   9.50800497e-06   1.39704685e-08
   117       3   7.28908483e-14   0.00000000e+00
   118       1   2.44065878e-02   2.95765740e-01
   118       2   8.36484119e-06   1.63468901e-08
   118       3   6.42654528e-14   0.00000000e+00
   119       1   2.09647955e-02   3.51771079e-01
   119       2   7.24543306e-06   1.95838273e-08
   119       3   5.58623054e-14   0.00000000e+00
   120       1   1.76107182e-02   4.31648327e-01
   120       2   6.14525972e-06   2.42610272e-08
   120       3   4.74846620e-14   0.00000000e+00
   121       1   1.43265806e-02   5.55091206e-01
   121       2   5.06019372e-06   3.16168230e-08
   121       3   3.92885379e-14   0.00000000e+00
   122       1   1.10961261e-02   7.71223157e-01
   122       2   3.98640627e-06   4.48216282e-08
   122       3   3.10821938e-14   0.00000000e+00
   123       1   7.90422925e-03   1.24406927e+00
   123       2   2.92028709e-06   7.48608016e-08
   123       3   2.31274523e-14   0.00000000e+00
   124       1   4.73656204e-03   2.99362650e+00
   124       2   1.85837433e-06   1.94353803e-07
   124       3   1.50117068e-14   0.00000000e+00
   125       1   1.57929612e-03   2.62038848e+08
   125       2   7.97291365e-07   1.04505714e+00
   125       3   6.88338275e-15   1.96048040e-09
   125       4   0.00000000e+00   0.00000000e+00
   126       1   1.58117241e-03   1.00000008e+00
   126       2   2.66312540e-07   1.78861744e-08
   126       3   1.00078036e-15   0.00000000e+00
   127       1   4.75848811e-03   7.49608480e-01
   127       2   1.33582009e-06   3.10931988e-08
   127       3   9.04987100e-15   0.00000000e+00
   128       1   7.96660251e-03   5.54385390e-01
   128       2   2.41470484e-06   2.56280071e-08
   128       3   1.73429585e-14   0.00000000e+00
   129       1   1.12200532e-02   4.35421218e-01
   129       2   3.50659356e-06   2.10240676e-08
   129       3   2.56229502e-14   0.00000000e+00
   130       1   1.45342684e-02   3.56952832e-01
   130       2   4.61533473e-06   1.76492613e-08
   130       3   3.39671150e-14   0.00000000e+00
   131       1   1.79259103e-02   3.01505846e-01
   131       2   5.74507636e-06   1.51345367e-08
   131       3   4.26905382e-14   0.00000000e+00
   132       1   2.14132770e-02   2.60230842e-01
   132       2   6.90035714e-06   1.32014187e-08
   132       3   5.14123287e-14   0.00000000e+00
   133       1   2.50167820e-02   2.28256407e-01
   133       2   8.08621559e-06   1.16712248e-08
   133       3   6.04550331e-14   0.00000000e+00
   134       1   2.87595433e-02   2.02699456e-01
   134       2   9.30832412e-06   1.04289653e-08
   134       3   6.97930864e-14   0.00000000e+00
   135       1   3.26681199e-02   1.81750364e-01
   135       2   1.05731564e-05   9.39851909e-09
   135       3   7.93972891e-14   0.00000000e+00
   136       1   3.67734498e-02   1.64217789e-01
   136       2   1.18882006e-05   8.52795500e-09
   136       3   8.93678072e-14   0.00000000e+00
   137       1   4.11120660e-02   1.49286052e-01
   137       2   1.32622351e-05   7.78113282e-09
   137       3   9.98175305e-14   0.00000000e+00
   138       1   4.57276981e-02   1.36378090e-01
   138       2   1.47056914e-05   7.13134334e-09
   138       3   1.10728877e-13   0.00000000e+00
   139       1   5.06734188e-02   1.25074173e-01
   139       2   1.62311397e-05   6.55951610e-09
   139       3   1.22387575e-13   0.00000000e+00
   140       1   5.60145718e-02   1.15061647e-01
   140       2   1.78539499e-05   6.05051898e-09
   140       3   1.34810066e-13   0.00000000e+00
   141       1   6.18328392e-02   1.06102741e-01
   141       2   1.95932099e-05   5.59337803e-09
   141       3   1.48186869e-13   0.00000000e+00
   142       1   6.82320116e-02   9.80132982e-02
   142       2   2.14730251e-05   5.17917777e-09
   142       3   1.62381977e-13   0.00000000e+00
   143       1   7.53463597e-02   9.06483459e-02
   143       2   2.35244032e-05   4.80084156e-09
   143       3   1.78009118e-13   0.00000000e+00
   144       1   8.33530946e-02   8.38920645e-02
   144       2   2.57880565e-05   4.45299895e-09
   144       3   1.95006085e-13   0.00000000e+00
   145       1   9.24914627e-02   7.76506701e-02
   145       2   2.83186938e-05   4.13072972e-09
   145       3   2.14691561e-13   0.00000000e+00
   146       1   1.03093004e-01   7.18472648e-02
   146       2   3.11918166e-05   3.83047955e-09
   146       3   2.36426154e-13   0.00000000e+00
   147       1   1.15631423e-01   6.64180463e-02
   147       2   3.45149161e-05   3.54910165e-09
   147       3   2.62155062e-13   0.00000000e+00
   148       1   1.30808716e-01   6.13094738e-02
   148       2   3.84468022e-05   3.28372936e-09
   148       3   2.92158733e-13   0.00000000e+00
   149       1   1.49712551e-01   5.64761149e-02
   149       2   4.32329152e-05   3.03225086e-09
   149       3   3.28508208e-13   0.00000000e+00
   150       1   1.74124711e-01   5.18789881e-02
   150       2   4.92745184e-05   2.79267562e-09
   150       3   3.74810439e-13   0.00000000e+00
   151       1   2.07182035e-01   4.74842675e-02
   151       2   5.72769404e-05   2.56327170e-09
   151       3   4.36356575e-13   0.00000000e+00
   152       1   2.54970427e-01   4.32622555e-02
   152       2   6.86070640e-05   2.34253166e-09
   152       3   5.23191686e-13   0.00000000e+00
   153       1   3.31061786e-01   3.91865558e-02
   153       2   8.63107324e-05   2.12936999e-09
   153       3   6.58960463e-13   0.00000000e+00
   154       1   4.73150467e-01   3.52333964e-02
   154       2   1.18843124e-04   1.92221895e-09
   154       3   9.08649218e-13   0.00000000e+00
   155       1   8.39558374e-01   3.13810640e-02
   155       2   2.01704536e-04   1.72012154e-09
   155       3   1.54474644e-12   0.00000000e+00
   156       1   4.12388393e+00   2.76094206e-02
   156       2   9.38309445e-04   1.52211240e-09
   156       3   7.19974763e-12   0.00000000e+00
   157       1   1.34192206e+00   2.38994796e-02
   157       2   2.86163590e-04   1.32703765e-09
   157       3   2.20082383e-12   0.00000000e+00
   158       1   5.59390724e-01   2.02330213e-02
   158       2   1.09749260e-04   1.13423991e-09
   158       3   8.46887711e-13   0.00000000e+00
   159       1   3.44265467e-01   1.65922327e-02
   159       2   6.06252480e-05   9.42478950e-10
   159       3   4.69849381e-13   0.00000000e+00
   160       1   2.42576372e-01   1.29593538e-02
   160       2   3.69001512e-05   7.51028250e-10
   160       3   2.87801162e-13   0.00000000e+00
   161       1   1.82617182e-01   9.31631860e-03
   161       2   2.24787578e-05   5.58865960e-10
   161       3   1.77220290e-13   0.00000000e+00
   162       1   1.42553351e-01   5.64437133e-03
   162       2   1.24553602e-05   3.65073212e-10
   162       3   1.00654406e-13   0.00000000e+00
   163       1   1.13479768e-01   1.92364261e-03
   163       2   4.82399718e-06   1.68538582e-10
   163       3   4.21616806e-14   0.00000000e+00
   164       1   9.10778134e-02   1.86733825e-03
   164       2   1.39368990e-06   3.18499913e-11
   164       3   5.38077730e-15   0.00000000e+00
   165       1   7.29927787e-02   5.75222188e-03
   165       2   6.73715926e-06   2.37252151e-10
   165       3   4.61084542e-14   0.00000000e+00
   166       1   5.78246916e-02   9.75754493e-03
   166       2   1.15337677e-05   4.49211224e-10
   166       3   8.28717213e-14   0.00000000e+00
   167       1   4.46818459e-02   1.39136131e-02
   167       2   1.59994412e-05   6.69242074e-10
   167       3   1.16944660e-13   0.00000000e+00
   168       1   3.29616342e-02   1.82556294e-02
   168       2   2.02885066e-05   8.99275775e-10
   168       3   1.49512924e-13   0.00000000e+00
   169       1   2.22336561e-02   2.28251654e-02
   169       2   2.45207947e-05   1.14147184e-09
   169       3   1.81799625e-13   0.00000000e+00
   170       1   1.21727178e-02   2.76721149e-02
   170       2   2.87978525e-05   1.39849404e-09
   170       3   2.14352355e-13   0.00000000e+00
   171       1   2.51760533e-03   3.28573403e-02
   171       2   3.32138030e-05   1.67347424e-09
   171       3   2.47875766e-13   0.00000000e+00
   172       1   6.95644754e-03   3.84563248e-02
   172       2   3.78637569e-05   1.97054407e-09
   172       3   2.83280253e-13   0.00000000e+00
   173       1   1.64582322e-02   4.45643214e-02
   173       2   4.28515665e-05   2.29472018e-09
   173       3   3.21128830e-13   0.00000000e+00
   174       1   2.61981322e-02   5.13037740e-02
   174       2   4.82983309e-05   2.65253524e-09
   174       3   3.62521330e-13   0.00000000e+00
   175       1   3.64059952e-02   5.88352881e-02
   175       2   5.43531627e-05   3.05246735e-09
   175       3   4.08117317e-13   0.00000000e+00
   176       1   4.73526264e-02   6.73743112e-02
   176       2   6.12082916e-05   3.50606151e-09
   176       3   4.60437884e-13   0.00000000e+00
   177       1   5.93794205e-02   7.72173338e-02
   177       2   6.91218693e-05   4.02899366e-09
   177       3   5.20384184e-13   0.00000000e+00
   178       1   7.29436020e-02   8.87846241e-02
   178       2   7.84544804e-05   4.64360286e-09
   178       3   5.91070241e-13   0.00000000e+00
   179       1   8.86929927e-02   1.02693118e-01
   179       2   8.97308860e-05   5.38275271e-09
   179       3   6.76521543e-13   0.00000000e+00
   180       1   1.07598669e-01   1.19887607e-01
   180       2   1.03750728e-04   6.29654905e-09
   180       3   7.82851104e-13   0.00000000e+00
   181       1   1.31208478e-01   1.41893013e-01
   181       2   1.21801064e-04   7.46627521e-09
   181       3   9.19696286e-13   0.00000000e+00
   182       1   1.62175777e-01   1.71341851e-01
   182       2   1.46100442e-04   9.03168530e-09
   182       3   1.10386899e-12   0.00000000e+00
   183       1   2.05491996e-01   2.13204965e-01
   183       2   1.80834790e-04   1.12571697e-08
   183       3   1.36693123e-12   0.00000000e+00
   184       1   2.71831436e-01   2.78132058e-01
   184       2   2.34968836e-04   1.47089012e-08
   184       3   1.77708568e-12   0.00000000e+00
   185       1   3.88924845e-01   3.93809415e-01
   185       2   3.31804544e-04   2.08585852e-08
   185       3   2.51108274e-12   0.00000000e+00
   186       1   6.58450286e-01   6.61747838e-01
   186       2   5.56772336e-04   3.51033538e-08
   186       3   4.21572847e-12   0.00000000e+00
   187       1   1.99672780e+00   1.99549736e+00
   187       2   1.67868883e-03   1.06011292e-07
   187       3   1.27178187e-11   0.00000000e+00
   188       1   1.99841277e+00   2.00008307e+00
   188       2   1.68442999e-03   1.06411126e-07
   188       3   1.27672172e-11   0.00000000e+00
   189       1   6.65950552e-01   6.66184137e-01
   189       2   5.62377152e-04   3.54953677e-08
   189       3   4.26460320e-12   0.00000000e+00
   190       1   3.96902711e-01   3.98230687e-01
   190       2   3.37408212e-04   2.12497710e-08
   190       3   2.56014021e-12   0.00000000e+00
   191       1   2.79956875e-01   2.82545249e-01
   191       2   2.40584796e-04   1.50993808e-08
   191       3   1.82620570e-12   0.00000000e+00
   192       1   2.13696568e-01   2.17610347e-01
   192       2   1.86470322e-04   1.16470547e-08
   192       3   1.41628259e-12   0.00000000e+00
   193       1   1.70440723e-01   1.75738408e-01
   193       2   1.51761902e-04   9.42084117e-09
   193       3   1.15329263e-12   0.00000000e+00
   194       1   1.39530184e-01   1.46279311e-01
   194       2   1.27494815e-04   7.85445891e-09
   194       3   9.69435383e-13   0.00000000e+00
   195       1   1.15979723e-01   1.24262019e-01
   195       2   1.09483458e-04   6.68381589e-09
   195       3   8.33038369e-13   0.00000000e+00
   196       1   9.71392404e-02   1.07053891e-01
   196       2   9.55097998e-05   5.76871618e-09
   196       3   7.27159661e-13   0.00000000e+00
   197       1   8.14630641e-02   9.31299002e-02
   197       2   8.42874673e-05   5.02825758e-09
   197       3   6.42343699e-13   0.00000000e+00
   198       1   6.79819330e-02   8.15451532e-02
   198       2   7.50176846e-05   4.41208205e-09
   198       3   5.72116503e-13   0.00000000e+00
   199       1   5.60498120e-02   7.16826073e-02
   199       2   6.71767692e-05   3.88745970e-09
   199       3   5.12529177e-13   0.00000000e+00
   200       1   4.52114335e-02   6.31218774e-02
   200       2   6.04054764e-05   3.43185044e-09
   200       3   4.61408924e-13   0.00000000e+00
   201       1   3.51276848e-02   5.55663436e-02
   201       2   5.44473241e-05   3.02986657e-09
   201       3   4.16086057e-13   0.00000000e+00
   202       1   2.55305239e-02   4.88004132e-02
   202       2   4.91121756e-05   2.66968941e-09
   202       3   3.76251546e-13   0.00000000e+00
   203       1   1.61935335e-02   4.26633181e-02
   203       2   4.42535661e-05   2.34286587e-09
   203       3   3.38950549e-13   0.00000000e+00
   204       1   6.91067559e-03   3.70324311e-02
   204       2   3.97537840e-05   2.04304436e-09
   204       3   3.05203542e-13   0.00000000e+00
   205       1   2.52123687e-03   3.18122933e-02
   205       2   3.55133716e-05   1.76487818e-09
   205       3   2.73053813e-13   0.00000000e+00
   206       1   1.23196052e-02   2.69271892e-02
   206       2   3.14430111e-05   1.50451843e-09
   206       3   2.42468417e-13   0.00000000e+00
   207       1   2.27357641e-02   2.23159943e-02
   207       2   2.74563652e-05   1.25865854e-09
   207       3   2.12409816e-13   0.00000000e+00
   208       1   3.40813428e-02   1.79285190e-02
   208       2   2.34625896e-05   1.02463953e-09
   208       3   1.82424659e-13   0.00000000e+00
   209       1   4.67676009e-02   1.37228570e-02
   209       2   1.93569675e-05   8.00197900e-10
   209       3   1.51300776e-13   0.00000000e+00
   210       1   6.13692447e-02   9.66342602e-03
   210       2   1.50072161e-05   5.83526276e-10
   210       3   1.18738090e-13   0.00000000e+00
   211       1   7.87356724e-02   5.71948977e-03
   211       2   1.02308540e-05   3.72842209e-10
   211       3   8.29424392e-14   0.00000000e+00
   212       1   1.00199481e-01   1.86402155e-03
   212       2   4.75381126e-06   1.66771842e-10
   212       3   4.18727248e-14   0.00000000e+00
   213       1   1.28001169e-01   1.92718837e-03
   213       2   1.87298614e-06   3.60331485e-11
   213       3   7.65490524e-15   0.00000000e+00
   214       1   1.66249087e-01   5.67625040e-03
   214       2   1.04613670e-05   2.36692526e-10
   214       3   7.19892990e-14   0.00000000e+00
   215       1   2.23414209e-01   9.40376811e-03
   215       2   2.26730845e-05   4.36256911e-10
   215       3   1.63012190e-13   0.00000000e+00
   216       1   3.20267157e-01   1.31293426e-02
   216       2   4.25688867e-05   6.35962092e-10
   216       3   3.11541329e-13   0.00000000e+00
   217       1   5.25028915e-01   1.68720173e-02
   217       2   8.34673856e-05   8.36692567e-10
   217       3   6.16468077e-13   0.00000000e+00
   218       1   1.26978481e+00   2.06506857e-02
   218       2   2.29670532e-04   1.03955472e-09
   218       3   1.70652823e-12   0.00000000e+00
   219       1   3.92216414e+00   2.44844821e-02
   219       2   7.83394091e-04   1.24548203e-09
   219       3   5.84229581e-12   0.00000000e+00
   220       1   8.04712101e-01   2.83931726e-02
   220       2   1.73550465e-04   1.45566297e-09
   220       3   1.29814691e-12   0.00000000e+00
   221       1   4.56346624e-01   3.23975629e-02
   221       2   1.04769309e-04   1.67121539e-09
   221       3   7.85192362e-13   0.00000000e+00
   222       1   3.21158652e-01   3.65199418e-02
   222       2   7.76425899e-05   1.89325595e-09
   222       3   5.82977573e-13   0.00000000e+00
   223       1   2.48704722e-01   4.07845808e-02
   223       2   6.27928644e-05   2.12329051e-09
   223       3   4.72239726e-13   0.00000000e+00
   224       1   2.03157761e-01   4.52183123e-02
   224       2   5.32229412e-05   2.36269037e-09
   224       3   4.00845755e-13   0.00000000e+00
   225       1   1.71616631e-01   4.98512183e-02
   225       2   4.64118630e-05   2.61312872e-09
   225       3   3.49833025e-13   0.00000000e+00
   226       1   1.48295711e-01   5.47174674e-02
   226       2   4.12280313e-05   2.87649885e-09
   226       3   3.11299891e-13   0.00000000e+00
   227       1   1.30212701e-01   5.98563499e-02
   227       2   3.70873104e-05   3.15501767e-09
   227       3   2.80151501e-13   0.00000000e+00
   228       1   1.15673452e-01   6.53135828e-02
   228       2   3.36572081e-05   3.45120812e-09
   228       3   2.54445863e-13   0.00000000e+00
   229       1   1.03643689e-01   7.11429759e-02
   229       2   3.07342030e-05   3.76823024e-09
   229       3   2.32514990e-13   0.00000000e+00
   230       1   9.34557953e-02   7.74085945e-02
   230       2   2.81864855e-05   4.10927996e-09
   230       3   2.13391957e-13   0.00000000e+00
   231       1   8.46591924e-02   8.41876069e-02
   231       2   2.59247341e-05   4.47920752e-09
   231       3   1.96521816e-13   0.00000000e+00
   232       1   7.69384640e-02   9.15740918e-02
   232       2   2.38861176e-05   4.88284024e-09
   232       3   1.81006489e-13   0.00000000e+00
   233       1   7.00659410e-02   9.96842128e-02
   233       2   2.20250270e-05   5.32707960e-09
   233       3   1.67213053e-13   0.00000000e+00
   234       1   6.38729327e-02   1.08663376e-01
   234       2   2.03074479e-05   5.81998377e-09
   234       3   1.54448699e-13   0.00000000e+00
   235       1   5.82315718e-02   1.18696326e-01
   235       2   1.87074075e-05   6.37221452e-09
   235       3   1.42345360e-13   0.00000000e+00
   236       1   5.30429659e-02   1.30021683e-01
   236       2   1.72046518e-05   6.99731446e-09
   236       3   1.30919318e-13   0.00000000e+00
   237       1   4.82292369e-02   1.42953416e-01
   237       2   1.57830848e-05   7.71344712e-09
   237       3   1.20325620e-13   0.00000000e+00
   238       1   4.37280329e-02   1.57913399e-01
   238       2   1.44296895e-05   8.54477792e-09
   238       3   1.09841837e-13   0.00000000e+00
   239       1   3.94886591e-02   1.75482405e-01
   239       2   1.31337661e-05   9.52515064e-09
   239       3   1.00216869e-13   0.00000000e+00
   240       1   3.54692922e-02   1.96482924e-01
   240       2   1.18863827e-05   1.07026469e-08
   240       3   9.07772630e-14   0.00000000e+00
   241       1   3.16349372e-02   2.22119656e-01
   241       2   1.06799707e-05   1.21479324e-08
   241       3   8.16998161e-14   0.00000000e+00
   242       1   2.79559018e-02   2.54230571e-01
   242       2   9.50802201e-06   1.39704146e-08
   242       3   7.27677493e-14   0.00000000e+00
   243       1   2.44066373e-02   2.95765036e-01
   243       2   8.36485787e-06   1.63468170e-08
   243       3   6.42654737e-14   0.00000000e+00
   244       1   2.09648437e-02   3.51770107e-01
   244       2   7.24544943e-06   1.95837895e-08
   244       3   5.56271110e-14   0.00000000e+00
   245       1   1.76107653e-02   4.31646894e-01
   245       2   6.14527586e-06   2.42608588e-08
   245       3   4.74846729e-14   0.00000000e+00
   246       1   1.43266268e-02   5.55088884e-01
   246       2   5.06020967e-06   3.16167566e-08
   246       3   3.92885450e-14   0.00000000e+00
   247       1   1.10961717e-02   7.71218770e-01
   247       2   3.98642209e-06   4.48213996e-08
   247       3   3.10821980e-14   6.13180682e-16
   248       1   7.90427442e-03   1.24405820e+00
   248       2   2.92030282e-06   7.48601038e-08
   248       3   2.31274544e-14   0.00000000e+00
   249       1   4.73660697e-03   2.99356760e+00
   249       2   1.85839003e-06   1.94349610e-07
   249       3   1.50117075e-14   0.00000000e+00
   250       1   1.57934101e-03   1.23043656e+07
   250       2   7.97307077e-07   5.21323353e-01
   250       3   7.10542736e-15   2.55015746e-09
   250       4   0.00000000e+00   0.00000000e+00