  TimeWindow  Iteration  ResRel(Mass-Left-Mesh:Displacement-Left)  ResRel(Mass-Left-Mesh:Displacement-Right)
     1       1   1.00000000e+00   1.00000000e+00
     1       2   2.56806860e-05   1.86973176e-06
     1       3   1.10970027e-11   4.06667257e-13
     2       1   4.83598663e-02   7.46100354e-01
     2       2   1.32499765e-04   3.18842393e-06
     2       3   9.96988598e-11   8.29464081e-13
     3       1   8.44816719e-02   5.43875351e-01
     3       2   2.49295837e-04   2.60269013e-06
     3       3   1.96932952e-10   8.24119491e-13
     3       4   0.00000000e+00   0.00000000e+00
     4       1   1.26457378e-01   4.16512782e-01
     4       2   3.82344974e-04   2.09503025e-06
     4       3   3.08111965e-10   6.86640325e-13
     4       4   0.00000000e+00   0.00000000e+00
     5       1   1.78419004e-01   3.28762160e-01
     5       2   5.42074783e-04   1.70595087e-06
     5       3   4.42103730e-10   4.69822763e-13
     5       4   0.00000000e+00   0.00000000e+00
     6       1   2.48324096e-01   2.63250263e-01
     6       2   7.48319003e-04   1.39906402e-06
     6       3   6.15820950e-10   3.95870785e-13
     6       4   0.00000000e+00   0.00000000e+00
     7       1   3.54393582e-01   2.11071107e-01
     7       2   1.04592203e-03   1.14610914e-06
     7       3   8.67560174e-10   3.56435731e-13
     7       4   1.43408047e-16   0.00000000e+00
     8       1   5.50823205e-01   1.67201161e-01
     8       2   1.56689868e-03   9.28310374e-07
     8       3   1.31015471e-09   3.09054174e-13
     8       4   1.11026024e-16   0.00000000e+00
     9       1   1.10805962e+00   1.28515865e-01
     9       2   2.96490881e-03   7.32817653e-07
     9       3   2.50249819e-09   1.85211507e-13
     9       4   1.16677771e-16   0.00000000e+00
    10       1   3.88360905e+02   9.28527045e-02
    10       2   1.63173482e+01   5.50095101e-07
    10       3   1.39538062e-05   2.46211208e-13
    10       4   2.93509814e-12   0.00000000e+00
    11       1   9.99825869e-01   5.85058374e-02
    11       2   2.01489674e-03   3.72165197e-07
    11       3   1.76334644e-09   8.87014012e-14
    11       4   1.36565680e-16   0.00000000e+00
    12       1   4.40940775e-01   2.38893058e-02
    12       2   5.67873302e-04   1.91224729e-07
    12       3   5.30533506e-10   6.69570326e-14
    12       4   0.00000000e+00   0.00000000e+00
    13       1   2.34241541e-01   1.27781057e-02
    13       2   4.31849517e-05   1.83890177e-09
    13       3   1.35235837e-11   2.04607033e-15
    14       1   1.10649222e-01   5.39120102e-02
    14       2   4.85516751e-04   2.19695609e-07
    14       3   3.57782087e-10   2.25341561e-13
    14       4   4.15978764e-16   0.00000000e+00
    15       1   1.29715152e-02   1.03400676e-01
    15       2   9.18475267e-04   4.83012627e-07
    15       3   7.18798458e-10   5.20058087e-14
    15       4   0.00000000e+00   0.00000000e+00
    16       1   8.39131696e-02   1.68607208e-01
    16       2   1.44356116e-03   8.31160535e-07
    16       3   1.15461918e-09   1.94041183e-13
    16       4   0.00000000e+00   0.00000000e+00
    17       1   2.04498624e-01   2.66299729e-01
    17       2   2.21463600e-03   1.35401776e-06
    17       3   1.79289529e-09   3.78631909e-13
    17       4   1.33398925e-16   0.00000000e+00
    18       1   4.02984027e-01   4.46297392e-01
    18       2   3.64617340e-03   2.31881982e-06
    18       3   2.97628638e-09   4.47949934e-13
    18       4   0.00000000e+00   0.00000000e+00
    19       1   9.34107005e-01   9.56864500e-01
    19       2   7.76660792e-03   5.05756503e-06
    19       3   6.38068199e-09   1.49638165e-12
    19       4   1.07357956e-15   0.00000000e+00
    20       1   1.36661371e+02   4.64968844e+03
    20       2   9.81186924e+00   2.55854335e-02
    20       3   8.10584572e-06   7.80521264e-09
    20       4   1.22990496e-12   0.00000000e+00
    21       1   1.00083099e+00   1.00020974e+00
    21       2   8.31094699e-03   5.44329031e-06
    21       3   6.90184550e-09   1.54291403e-12
    21       4   8.96116586e-16   0.00000000e+00
    22       1   4.81527474e-01   4.89093052e-01
    22       2   4.18783435e-03   2.70081099e-06
    22       3   3.49622644e-09   7.62543876e-13
    22       4   3.73246039e-16   0.00000000e+00
    23       1   2.86807155e-01   3.08637429e-01
    23       2   2.76782046e-03   1.73213464e-06
    23       3   2.32415912e-09   6.31198374e-13
    23       4   4.00399784e-16   0.00000000e+00
    24       1   1.69740662e-01   2.10336639e-01
    24       2   2.01757601e-03   1.20391765e-06
    24       3   1.70598353e-09   3.60095704e-13
    24       4   2.22070916e-16   0.00000000e+00
    25       1   7.75866524e-02   1.44311444e-01
    25       2   1.52583392e-03   8.48487561e-07
    25       3   1.30223485e-09   1.43272575e-13
    25       4   0.00000000e+00   0.00000000e+00
    26       1   1.28273603e-02   9.37382387e-02
    26       2   1.14693317e-03   5.75497824e-07
    26       3   9.93180313e-10   2.52907699e-13
    26       4   2.08023628e-16   0.00000000e+00
    27       1   1.23972226e-01   5.11802488e-02
    27       2   7.99201758e-04   3.44925194e-07
    27       3   7.12774265e-10   1.19689586e-13
    27       4   1.16999822e-16   0.00000000e+00
    28       1   3.05312409e-01   1.26432475e-02
    28       2   3.83272571e-04   1.35160675e-07
    28       3   3.83243526e-10   1.65937425e-14
    28       4   1.52779854e-16   0.00000000e+00
    29       1   7.88114103e-01   2.44459870e-02
    29       2   4.67464338e-04   6.78745183e-08
    29       3   2.76743140e-10   7.98232418e-15
    29       4   0.00000000e+00   0.00000000e+00
    30       1   1.10890458e+03   6.21104676e-02
    30       2   2.43400922e+00   2.75450882e-07
    30       3   1.86089204e-06   8.54091323e-14
    30       4   1.62683315e-13   0.00000000e+00
    31       1   1.00053706e+00   1.02321013e-01
    31       2   2.09805262e-03   4.98810986e-07
    31       3   1.66944424e-09   2.56658034e-13
    31       4   7.00433544e-16   0.00000000e+00
    32       1   5.24943661e-01   1.47424701e-01
    32       2   1.29576761e-03   7.51663489e-07
    32       3   1.04956468e-09   8.57870988e-14
    32       4   1.11058852e-16   0.00000000e+00
    33       1   3.54851576e-01   2.00715720e-01
    33       2   9.69862428e-04   1.05365931e-06
    33       3   7.94418865e-10   2.51077190e-13
    33       4   0.00000000e+00   0.00000000e+00
    34       1   2.61493750e-01   2.67468608e-01
    34       2   7.66910945e-04   1.43686017e-06
    34       3   6.33627323e-10   1.02753267e-13
    34       4   2.12022000e-16   0.00000000e+00
    35       1   1.98848326e-01   3.57208452e-01
    35       2   6.14863734e-04   1.96027572e-06
    35       3   5.11987042e-10   4.20834651e-13
    35       4   0.00000000e+00   0.00000000e+00
    36       1   1.51384950e-01   4.89618467e-01
    36       2   4.88764849e-04   2.74848272e-06
    36       3   4.10309971e-10   7.82231241e-13
    36       4   0.00000000e+00   0.00000000e+00
    37       1   1.12278799e-01   7.13522681e-01
    37       2   3.77188602e-04   4.11895101e-06
    37       3   3.19763482e-10   1.07889707e-12
    37       4   0.00000000e+00   0.00000000e+00
    38       1   7.79439208e-02   1.19160258e+00
    38       2   2.73771241e-04   7.17005104e-06
    38       3   2.35384750e-10   1.99697283e-12
    38       4   0.00000000e+00   0.00000000e+00
    39       1   4.61891858e-02   2.93440655e+00
    39       2   1.74315471e-04   1.91580743e-05
    39       3   1.53858197e-10   5.32220160e-12
    39       4   0.00000000e+00   0.00000000e+00
    40       1   1.54510102e-02   1.03022440e+05
    40       2   7.55465917e-05   1.14331097e+01
    40       3   7.25546298e-11   3.65365449e-06
    40       4   0.00000000e+00   0.00000000e+00
    41       1   1.56009517e-02   9.99999216e-01
    41       2   2.55740182e-05   1.86233766e-06
    41       3   1.10087156e-11   3.41359821e-13
    42       1   4.83374896e-02   7.46364830e-01
    42       2   1.32387169e-04   3.18892266e-06
    42       3   9.96051083e-11   8.96558075e-13
    43       1   8.44569495e-02   5.44035840e-01
    43       2   2.49174074e-04   2.60328110e-06
    43       3   1.96831203e-10   9.51916487e-13
    43       4   0.00000000e+00   0.00000000e+00
    44       1   1.26428835e-01   4.16617534e-01
    44       2   3.82209294e-04   2.09548096e-06
    44       3   3.07998058e-10   6.09762371e-13
    44       4   0.00000000e+00   0.00000000e+00
    45       1   1.78384088e-01   3.28836491e-01
    45       2   5.41917370e-04   1.70629456e-06
    45       3   4.41971024e-10   5.25620917e-13
    45       4   1.69925722e-16   0.00000000e+00
    46       1   2.48277684e-01   2.63306625e-01
    46       2   7.48125026e-04   1.39933554e-06
    46       3   6.15656137e-10   4.11563961e-13
    46       4   0.00000000e+00   0.00000000e+00
    47       1   3.54323141e-01   2.11116173e-01
    47       2   1.04565710e-03   1.14633321e-06
    47       3   8.67334973e-10   5.36156368e-13
    47       4   4.30134718e-16   0.00000000e+00
    48       1   5.50686520e-01   1.67238829e-01
    48       2   1.56645231e-03   9.28501687e-07
    48       3   1.30977275e-09   4.84334643e-13
    48       4   4.43972852e-16   0.00000000e+00
    49       1   1.10757577e+00   1.28548603e-01
    49       2   2.96357546e-03   7.32987390e-07
    49       3   2.50136188e-09   4.54447786e-13
    49       4   1.39940008e-15   0.00000000e+00
    50       1   4.57231704e+02   9.28822152e-02
    50       2   1.01425815e+01   5.50250252e-07
    50       3   8.67315276e-06   1.61911163e-13
    50       4   9.72839464e-13   0.00000000e+00
    51       1   1.00028027e+00   5.85334188e-02
    51       2   2.01604597e-03   3.72311526e-07
    51       3   1.76430586e-09   6.23929220e-14
    51       4   1.36601348e-16   0.00000000e+00
    52       1   4.41074259e-01   2.39160928e-02
    52       2   5.68307782e-04   1.91368532e-07
    52       3   5.30889669e-10   7.93729704e-15
    52       4   0.00000000e+00   0.00000000e+00
    53       1   2.34323047e-01   1.27509294e-02
    53       2   4.28218003e-05   1.69217004e-09
    53       3   1.38144402e-11   0.00000000e+00
    54       1   1.10721844e-01   5.38829283e-02
    54       2   4.85103318e-04   2.19536994e-07
    54       3   3.57446641e-10   8.81051081e-14
    54       4   0.00000000e+00   0.00000000e+00
    55       1   1.30541634e-02   1.03367297e-01
    55       2   9.17924227e-04   4.82829225e-07
    55       3   7.18348718e-10   4.12982501e-14
    55       4   0.00000000e+00   0.00000000e+00
    56       1   8.37996361e-02   1.68564904e-01
    56       2   1.44272952e-03   8.30928522e-07
    56       3   1.15394272e-09   1.69405540e-13
    56       4   2.21914750e-16   0.00000000e+00
    57       1   2.04309953e-01   2.66237248e-01
    57       2   2.21317807e-03   1.35367476e-06
    57       3   1.79170415e-09   4.36057080e-13
    57       4   2.66662660e-16   0.00000000e+00
    58       1   4.02571946e-01   4.46176621e-01
    58       2   3.64290017e-03   2.31815874e-06
    58       3   2.97359717e-09   7.12444484e-13
    58       4   3.72651071e-16   0.00000000e+00
    59       1   9.32460647e-01   9.56430395e-01
    59       2   7.75344661e-03   5.05521018e-06
    59       3   6.36984498e-09   1.56924319e-12
    59       4   1.07182501e-15   0.00000000e+00
    60       1   1.76786965e+02   1.57610788e+03
    60       2   3.27049529e+00   8.52837633e-03
    60       3   2.70184732e-06   2.55128191e-09
    60       4   3.74315698e-13   0.00000000e+00
    61       1   1.00249706e+00   1.00062947e+00
    61       2   8.32466639e-03   5.44551495e-06
    61       3   6.91321135e-09   1.65146047e-12
    61       4   8.97588428e-16   0.00000000e+00
    62       1   4.81965876e-01   4.89206523e-01
    62       2   4.19135777e-03   2.70140651e-06
    62       3   3.49915430e-09   8.17262996e-13
    62       4   5.60316408e-16   0.00000000e+00
    63       1   2.87015985e-01   3.08695193e-01
    63       2   2.76944596e-03   1.73243555e-06
    63       3   2.32551166e-09   6.22329808e-13
    63       4   4.00603028e-16   0.00000000e+00
    64       1   1.69870514e-01   2.10375614e-01
    64       2   2.01853737e-03   1.20412061e-06
    64       3   1.70678867e-09   4.67372187e-13
    64       4   3.33223655e-16   0.00000000e+00
    65       1   7.76832180e-02   1.44342424e-01
    65       2   1.52649333e-03   8.48649095e-07
    65       3   1.30278663e-09   1.55341239e-13
    65       4   2.05204613e-16   0.00000000e+00
    66       1   1.27425382e-02   9.37656552e-02
    66       2   1.14744045e-03   5.75641180e-07
    66       3   9.93603808e-10   1.95761095e-13
    66       4   0.00000000e+00   0.00000000e+00
    67       1   1.23880389e-01   5.12064294e-02
    67       2   7.99643475e-04   3.45063563e-07
    67       3   7.13146881e-10   1.34443635e-13
    67       4   0.00000000e+00   0.00000000e+00
    68       1   3.05173362e-01   1.26697381e-02
    68       2   3.83747310e-04   1.35301205e-07
    68       3   3.83633160e-10   1.06913616e-13
    68       4   1.52776403e-16   0.00000000e+00
    69       1   7.87686733e-01   2.44178796e-02
    69       2   4.66540309e-04   6.77230930e-08
    69       3   2.75993036e-10   3.75427174e-14
    69       4   1.36494465e-16   0.00000000e+00
    70       1   2.23850432e+03   6.20793618e-02
    70       2   1.41228882e+00   2.75281342e-07
    70       3   1.07968582e-06   6.18507968e-14
    70       4   9.44368018e-14   0.00000000e+00
    71       1   1.00092566e+00   1.02285167e-01
    71       2   2.09868828e-03   4.98613962e-07
    71       3   1.66992022e-09   3.61650894e-14
    71       4   1.16800132e-16   0.00000000e+00
    72       1   5.25052299e-01   1.47381617e-01
    72       2   1.29600493e-03   7.51423531e-07
    72       3   1.04974511e-09   3.14886944e-13
    72       4   3.33275093e-16   0.00000000e+00
    73       1   3.54908287e-01   2.00661443e-01
    73       2   9.70024547e-04   1.05335264e-06
    73       3   7.94544780e-10   3.83555784e-13
    73       4   1.43467700e-16   0.00000000e+00
    74       1   2.61532076e-01   2.67396259e-01
    74       2   7.67044259e-04   1.43644504e-06
    74       3   6.33732663e-10   5.73733887e-13
    74       4   2.12055120e-16   0.00000000e+00
    75       1   1.98878060e-01   3.57104717e-01
    75       2   6.14982231e-04   1.95966916e-06
    75       3   5.12082412e-10   4.96118153e-13
    75       4   0.00000000e+00   0.00000000e+00
    76       1   1.51410059e-01   4.89453701e-01
    76       2   4.88874732e-04   2.74749543e-06
    76       3   4.10398886e-10   6.74518195e-13
    76       4   0.00000000e+00   0.00000000e+00
    77       1   1.12301268e-01   7.13215527e-01
    77       2   3.77293436e-04   4.11704778e-06
    77       3   3.19849090e-10   1.26676547e-12
    77       4   0.00000000e+00   0.00000000e+00
    78       1   7.79649246e-02   1.19083318e+00
    78       2   2.73873518e-04   7.16503678e-06
    78       3   2.35468474e-10   2.07803047e-12
    78       4   0.00000000e+00   0.00000000e+00
    79       1   4.62095352e-02   2.93032491e+00
    79       2   1.74417240e-04   1.91289577e-05
    79       3   1.53941877e-10   5.57422120e-12
    79       4   0.00000000e+00   0.00000000e+00
    80       1   1.54713660e-02   8.43574997e+04
    80       2   7.56497799e-05   3.03795520e+00
    80       3   7.26398974e-11   9.39452898e-07
    80       4   0.00000000e+00   0.00000000e+00