  TimeWindow  Iteration  ResRel(Mass-Left-Mesh:Displacement-Left)  ResRel(Mass-Left-Mesh:Displacement-Right)
     1       1   1.00000000e+00   1.00000000e+00
     1       2   6.19429817e-09   4.16178885e-10
     1       3   0.00000000e+00   0.00000000e+00
     2       1   7.23361389e-04   7.49939750e-01
     2       2   3.09863252e-08   7.23468222e-10
     2       3   0.00000000e+00   0.00000000e+00
     3       1   1.20642493e-03   5.55377007e-01
     3       2   5.58112552e-08   5.96690384e-10
     3       3   0.00000000e+00   0.00000000e+00
     4       1   1.69051539e-03   4.37183568e-01
     4       2   8.06811678e-08   4.90348114e-10
     4       3   1.11451531e-16   0.00000000e+00
     5       1   2.17595494e-03   3.59536987e-01
     5       2   1.05608255e-07   4.12603921e-10
     5       3   0.00000000e+00   0.00000000e+00
     6       1   2.66306974e-03   3.04941326e-01
     6       2   1.30604853e-07   3.55248834e-10
     6       3   0.00000000e+00   0.00000000e+00
     7       1   3.15219084e-03   2.64537879e-01
     7       2   1.55683479e-07   3.11187129e-10
     7       3   0.00000000e+00   0.00000000e+00
     8       1   3.64365529e-03   2.33450888e-01
     8       2   1.80856863e-07   2.76516221e-10
     8       3   0.00000000e+00   0.00000000e+00
     9       1   4.13780719e-03   2.08795237e-01
     9       2   2.06137984e-07   2.48759756e-10
     9       3   0.00000000e+00   0.00000000e+00
    10       1   4.63499876e-03   1.88760491e-01
    10       2   2.31540110e-07   2.25934496e-10
    10       3   1.13745072e-16   0.00000000e+00
    11       1   5.13559160e-03   1.72155192e-01
    11       2   2.57076838e-07   2.06772494e-10
    11       3   0.00000000e+00   0.00000000e+00
    12       1   5.63995783e-03   1.58163987e-01
    12       2   2.82762132e-07   1.90400192e-10
    12       3   0.00000000e+00   0.00000000e+00
    13       1   6.14848147e-03   1.46210443e-01
    13       2   3.08610371e-07   1.76694313e-10
    13       3   1.15680849e-16   0.00000000e+00
    14       1   6.66155982e-03   1.35875677e-01
    14       2   3.34636396e-07   1.64457499e-10
    14       3   0.00000000e+00   0.00000000e+00
    15       1   7.17960493e-03   1.26848064e-01
    15       2   3.60855556e-07   1.53902188e-10
    15       3   1.17287458e-16   0.00000000e+00
    16       1   7.70304522e-03   1.18891018e-01
    16       2   3.87283769e-07   1.44325136e-10
    16       3   0.00000000e+00   0.00000000e+00
    17       1   8.23232719e-03   1.11821713e-01
    17       2   4.13937575e-07   1.36020575e-10
    17       3   0.00000000e+00   0.00000000e+00
    18       1   8.76791730e-03   1.05496651e-01
    18       2   4.40834199e-07   1.28448947e-10
    18       3   1.20208585e-16   0.00000000e+00
    19       1   9.31030396e-03   9.98016311e-02
    19       2   4.67991623e-07   1.21741730e-10
    19       3   0.00000000e+00   0.00000000e+00
    20       1   9.85999976e-03   9.46446439e-02
    20       2   4.95428656e-07   1.15422083e-10
    20       3   1.22523937e-16   0.00000000e+00
    21       1   1.04175438e-02   8.99507328e-02
    21       2   5.23165015e-07   1.09865713e-10
    21       3   1.23800271e-16   0.00000000e+00
    22       1   1.09835045e-02   8.56582196e-02
    22       2   5.51221414e-07   1.04784456e-10
    22       3   1.25159963e-16   0.00000000e+00
    23       1   1.15584821e-02   8.17158900e-02
    23       2   5.79619661e-07   1.00086531e-10
    23       3   1.26606549e-16   0.00000000e+00
    24       1   1.21431123e-02   7.80808646e-02
    24       2   6.08382763e-07   9.56017455e-11
    24       3   1.28143868e-16   0.00000000e+00
    25       1   1.27380693e-02   7.47169700e-02
    25       2   6.37535042e-07   9.15347081e-11
    25       3   1.29776091e-16   0.00000000e+00
    26       1   1.33440700e-02   7.15934763e-02
    26       2   6.67102266e-07   8.78276700e-11
    26       3   1.31507745e-16   0.00000000e+00
    27       1   1.39618780e-02   6.86841107e-02
    27       2   6.97111792e-07   8.42929024e-11
    27       3   1.33343747e-16   0.00000000e+00
    28       1   1.45923086e-02   6.59662762e-02
    28       2   7.27592722e-07   8.08185743e-11
    28       3   1.35289441e-16   0.00000000e+00
    29       1   1.52362339e-02   6.34204308e-02
    29       2   7.58576080e-07   7.80070430e-11
    29       3   1.37350639e-16   0.00000000e+00
    30       1   1.58945888e-02   6.10295870e-02
    30       2   7.90095015e-07   7.51922683e-11
    30       3   1.39533660e-16   0.00000000e+00
    31       1   1.65683775e-02   5.87789071e-02
    31       2   8.22185012e-07   7.21760000e-11
    31       3   0.00000000e+00   0.00000000e+00
    32       1   1.72586812e-02   5.66553732e-02
    32       2   8.54884146e-07   6.97017282e-11
    32       3   1.44293331e-16   0.00000000e+00
    33       1   1.79666662e-02   5.46475154e-02
    33       2   8.88233360e-07   6.71519463e-11
    33       3   0.00000000e+00   0.00000000e+00
    34       1   1.86935932e-02   5.27451881e-02
    34       2   9.22276776e-07   6.49150375e-11
    34       3   1.49631354e-16   0.00000000e+00
    35       1   1.94408287e-02   5.09393836e-02
    35       2   9.57062052e-07   6.27007591e-11
    35       3   1.52540165e-16   0.00000000e+00
    36       1   2.02098561e-02   4.92220762e-02
    36       2   9.92640783e-07   6.06069983e-11
    36       3   1.55622826e-16   0.00000000e+00
    37       1   2.10022904e-02   4.75860911e-02
    37       2   1.02906896e-06   5.85916618e-11
    37       3   1.58891098e-16   0.00000000e+00
    38       1   2.18198934e-02   4.60249944e-02
    38       2   1.06640750e-06   5.67285361e-11
    38       3   3.24715823e-16   0.00000000e+00
    39       1   2.26645920e-02   4.45329989e-02
    39       2   1.10472283e-06   5.51051201e-11
    39       3   1.66037504e-16   0.00000000e+00
    40       1   2.35384988e-02   4.31048842e-02
    40       2   1.14408758e-06   5.29909667e-11
    40       3   1.69945583e-16   0.00000000e+00
    41       1   2.44439362e-02   4.17359287e-02
    41       2   1.18458139e-06   5.15452177e-11
    41       3   1.74099516e-16   0.00000000e+00
    42       1   2.53834641e-02   4.04218505e-02
    42       2   1.22629180e-06   4.98710015e-11
    42       3   1.78518546e-16   0.00000000e+00
    43       1   2.63599117e-02   3.91587568e-02
    43       2   1.26931535e-06   4.82555985e-11
    43       3   3.66448093e-16   0.00000000e+00
    44       1   2.73764154e-02   3.79431001e-02
    44       2   1.31375878e-06   4.69038022e-11
    44       3   1.88239817e-16   0.00000000e+00
    45       1   2.84364627e-02   3.67716402e-02
    45       2   1.35974051e-06   4.55030650e-11
    45       3   1.93592428e-16   0.00000000e+00
    46       1   2.95439437e-02   3.56414110e-02
    46       2   1.40739236e-06   4.41260120e-11
    46       3   1.99311631e-16   0.00000000e+00
    47       1   3.07032122e-02   3.45496914e-02
    47       2   1.45686153e-06   4.28229009e-11
    47       3   2.05430839e-16   0.00000000e+00
    48       1   3.19191582e-02   3.34939801e-02
    48       2   1.50831301e-06   4.14984694e-11
    48       3   2.11987699e-16   0.00000000e+00
    49       1   3.31972944e-02   3.24719728e-02
    49       2   1.56193248e-06   4.00974117e-11
    49       3   4.38049550e-16   0.00000000e+00
    50       1   3.45438599e-02   3.14815431e-02
    50       2   1.61792965e-06   3.89530589e-11
    50       3   2.26590369e-16   0.00000000e+00
    51       1   3.59659457e-02   3.05207246e-02
    51       2   1.67654250e-06   3.78505481e-11
    51       3   3.52109269e-16   0.00000000e+00
    52       1   3.74716462e-02   2.95876957e-02
    52       2   1.73804220e-06   3.66437636e-11
    52       3   2.43535166e-16   0.00000000e+00
    53       1   3.90702455e-02   2.86807657e-02
    53       2   1.80273932e-06   3.56480551e-11
    53       3   2.53049688e-16   0.00000000e+00
    54       1   4.07724461e-02   2.77983628e-02
    54       2   1.87099133e-06   3.45005736e-11
    54       3   3.95049975e-16   0.00000000e+00
    55       1   4.25906518e-02   2.69390230e-02
    55       2   1.94321200e-06   3.33675548e-11
    55       3   4.11874611e-16   0.00000000e+00
    56       1   4.45393230e-02   2.61013802e-02
    56       2   2.01988306e-06   3.24677600e-11
    56       3   2.86812239e-16   0.00000000e+00
    57       1   4.66354226e-02   2.52841579e-02
    57       2   2.10156893e-06   3.14317112e-11
    57       3   3.00187218e-16   0.00000000e+00
    58       1   4.88989854e-02   2.44861609e-02
    58       2   2.18893552e-06   3.03347492e-11
    58       3   3.14865379e-16   0.00000000e+00
    59       1   5.13538489e-02   2.37062682e-02
    59       2   2.28277436e-06   2.93814067e-11
    59       3   3.31034172e-16   0.00000000e+00
    60       1   5.40286033e-02   2.29434270e-02
    60       2   2.38403386e-06   2.84778025e-11
    60       3   3.48918655e-16   0.00000000e+00
    61       1   5.69578428e-02   2.21966463e-02
    61       2   2.49386068e-06   2.76189643e-11
    61       3   3.68791389e-16   0.00000000e+00
    62       1   6.01838322e-02   2.14649921e-02
    62       2   2.61365461e-06   2.64714740e-11
    62       3   3.90985646e-16   0.00000000e+00
    63       1   6.37587627e-02   2.07475824e-02
    63       2   2.74514304e-06   2.58045066e-11
    63       3   4.15913265e-16   0.00000000e+00
    64       1   6.77478535e-02   2.00435830e-02
    64       2   2.89048321e-06   2.49059746e-11
    64       3   4.44089212e-16   0.00000000e+00
    65       1   7.22336941e-02   1.93522032e-02
    65       2   3.05240542e-06   2.41571689e-11
    65       3   4.76165963e-16   0.00000000e+00
    66       1   7.73224465e-02   1.86726924e-02
    66       2   3.23441759e-06   2.33184927e-11
    66       3   3.84736966e-16   0.00000000e+00
    67       1   8.31529117e-02   1.80043370e-02
    67       2   3.44110421e-06   2.23934198e-11
    67       3   6.94545885e-16   0.00000000e+00
    68       1   8.99101274e-02   1.73464566e-02
    68       2   3.67857480e-06   2.15984984e-11
    68       3   6.05591847e-16   0.00000000e+00
    69       1   9.78463844e-02   1.66984020e-02
    69       2   3.95515691e-06   2.09431501e-11
    69       3   8.31055238e-16   0.00000000e+00
    70       1   1.07314851e-01   1.60595518e-02
    70       2   4.28250498e-06   2.01534116e-11
    70       3   7.36188693e-16   0.00000000e+00
    71       1   1.18825616e-01   1.54293108e-02
    71       2   4.67744834e-06   1.93083883e-11
    71       3   8.23662915e-16   0.00000000e+00
    72       1   1.33143760e-01   1.48071068e-02
    72       2   5.16522530e-06   1.85150176e-11
    72       3   9.33323672e-16   0.00000000e+00
    73       1   1.51471493e-01   1.41923894e-02
    73       2   5.78548917e-06   1.78959840e-11
    73       3   9.40353211e-16   0.00000000e+00
    74       1   1.75812427e-01   1.35846274e-02
    74       2   6.60432039e-06   1.70659930e-11
    74       3   1.10567169e-15   0.00000000e+00
    75       1   2.09772979e-01   1.29833070e-02
    75       2   7.74065309e-06   1.62364201e-11
    75       3   1.33760138e-15   0.00000000e+00
    76       1   2.60565890e-01   1.23879305e-02
    76       2   9.43234145e-06   1.56369412e-11
    76       3   1.68611877e-15   0.00000000e+00
    77       1   3.45020820e-01   1.17980142e-02
    77       2   1.22343589e-05   1.46761938e-11
    77       3   2.10584874e-15   0.00000000e+00
    78       1   5.13627040e-01   1.12130868e-02
    78       2   1.78115942e-05   1.40526645e-11
    78       3   3.18741282e-15   0.00000000e+00
    79       1   1.01883710e+00   1.06326884e-02
    79       2   3.44884271e-05   1.31306856e-11
    79       3   5.44469989e-15   0.00000000e+00
    80       1   3.01294221e+04   1.00563683e-02
    80       2   1.54221762e+02   1.27031472e-11
    80       3   2.74880471e-08   0.00000000e+00
    80       4   0.00000000e+00   0.00000000e+00
    81       1   9.99999782e-01   9.48368441e-03
    81       2   3.20487970e-05   1.19792561e-11
    81       3   5.55266738e-15   0.00000000e+00
    82       1   4.94829119e-01   8.91420113e-03
    82       2   1.53705148e-05   1.13618251e-11
    82       3   2.93259303e-15   0.00000000e+00
    83       1   3.26213336e-01   8.34748854e-03
    83       2   9.79084492e-06   1.05085543e-11
    83       3   1.71822732e-15   0.00000000e+00
    84       1   2.41735097e-01   7.78312091e-03
    84       2   6.98541043e-06   9.84849443e-12
    84       3   1.17259252e-15   0.00000000e+00
    85       1   1.90909421e-01   7.22067543e-03
    85       2   5.28931677e-06   9.03089251e-12
    85       3   1.05415398e-15   0.00000000e+00
    86       1   1.56907654e-01   6.65973090e-03
    86       2   4.14758221e-06   8.30999379e-12
    86       3   7.11002268e-16   0.00000000e+00
    87       1   1.32517339e-01   6.09986649e-03
    87       2   3.32234206e-06   7.78705067e-12
    87       3   6.16784189e-16   0.00000000e+00
    88       1   1.14132115e-01   5.54066040e-03
    88       2   2.69464962e-06   7.25401670e-12
    88       3   5.46390777e-16   0.00000000e+00
    89       1   9.97483297e-02   4.98168855e-03
    89       2   2.19840979e-06   6.28961003e-12
    89       3   3.68917718e-16   0.00000000e+00
    90       1   8.81636788e-02   4.42252328e-03
    90       2   1.79395236e-06   5.76390816e-12
    90       3   4.48524238e-16   0.00000000e+00
    91       1   7.86129548e-02   3.86273188e-03
    91       2   1.45601991e-06   4.98690516e-12
    91       3   2.06632512e-16   0.00000000e+00
    92       1   7.05859154e-02   3.30187523e-03
    92       2   1.16776161e-06   4.25046903e-12
    92       3   3.84094782e-16   0.00000000e+00
    93       1   6.37292140e-02   2.73950627e-03
    93       2   9.17499079e-07   3.53634130e-12
    93       3   0.00000000e+00   0.00000000e+00
    94       1   5.77903588e-02   2.17516848e-03
    94       2   6.96878241e-07   2.98712666e-12
    94       3   0.00000000e+00   0.00000000e+00
    95       1   5.25840882e-02   1.60839416e-03
    95       2   4.99760329e-07   2.10786205e-12
    95       3   1.60508864e-16   0.00000000e+00
    96       1   4.79713537e-02   1.03870278e-03
    96       2   3.21528715e-07   1.49617757e-12
    96       3   0.00000000e+00   0.00000000e+00
    97       1   4.38457213e-02   4.65599050e-04
    97       2   1.58640303e-07   8.59010949e-13
    97       3   1.46109084e-16   0.00000000e+00
    98       1   4.01243038e-02   1.11429004e-04
    98       2   8.32636492e-09   1.29529514e-13
    98       3   0.00000000e+00   0.00000000e+00
    99       1   3.67415571e-02   6.92912194e-04
    99       2   1.31612232e-07   6.72634503e-13
    99       3   0.00000000e+00   0.00000000e+00
   100       1   3.36449356e-02   1.27940245e-03
   100       2   2.62948463e-07   1.31938552e-12
   100       3   1.30548413e-16   0.00000000e+00
   101       1   3.07917895e-02   1.87147530e-03
   101       2   3.87131706e-07   2.06900888e-12
   101       3   0.00000000e+00   0.00000000e+00
   102       1   2.81471062e-02   2.46973258e-03
   102       2   5.05362427e-07   2.81542500e-12
   102       3   1.22967071e-16   0.00000000e+00
   103       1   2.56818408e-02   3.07480534e-03
   103       2   6.18647515e-07   3.61877352e-12
   103       3   1.19808976e-16   0.00000000e+00
   104       1   2.33716626e-02   3.68735711e-03
   104       2   7.27841889e-07   4.32291219e-12
   104       3   1.17008756e-16   0.00000000e+00
   105       1   2.11960016e-02   4.30808738e-03
   105       2   8.33680272e-07   5.09577495e-12
   105       3   1.14528542e-16   0.00000000e+00
   106       1   1.91373138e-02   4.93773554e-03
   106       2   9.36801763e-07   5.94320673e-12
   106       3   1.12336668e-16   0.00000000e+00
   107       1   1.71805085e-02   5.57708513e-03
   107       2   1.03776912e-06   6.79475461e-12
   107       3   2.20813105e-16   0.00000000e+00
   108       1   1.53124971e-02   6.22696865e-03
   108       2   1.13708408e-06   7.51013116e-12
   108       3   2.17431658e-16   0.00000000e+00
   109       1   1.35218336e-02   6.88827283e-03
   109       2   1.23519971e-06   8.22724323e-12
   109       3   2.14491319e-16   0.00000000e+00
   110       1   1.17984251e-02   7.56194454e-03
   110       2   1.33253046e-06   9.14624589e-12
   110       3   2.11960376e-16   0.00000000e+00
   111       1   1.01332975e-02   8.24899739e-03
   111       2   1.42946058e-06   1.01012727e-11
   111       3   2.09812219e-16   0.00000000e+00
   112       1   8.51840168e-03   8.95051911e-03
   112       2   1.52635115e-06   1.07296695e-11
   112       3   4.16049273e-16   0.00000000e+00
   113       1   6.94645386e-03   9.66767990e-03
   113       2   1.62354614e-06   1.17504258e-11
   113       3   4.13158535e-16   0.00000000e+00
   114       1   5.41080101e-03   1.04017418e-02
   114       2   1.72137773e-06   1.26452324e-11
   114       3   2.05461155e-16   0.00000000e+00
   115       1   3.90530668e-03   1.11540692e-02
   115       2   1.82017108e-06   1.35530196e-11
   115       3   2.04658393e-16   0.00000000e+00
   116       1   2.42425265e-03   1.19261411e-02
   116       2   1.92024872e-06   1.44439166e-11
   116       3   4.08323715e-16   0.00000000e+00
   117       1   9.62252898e-04   1.27195646e-02
   117       2   2.02193466e-06   1.53899458e-11
   117       3   6.11894970e-16   0.00000000e+00
   118       1   4.85822857e-04   1.35360905e-02
   118       2   2.12555844e-06   1.64951538e-11
   118       3   2.04063647e-16   0.00000000e+00
   119       1   1.92491862e-03   1.43776313e-02
   119       2   2.23145904e-06   1.73438034e-11
   119       3   4.08911993e-16   0.00000000e+00
   120       1   3.35985642e-03   1.52462818e-02
   120       2   2.33998906e-06   1.84956877e-11
   120       3   6.15427378e-16   0.00000000e+00
   121       1   4.79539742e-03   1.61443427e-02
   121       2   2.45151889e-06   1.99851535e-11
   121       3   4.12251387e-16   0.00000000e+00
   122       1   6.23630136e-03   1.70743479e-02
   122       2   2.56644134e-06   2.10452724e-11
   122       3   4.14821247e-16   0.00000000e+00
   123       1   7.68738597e-03   1.80390965e-02
   123       2   2.68517663e-06   2.19563220e-11
   123       3   4.18009015e-16   0.00000000e+00
   124       1   9.15358792e-03   1.90416902e-02
   124       2   2.80817791e-06   2.33774786e-11
   124       3   6.32751170e-16   0.00000000e+00
   125       1   1.06400270e-02   2.00855761e-02
   125       2   2.93593756e-06   2.45752702e-11
   125       3   6.39481782e-16   0.00000000e+00
   126       1   1.21520750e-02   2.11745986e-02
   126       2   3.06899431e-06   2.60617566e-11
   126       3   4.31500551e-16   0.00000000e+00
   127       1   1.36954323e-02   2.23130593e-02
   127       2   3.20794154e-06   2.71799933e-11
   127       3   4.37408734e-16   0.00000000e+00
   128       1   1.52762127e-02   2.35057890e-02
   128       2   3.35343695e-06   2.86869730e-11
   128       3   4.44089194e-16   0.00000000e+00
   129       1   1.69010415e-02   2.47582333e-02
   129       2   3.50621392e-06   3.04542936e-11
   129       3   5.64491475e-16   0.00000000e+00
   130       1   1.85771686e-02   2.60765552e-02
   130       2   3.66709508e-06   3.19402801e-11
   130       3   6.89971224e-16   0.00000000e+00
   131       1   2.03126021e-02   2.74677593e-02
   131       2   3.83700854e-06   3.36719974e-11
   131       3   5.86653028e-16   0.00000000e+00
   132       1   2.21162667e-02   2.89398419e-02
   132       2   4.01700751e-06   3.54321883e-11
   132       3   7.19550233e-16   0.00000000e+00
   133       1   2.39981956e-02   3.05019756e-02
   133       2   4.20829413e-06   3.74553849e-11
   133       3   8.59617546e-16   0.00000000e+00
   134       1   2.59697626e-02   3.21647350e-02
   134       2   4.41224882e-06   3.96219664e-11
   134       3   7.55946616e-16   0.00000000e+00
   135       1   2.80439696e-02   3.39403779e-02
   135       2   4.63046651e-06   4.18465150e-11
   135       3   7.77142761e-16   0.00000000e+00
   136       1   3.02358019e-02   3.58431959e-02
   136       2   4.86480190e-06   4.42083063e-11
   136       3   8.00636400e-16   0.00000000e+00
   137       1   3.25626759e-02   3.78899570e-02
   137       2   5.11742645e-06   4.67166817e-11
   137       3   8.26703033e-16   0.00000000e+00
   138       1   3.50450060e-02   4.01004684e-02
   138       2   5.39090089e-06   4.93921684e-11
   138       3   9.98281939e-16   0.00000000e+00
   139       1   3.77069324e-02   4.24983004e-02
   139       2   5.68826829e-06   5.23427501e-11
   139       3   1.03591820e-15   0.00000000e+00
   140       1   4.05772658e-02   4.51117278e-02
   140       2   6.01317516e-06   5.56112374e-11
   140       3   1.07794644e-15   0.00000000e+00
   141       1   4.36907284e-02   4.79749674e-02
   141       2   6.37003061e-06   5.92018696e-11
   141       3   1.28575490e-15   0.00000000e+00
   142       1   4.70896080e-02   5.11298297e-02
   142       2   6.76421857e-06   6.31941510e-11
   142       3   1.34629149e-15   0.00000000e+00
   143       1   5.08259941e-02   5.46279515e-02
   143       2   7.20238489e-06   6.73057624e-11
   143       3   1.41470791e-15   0.00000000e+00
   144       1   5.49648519e-02   5.85338680e-02
   144       2   7.69283199e-06   7.22512092e-11
   144       3   1.30589868e-15   0.00000000e+00
   145       1   5.95883236e-02   6.29293114e-02
   145       2   8.24607147e-06   7.75826239e-11
   145       3   1.77904746e-15   0.00000000e+00
   146       1   6.48018738e-02   6.79193537e-02
   146       2   8.87561336e-06   8.40320698e-11
   146       3   1.47335709e-15   0.00000000e+00
   147       1   7.07432685e-02   7.36413834e-02
   147       2   9.59911969e-06   9.09883466e-11
   147       3   1.69025576e-15   0.00000000e+00
   148       1   7.75960435e-02   8.02785708e-02
   148       2   1.04401348e-05   9.91055758e-11
   148       3   1.82139391e-15   0.00000000e+00
   149       1   8.56103179e-02   8.80806787e-02
   149       2   1.14307594e-05   1.08894615e-10
   149       3   2.24094160e-15   0.00000000e+00
   150       1   9.51360955e-02   9.73973582e-02
   150       2   1.26159290e-05   1.20278358e-10
   150       3   2.30974595e-15   0.00000000e+00
   151       1   1.06678765e-01   1.08733643e-01
   151       2   1.40605449e-05   1.34399613e-10
   151       3   2.39635393e-15   0.00000000e+00
   152       1   1.20996226e-01   1.22847062e-01
   152       2   1.58619527e-05   1.52033410e-10
   152       3   2.68626110e-15   0.00000000e+00
   153       1   1.39279266e-01   1.40927998e-01
   153       2   1.81731173e-05   1.74473645e-10
   153       3   3.26436902e-15   0.00000000e+00
   154       1   1.63512316e-01   1.64960393e-01
   154       2   2.12489727e-05   2.04096304e-10
   154       3   3.67936370e-15   0.00000000e+00
   155       1   1.97267127e-01   1.98515311e-01
   155       2   2.55483911e-05   2.45565996e-10
   155       3   4.54716766e-15   0.00000000e+00
   156       1   2.47686987e-01   2.48734841e-01
   156       2   3.19891063e-05   3.07777415e-10
   156       3   5.67326042e-15   0.00000000e+00
   157       1   3.31439549e-01   3.32283808e-01
   157       2   4.27124831e-05   4.11305754e-10
   157       3   7.55328067e-15   0.00000000e+00
   158       1   4.98529283e-01   4.99156589e-01
   158       2   6.41425929e-05   6.17982461e-10
   158       3   1.11412411e-14   0.00000000e+00
   159       1   9.99002833e-01   9.99324821e-01
   159       2   1.28399732e-04   1.23735549e-09
   159       3   2.27987157e-14   0.00000000e+00
   160       1   7.83629815e+03   1.77336404e+06
   160       2   1.45942385e+02   2.20112050e-03
   160       3   2.58917438e-08   4.49286459e-16
   160       4   0.00000000e+00   0.00000000e+00
   161       1   1.00000088e+00   1.00000056e+00
   161       2   1.28530007e-04   1.23883283e-09
   161       3   2.26220213e-14   0.00000000e+00
   162       1   4.99718939e-01   4.99831430e-01
   162       2   6.42727249e-05   6.19327374e-10
   162       3   1.11412509e-14   0.00000000e+00
   163       1   3.32665020e-01   3.32958399e-01
   163       2   4.28426285e-05   4.12568924e-10
   163       3   7.55328509e-15   0.00000000e+00
   164       1   2.48925385e-01   2.49409247e-01
   164       2   3.21193037e-05   3.09238058e-10
   164       3   5.67326291e-15   0.00000000e+00
   165       1   1.98511940e-01   1.99189524e-01
   165       2   2.56786644e-05   2.47038046e-10
   165       3   4.54716925e-15   0.00000000e+00
   166       1   1.64761073e-01   1.65634387e-01
   166       2   2.13793427e-05   2.05499455e-10
   166       3   3.79805396e-15   0.00000000e+00
   167       1   1.40530883e-01   1.41601741e-01
   167       2   1.83036036e-05   1.75703789e-10
   167       3   3.26436983e-15   0.00000000e+00
   168       1   1.22250199e-01   1.23520519e-01
   168       2   1.59925747e-05   1.53279789e-10
   168       3   2.86534579e-15   0.00000000e+00
   169       1   1.07934868e-01   1.09406777e-01
   169       2   1.41913220e-05   1.35783521e-10
   169       3   2.39635439e-15   0.00000000e+00
   170       1   9.63942515e-02   9.80701328e-02
   170       2   1.27468807e-05   1.21812605e-10
   170       3   2.30974635e-15   0.00000000e+00
   171       1   8.68705344e-02   8.87530556e-02
   171       2   1.15619055e-05   1.10302592e-10
   171       3   2.10912183e-15   0.00000000e+00
   172       1   7.88583813e-02   8.09505116e-02
   172       2   1.05714956e-05   1.00555099e-10
   172       3   1.94282044e-15   0.00000000e+00
   173       1   7.20078236e-02   7.43128490e-02
   173       2   9.73071579e-06   9.24843124e-11
   173       3   1.69025598e-15   0.00000000e+00
   174       1   6.60687665e-02   6.85903049e-02
   174       2   9.00746581e-06   8.51165728e-11
   174       3   1.47335727e-15   0.00000000e+00
   175       1   6.08576927e-02   6.35997083e-02
   175       2   8.37820186e-06   7.90240417e-11
   175       3   1.58137570e-15   0.00000000e+00
   176       1   5.62368509e-02   5.92036702e-02
   176       2   7.82526251e-06   7.36662175e-11
   176       3   1.49245579e-15   0.00000000e+00
   177       1   5.21007890e-02   5.52971182e-02
   177       2   7.33513837e-06   6.86957887e-11
   177       3   1.23786953e-15   0.00000000e+00
   178       1   4.83673754e-02   5.17983195e-02
   178       2   6.89731855e-06   6.45854899e-11
   178       3   1.17800516e-15   0.00000000e+00
   179       1   4.49716553e-02   4.86427384e-02
   179       2   6.50350138e-06   6.06465808e-11
   179       3   1.12503563e-15   0.00000000e+00
   180       1   4.18615490e-02   4.57787373e-02
   180       2   6.14704185e-06   5.68593639e-11
   180       3   9.23954165e-16   0.00000000e+00
   181       1   3.89947784e-02   4.31645054e-02
   181       2   5.82255695e-06   5.36555916e-11
   181       3   8.87929947e-16   0.00000000e+00
   182       1   3.63366313e-02   4.07658249e-02
   182       2   5.52563855e-06   5.08350199e-11
   182       3   9.98282007e-16   0.00000000e+00
   183       1   3.38583072e-02   3.85544206e-02
   183       2   5.25264123e-06   4.79823972e-11
   183       3   8.26703087e-16   0.00000000e+00
   184       1   3.15356767e-02   3.65067213e-02
   184       2   5.00052307e-06   4.54461739e-11
   184       3   8.00636449e-16   0.00000000e+00
   185       1   2.93483368e-02   3.46029189e-02
   185       2   4.76672461e-06   4.31648879e-11
   185       3   9.06666606e-16   0.00000000e+00
   186       1   2.72788833e-02   3.28262448e-02
   186       2   4.54907578e-06   4.09258280e-11
   186       3   7.55946656e-16   0.00000000e+00
   187       1   2.53123436e-02   3.11624064e-02
   187       2   4.34572335e-06   3.87020069e-11
   187       3   7.36815077e-16   0.00000000e+00
   188       1   2.34357301e-02   2.95991450e-02
   188       2   4.15507401e-06   3.67535117e-11
   188       3   7.19550267e-16   0.00000000e+00
   189       1   2.16376835e-02   2.81258850e-02
   189       2   3.97574912e-06   3.51059222e-11
   189       3   5.86653054e-16   0.00000000e+00
   190       1   1.99081872e-02   2.67334529e-02
   190       2   3.80654843e-06   3.33187472e-11
   190       3   6.89971253e-16   0.00000000e+00
   191       1   1.82383339e-02   2.54138511e-02
   191       2   3.64642082e-06   3.17535647e-11
   191       3   5.64491497e-16   0.00000000e+00
   192       1   1.66201346e-02   2.41600740e-02
   192       2   3.49444045e-06   3.00481969e-11
   192       3   6.66133815e-16   0.00000000e+00
   193       1   1.50463600e-02   2.29659575e-02
   193       2   3.34978716e-06   2.86727562e-11
   193       3   6.56113124e-16   0.00000000e+00
   194       1   1.35104076e-02   2.18260546e-02
   194       2   3.21173026e-06   2.72381777e-11
   194       3   6.47250847e-16   0.00000000e+00
   195       1   1.20061878e-02   2.07355333e-02
   195       2   3.07961501e-06   2.59791524e-11
   195       3   4.26321201e-16   0.00000000e+00
   196       1   1.05280276e-02   1.96900905e-02
   196       2   2.95285125e-06   2.46804693e-11
   196       3   4.21834125e-16   0.00000000e+00
   197       1   9.07058439e-03   1.86858806e-02
   197       2   2.83090378e-06   2.33443945e-11
   197       3   6.27013539e-16   0.00000000e+00
   198       1   7.62877086e-03   1.77194547e-02
   198       2   2.71328413e-06   2.21466974e-11
   198       3   4.14821257e-16   0.00000000e+00
   199       1   6.19768588e-03   1.67877098e-02
   199       2   2.59954340e-06   2.11920789e-11
   199       3   4.12251396e-16   0.00000000e+00
   200       1   4.77255092e-03   1.58878450e-02
   200       2   2.48926610e-06   1.99189823e-11
   200       3   6.15427390e-16   0.00000000e+00
   201       1   3.34864952e-03   1.50173245e-02
   201       2   2.38206462e-06   1.88962105e-11
   201       3   4.08912001e-16   0.00000000e+00
   202       1   1.92126844e-03   1.41738460e-02
   202       2   2.27757433e-06   1.77912278e-11
   202       3   6.12190951e-16   0.00000000e+00
   203       1   4.85638804e-04   1.33553128e-02
   203       2   2.17544906e-06   1.67831706e-11
   203       3   4.07929985e-16   0.00000000e+00
   204       1   9.63124254e-04   1.25598102e-02
   204       2   2.07535690e-06   1.57482599e-11
   204       3   2.04161860e-16   0.00000000e+00
   205       1   2.43008506e-03   1.17855855e-02
   205       2   1.97697630e-06   1.49732230e-11
   205       3   2.04658395e-16   0.00000000e+00
   206       1   3.92055582e-03   1.10310293e-02
   206       2   1.87999210e-06   1.39165279e-11
   206       3   2.05461156e-16   0.00000000e+00
   207       1   5.44017195e-03   1.02946603e-02
   207       2   1.78409177e-06   1.28056969e-11
   207       3   2.06579269e-16   0.00000000e+00
   208       1   6.99497667e-03   9.57511167e-03
   208       2   1.68896138e-06   1.20422117e-11
   208       3   6.24073912e-16   0.00000000e+00
   209       1   8.59151766e-03   8.87111886e-03
   209       2   1.59428142e-06   1.12275375e-11
   209       3   2.09812219e-16   0.00000000e+00
   210       1   1.02369593e-02   8.18150900e-03
   210       2   1.49972231e-06   1.03234031e-11
   210       3   2.11960376e-16   0.00000000e+00
   211       1   1.19392145e-02   7.50519154e-03
   211       2   1.40493938e-06   9.57904105e-12
   211       3   2.14491318e-16   0.00000000e+00
   212       1   1.37071021e-02   6.84114995e-03
   212       2   1.30956711e-06   8.72851466e-12
   212       3   2.17431657e-16   0.00000000e+00
   213       1   1.55505362e-02   6.18843428e-03
   213       2   1.21321255e-06   7.88857769e-12
   213       3   4.41626208e-16   0.00000000e+00
   214       1   1.74807567e-02   5.54615456e-03
   214       2   1.11544750e-06   7.14703981e-12
   214       3   2.24673335e-16   0.00000000e+00
   215       1   1.95106130e-02   4.91347489e-03
   215       2   1.01579903e-06   6.37192021e-12
   215       3   2.29057082e-16   0.00000000e+00
   216       1   2.16549165e-02   4.28960816e-03
   216       2   9.13738036e-07   5.54871888e-12
   216       3   1.17008754e-16   0.00000000e+00
   217       1   2.39308835e-02   3.67381123e-03
   217       2   8.08664916e-07   4.76611138e-12
   217       3   1.19808974e-16   0.00000000e+00
   218       1   2.63586965e-02   3.06538066e-03
   218       2   6.99891644e-07   4.18409082e-12
   218       3   1.22967068e-16   0.00000000e+00
   219       1   2.89622246e-02   2.46364879e-03
   219       2   5.86618897e-07   3.32396723e-12
   219       3   1.26528542e-16   0.00000000e+00
   220       1   3.17699593e-02   1.86798018e-03
   220       2   4.67906519e-07   2.63241185e-12
   220       3   0.00000000e+00   0.00000000e+00
   221       1   3.48162425e-02   1.27776842e-03
   221       2   3.42634832e-07   1.74668457e-12
   221       3   0.00000000e+00   0.00000000e+00
   222       1   3.81429050e-02   6.92433145e-04
   222       2   2.09453214e-07   1.16908320e-12
   222       3   2.80493110e-16   0.00000000e+00
   223       1   4.18014797e-02   1.11417332e-04
   223       2   6.67106930e-08   3.32152822e-13
   223       3   0.00000000e+00   0.00000000e+00
   224       1   4.58562457e-02   4.65815193e-04
   224       2   8.76393493e-08   2.71560051e-13
   224       3   0.00000000e+00   0.00000000e+00
   225       1   5.03884870e-02   1.03978207e-03
   225       2   2.56172439e-07   9.36281895e-13
   225       3   1.60508856e-16   0.00000000e+00
   226       1   5.55025770e-02   1.61098453e-03
   226       2   4.42183261e-07   1.89959669e-12
   226       3   1.69417436e-16   0.00000000e+00
   227       1   6.13348692e-02   2.17990941e-03
   227       2   6.49963577e-07   2.58664733e-12
   227       3   0.00000000e+00   0.00000000e+00
   228       1   6.80670324e-02   2.74703105e-03
   228       2   8.85218985e-07   3.20686146e-12
   228       3   0.00000000e+00   0.00000000e+00
   229       1   7.59466587e-02   3.31281299e-03
   229       2   1.15571287e-06   3.85844406e-12
   229       3   2.06632496e-16   0.00000000e+00
   230       1   8.53202362e-02   3.87770969e-03
   230       2   1.47229662e-06   4.48199830e-12
   230       3   2.24262099e-16   0.00000000e+00
   231       1   9.66881012e-02   4.44216813e-03
   231       2   1.85062648e-06   5.25970306e-12
   231       3   2.45945120e-16   0.00000000e+00
   232       1   1.10800604e-01   5.00662928e-03
   232       2   2.31416801e-06   6.02205187e-12
   232       3   4.09793034e-16   0.00000000e+00
   233       1   1.28836706e-01   5.57152961e-03
   233       2   2.89977556e-06   6.77327428e-12
   233       3   3.08392051e-16   0.00000000e+00
   234       1   1.52761161e-01   6.13730247e-03
   234       2   3.66885116e-06   7.38840592e-12
   234       3   7.11002149e-16   0.00000000e+00
   235       1   1.86110336e-01   6.70437952e-03
   235       2   4.73189391e-06   7.96340390e-12
   235       3   8.43323008e-16   0.00000000e+00
   236       1   2.35956752e-01   7.27319204e-03
   236       2   6.30987319e-06   8.90260570e-12
   236       3   1.17259221e-15   0.00000000e+00
   237       1   3.18802749e-01   7.84417230e-03
   237       2   8.91834822e-06   9.56670939e-12
   237       3   1.37458137e-15   0.00000000e+00
   238       1   4.84155414e-01   8.41775489e-03
   238       2   1.41039454e-05   1.02597676e-11
   238       3   2.42257553e-15   0.00000000e+00
   239       1   9.79555245e-01   8.99437806e-03
   239       2   2.95996938e-05   1.08627763e-11
   239       3   5.30026754e-15   0.00000000e+00
   240       1   3.34594795e+04   9.57448504e-03
   240       2   2.30657367e+01   1.15439477e-11
   240       3   3.98299033e-09   0.00000000e+00
   240       4   0.00000000e+00   0.00000000e+00
   241       1   1.00000133e+00   1.01585254e-02
   241       2   3.22065858e-05   1.22827872e-11
   241       3   5.56844943e-15   0.00000000e+00
   242       1   5.04656808e-01   1.07469566e-02
   242       2   1.67122353e-05   1.30331006e-11
   242       3   2.81963605e-15   0.00000000e+00
   243       1   3.39331243e-01   1.13402452e-02
   243       2   1.15290631e-05   1.39310593e-11
   243       3   2.10584956e-15   0.00000000e+00
   244       1   2.56514694e-01   1.19388683e-02
   244       2   8.92400180e-06   1.45908798e-11
   244       3   1.56568218e-15   0.00000000e+00
   245       1   2.06703884e-01   1.25433154e-02
   245       2   7.35042628e-06   1.51333818e-11
   245       3   1.14651574e-15   0.00000000e+00
   246       1   1.73397466e-01   1.31540898e-02
   246       2   6.29278456e-06   1.61391352e-11
   246       3   9.47718782e-16   0.00000000e+00
   247       1   1.49523322e-01   1.37717101e-02
   247       2   5.53011738e-06   1.68707089e-11
   247       3   9.40353375e-16   0.00000000e+00
   248       1   1.31545314e-01   1.43967123e-02
   248       2   4.95193806e-06   1.76561961e-11
   248       3   9.33323816e-16   0.00000000e+00
   249       1   1.17498867e-01   1.50296517e-02
   249       2   4.49685919e-06   1.83792114e-11
   249       3   8.23663029e-16   0.00000000e+00
   250       1   1.06205183e-01   1.56711043e-02
   250       2   4.12804323e-06   1.93506363e-11
   250       3   7.36188785e-16   0.00000000e+00
   251       1   9.69140811e-02   1.63216697e-02
   251       2   3.82204375e-06   2.01201997e-11
   251       3   8.31055333e-16   0.00000000e+00
   252       1   8.91254030e-02   1.69819729e-02
   252       2   3.56322597e-06   2.08192980e-11
   252       3   6.05591911e-16   0.00000000e+00
   253       1   8.24928542e-02   1.76526669e-02
   253       2   3.34076243e-06   2.16969327e-11
   253       3   5.55636762e-16   0.00000000e+00
   254       1   7.67690537e-02   1.83344354e-02
   254       2   3.14691627e-06   2.25228485e-11
   254       3   5.12982668e-16   0.00000000e+00
   255       1   7.17725637e-02   1.90279954e-02
   255       2   2.97601115e-06   2.32203758e-11
   255       3   4.76166004e-16   0.00000000e+00
   256       1   6.73672828e-02   1.97341005e-02
   256       2   2.82378743e-06   2.42049062e-11
   256       3   5.55111560e-16   0.00000000e+00
   257       1   6.34491133e-02   2.04535443e-02
   257       2   2.68698559e-06   2.53387820e-11
   257       3   4.15913297e-16   0.00000000e+00
   258       1   5.99370712e-02   2.11871639e-02
   258       2   2.56306856e-06   2.60323067e-11
   258       3   3.90985674e-16   0.00000000e+00
   259       1   5.67672043e-02   2.19358438e-02
   259       2   2.45003159e-06   2.69239791e-11
   259       3   3.68791414e-16   0.00000000e+00
   260       1   5.38883353e-02   2.27005207e-02
   260       2   2.34626930e-06   2.79945880e-11
   260       3   5.23378016e-16   0.00000000e+00
   261       1   5.12590196e-02   2.34821878e-02
   261       2   2.25048064e-06   2.88596156e-11
   261       3   3.31034193e-16   0.00000000e+00
   262       1   4.88453346e-02   2.42819004e-02
   262       2   2.16159977e-06   3.01416668e-11
   262       3   4.72298096e-16   0.00000000e+00
   263       1   4.66192441e-02   2.51007815e-02
   263       2   2.07874498e-06   3.09909921e-11
   263       3   4.50280852e-16   0.00000000e+00
   264       1   4.45573727e-02   2.59400285e-02
   264       2   2.00118036e-06   3.20398140e-11
   264       3   2.86812254e-16   0.00000000e+00
   265       1   4.26400736e-02   2.68009200e-02
   265       2   1.92828669e-06   3.30824057e-11
   265       3   2.74583088e-16   0.00000000e+00
   266       1   4.08507118e-02   2.76848239e-02
   266       2   1.85953903e-06   3.42369727e-11
   266       3   2.63366663e-16   0.00000000e+00
   267       1   3.91751066e-02   2.85932059e-02
   267       2   1.79448931e-06   3.56072860e-11
   267       3   3.79574550e-16   0.00000000e+00
   268       1   3.76010935e-02   2.95276398e-02
   268       2   1.73275259e-06   3.64894674e-11
   268       3   2.43535177e-16   0.00000000e+00
   269       1   3.61181764e-02   3.04898178e-02
   269       2   1.67399624e-06   3.78180051e-11
   269       3   3.52109285e-16   0.00000000e+00
   270       1   3.47172500e-02   3.14815634e-02
   270       2   1.61793122e-06   3.90065923e-11
   270       3   3.39885569e-16   0.00000000e+00
   271       1   3.33903754e-02   3.25048444e-02
   271       2   1.56430506e-06   4.03894330e-11
   271       3   2.19024784e-16   0.00000000e+00
   272       1   3.21305980e-02   3.35617888e-02
   272       2   1.51289621e-06   4.14501030e-11
   272       3   2.11987707e-16   0.00000000e+00
   273       1   3.09317979e-02   3.46547025e-02
   273       2   1.46350931e-06   4.28982722e-11
   273       3   4.10861694e-16   0.00000000e+00
   274       1   2.97885680e-02   3.57860882e-02
   274       2   1.41597141e-06   4.44416941e-11
   274       3   1.99311639e-16   0.00000000e+00
   275       1   2.86961115e-02   3.69586685e-02
   275       2   1.37012872e-06   4.57729723e-11
   275       3   3.87184870e-16   0.00000000e+00
   276       1   2.76501574e-02   3.81754110e-02
   276       2   1.32584402e-06   4.73458293e-11
   276       3   1.88239823e-16   0.00000000e+00
   277       1   2.66468895e-02   3.94395574e-02
   277       2   1.28299438e-06   4.90251738e-11
   277       3   1.83224052e-16   0.00000000e+00
   278       1   2.56828864e-02   4.07546566e-02
   278       2   1.24146933e-06   5.05195239e-11
   278       3   1.78518551e-16   0.00000000e+00
   279       1   2.47550706e-02   4.21246030e-02
   279       2   1.20116924e-06   5.22829817e-11
   279       3   3.48199042e-16   0.00000000e+00
   280       1   2.38606662e-02   4.35536800e-02
   280       2   1.16200398e-06   5.41448896e-11
   280       3   1.69945588e-16   0.00000000e+00
   281       1   2.29971610e-02   4.50466111e-02
   281       2   1.12389176e-06   5.58185846e-11
   281       3   1.66037509e-16   0.00000000e+00
   282       1   2.21622761e-02   4.66086182e-02
   282       2   1.08675816e-06   5.78750913e-11
   282       3   1.62357916e-16   0.00000000e+00
   283       1   2.13539379e-02   4.82454906e-02
   283       2   1.05053526e-06   6.00241473e-11
   283       3   1.58891102e-16   0.00000000e+00
   284       1   2.05702550e-02   4.99636642e-02
   284       2   1.01516091e-06   6.21053760e-11
   284       3   1.55622830e-16   0.00000000e+00
   285       1   1.98094979e-02   5.17703161e-02
   285       2   9.80578073e-07   6.44976145e-11
   285       3   3.05080338e-16   0.00000000e+00
   286       1   1.90700811e-02   5.36734747e-02
   286       2   9.46734303e-07   6.69539329e-11
   286       3   1.49631357e-16   0.00000000e+00
   287       1   1.83505478e-02   5.56821508e-02
   287       2   9.13581230e-07   6.92912260e-11
   287       3   1.46885674e-16   0.00000000e+00
   288       1   1.76495562e-02   5.78064937e-02
   288       2   8.81074145e-07   7.20305328e-11
   288       3   1.44293334e-16   0.00000000e+00
   289       1   1.69658678e-02   6.00579771e-02
   289       2   8.49171624e-07   7.47868919e-11
   289       3   1.41845393e-16   0.00000000e+00
   290       1   1.62983370e-02   6.24496245e-02
   290       2   8.17835195e-07   7.79276583e-11
   290       3   1.39533663e-16   0.00000000e+00
   291       1   1.56459014e-02   6.49962796e-02
   291       2   7.87029050e-07   8.11682125e-11
   291       3   1.37350641e-16   0.00000000e+00
   292       1   1.50075739e-02   6.77149376e-02
   292       2   7.56719784e-07   8.46370623e-11
   292       3   1.35289444e-16   0.00000000e+00
   293       1   1.43824357e-02   7.06251504e-02
   293       2   7.26876162e-07   8.83517386e-11
   293       3   1.33343749e-16   0.00000000e+00
   294       1   1.37696293e-02   7.37495270e-02
   294       2   6.97468920e-07   9.23137407e-11
   294       3   1.31507747e-16   0.00000000e+00
   295       1   1.31683527e-02   7.71143565e-02
   295       2   6.68470574e-07   9.64178490e-11
   295       3   1.29776093e-16   0.00000000e+00
   296       1   1.25778548e-02   8.07503893e-02
   296       2   6.39855260e-07   1.01182470e-10
   296       3   1.28143870e-16   0.00000000e+00
   297       1   1.19974301e-02   8.46938264e-02
   297       2   6.11598585e-07   1.06152550e-10
   297       3   1.26606551e-16   0.00000000e+00
   298       1   1.14264149e-02   8.89875837e-02
   298       2   5.83677492e-07   1.11584855e-10
   298       3   1.25159965e-16   0.00000000e+00
   299       1   1.08641832e-02   9.36829258e-02
   299       2   5.56070143e-07   1.17721537e-10
   299       3   1.23800273e-16   0.00000000e+00
   300       1   1.03101437e-02   9.88416000e-02
   300       2   5.28755806e-07   1.24183393e-10
   300       3   1.22523939e-16   0.00000000e+00
   301       1   9.76373629e-03   1.04538660e-01
   301       2   5.01714758e-07   1.31434951e-10
   301       3   1.21327708e-16   0.00000000e+00
   302       1   9.22442933e-03   1.10866256e-01
   302       2   4.74928193e-07   1.39482533e-10
   302       3   0.00000000e+00   0.00000000e+00
   303       1   8.69171725e-03   1.17938789e-01
   303       2   4.48378143e-07   1.48503592e-10
   303       3   0.00000000e+00   0.00000000e+00
   304       1   8.16511804e-03   1.25900063e-01
   304       2   4.22047398e-07   1.58652779e-10
   304       3   1.18190884e-16   0.00000000e+00
   305       1   7.64417111e-03   1.34933371e-01
   305       2   3.95919438e-07   1.70407309e-10
   305       3   0.00000000e+00   0.00000000e+00
   306       1   7.12843535e-03   1.45276033e-01
   306       2   3.69978372e-07   1.83831150e-10
   306       3   0.00000000e+00   0.00000000e+00
   307       1   6.61748725e-03   1.57240870e-01
   307       2   3.44208874e-07   1.99341867e-10
   307       3   0.00000000e+00   0.00000000e+00
   308       1   6.11091922e-03   1.71248785e-01
   308       2   3.18596132e-07   2.17275477e-10
   308       3   0.00000000e+00   0.00000000e+00
   309       1   5.60833803e-03   1.87879781e-01
   309       2   2.93125795e-07   2.39125323e-10
   309       3   0.00000000e+00   0.00000000e+00
   310       1   5.10936332e-03   2.07955843e-01
   310       2   2.67783924e-07   2.65295603e-10
   310       3   0.00000000e+00   0.00000000e+00
   311       1   4.61362625e-03   2.32681540e-01
   311       2   2.42556950e-07   2.98125655e-10
   311       3   1.13220322e-16   0.00000000e+00
   312       1   4.12076815e-03   2.63895273e-01
   312       2   2.17431630e-07   3.39459631e-10
   312       3   0.00000000e+00   0.00000000e+00
   313       1   3.63043937e-03   3.04547787e-01
   313       2   1.92395006e-07   3.93604782e-10
   313       3   1.12344468e-16   0.00000000e+00
   314       1   3.14229807e-03   3.59689238e-01
   314       2   1.67434370e-07   4.67599788e-10
   314       3   0.00000000e+00   0.00000000e+00
   315       1   2.65600914e-03   4.38727321e-01
   315       2   1.42537222e-07   5.75937584e-10
   315       3   1.11694033e-16   0.00000000e+00
   316       1   2.17124311e-03   5.61370190e-01
   316       2   1.17691242e-07   7.46534966e-10
   316       3   0.00000000e+00   0.00000000e+00
   317       1   1.68767516e-03   7.76777832e-01
   317       2   9.28842497e-08   1.05294147e-09
   317       3   0.00000000e+00   0.00000000e+00
   318       1   1.20498411e-03   1.24909538e+00
   318       2   6.81041760e-08   1.75216319e-09
   318       3   0.00000000e+00   0.00000000e+00
   319       1   7.22851463e-04   2.99903050e+00
   319       2   4.33390287e-08   4.53658733e-09
   319       3   0.00000000e+00   0.00000000e+00
   320       1   2.40960445e-04   6.17438198e+07
   320       2   1.85768599e-08   1.12895599e-01
   320       3   0.00000000e+00   0.00000000e+00
   321       1   2.41004928e-04   1.00000002e+00
   321       2   6.19426230e-09   4.16167859e-10
   321       3   0.00000000e+00   0.00000000e+00
   322       1   7.23360785e-04   7.49940114e-01
   322       2   3.09862893e-08   7.23382764e-10
   322       3   0.00000000e+00   0.00000000e+00
   323       1   1.20642433e-03   5.55377222e-01
   323       2   5.58112194e-08   5.96796400e-10
   323       3   0.00000000e+00   0.00000000e+00
   324       1   1.69051478e-03   4.37183704e-01
   324       2   8.06811322e-08   4.90404926e-10
   324       3   0.00000000e+00   0.00000000e+00
   325       1   2.17595434e-03   3.59537080e-01
   325       2   1.05608219e-07   4.12662771e-10
   325       3   0.00000000e+00   0.00000000e+00
   326       1   2.66306912e-03   3.04941393e-01
   326       2   1.30604817e-07   3.55123905e-10
   326       3   0.00000000e+00   0.00000000e+00
   327       1   3.15219022e-03   2.64537929e-01
   327       2   1.55683443e-07   3.11095251e-10
   327       3   0.00000000e+00   0.00000000e+00
   328       1   3.64365467e-03   2.33450927e-01
   328       2   1.80856826e-07   2.76558015e-10
   328       3   1.12753791e-16   0.00000000e+00
   329       1   4.13780657e-03   2.08795269e-01
   329       2   2.06137947e-07   2.48773813e-10
   329       3   0.00000000e+00   0.00000000e+00
   330       1   4.63499814e-03   1.88760517e-01
   330       2   2.31540074e-07   2.25911155e-10
   330       3   0.00000000e+00   0.00000000e+00
   331       1   5.13559097e-03   1.72155214e-01
   331       2   2.57076801e-07   2.06915088e-10
   331       3   0.00000000e+00   0.00000000e+00
   332       1   5.63995720e-03   1.58164006e-01
   332       2   2.82762095e-07   1.90576627e-10
   332       3   0.00000000e+00   0.00000000e+00
   333       1   6.14848084e-03   1.46210459e-01
   333       2   3.08610334e-07   1.76580565e-10
   333       3   1.15680848e-16   0.00000000e+00
   334       1   6.66155918e-03   1.35875690e-01
   334       2   3.34636358e-07   1.64489250e-10
   334       3   1.16451424e-16   0.00000000e+00
   335       1   7.17960428e-03   1.26848076e-01
   335       2   3.60855518e-07   1.53841777e-10
   335       3   1.17287457e-16   0.00000000e+00
   336       1   7.70304457e-03   1.18891029e-01
   336       2   3.87283731e-07   1.44315831e-10
   336       3   0.00000000e+00   0.00000000e+00
   337       1   8.23232653e-03   1.11821723e-01
   337       2   4.13937536e-07   1.35966925e-10
   337       3   1.19163818e-16   0.00000000e+00
   338       1   8.76791663e-03   1.05496660e-01
   338       2   4.40834161e-07   1.28321471e-10
   338       3   0.00000000e+00   0.00000000e+00
   339       1   9.31030328e-03   9.98016389e-02
   339       2   4.67991585e-07   1.21705817e-10
   339       3   0.00000000e+00   0.00000000e+00
   340       1   9.85999907e-03   9.46446509e-02
   340       2   4.95428617e-07   1.15473403e-10
   340       3   0.00000000e+00   0.00000000e+00
   341       1   1.04175431e-02   8.99507392e-02
   341       2   5.23164975e-07   1.09878922e-10
   341       3   0.00000000e+00   0.00000000e+00
   342       1   1.09835038e-02   8.56582255e-02
   342       2   5.51221374e-07   1.04646190e-10
   342       3   1.25159961e-16   0.00000000e+00
   343       1   1.15584814e-02   8.17158954e-02
   343       2   5.79619621e-07   9.99467811e-11
   343       3   0.00000000e+00   0.00000000e+00
   344       1   1.21431116e-02   7.80808696e-02
   344       2   6.08382722e-07   9.55885311e-11
   344       3   0.00000000e+00   0.00000000e+00
   345       1   1.27380686e-02   7.47169746e-02
   345       2   6.37535001e-07   9.16012356e-11
   345       3   0.00000000e+00   0.00000000e+00
   346       1   1.33440693e-02   7.15934807e-02
   346       2   6.67102225e-07   8.77707611e-11
   346       3   0.00000000e+00   0.00000000e+00
   347       1   1.39618773e-02   6.86841147e-02
   347       2   6.97111750e-07   8.42692350e-11
   347       3   1.33343744e-16   0.00000000e+00
   348       1   1.45923078e-02   6.59662800e-02
   348       2   7.27592679e-07   8.11318977e-11
   348       3   1.35289439e-16   0.00000000e+00
   349       1   1.52362331e-02   6.34204343e-02
   349       2   7.58576036e-07   7.77707914e-11
   349       3   2.74701272e-16   0.00000000e+00
   350       1   1.58945880e-02   6.10295903e-02
   350       2   7.90094970e-07   7.50823016e-11
   350       3   1.39533658e-16   0.00000000e+00
   351       1   1.65683767e-02   5.87789103e-02
   351       2   8.22184966e-07   7.22555416e-11
   351       3   2.83690774e-16   0.00000000e+00
   352       1   1.72586804e-02   5.66553761e-02
   352       2   8.54884100e-07   6.96320531e-11
   352       3   0.00000000e+00   0.00000000e+00
   353       1   1.79666653e-02   5.46475181e-02
   353       2   8.88233314e-07   6.72774861e-11
   353       3   1.46885668e-16   0.00000000e+00
   354       1   1.86935923e-02   5.27451907e-02
   354       2   9.22276729e-07   6.49471997e-11
   354       3   1.49631350e-16   0.00000000e+00
   355       1   1.94408278e-02   5.09393861e-02
   355       2   9.57062004e-07   6.27168675e-11
   355       3   1.52540162e-16   0.00000000e+00
   356       1   2.02098552e-02   4.92220786e-02
   356       2   9.92640734e-07   6.06913369e-11
   356       3   1.55622822e-16   0.00000000e+00
   357       1   2.10022895e-02   4.75860934e-02
   357       2   1.02906891e-06   5.87440760e-11
   357       3   1.58891094e-16   0.00000000e+00
   358       1   2.18198924e-02   4.60249966e-02
   358       2   1.06640745e-06   5.66678464e-11
   358       3   1.62357907e-16   0.00000000e+00
   359       1   2.26645910e-02   4.45330009e-02
   359       2   1.10472278e-06   5.48798067e-11
   359       3   1.66037499e-16   0.00000000e+00
   360       1   2.35384977e-02   4.31048862e-02
   360       2   1.14408753e-06   5.31544686e-11
   360       3   1.69945578e-16   0.00000000e+00
   361       1   2.44439351e-02   4.17359306e-02
   361       2   1.18458133e-06   5.14461442e-11
   361       3   3.48199021e-16   0.00000000e+00
   362       1   2.53834629e-02   4.04218523e-02
   362       2   1.22629174e-06   4.99043928e-11
   362       3   1.78518540e-16   0.00000000e+00
   363       1   2.63599105e-02   3.91587585e-02
   363       2   1.26931529e-06   4.84607738e-11
   363       3   1.83224040e-16   0.00000000e+00
   364       1   2.73764142e-02   3.79431018e-02
   364       2   1.31375872e-06   4.68342309e-11
   364       3   1.88239810e-16   0.00000000e+00
   365       1   2.84364614e-02   3.67716418e-02
   365       2   1.35974045e-06   4.54610778e-11
   365       3   1.93592421e-16   0.00000000e+00
   366       1   2.95439424e-02   3.56414126e-02
   366       2   1.40739230e-06   4.41799512e-11
   366       3   1.99311624e-16   0.00000000e+00
   367       1   3.07032108e-02   3.45496929e-02
   367       2   1.45686146e-06   4.26832590e-11
   367       3   2.05430832e-16   0.00000000e+00
   368       1   3.19191567e-02   3.34939815e-02
   368       2   1.50831294e-06   4.15630077e-11
   368       3   4.23975381e-16   0.00000000e+00
   369       1   3.31972928e-02   3.24719742e-02
   369       2   1.56193240e-06   4.03154441e-11
   369       3   2.19024766e-16   0.00000000e+00
   370       1   3.45438583e-02   3.14815445e-02
   370       2   1.61792958e-06   3.88801227e-11
   370       3   2.26590360e-16   0.00000000e+00
   371       1   3.59659440e-02   3.05207259e-02
   371       2   1.67654242e-06   3.77931564e-11
   371       3   3.52109254e-16   0.00000000e+00
   372       1   3.74716443e-02   2.95876970e-02
   372       2   1.73804211e-06   3.67071886e-11
   372       3   3.65302732e-16   0.00000000e+00
   373       1   3.90702436e-02   2.86807670e-02
   373       2   1.80273923e-06   3.55693688e-11
   373       3   2.53049676e-16   0.00000000e+00
   374       1   4.07724440e-02   2.77983640e-02
   374       2   1.87099124e-06   3.46191004e-11
   374       3   2.63366637e-16   0.00000000e+00
   375       1   4.25906496e-02   2.69390242e-02
   375       2   1.94321191e-06   3.33303363e-11
   375       3   2.74583060e-16   0.00000000e+00
   376       1   4.45393206e-02   2.61013814e-02
   376       2   2.01988296e-06   3.24664497e-11
   376       3   4.30218335e-16   0.00000000e+00
   377       1   4.66354201e-02   2.52841590e-02
   377       2   2.10156882e-06   3.13869665e-11
   377       3   4.50280801e-16   0.00000000e+00
   378       1   4.88989827e-02   2.44861620e-02
   378       2   2.18893541e-06   3.04059513e-11
   378       3   3.14865360e-16   0.00000000e+00
   379       1   5.13538459e-02   2.37062693e-02
   379       2   2.28277423e-06   2.93876063e-11
   379       3   3.31034152e-16   0.00000000e+00
   380       1   5.40286001e-02   2.29434281e-02
   380       2   2.38403373e-06   2.86726896e-11
   380       3   5.23377948e-16   0.00000000e+00
   381       1   5.69578393e-02   2.21966473e-02
   381       2   2.49386054e-06   2.74698588e-11
   381       3   7.37582727e-16   0.00000000e+00
   382       1   6.01838283e-02   2.14649931e-02
   382       2   2.61365445e-06   2.67957793e-11
   382       3   5.86478427e-16   0.00000000e+00
   383       1   6.37587583e-02   2.07475834e-02
   383       2   2.74514287e-06   2.57891049e-11
   383       3   4.15913233e-16   0.00000000e+00
   384       1   6.77478487e-02   2.00435839e-02
   384       2   2.89048303e-06   2.49742947e-11
   384       3   6.66133765e-16   0.00000000e+00
   385       1   7.22336886e-02   1.93522041e-02
   385       2   3.05240522e-06   2.40338869e-11
   385       3   4.76165922e-16   0.00000000e+00
   386       1   7.73224403e-02   1.86726933e-02
   386       2   3.23441736e-06   2.33211691e-11
   386       3   6.41228218e-16   0.00000000e+00
   387       1   8.31529045e-02   1.80043379e-02
   387       2   3.44110395e-06   2.24718714e-11
   387       3   6.94545817e-16   0.00000000e+00
   388       1   8.99101191e-02   1.73464575e-02
   388       2   3.67857450e-06   2.16449744e-11
   388       3   7.56989729e-16   0.00000000e+00
   389       1   9.78463746e-02   1.66984028e-02
   389       2   3.95515656e-06   2.09239280e-11
   389       3   6.64844114e-16   0.00000000e+00
   390       1   1.07314839e-01   1.60595527e-02
   390       2   4.28250456e-06   2.03011555e-11
   390       3   9.20235751e-16   0.00000000e+00
   391       1   1.18825601e-01   1.54293116e-02
   391       2   4.67744783e-06   1.93493225e-11
   391       3   8.23662801e-16   0.00000000e+00
   392       1   1.33143741e-01   1.48071077e-02
   392       2   5.16522467e-06   1.86633472e-11
   392       3   9.33323528e-16   0.00000000e+00
   393       1   1.51471469e-01   1.41923903e-02
   393       2   5.78548836e-06   1.79070749e-11
   393       3   1.07468920e-15   0.00000000e+00
   394       1   1.75812395e-01   1.35846282e-02
   394       2   6.60431931e-06   1.70915758e-11
   394       3   1.10567147e-15   0.00000000e+00
   395       1   2.09772933e-01   1.29833078e-02
   395       2   7.74065154e-06   1.62322675e-11
   395       3   1.33760106e-15   0.00000000e+00
   396       1   2.60565819e-01   1.23879313e-02
   396       2   9.43233907e-06   1.55768948e-11
   396       3   1.68611827e-15   0.00000000e+00
   397       1   3.45020693e-01   1.17980150e-02
   397       2   1.22343547e-05   1.48861482e-11
   397       3   2.10584792e-15   0.00000000e+00
   398       1   5.13626756e-01   1.12130876e-02
   398       2   1.78115848e-05   1.41914921e-11
   398       3   3.31000370e-15   0.00000000e+00
   399       1   1.01883596e+00   1.06326892e-02
   399       2   3.44883896e-05   1.34345716e-11
   399       3   6.31089494e-15   0.00000000e+00
   400       1   3.11759507e+04   1.00563691e-02
   400       2   3.66273785e+01   1.26499213e-11
   400       3   6.28784043e-09   0.00000000e+00
   400       4   0.00000000e+00   0.00000000e+00
   401       1   1.00000092e+00   9.48368518e-03
   401       2   3.20488345e-05   1.19467526e-11
   401       3   5.80506778e-15   0.00000000e+00
   402       1   4.94829404e-01   8.91420188e-03
   402       2   1.53705242e-05   1.12796719e-11
   402       3   2.80509051e-15   0.00000000e+00
   403       1   3.26213463e-01   8.34748929e-03
   403       2   9.79084913e-06   1.06199801e-11
   403       3   2.06187352e-15   0.00000000e+00
   404       1   2.41735168e-01   7.78312166e-03
   404       2   6.98541282e-06   9.90324297e-12
   404       3   1.17259283e-15   0.00000000e+00
   405       1   1.90909467e-01   7.22067617e-03
   405       2   5.28931832e-06   9.36724938e-12
   405       3   1.05415419e-15   0.00000000e+00
   406       1   1.56907686e-01   6.65973164e-03
   406       2   4.14758330e-06   8.41917259e-12
   406       3   7.11002387e-16   0.00000000e+00
   407       1   1.32517363e-01   6.09986723e-03
   407       2   3.32234287e-06   7.81098301e-12
   407       3   6.16784275e-16   0.00000000e+00
   408       1   1.14132134e-01   5.54066113e-03
   408       2   2.69465026e-06   7.06391519e-12
   408       3   4.09793131e-16   0.00000000e+00
   409       1   9.97483442e-02   4.98168929e-03
   409       2   2.19841031e-06   6.34756258e-12
   409       3   4.91890341e-16   0.00000000e+00
   410       1   8.81636908e-02   4.42252401e-03
   410       2   1.79395279e-06   5.79260987e-12
   410       3   4.48524278e-16   0.00000000e+00
   411       1   7.86129648e-02   3.86273261e-03
   411       2   1.45602028e-06   4.89981999e-12
   411       3   4.13265057e-16   0.00000000e+00
   412       1   7.05859239e-02   3.30187596e-03
   412       2   1.16776193e-06   4.43947573e-12
   412       3   3.84094809e-16   0.00000000e+00
   413       1   6.37292213e-02   2.73950701e-03
   413       2   9.17499362e-07   3.59825268e-12
   413       3   1.79808538e-16   0.00000000e+00
   414       1   5.77903652e-02   2.17516921e-03
   414       2   6.96878496e-07   2.89048307e-12
   414       3   1.69417455e-16   0.00000000e+00
   415       1   5.25840939e-02   1.60839490e-03
   415       2   4.99760560e-07   2.11450645e-12
   415       3   0.00000000e+00   0.00000000e+00
   416       1   4.79713588e-02   1.03870352e-03
   416       2   3.21528928e-07   1.59285411e-12
   416       3   0.00000000e+00   0.00000000e+00
   417       1   4.38457258e-02   4.65599791e-04
   417       2   1.58640501e-07   7.78388534e-13
   417       3   0.00000000e+00   0.00000000e+00
   418       1   4.01243080e-02   1.11428259e-04
   418       2   8.32655132e-09   2.03525774e-13
   418       3   0.00000000e+00   0.00000000e+00
   419       1   3.67415609e-02   6.92911445e-04
   419       2   1.31612055e-07   6.70902399e-13
   419       3   0.00000000e+00   0.00000000e+00
   420       1   3.36449391e-02   1.27940170e-03
   420       2   2.62948295e-07   1.45090495e-12
   420       3   0.00000000e+00   0.00000000e+00
   421       1   3.07917928e-02   1.87147454e-03
   421       2   3.87131544e-07   2.03947023e-12
   421       3   1.26528548e-16   0.00000000e+00
   422       1   2.81471093e-02   2.46973181e-03
   422       2   5.05362271e-07   2.93372627e-12
   422       3   1.22967073e-16   0.00000000e+00
   423       1   2.56818437e-02   3.07480457e-03
   423       2   6.18647363e-07   3.58630444e-12
   423       3   1.19808978e-16   0.00000000e+00
   424       1   2.33716653e-02   3.68735633e-03
   424       2   7.27841740e-07   4.39539671e-12
   424       3   1.17008757e-16   0.00000000e+00
   425       1   2.11960042e-02   4.30808659e-03
   425       2   8.33680125e-07   5.06392635e-12
   425       3   1.14528544e-16   0.00000000e+00
   426       1   1.91373163e-02   4.93773474e-03
   426       2   9.36801618e-07   5.72845777e-12
   426       3   1.12336670e-16   0.00000000e+00
   427       1   1.71805109e-02   5.57708432e-03
   427       2   1.03776898e-06   6.72074541e-12
   427       3   2.20813107e-16   0.00000000e+00
   428       1   1.53124994e-02   6.22696783e-03
   428       2   1.13708394e-06   7.53162149e-12
   428       3   4.34863319e-16   0.00000000e+00
   429       1   1.35218358e-02   6.88827200e-03
   429       2   1.23519956e-06   8.23115012e-12
   429       3   2.14491319e-16   0.00000000e+00
   430       1   1.17984273e-02   7.56194370e-03
   430       2   1.33253031e-06   9.04934802e-12
   430       3   2.11960377e-16   0.00000000e+00
   431       1   1.01332996e-02   8.24899653e-03
   431       2   1.42946044e-06   9.89839846e-12
   431       3   2.09812219e-16   0.00000000e+00
   432       1   8.51840376e-03   8.95051823e-03
   432       2   1.52635101e-06   1.08146874e-11
   432       3   2.08024636e-16   0.00000000e+00
   433       1   6.94645591e-03   9.66767900e-03
   433       2   1.62354599e-06   1.17642658e-11
   433       3   4.13158533e-16   0.00000000e+00
   434       1   5.41080303e-03   1.04017409e-02
   434       2   1.72137758e-06   1.26920554e-11
   434       3   2.05461153e-16   0.00000000e+00
   435       1   3.90530869e-03   1.11540683e-02
   435       2   1.82017093e-06   1.36594672e-11
   435       3   4.09316783e-16   0.00000000e+00
   436       1   2.42425464e-03   1.19261402e-02
   436       2   1.92024856e-06   1.45083860e-11
   436       3   4.08323711e-16   0.00000000e+00
   437       1   9.62254888e-04   1.27195636e-02
   437       2   2.02193450e-06   1.55874426e-11
   437       3   2.03964987e-16   0.00000000e+00
   438       1   4.85820864e-04   1.35360895e-02
   438       2   2.12555827e-06   1.65674327e-11
   438       3   6.12190932e-16   0.00000000e+00
   439       1   1.92491661e-03   1.43776303e-02
   439       2   2.23145887e-06   1.76141435e-11
   439       3   6.13367979e-16   0.00000000e+00
   440       1   3.35985439e-03   1.52462808e-02
   440       2   2.33998888e-06   1.84882098e-11
   440       3   4.10284911e-16   0.00000000e+00
   441       1   4.79539537e-03   1.61443416e-02
   441       2   2.45151871e-06   1.95712170e-11
   441       3   4.12251379e-16   0.00000000e+00
   442       1   6.23629928e-03   1.70743467e-02
   442       2   2.56644115e-06   2.08434642e-11
   442       3   4.14821237e-16   0.00000000e+00
   443       1   7.68738385e-03   1.80390953e-02
   443       2   2.68517643e-06   2.23098213e-11
   443       3   4.18009005e-16   0.00000000e+00
   444       1   9.15358576e-03   1.90416889e-02
   444       2   2.80817771e-06   2.31985470e-11
   444       3   6.32751152e-16   0.00000000e+00
   445       1   1.06400248e-02   2.00855748e-02
   445       2   2.93593735e-06   2.44113317e-11
   445       3   4.26321175e-16   0.00000000e+00
   446       1   1.21520728e-02   2.11745973e-02
   446       2   3.06899409e-06   2.60097491e-11
   446       3   4.31500537e-16   0.00000000e+00
   447       1   1.36954300e-02   2.23130579e-02
   447       2   3.20794131e-06   2.72851632e-11
   447       3   4.37408719e-16   0.00000000e+00
   448       1   1.52762103e-02   2.35057876e-02
   448       2   3.35343670e-06   2.88530042e-11
   448       3   4.44089177e-16   0.00000000e+00
   449       1   1.69010389e-02   2.47582318e-02
   449       2   3.50621365e-06   3.04229507e-11
   449       3   6.77389743e-16   0.00000000e+00
   450       1   1.85771660e-02   2.60765536e-02
   450       2   3.66709480e-06   3.21273881e-11
   450       3   6.89971195e-16   0.00000000e+00
   451       1   2.03125993e-02   2.74677576e-02
   451       2   3.83700825e-06   3.36606246e-11
   451       3   5.86653002e-16   0.00000000e+00
   452       1   2.21162638e-02   2.89398402e-02
   452       2   4.01700720e-06   3.53498392e-11
   452       3   7.19550199e-16   0.00000000e+00
   453       1   2.39981925e-02   3.05019737e-02
   453       2   4.20829380e-06   3.74214852e-11
   453       3   7.36815002e-16   0.00000000e+00
   454       1   2.59697594e-02   3.21647330e-02
   454       2   4.41224846e-06   3.92001038e-11
   454       3   8.81937671e-16   0.00000000e+00
   455       1   2.80439661e-02   3.39403758e-02
   455       2   4.63046612e-06   4.17643276e-11
   455       3   9.06666503e-16   0.00000000e+00
   456       1   3.02357983e-02   3.58431936e-02
   456       2   4.86480148e-06   4.42630050e-11
   456       3   9.34075744e-16   0.00000000e+00
   457       1   3.25626720e-02   3.78899545e-02
   457       2   5.11742600e-06   4.66845735e-11
   457       3   9.64486810e-16   0.00000000e+00
   458       1   3.50450018e-02   4.01004657e-02
   458       2   5.39090040e-06   4.94145643e-11
   458       3   9.98281871e-16   0.00000000e+00
   459       1   3.77069279e-02   4.24982975e-02
   459       2   5.68826776e-06   5.23857684e-11
   459       3   1.03591812e-15   0.00000000e+00
   460       1   4.05772609e-02   4.51117246e-02
   460       2   6.01317458e-06   5.54865554e-11
   460       3   9.23954022e-16   0.00000000e+00
   461       1   4.36907230e-02   4.79749640e-02
   461       2   6.37002997e-06   5.91612578e-11
   461       3   1.12503545e-15   0.00000000e+00
   462       1   4.70896020e-02   5.11298259e-02
   462       2   6.76421786e-06   6.30638116e-11
   462       3   1.17800495e-15   0.00000000e+00
   463       1   5.08259875e-02   5.46279473e-02
   463       2   7.20238408e-06   6.72981982e-11
   463       3   1.23786930e-15   0.00000000e+00
   464       1   5.49648445e-02   5.85338633e-02
   464       2   7.69283109e-06   7.21715423e-11
   464       3   1.30589855e-15   0.00000000e+00
   465       1   5.95883153e-02   6.29293061e-02
   465       2   8.24607045e-06   7.76408085e-11
   465       3   1.38370343e-15   0.00000000e+00
   466       1   6.48018644e-02   6.79193476e-02
   466       2   8.87561219e-06   8.38852754e-11
   466       3   1.47335692e-15   0.00000000e+00
   467       1   7.07432576e-02   7.36413763e-02
   467       2   9.59911833e-06   9.11399520e-11
   467       3   1.91562295e-15   0.00000000e+00
   468       1   7.75960308e-02   8.02785626e-02
   468       2   1.04401332e-05   9.90477396e-11
   468       3   1.82139365e-15   0.00000000e+00
   469       1   8.56103030e-02   8.80806691e-02
   469       2   1.14307575e-05   1.08661159e-10
   469       3   1.97730111e-15   0.00000000e+00
   470       1   9.51360775e-02   9.73973466e-02
   470       2   1.26159267e-05   1.20583991e-10
   470       3   2.16538646e-15   0.00000000e+00
   471       1   1.06678743e-01   1.08733628e-01
   471       2   1.40605421e-05   1.34333501e-10
   471       3   2.39635347e-15   0.00000000e+00
   472       1   1.20996198e-01   1.22847044e-01
   472       2   1.58619491e-05   1.52131809e-10
   472       3   2.86534456e-15   0.00000000e+00
   473       1   1.39279229e-01   1.40927975e-01
   473       2   1.81731127e-05   1.74211877e-10
   473       3   3.06034520e-15   0.00000000e+00
   474       1   1.63512267e-01   1.64960361e-01
   474       2   2.12489664e-05   2.04077341e-10
   474       3   3.67936264e-15   0.00000000e+00
   475       1   1.97267057e-01   1.98515265e-01
   475       2   2.55483820e-05   2.45587488e-10
   475       3   4.54716607e-15   0.00000000e+00
   476       1   2.47686877e-01   2.48734770e-01
   476       2   3.19890922e-05   3.07928145e-10
   476       3   5.49596864e-15   0.00000000e+00
   477       1   3.31439354e-01   3.32283682e-01
   477       2   4.27124580e-05   4.11505942e-10
   477       3   7.55327626e-15   0.00000000e+00
   478       1   4.98528844e-01   4.99156306e-01
   478       2   6.41425366e-05   6.17833796e-10
   478       3   1.11412314e-14   0.00000000e+00
   479       1   9.99001080e-01   9.99323689e-01
   479       2   1.28399507e-04   1.23766229e-09
   479       3   2.26219418e-14   0.00000000e+00
   480       1   7.94545843e+03   5.89818887e+05
   480       2   4.87886209e+01   7.30993285e-04
   480       3   8.62207566e-09   1.98950627e-16
   480       4   0.00000000e+00   0.00000000e+00
   481       1   1.00000263e+00   1.00000169e+00
   481       2   1.28530232e-04   1.23885738e-09
   481       3   2.27987958e-14   0.00000000e+00
   482       1   4.99719378e-01   4.99831713e-01
   482       2   6.42727812e-05   6.19289363e-10
   482       3   1.13181061e-14   0.00000000e+00
   483       1   3.32665215e-01   3.32958525e-01
   483       2   4.28426535e-05   4.12738409e-10
   483       3   7.55328949e-15   0.00000000e+00
   484       1   2.48925495e-01   2.49409318e-01
   484       2   3.21193178e-05   3.09183447e-10
   484       3   5.67326538e-15   0.00000000e+00
   485       1   1.98512011e-01   1.99189569e-01
   485       2   2.56786734e-05   2.46895779e-10
   485       3   4.54717083e-15   0.00000000e+00
   486       1   1.64761123e-01   1.65634418e-01
   486       2   2.13793490e-05   2.05360991e-10
   486       3   3.91674428e-15   0.00000000e+00
   487       1   1.40530919e-01   1.41601764e-01
   487       2   1.83036083e-05   1.75691836e-10
   487       3   3.26437064e-15   0.00000000e+00
   488       1   1.22250227e-01   1.23520537e-01
   488       2   1.59925783e-05   1.53158966e-10
   488       3   2.86534641e-15   0.00000000e+00
   489       1   1.07934890e-01   1.09406791e-01
   489       2   1.41913248e-05   1.35799547e-10
   489       3   2.39635484e-15   0.00000000e+00
   490       1   9.63942695e-02   9.80701444e-02
   490       2   1.27468830e-05   1.21866657e-10
   490       3   2.16538757e-15   0.00000000e+00
   491       1   8.68705494e-02   8.87530653e-02
   491       2   1.15619074e-05   1.10127258e-10
   491       3   1.97730202e-15   0.00000000e+00
   492       1   7.88583940e-02   8.09505197e-02
   492       2   1.05714972e-05   1.00629816e-10
   492       3   1.82139442e-15   0.00000000e+00
   493       1   7.20078345e-02   7.43128561e-02
   493       2   9.73071714e-06   9.22987938e-11
   493       3   1.80293994e-15   0.00000000e+00
   494       1   6.60687760e-02   6.85903110e-02
   494       2   9.00746698e-06   8.52367349e-11
   494       3   1.68383707e-15   0.00000000e+00
   495       1   6.08577011e-02   6.35997136e-02
   495       2   8.37820289e-06   7.89722369e-11
   495       3   1.77904785e-15   0.00000000e+00
   496       1   5.62368583e-02   5.92036750e-02
   496       2   7.82526342e-06   7.35860146e-11
   496       3   1.30589895e-15   0.00000000e+00
   497       1   5.21007956e-02   5.52971225e-02
   497       2   7.33513917e-06   6.86260340e-11
   497       3   1.41470817e-15   0.00000000e+00
   498       1   4.83673813e-02   5.17983233e-02
   498       2   6.89731927e-06   6.45393873e-11
   498       3   1.34629173e-15   0.00000000e+00
   499       1   4.49716607e-02   4.86427418e-02
   499       2   6.50350202e-06   6.04686498e-11
   499       3   9.64316337e-16   0.00000000e+00
   500       1   4.18615539e-02   4.57787404e-02
   500       2   6.14704244e-06   5.70809202e-11
   500       3   1.07794661e-15   0.00000000e+00
   501       1   3.89947830e-02   4.31645083e-02
   501       2   5.82255748e-06   5.37226725e-11
   501       3   1.03591835e-15   0.00000000e+00
   502       1   3.63366355e-02   4.07658276e-02
   502       2   5.52563904e-06   5.08081443e-11
   502       3   9.98282075e-16   0.00000000e+00
   503       1   3.38583111e-02   3.85544231e-02
   503       2   5.25264168e-06   4.79920572e-11
   503       3   9.64486996e-16   0.00000000e+00
   504       1   3.15356804e-02   3.65067236e-02
   504       2   5.00052348e-06   4.53496010e-11
   504       3   8.00636497e-16   0.00000000e+00
   505       1   2.93483403e-02   3.46029211e-02
   505       2   4.76672500e-06   4.32367565e-11
   505       3   9.06666658e-16   0.00000000e+00
   506       1   2.72788865e-02   3.28262468e-02
   506       2   4.54907614e-06   4.09943980e-11
   506       3   8.81937813e-16   0.00000000e+00
   507       1   2.53123467e-02   3.11624083e-02
   507       2   4.34572368e-06   3.88345306e-11
   507       3   8.59617633e-16   0.00000000e+00
   508       1   2.34357330e-02   2.95991468e-02
   508       2   4.15507433e-06   3.70608279e-11
   508       3   7.19550301e-16   0.00000000e+00
   509       1   2.16376863e-02   2.81258867e-02
   509       2   3.97574942e-06   3.50799612e-11
   509       3   7.03983696e-16   0.00000000e+00
   510       1   1.99081898e-02   2.67334545e-02
   510       2   3.80654870e-06   3.32654973e-11
   510       3   6.89971282e-16   0.00000000e+00
   511       1   1.82383364e-02   2.54138526e-02
   511       2   3.64642108e-06   3.18565466e-11
   511       3   6.77389823e-16   0.00000000e+00
   512       1   1.66201370e-02   2.41600755e-02
   512       2   3.49444070e-06   3.02130379e-11
   512       3   5.55111533e-16   0.00000000e+00
   513       1   1.50463624e-02   2.29659589e-02
   513       2   3.34978740e-06   2.86974002e-11
   513       3   6.56113146e-16   0.00000000e+00
   514       1   1.35104098e-02   2.18260559e-02
   514       2   3.21173049e-06   2.71540941e-11
   514       3   4.31500578e-16   0.00000000e+00
   515       1   1.20061900e-02   2.07355346e-02
   515       2   3.07961522e-06   2.59640974e-11
   515       3   6.39481820e-16   0.00000000e+00
   516       1   1.05280297e-02   1.96900918e-02
   516       2   2.95285146e-06   2.47187341e-11
   516       3   4.21834136e-16   0.00000000e+00
   517       1   9.07058652e-03   1.86858818e-02
   517       2   2.83090398e-06   2.33476135e-11
   517       3   4.18009037e-16   0.00000000e+00
   518       1   7.62877295e-03   1.77194559e-02
   518       2   2.71328432e-06   2.23992650e-11
   518       3   4.14821266e-16   0.00000000e+00
   519       1   6.19768794e-03   1.67877109e-02
   519       2   2.59954358e-06   2.10884657e-11
   519       3   6.18377108e-16   0.00000000e+00
   520       1   4.77255295e-03   1.58878460e-02
   520       2   2.48926627e-06   1.96851374e-11
   520       3   6.15427402e-16   0.00000000e+00
   521       1   3.34865153e-03   1.50173256e-02
   521       2   2.38206479e-06   1.87855637e-11
   521       3   4.08912008e-16   0.00000000e+00
   522       1   1.92127045e-03   1.41738470e-02
   522       2   2.27757450e-06   1.78605368e-11
   522       3   2.04063653e-16   0.00000000e+00
   523       1   4.85640804e-04   1.33553137e-02
   523       2   2.17544922e-06   1.67633071e-11
   523       3   6.11894986e-16   0.00000000e+00
   524       1   9.63122252e-04   1.25598112e-02
   524       2   2.07535706e-06   1.57887746e-11
   524       3   2.04161862e-16   0.00000000e+00
   525       1   2.43008305e-03   1.17855865e-02
   525       2   1.97697645e-06   1.48975976e-11
   525       3   4.09316794e-16   0.00000000e+00
   526       1   3.92055380e-03   1.10310302e-02
   526       2   1.87999225e-06   1.39958759e-11
   526       3   4.10922315e-16   0.00000000e+00
   527       1   5.44016990e-03   1.02946612e-02
   527       2   1.78409192e-06   1.31053591e-11
   527       3   2.06579270e-16   0.00000000e+00
   528       1   6.99497458e-03   9.57511255e-03
   528       2   1.68896152e-06   1.22168683e-11
   528       3   6.24073914e-16   0.00000000e+00
   529       1   8.59151553e-03   8.87111972e-03
   529       2   1.59428156e-06   1.12609683e-11
   529       3   4.19624439e-16   0.00000000e+00
   530       1   1.02369571e-02   8.18150984e-03
   530       2   1.49972246e-06   1.05084174e-11
   530       3   2.11960376e-16   0.00000000e+00
   531       1   1.19392122e-02   7.50519238e-03
   531       2   1.40493952e-06   9.42907509e-12
   531       3   4.28982634e-16   0.00000000e+00
   532       1   1.37070998e-02   6.84115077e-03
   532       2   1.30956725e-06   8.76731671e-12
   532       3   2.17431656e-16   0.00000000e+00
   533       1   1.55505338e-02   6.18843509e-03
   533       2   1.21321269e-06   7.90296427e-12
   533       3   2.20813102e-16   0.00000000e+00
   534       1   1.74807542e-02   5.54615536e-03
   534       2   1.11544764e-06   7.23361788e-12
   534       3   1.12336666e-16   0.00000000e+00
   535       1   1.95106104e-02   4.91347568e-03
   535       2   1.01579917e-06   6.39173386e-12
   535       3   1.14528539e-16   0.00000000e+00
   536       1   2.16549138e-02   4.28960894e-03
   536       2   9.13738183e-07   5.54521157e-12
   536       3   2.34017504e-16   0.00000000e+00
   537       1   2.39308806e-02   3.67381201e-03
   537       2   8.08665065e-07   4.78940758e-12
   537       3   1.19808971e-16   0.00000000e+00
   538       1   2.63586934e-02   3.06538143e-03
   538       2   6.99891797e-07   3.95431056e-12
   538       3   1.22967065e-16   0.00000000e+00
   539       1   2.89622214e-02   2.46364955e-03
   539       2   5.86619054e-07   3.32324324e-12
   539       3   1.26528539e-16   0.00000000e+00
   540       1   3.17699557e-02   1.86798094e-03
   540       2   4.67906683e-07   2.79153590e-12
   540       3   1.30548406e-16   0.00000000e+00
   541       1   3.48162387e-02   1.27776917e-03
   541       2   3.42635003e-07   1.83155776e-12
   541       3   1.35093657e-16   0.00000000e+00
   542       1   3.81429008e-02   6.92433895e-04
   542       2   2.09453395e-07   1.03638035e-12
   542       3   0.00000000e+00   0.00000000e+00
   543       1   4.18014752e-02   1.11418078e-04
   543       2   6.67108851e-08   2.12300891e-13
   543       3   0.00000000e+00   0.00000000e+00
   544       1   4.58562406e-02   4.65814450e-04
   544       2   8.76391431e-08   3.10374955e-13
   544       3   0.00000000e+00   0.00000000e+00
   545       1   5.03884813e-02   1.03978132e-03
   545       2   2.56172216e-07   9.79614899e-13
   545       3   0.00000000e+00   0.00000000e+00
   546       1   5.55025707e-02   1.61098379e-03
   546       2   4.42183016e-07   1.81076557e-12
   546       3   0.00000000e+00   0.00000000e+00
   547       1   6.13348620e-02   2.17990867e-03
   547       2   6.49963304e-07   2.34074183e-12
   547       3   1.79808504e-16   0.00000000e+00
   548       1   6.80670239e-02   2.74703031e-03
   548       2   8.85218678e-07   3.07557450e-12
   548       3   1.92047364e-16   0.00000000e+00
   549       1   7.59466488e-02   3.31281225e-03
   549       2   1.15571252e-06   3.99541726e-12
   549       3   2.06632479e-16   0.00000000e+00
   550       1   8.53202244e-02   3.87770895e-03
   550       2   1.47229621e-06   4.53705859e-12
   550       3   2.24262078e-16   0.00000000e+00
   551       1   9.66880867e-02   4.44216739e-03
   551       2   1.85062599e-06   5.33104046e-12
   551       3   3.68917641e-16   0.00000000e+00
   552       1   1.10800586e-01   5.00662854e-03
   552       2   2.31416740e-06   5.82840243e-12
   552       3   4.09792984e-16   0.00000000e+00
   553       1   1.28836682e-01   5.57152886e-03
   553       2   2.89977478e-06   6.64930214e-12
   553       3   6.16784015e-16   0.00000000e+00
   554       1   1.52761129e-01   6.13730172e-03
   554       2   3.66885013e-06   7.45152008e-12
   554       3   5.33251522e-16   0.00000000e+00
   555       1   1.86110290e-01   6.70437877e-03
   555       2   4.73189245e-06   7.97951399e-12
   555       3   8.43322832e-16   0.00000000e+00
   556       1   2.35956681e-01   7.27319128e-03
   556       2   6.30987094e-06   8.85892818e-12
   556       3   1.17259190e-15   0.00000000e+00
   557       1   3.18802623e-01   7.84417154e-03
   557       2   8.91834426e-06   9.39567317e-12
   557       3   1.37458087e-15   0.00000000e+00
   558       1   4.84155132e-01   8.41775412e-03
   558       2   1.41039366e-05   1.02867409e-11
   558       3   2.55007811e-15   0.00000000e+00
   559       1   9.79554118e-01   8.99437728e-03
   559       2   2.95996585e-05   1.08808164e-11
   559       3   5.17406490e-15   0.00000000e+00
   560       1   3.47965632e+04   9.57448426e-03
   560       2   1.24821920e+01   1.17645455e-11
   560       3   2.25626304e-09   0.00000000e+00
   560       4   0.00000000e+00   0.00000000e+00
   561       1   1.00000245e+00   1.01585247e-02
   561       2   3.22066210e-05   1.24290201e-11
   561       3   5.81594278e-15   0.00000000e+00
   562       1   5.04657089e-01   1.07469558e-02
   562       2   1.67122441e-05   1.31781798e-11
   562       3   2.94223064e-15   0.00000000e+00
   563       1   3.39331369e-01   1.13402444e-02
   563       2   1.15290670e-05   1.37152684e-11
   563       3   1.78187341e-15   0.00000000e+00
   564       1   2.56514765e-01   1.19388675e-02
   564       2   8.92400404e-06   1.44747234e-11
   564       3   1.56568265e-15   0.00000000e+00
   565       1   2.06703929e-01   1.25433146e-02
   565       2   7.35042772e-06   1.53102995e-11
   565       3   1.14651602e-15   0.00000000e+00
   566       1   1.73397498e-01   1.31540889e-02
   566       2   6.29278558e-06   1.61478867e-11
   566       3   1.10567214e-15   0.00000000e+00
   567       1   1.49523345e-01   1.37717092e-02
   567       2   5.53011814e-06   1.67830082e-11
   567       3   9.40353541e-16   0.00000000e+00
   568       1   1.31545332e-01   1.43967115e-02
   568       2   4.95193865e-06   1.74114612e-11
   568       3   9.33323961e-16   0.00000000e+00
   569       1   1.17498881e-01   1.50296508e-02
   569       2   4.49685966e-06   1.84795248e-11
   569       3   8.23663144e-16   0.00000000e+00
   570       1   1.06205195e-01   1.56711034e-02
   570       2   4.12804362e-06   1.92746230e-11
   570       3   5.52141659e-16   0.00000000e+00
   571       1   9.69140909e-02   1.63216688e-02
   571       2   3.82204408e-06   2.01051474e-11
   571       3   4.98633258e-16   0.00000000e+00
   572       1   8.91254112e-02   1.69819720e-02
   572       2   3.56322625e-06   2.11643584e-11
   572       3   7.56989970e-16   0.00000000e+00
   573       1   8.24928613e-02   1.76526660e-02
   573       2   3.34076268e-06   2.16807915e-11
   573       3   6.94546021e-16   0.00000000e+00
   574       1   7.67690599e-02   1.83344344e-02
   574       2   3.14691649e-06   2.25677616e-11
   574       3   6.41228394e-16   0.00000000e+00
   575       1   7.17725691e-02   1.90279944e-02
   575       2   2.97601134e-06   2.34749255e-11
   575       3   4.76166045e-16   0.00000000e+00
   576       1   6.73672876e-02   1.97340995e-02
   576       2   2.82378760e-06   2.44990361e-11
   576       3   5.55111605e-16   0.00000000e+00
   577       1   6.34491176e-02   2.04535433e-02
   577       2   2.68698575e-06   2.50398505e-11
   577       3   4.15913329e-16   0.00000000e+00
   578       1   5.99370750e-02   2.11871628e-02
   578       2   2.56306870e-06   2.61513071e-11
   578       3   3.90985702e-16   0.00000000e+00
   579       1   5.67672079e-02   2.19358428e-02
   579       2   2.45003172e-06   2.70950805e-11
   579       3   3.68791439e-16   0.00000000e+00
   580       1   5.38883385e-02   2.27005196e-02
   580       2   2.34626942e-06   2.80635866e-11
   580       3   3.48918700e-16   0.00000000e+00
   581       1   5.12590226e-02   2.34821867e-02
   581       2   2.25048076e-06   2.87932009e-11
   581       3   4.96551320e-16   0.00000000e+00
   582       1   4.88453373e-02   2.42818993e-02
   582       2   2.16159988e-06   3.00619615e-11
   582       3   3.14865416e-16   0.00000000e+00
   583       1   4.66192466e-02   2.51007804e-02
   583       2   2.07874508e-06   3.08622158e-11
   583       3   3.00187252e-16   0.00000000e+00
   584       1   4.45573751e-02   2.59400274e-02
   584       2   2.00118045e-06   3.19670776e-11
   584       3   2.86812270e-16   0.00000000e+00
   585       1   4.26400758e-02   2.68009188e-02
   585       2   1.92828678e-06   3.31535382e-11
   585       3   4.11874653e-16   0.00000000e+00
   586       1   4.08507139e-02   2.76848226e-02
   586       2   1.85953912e-06   3.41707883e-11
   586       3   3.95050014e-16   0.00000000e+00
   587       1   3.91751085e-02   2.85932046e-02
   587       2   1.79448939e-06   3.53791156e-11
   587       3   2.53049712e-16   0.00000000e+00
   588       1   3.76010953e-02   2.95276384e-02
   588       2   1.73275267e-06   3.65019906e-11
   588       3   2.43535188e-16   0.00000000e+00
   589       1   3.61181781e-02   3.04898165e-02
   589       2   1.67399632e-06   3.77792834e-11
   589       3   3.52109300e-16   0.00000000e+00
   590       1   3.47172516e-02   3.14815620e-02
   590       2   1.61793129e-06   3.89288370e-11
   590       3   2.26590389e-16   0.00000000e+00
   591       1   3.33903770e-02   3.25048429e-02
   591       2   1.56430513e-06   4.01579474e-11
   591       3   4.38049586e-16   0.00000000e+00
   592       1   3.21305994e-02   3.35617873e-02
   592       2   1.51289628e-06   4.14133742e-11
   592       3   2.11987716e-16   0.00000000e+00
   593       1   3.09317993e-02   3.46547009e-02
   593       2   1.46350938e-06   4.28451020e-11
   593       3   2.05430855e-16   0.00000000e+00
   594       1   2.97885693e-02   3.57860865e-02
   594       2   1.41597147e-06   4.42461909e-11
   594       3   5.97934937e-16   0.00000000e+00
   595       1   2.86961128e-02   3.69586668e-02
   595       2   1.37012878e-06   4.58179828e-11
   595       3   3.87184883e-16   0.00000000e+00
   596       1   2.76501587e-02   3.81754092e-02
   596       2   1.32584407e-06   4.74084257e-11
   596       3   1.88239829e-16   0.00000000e+00
   597       1   2.66468907e-02   3.94395556e-02
   597       2   1.28299444e-06   4.90005213e-11
   597       3   1.83224058e-16   0.00000000e+00
   598       1   2.56828875e-02   4.07546547e-02
   598       2   1.24146939e-06   5.04453875e-11
   598       3   3.57037114e-16   0.00000000e+00
   599       1   2.47550717e-02   4.21246010e-02
   599       2   1.20116930e-06   5.24604908e-11
   599       3   3.48199053e-16   0.00000000e+00
   600       1   2.38606672e-02   4.35536780e-02
   600       2   1.16200403e-06   5.38554302e-11
   600       3   3.39891186e-16   0.00000000e+00
   601       1   2.29971620e-02   4.50466089e-02
   601       2   1.12389181e-06   5.60872033e-11
   601       3   1.66037513e-16   0.00000000e+00
   602       1   2.21622771e-02   4.66086160e-02
   602       2   1.08675821e-06   5.79558625e-11
   602       3   1.62357920e-16   0.00000000e+00
   603       1   2.13539389e-02   4.82454882e-02
   603       2   1.05053531e-06   6.00671847e-11
   603       3   1.58891106e-16   0.00000000e+00
   604       1   2.05702560e-02   4.99636617e-02
   604       2   1.01516096e-06   6.22934255e-11
   604       3   1.55622834e-16   0.00000000e+00
   605       1   1.98094988e-02   5.17703135e-02
   605       2   9.80578120e-07   6.44648828e-11
   605       3   1.52540173e-16   0.00000000e+00
   606       1   1.90700820e-02   5.36734719e-02
   606       2   9.46734349e-07   6.66420717e-11
   606       3   1.49631361e-16   0.00000000e+00
   607       1   1.83505486e-02   5.56821479e-02
   607       2   9.13581276e-07   6.93708170e-11
   607       3   1.46885677e-16   0.00000000e+00
   608       1   1.76495570e-02   5.78064905e-02
   608       2   8.81074190e-07   7.22447651e-11
   608       3   1.44293337e-16   0.00000000e+00
   609       1   1.69658687e-02   6.00579738e-02
   609       2   8.49171668e-07   7.49707400e-11
   609       3   1.41845396e-16   0.00000000e+00
   610       1   1.62983378e-02   6.24496210e-02
   610       2   8.17835238e-07   7.78667270e-11
   610       3   1.39533666e-16   0.00000000e+00
   611       1   1.56459022e-02   6.49962758e-02
   611       2   7.87029093e-07   8.10109434e-11
   611       3   1.37350644e-16   0.00000000e+00
   612       1   1.50075747e-02   6.77149335e-02
   612       2   7.56719826e-07   8.46110260e-11
   612       3   0.00000000e+00   0.00000000e+00
   613       1   1.43824365e-02   7.06251460e-02
   613       2   7.26876204e-07   8.84227573e-11
   613       3   1.33343751e-16   0.00000000e+00
   614       1   1.37696300e-02   7.37495224e-02
   614       2   6.97468961e-07   9.25297053e-11
   614       3   1.31507749e-16   0.00000000e+00
   615       1   1.31683534e-02   7.71143515e-02
   615       2   6.68470614e-07   9.66696109e-11
   615       3   1.29776095e-16   0.00000000e+00
   616       1   1.25778555e-02   8.07503839e-02
   616       2   6.39855300e-07   1.01189137e-10
   616       3   2.56287745e-16   0.00000000e+00
   617       1   1.19974308e-02   8.46938205e-02
   617       2   6.11598625e-07   1.06059930e-10
   617       3   1.26606552e-16   0.00000000e+00
   618       1   1.14264156e-02   8.89875773e-02
   618       2   5.83677532e-07   1.11498532e-10
   618       3   0.00000000e+00   0.00000000e+00
   619       1   1.08641839e-02   9.36829188e-02
   619       2   5.56070182e-07   1.17544237e-10
   619       3   0.00000000e+00   0.00000000e+00
   620       1   1.03101444e-02   9.88415923e-02
   620       2   5.28755845e-07   1.23887633e-10
   620       3   1.22523940e-16   0.00000000e+00
   621       1   9.76373696e-03   1.04538652e-01
   621       2   5.01714797e-07   1.31494884e-10
   621       3   1.21327710e-16   0.00000000e+00
   622       1   9.22443000e-03   1.10866246e-01
   622       2   4.74928232e-07   1.39321600e-10
   622       3   0.00000000e+00   0.00000000e+00
   623       1   8.69171791e-03   1.17938778e-01
   623       2   4.48378181e-07   1.48587965e-10
   623       3   1.19163822e-16   0.00000000e+00
   624       1   8.16511869e-03   1.25900051e-01
   624       2   4.22047435e-07   1.58984043e-10
   624       3   1.18190885e-16   0.00000000e+00
   625       1   7.64417176e-03   1.34933358e-01
   625       2   3.95919475e-07   1.70364595e-10
   625       3   1.17287460e-16   0.00000000e+00
   626       1   7.12843599e-03   1.45276017e-01
   626       2   3.69978409e-07   1.83764132e-10
   626       3   1.16451427e-16   0.00000000e+00
   627       1   6.61748788e-03   1.57240852e-01
   627       2   3.44208911e-07   1.99160240e-10
   627       3   0.00000000e+00   0.00000000e+00
   628       1   6.11091985e-03   1.71248763e-01
   628       2   3.18596169e-07   2.17285035e-10
   628       3   0.00000000e+00   0.00000000e+00
   629       1   5.60833866e-03   1.87879755e-01
   629       2   2.93125832e-07   2.39225445e-10
   629       3   0.00000000e+00   0.00000000e+00
   630       1   5.10936395e-03   2.07955811e-01
   630       2   2.67783960e-07   2.65325101e-10
   630       3   0.00000000e+00   0.00000000e+00
   631       1   4.61362687e-03   2.32681500e-01
   631       2   2.42556987e-07   2.97756311e-10
   631       3   1.13220323e-16   0.00000000e+00
   632       1   4.12076877e-03   2.63895222e-01
   632       2   2.17431666e-07   3.39224749e-10
   632       3   0.00000000e+00   0.00000000e+00
   633       1   3.63043999e-03   3.04547720e-01
   633       2   1.92395043e-07   3.93540456e-10
   633       3   0.00000000e+00   0.00000000e+00
   634       1   3.14229869e-03   3.59689144e-01
   634       2   1.67434406e-07   4.67876462e-10
   634       3   0.00000000e+00   0.00000000e+00
   635       1   2.65600975e-03   4.38727183e-01
   635       2   1.42537258e-07   5.75912546e-10
   635       3   0.00000000e+00   0.00000000e+00
   636       1   2.17124372e-03   5.61369966e-01
   636       2   1.17691278e-07   7.46105437e-10
   636       3   0.00000000e+00   0.00000000e+00
   637       1   1.68767576e-03   7.76777409e-01
   637       2   9.28842856e-08   1.05308493e-09
   637       3   0.00000000e+00   0.00000000e+00
   638       1   1.20498472e-03   1.24909432e+00
   638       2   6.81042118e-08   1.75233806e-09
   638       3   0.00000000e+00   0.00000000e+00
   639       1   7.22852069e-04   2.99902490e+00
   639       2   4.33390642e-08   4.53615291e-09
   639       3   0.00000000e+00   0.00000000e+00
   640       1   2.40961052e-04   1.34701187e+07
   640       2   1.85768960e-08   2.70137375e-02
   640       3   0.00000000e+00   0.00000000e+00