  TimeWindow  Iteration  ResRel(Mass-Left-Mesh:Displacement-Left)  ResRel(Mass-Left-Mesh:Displacement-Right)
     1       1   1.00000000e+00   1.00000000e+00
     1       2   4.26780996e-04   2.76080077e-05
     1       3   2.63714621e-09   6.50050610e-11
     1       4   1.18190876e-15   0.00000000e+00
     2       1   2.23841838e-01   7.33845116e-01
     2       2   2.44480263e-03   4.82897398e-05
     2       3   2.60357037e-08   1.48679692e-10
     2       4   2.10668220e-14   0.00000000e+00
     3       1   4.77332730e-01   5.05447024e-01
     3       2   5.54263181e-03   3.83135424e-05
     3       3   6.24609121e-08   1.20591778e-10
     3       4   5.21489706e-14   0.00000000e+00
     4       1   1.12210007e+00   3.42961129e-01
     4       2   1.28233274e-02   2.84356060e-05
     4       3   1.49263927e-07   9.05806506e-11
     4       4   1.26343698e-13   0.00000000e+00
     5       1   9.39082710e+01   2.09417098e-01
     5       2   1.30815479e+03   1.93319291e-05
     5       3   1.60296519e-02   6.24084892e-11
     5       4   1.37237136e-08   0.00000000e+00
     5       5   0.00000000e+00   0.00000000e+00
     6       1   9.99988950e-01   8.09821405e-02
     6       2   7.88344434e-03   1.00300287e-05
     6       3   1.03129834e-07   3.32408653e-11
     6       4   8.75576358e-14   0.00000000e+00
     7       1   3.18517406e-01   6.73890134e-02
     7       2   1.19635493e-03   1.11898170e-06
     7       3   4.19774510e-09   1.67079459e-12
     7       4   1.66415691e-15   0.00000000e+00
     8       1   7.68929997e-02   2.89441367e-01
     8       2   8.82853472e-03   1.81834321e-05
     8       3   9.23519769e-08   5.55429268e-11
     8       4   7.30502131e-14   0.00000000e+00
     9       1   7.24817244e-01   8.31410646e-01
     9       2   2.58046080e-02   6.03292965e-05
     9       3   2.86395779e-07   1.88753227e-10
     9       4   2.36353066e-13   0.00000000e+00
    10       1   3.15799010e+01   8.00178036e+03
    10       2   6.11160619e+02   1.66422852e+00
    10       3   6.92399434e-03   5.26421626e-06
    10       4   5.82953221e-09   5.05546121e-13
    10       5   0.00000000e+00   0.00000000e+00
    11       1   1.00005219e+00   1.00004691e+00
    11       2   3.42244351e-02   8.27543907e-05
    11       3   3.98674453e-07   2.63806733e-10
    11       4   3.37678358e-13   0.00000000e+00
    12       1   4.15311622e-01   4.54011928e-01
    12       2   1.77916656e-02   4.00862315e-05
    12       3   2.11882247e-07   1.28863517e-10
    12       4   1.81631595e-13   0.00000000e+00
    13       1   7.38480193e-02   2.24484115e-01
    13       2   1.15342116e-02   2.20311299e-05
    13       3   1.42066491e-07   7.17349466e-11
    13       4   1.24602803e-13   0.00000000e+00
    14       1   4.58862803e-01   6.31409731e-02
    14       2   6.99085155e-03   9.15835975e-06
    14       3   9.52510043e-08   3.08771002e-11
    14       4   8.60239551e-14   0.00000000e+00
    15       1   3.16164981e+02   8.81106503e-02
    15       2   2.70429160e+01   3.17703818e-06
    15       3   2.05319848e-04   8.40059038e-12
    15       4   1.42313225e-10   0.00000000e+00
    15       5   0.00000000e+00   0.00000000e+00
    16       1   1.00008780e+00   2.64871637e-01
    16       2   8.56713425e-03   1.80272133e-05
    16       3   9.24579980e-08   5.57800059e-11
    16       4   7.47256171e-14   0.00000000e+00
    17       1   5.25435444e-01   5.21929599e-01
    17       2   5.82277694e-03   4.04808429e-05
    17       3   6.61675385e-08   1.27902700e-10
    17       4   5.59674033e-14   0.00000000e+00
    18       1   3.22125632e-01   1.02185597e+00
    18       2   4.10005974e-03   8.65646893e-05
    18       3   4.80855435e-08   2.76582035e-10
    18       4   4.06917685e-14   0.00000000e+00
    19       1   1.83056633e-01   2.75602693e+00
    19       2   2.62769081e-03   2.61121848e-04
    19       3   3.19656692e-08   8.45605344e-10
    19       4   2.74206093e-14   1.72219031e-15
    20       1   6.17675069e-02   7.42476693e+03
    20       2   1.17658730e-03   7.54457151e+01
    20       3   1.56796763e-08   2.52246778e-04
    20       4   1.39888117e-14   1.16578328e-10
    20       5   0.00000000e+00   0.00000000e+00
    21       1   6.50105308e-02   9.99998238e-01
    21       2   4.26611424e-04   2.75973195e-05
    21       3   2.63519380e-09   6.49639061e-11
    21       4   1.53646339e-15   1.29213406e-15
    22       1   2.23824241e-01   7.33871632e-01
    22       2   2.44457370e-03   4.82904605e-05
    22       3   2.60330309e-08   1.48662643e-10
    22       4   2.12105668e-14   0.00000000e+00
    23       1   4.77300333e-01   5.05464998e-01
    23       2   5.54223620e-03   3.83145396e-05
    23       3   6.24562301e-08   1.20587529e-10
    23       4   5.19345216e-14   4.53447381e-16
    24       1   1.12198687e+00   3.42974833e-01
    24       2   1.28220770e-02   2.84365034e-05
    24       3   1.49248938e-07   9.05962282e-11
    24       4   1.26109108e-13   0.00000000e+00
    25       1   9.46170147e+01   2.09429205e-01
    25       2   1.48278661e+02   1.93327869e-05
    25       3   1.78508725e-03   6.24402830e-11
    25       4   1.54238614e-09   0.00000000e+00
    25       5   0.00000000e+00   0.00000000e+00
    26       1   1.00009924e+00   8.09946971e-02
    26       2   7.88476029e-03   1.00309605e-05
    26       3   1.03145496e-07   3.33234906e-11
    26       4   9.10781549e-14   0.00000000e+00
    27       1   3.18557423e-01   6.73730675e-02
    27       2   1.19570187e-03   1.11776373e-06
    27       3   4.19016902e-09   1.73161071e-12
    27       4   0.00000000e+00   0.00000000e+00
    28       1   7.68525395e-02   2.89413667e-01
    28       2   8.82759226e-03   1.81812817e-05
    28       3   9.23412074e-08   5.56363773e-11
    28       4   7.61565297e-14   0.00000000e+00
    29       1   7.24701196e-01   8.31317038e-01
    29       2   2.58013340e-02   6.03219837e-05
    29       3   2.86358484e-07   1.88903241e-10
    29       4   2.40061684e-13   0.00000000e+00
    30       1   3.16854138e+01   4.58194755e+03
    30       2   2.01445764e+02   5.56871966e-01
    30       3   2.29286851e-03   1.76177789e-06
    30       4   1.93647738e-09   1.26239388e-12
    30       5   0.00000000e+00   0.00000000e+00
    31       1   1.00015761e+00   1.00014020e+00
    31       2   3.42277677e-02   8.27616558e-05
    31       3   3.98712509e-07   2.63824482e-10
    31       4   3.37523333e-13   4.72946840e-15
    32       1   4.15349513e-01   4.54039848e-01
    32       2   1.77925817e-02   4.00884099e-05
    32       3   2.11892653e-07   1.28830368e-10
    32       4   1.80748759e-13   0.00000000e+00
    33       1   7.38823195e-02   2.24500787e-01
    33       2   1.15347101e-02   2.20324433e-05
    33       3   1.42072000e-07   7.17250661e-11
    33       4   1.23145814e-13   0.00000000e+00
    34       1   4.58777716e-01   6.31549909e-02
    34       2   6.99138329e-03   9.15948428e-06
    34       3   9.52562054e-08   3.08804890e-11
    34       4   8.63239520e-14   0.00000000e+00
    35       1   3.27652701e+02   8.80957403e-02
    35       2   1.41787064e+01   3.17581058e-06
    35       3   1.07643796e-04   8.34864307e-12
    35       4   6.85600644e-11   0.00000000e+00
    36       1   1.00016742e+00   2.64852172e-01
    36       2   8.56751230e-03   1.80255554e-05
    36       3   9.24613628e-08   5.57208557e-11
    36       4   7.46219951e-14   0.00000000e+00
    37       1   5.25460127e-01   5.21897610e-01
    37       2   5.82296337e-03   4.04779958e-05
    37       3   6.61694352e-08   1.27880417e-10
    37       4   5.61820696e-14   9.06751808e-16
    38       1   3.22140276e-01   1.02178154e+00
    38       2   4.10020754e-03   8.65576439e-05
    38       3   4.80871357e-08   2.76546785e-10
    38       4   4.06928283e-14   7.63921981e-16
    39       1   1.83068280e-01   2.75564332e+00
    39       2   2.62782934e-03   2.61081646e-04
    39       3   3.19672079e-08   8.45467666e-10
    39       4   2.76573237e-14   0.00000000e+00
    40       1   6.17787268e-02   7.32850039e+03
    40       2   1.17673239e-03   3.75281020e+01
    40       3   1.56813207e-08   1.25460713e-04
    40       4   1.38777909e-14   7.43867102e-11