  TimeWindow  Iteration  ResRel(Mass-Left-Mesh:Displacement-Left)  ResRel(Mass-Left-Mesh:Displacement-Right)
     1       1   1.00000000e+00   1.00000000e+00
     1       2   9.91661724e-08   6.65884887e-09
     1       3   1.11129384e-16   0.00000000e+00
     2       1   2.89934114e-03   7.49758871e-01
     2       2   4.96782573e-07   1.15767323e-08
     2       3   1.33741837e-15   0.00000000e+00
     3       1   4.84548290e-03   5.54840624e-01
     3       2   8.96518947e-07   9.54607984e-09
     3       3   2.35182080e-15   0.00000000e+00
     4       1   6.80830081e-03   4.36232160e-01
     4       2   1.29917592e-06   7.83599402e-09
     4       3   3.49536754e-15   0.00000000e+00
     5       1   8.79326373e-03   3.58143432e-01
     5       2   1.70558396e-06   6.58725579e-09
     5       3   4.66354793e-15   0.00000000e+00
     6       1   1.08061078e-02   3.03090424e-01
     6       2   2.11661302e-06   5.65692090e-09
     6       3   5.97864642e-15   0.00000000e+00
     7       1   1.28529140e-02   2.62219673e-01
     7       2   2.53318326e-06   4.94589526e-09
     7       3   6.87063409e-15   0.00000000e+00
     8       1   1.49401961e-02   2.30657983e-01
     8       2   2.95627700e-06   4.38328513e-09
     8       3   8.15517093e-15   0.00000000e+00
     9       1   1.70750003e-02   2.05521545e-01
     9       2   3.38695251e-06   3.92847699e-09
     9       3   9.37626965e-15   0.00000000e+00
    10       1   1.92650214e-02   1.85000582e-01
    10       2   3.82636001e-06   3.55176967e-09
    10       3   1.05370586e-14   0.00000000e+00
    11       1   2.15187397e-02   1.67903930e-01
    11       2   4.27576038e-06   3.23849410e-09
    11       3   1.18901965e-14   0.00000000e+00
    12       1   2.38455836e-02   1.53416305e-01
    12       2   4.73654755e-06   2.96730521e-09
    12       3   1.31988184e-14   0.00000000e+00
    13       1   2.62561252e-02   1.40961196e-01
    13       2   5.21027533e-06   2.73389931e-09
    13       3   1.44658519e-14   0.00000000e+00
    14       1   2.87623196e-02   1.30119550e-01
    14       2   5.69869012e-06   2.53127274e-09
    14       3   1.59641541e-14   0.00000000e+00
    15       1   3.13777975e-02   1.20579493e-01
    15       2   6.20377100e-06   2.34929815e-09
    15       3   1.73021739e-14   0.00000000e+00
    16       1   3.41182301e-02   1.12104138e-01
    16       2   6.72777952e-06   2.18969207e-09
    16       3   1.90467197e-14   0.00000000e+00
    17       1   3.70017859e-02   1.04510308e-01
    17       2   7.27332204e-06   2.04514441e-09
    17       3   2.03498641e-14   0.00000000e+00
    18       1   4.00497109e-02   9.76541159e-02
    18       2   7.84342877e-06   1.91416998e-09
    18       3   2.20984412e-14   0.00000000e+00
    19       1   4.32870724e-02   9.14209343e-02
    19       2   8.44165495e-06   1.79447470e-09
    19       3   2.38666130e-14   0.00000000e+00
    20       1   4.67437236e-02   8.57182918e-02
    20       2   9.07221205e-06   1.68589443e-09
    20       3   2.54918375e-14   0.00000000e+00
    21       1   5.04555711e-02   8.04707343e-02
    21       2   9.74013988e-06   1.58355401e-09
    21       3   2.73133375e-14   0.00000000e+00
    22       1   5.44662639e-02   7.56160508e-02
    22       2   1.04515358e-05   1.49132533e-09
    22       3   2.95536512e-14   0.00000000e+00
    23       1   5.88294753e-02   7.11024567e-02
    23       2   1.12138641e-05   1.40416228e-09
    23       3   3.16905493e-14   0.00000000e+00
    24       1   6.36120392e-02   6.68864636e-02
    24       2   1.20363810e-05   1.32283813e-09
    24       3   3.41300195e-14   0.00000000e+00
    25       1   6.88983395e-02   6.29312469e-02
    25       2   1.29307294e-05   1.24731676e-09
    25       3   3.64810494e-14   0.00000000e+00
    26       1   7.47965772e-02   5.92053813e-02
    26       2   1.39117866e-05   1.17350194e-09
    26       3   3.93309292e-14   0.00000000e+00
    27       1   8.14479284e-02   5.56818491e-02
    27       2   1.49989043e-05   1.10554520e-09
    27       3   4.24020306e-14   0.00000000e+00
    28       1   8.90402790e-02   5.23372564e-02
    28       2   1.62177659e-05   1.03993008e-09
    28       3   4.57465520e-14   0.00000000e+00
    29       1   9.78294476e-02   4.91512059e-02
    29       2   1.76032569e-05   9.78036925e-10
    29       3   4.95912971e-14   0.00000000e+00
    30       1   1.08173138e-01   4.61057913e-02
    30       2   1.92040553e-05   9.19167738e-10
    30       3   5.42568506e-14   0.00000000e+00
    31       1   1.20587526e-01   4.31851867e-02
    31       2   2.10902812e-05   8.62377479e-10
    31       3   5.98208036e-14   0.00000000e+00
    32       1   1.35846274e-01   4.03753087e-02
    32       2   2.33668808e-05   8.07201345e-10
    32       3   6.61692923e-14   0.00000000e+00
    33       1   1.55164426e-01   3.76635370e-02
    33       2   2.61984801e-05   7.56622851e-10
    33       3   7.47672166e-14   0.00000000e+00
    34       1   1.80566171e-01   3.50384813e-02
    34       2   2.98590874e-05   7.02970513e-10
    34       3   8.40258681e-14   0.00000000e+00
    35       1   2.15693945e-01   3.24897842e-02
    35       2   3.48414352e-05   6.52516521e-10
    35       3   9.86492838e-14   0.00000000e+00
    36       1   2.67831195e-01   3.00079534e-02
    36       2   4.21303252e-05   6.06187768e-10
    36       3   1.20632083e-13   0.00000000e+00
    37       1   3.53970851e-01   2.75842178e-02
    37       2   5.40226539e-05   5.56174915e-10
    37       3   1.51477018e-13   0.00000000e+00
    38       1   5.25090395e-01   2.52104006e-02
    38       2   7.74074930e-05   5.10083938e-10
    38       3   2.18713684e-13   0.00000000e+00
    39       1   1.03609737e+00   2.28788082e-02
    39       2   1.46726604e-04   4.65446172e-10
    39       3   4.18286602e-13   0.00000000e+00
    40       1   7.39803266e+03   2.05821299e-02
    40       2   7.21184678e+03   4.19790912e-10
    40       3   2.04207149e-05   0.00000000e+00
    40       4   0.00000000e+00   0.00000000e+00
    41       1   9.99999981e-01   1.83133455e-02
    41       2   1.27879986e-04   3.75877666e-10
    41       3   3.67721701e-13   0.00000000e+00
    42       1   4.89112566e-01   1.60656394e-02
    42       2   5.85140763e-05   3.31287735e-10
    42       3   1.67680739e-13   0.00000000e+00
    43       1   3.17879407e-01   1.38323180e-02
    43       2   3.50508299e-05   2.87283825e-10
    43       3   1.00429074e-13   0.00000000e+00
    44       1   2.31538063e-01   1.16067291e-02
    44       2   2.30478753e-05   2.43363744e-10
    44       3   6.58400907e-14   0.00000000e+00
    45       1   1.79127373e-01   9.38217972e-03
    45       2   1.56152669e-05   1.99837788e-10
    45       3   4.48524250e-14   0.00000000e+00
    46       1   1.43656611e-01   7.15185239e-03
    46       2   1.04549551e-05   1.56308944e-10
    46       3   3.01514412e-14   0.00000000e+00
    47       1   1.17841021e-01   4.90871544e-03
    47       2   6.58068355e-06   1.12948456e-10
    47       3   2.03300939e-14   0.00000000e+00
    48       1   9.80353273e-02   2.64542590e-03
    48       2   3.49793369e-06   6.71254022e-11
    48       3   1.05438271e-14   0.00000000e+00
    49       1   8.22114476e-02   3.54221551e-04
    49       2   9.30541577e-07   2.24756784e-11
    49       3   3.64641064e-15   0.00000000e+00
    50       1   6.91494935e-02   1.97320151e-03
    50       2   1.28869074e-06   2.33712906e-11
    50       3   2.87206515e-15   0.00000000e+00
    51       1   5.80699590e-02   4.34583025e-03
    51       2   3.26775714e-06   7.03259659e-11
    51       3   8.73066218e-15   0.00000000e+00
    52       1   4.84497233e-02   6.77350067e-03
    52       2   5.08037387e-06   1.17737504e-10
    52       3   1.34560072e-14   0.00000000e+00
    53       1   3.99228718e-02   9.26709540e-03
    53       2   6.77945443e-06   1.67777485e-10
    53       3   1.86478873e-14   0.00000000e+00
    54       1   3.22238998e-02   1.18387824e-02
    54       2   8.40487184e-06   2.18362551e-10
    54       3   2.34826196e-14   0.00000000e+00
    55       1   2.51534883e-02   1.45023064e-02
    55       2   9.98819053e-06   2.71659702e-10
    55       3   2.77668099e-14   0.00000000e+00
    56       1   1.85569391e-02   1.72733495e-02
    56       2   1.15557139e-05   3.25194080e-10
    56       3   3.18277701e-14   0.00000000e+00
    57       1   1.23100034e-02   2.01699826e-02
    57       2   1.31305671e-05   3.83409372e-10
    57       3   3.65720863e-14   0.00000000e+00
    58       1   6.30916691e-03   2.32132356e-02
    58       2   1.47342230e-05   4.42575390e-10
    58       3   4.10365343e-14   0.00000000e+00
    59       1   4.64662355e-04   2.64278285e-02
    59       2   1.63877207e-05   5.06336104e-10
    59       3   4.53021306e-14   0.00000000e+00
    60       1   5.30485635e-03   2.98431188e-02
    60       2   1.81127415e-05   5.73711818e-10
    60       3   5.06701887e-14   0.00000000e+00
    61       1   1.10766851e-02   3.34943449e-02
    61       2   1.99326681e-05   6.46538021e-10
    61       3   5.57934590e-14   0.00000000e+00
    62       1   1.69279997e-02   3.74242818e-02
    62       2   2.18737407e-05   7.25328824e-10
    62       3   6.15877820e-14   0.00000000e+00
    63       1   2.29397751e-02   4.16854789e-02
    63       2   2.39664320e-05   8.07844418e-10
    63       3   6.68825870e-14   0.00000000e+00
    64       1   2.92011214e-02   4.63433346e-02
    64       2   2.62471955e-05   9.00114653e-10
    64       3   7.34967635e-14   0.00000000e+00
    65       1   3.58145457e-02   5.14803983e-02
    65       2   2.87608042e-05   1.00316173e-09
    65       3   8.09566259e-14   0.00000000e+00
    66       1   4.29028363e-02   5.72025141e-02
    66       2   3.15636050e-05   1.11432038e-09
    66       3   8.82648312e-14   0.00000000e+00
    67       1   5.06186169e-02   6.36477990e-02
    67       2   3.47282083e-05   1.24263400e-09
    67       3   9.73911254e-14   0.00000000e+00
    68       1   5.91582680e-02   7.10001059e-02
    68       2   3.83504653e-05   1.38875740e-09
    68       3   1.07685599e-13   0.00000000e+00
    69       1   6.87831005e-02   7.95098310e-02
    69       2   4.25602064e-05   1.55841445e-09
    69       3   1.19936449e-13   0.00000000e+00
    70       1   7.98529446e-02   8.95272008e-02
    70       2   4.75383819e-05   1.75441952e-09
    70       3   1.33357379e-13   0.00000000e+00
    71       1   9.28818848e-02   1.01557750e-01
    71       2   5.35455980e-05   1.99452285e-09
    71       3   1.50952940e-13   0.00000000e+00
    72       1   1.08635577e-01   1.16359406e-01
    72       2   6.09720242e-05   2.28672090e-09
    72       3   1.71632406e-13   0.00000000e+00
    73       1   1.28311788e-01   1.35122786e-01
    73       2   7.04300514e-05   2.65814343e-09
    73       3   1.98061299e-13   0.00000000e+00
    74       1   1.53901300e-01   1.59831783e-01
    74       2   8.29395828e-05   3.14786256e-09
    74       3   2.33381286e-13   0.00000000e+00
    75       1   1.88981765e-01   1.94056868e-01
    75       2   1.00335650e-04   3.82620333e-09
    75       3   2.82510821e-13   0.00000000e+00
    76       1   2.40702301e-01   2.44938324e-01
    76       2   1.26287426e-04   4.83166421e-09
    76       3   3.55302831e-13   0.00000000e+00
    77       1   3.25737754e-01   3.29135948e-01
    77       2   1.69355243e-04   6.50124720e-09
    77       3   4.77486509e-13   0.00000000e+00
    78       1   4.94110062e-01   4.96627874e-01
    78       2   2.55218607e-04   9.81974159e-09
    78       3   7.19795028e-13   0.00000000e+00
    79       1   9.96010747e-01   9.97302259e-01
    79       2   5.12272269e-04   1.97335360e-08
    79       3   1.44447119e-12   0.00000000e+00
    80       1   1.94708995e+03   1.84774908e+07
    80       2   3.31868822e+03   5.77198733e-01
    80       3   9.36242131e-06   1.84701692e-13
    80       4   0.00000000e+00   0.00000000e+00
    81       1   1.00000015e+00   1.00000003e+00
    81       2   5.14352885e-04   1.98235523e-08
    81       3   1.45154544e-12   0.00000000e+00
    82       1   4.98872932e-01   4.99324676e-01
    82       2   2.57300828e-04   9.90789241e-09
    82       3   7.26177559e-13   0.00000000e+00
    83       1   3.30649192e-01   3.31831244e-01
    83       2   1.71440330e-04   6.58990225e-09
    83       3   4.84251841e-13   0.00000000e+00
    84       1   2.45672100e-01   2.47631520e-01
    84       2   1.28376580e-04   4.92216059e-09
    84       3   3.62645307e-13   0.00000000e+00
    85       1   1.93985653e-01   1.96747360e-01
    85       2   1.02430093e-04   3.91450515e-09
    85       3   2.89440077e-13   0.00000000e+00
    86       1   1.58931346e-01   1.62518952e-01
    86       2   8.50405791e-05   3.23588377e-09
    86       3   2.40181169e-13   0.00000000e+00
    87       1   1.33365740e-01   1.37806005e-01
    87       2   7.25389162e-05   2.74942863e-09
    87       3   2.05638573e-13   0.00000000e+00
    88       1   1.13713648e-01   1.19038036e-01
    88       2   6.30901387e-05   2.37494676e-09
    88       3   1.78535020e-13   0.00000000e+00
    89       1   9.79855624e-02   1.04231135e-01
    89       2   5.56744224e-05   2.08241810e-09
    89       3   1.57852689e-13   0.00000000e+00
    90       1   8.49844991e-02   9.21946682e-02
    90       2   4.96794712e-05   1.84269732e-09
    90       3   1.40441032e-13   0.00000000e+00
    91       1   7.39453670e-02   8.21706898e-02
    91       2   4.47152278e-05   1.64429745e-09
    91       3   1.26353979e-13   0.00000000e+00
    92       1   6.43545564e-02   7.36536431e-02
    92       2   4.05212185e-05   1.47645851e-09
    92       3   1.15024769e-13   0.00000000e+00
    93       1   5.58526867e-02   6.62932769e-02
    93       2   3.69166487e-05   1.33107200e-09
    93       3   1.04950594e-13   0.00000000e+00
    94       1   4.81789114e-02   5.98391682e-02
    94       2   3.37718719e-05   1.20237012e-09
    94       3   9.58201108e-14   0.00000000e+00
    95       1   4.11373554e-02   5.41074334e-02
    95       2   3.09912535e-05   1.08877219e-09
    95       3   8.79713351e-14   0.00000000e+00
    96       1   3.45759655e-02   4.89599224e-02
    96       2   2.85024392e-05   9.86989050e-10
    96       3   8.04911698e-14   0.00000000e+00
    97       1   2.83726121e-02   4.42907538e-02
    97       2   2.62493857e-05   8.95155964e-10
    97       3   7.48653486e-14   0.00000000e+00
    98       1   2.24255597e-02   4.00173374e-02
    98       2   2.41876821e-05   8.09092459e-10
    98       3   6.83371290e-14   0.00000000e+00
    99       1   1.66466141e-02   3.60742300e-02
    99       2   2.22813090e-05   7.30702952e-10
    99       3   6.32602425e-14   0.00000000e+00
   100       1   1.09558984e-02   3.24088326e-02
   100       2   2.05003172e-05   6.58247679e-10
   100       3   5.80553181e-14   0.00000000e+00
   101       1   5.27756664e-03   2.89783158e-02
   101       2   1.88191033e-05   5.89963058e-10
   101       3   5.30565500e-14   0.00000000e+00
   102       1   4.64049969e-04   2.57473814e-02
   102       2   1.72150653e-05   5.27120879e-10
   102       3   4.92030093e-14   0.00000000e+00
   103       1   6.34828535e-03   2.26866063e-02
   103       2   1.56674893e-05   4.66335033e-10
   103       3   4.52014554e-14   0.00000000e+00
   104       1   1.24623887e-02   1.97711982e-02
   104       2   1.41565478e-05   4.07256144e-10
   104       3   4.01487560e-14   0.00000000e+00
   105       1   1.89066819e-02   1.69800475e-02
   105       2   1.26623054e-05   3.50835365e-10
   105       3   3.56093442e-14   0.00000000e+00
   106       1   2.58013050e-02   1.42949962e-02
   106       2   1.11636163e-05   2.98501110e-10
   106       3   3.17450229e-14   0.00000000e+00
   107       1   3.32955805e-02   1.17002658e-02
   107       2   9.63676837e-06   2.48763060e-10
   107       3   2.81965045e-14   0.00000000e+00
   108       1   4.15816559e-02   9.18200515e-03
   108       2   8.05365452e-06   1.98009281e-10
   108       3   2.35187605e-14   0.00000000e+00
   109       1   5.09152535e-02   6.72792930e-03
   109       2   6.37911936e-06   1.49092836e-10
   109       3   1.85680281e-14   0.00000000e+00
   110       1   6.16485899e-02   4.32702600e-03
   110       2   4.56685693e-06   1.00998245e-10
   110       3   1.33159385e-14   0.00000000e+00
   111       1   7.42849984e-02   1.96931592e-03
   111       2   2.55269830e-06   5.38461974e-11
   111       3   7.85380754e-15   0.00000000e+00
   112       1   8.95743061e-02   3.54346804e-04
   112       2   2.42973893e-07   7.99413913e-12
   112       3   1.37528180e-15   0.00000000e+00
   113       1   1.08689772e-01   2.65244247e-03
   113       2   2.50700103e-06   3.80430042e-11
   113       3   6.60728052e-15   0.00000000e+00
   114       1   1.33581789e-01   4.93292952e-03
   114       2   5.93586425e-06   8.32484191e-11
   114       3   1.61319812e-14   0.00000000e+00
   115       1   1.67755863e-01   7.20336955e-03
   115       2   1.04705825e-05   1.28120104e-10
   115       3   2.83691586e-14   0.00000000e+00
   116       1   2.18217432e-01   9.47103843e-03
   116       2   1.69623030e-05   1.72986536e-10
   116       3   4.61700216e-14   0.00000000e+00
   117       1   3.01306275e-01   1.17430269e-02
   117       2   2.73938129e-05   2.19032637e-10
   117       3   7.60772444e-14   0.00000000e+00
   118       1   4.66034978e-01   1.40263345e-02
   118       2   4.77092591e-05   2.64212297e-10
   118       3   1.31721230e-13   0.00000000e+00
   119       1   9.57474417e-01   1.63279582e-02
   119       2   1.07621999e-04   3.09190716e-10
   119       3   2.96574419e-13   0.00000000e+00
   120       1   8.25233073e+03   1.86549803e-02
   120       2   1.35474039e+03   3.57136056e-10
   120       3   3.80092763e-06   0.00000000e+00
   120       4   0.00000000e+00   0.00000000e+00
   121       1   1.00000009e+00   2.10146559e-02
   121       2   1.29142736e-04   4.03823810e-10
   121       3   3.59809868e-13   0.00000000e+00
   122       1   5.08826324e-01   2.34145038e-02
   122       2   6.92767840e-05   4.51075651e-10
   122       3   1.92578851e-13   0.00000000e+00
   123       1   3.44282566e-01   2.58624017e-02
   123       2   4.90397429e-05   4.99780506e-10
   123       3   1.36471478e-13   0.00000000e+00
   124       1   2.61420363e-01   2.83666904e-02
   124       2   3.87188581e-05   5.50388285e-10
   124       3   1.08032216e-13   0.00000000e+00
   125       1   2.11243767e-01   3.09362877e-02
   125       2   3.23708557e-05   6.01227792e-10
   125       3   9.03671628e-14   0.00000000e+00
   126       1   1.77418930e-01   3.35808173e-02
   126       2   2.80141013e-05   6.55393947e-10
   126       3   7.84241448e-14   0.00000000e+00
   127       1   1.52944508e-01   3.63107546e-02
   127       2   2.47989021e-05   7.10855659e-10
   127       3   7.01503740e-14   0.00000000e+00
   128       1   1.34318998e-01   3.91375969e-02
   128       2   2.23000778e-05   7.65548586e-10
   128       3   6.21724902e-14   0.00000000e+00
   129       1   1.19596456e-01   4.20740614e-02
   129       2   2.02811458e-05   8.28550890e-10
   129       3   5.76703832e-14   0.00000000e+00
   130       1   1.07608762e-01   4.51343202e-02
   130       2   1.85999936e-05   8.86726667e-10
   130       3   5.21633392e-14   0.00000000e+00
   131       1   9.76120940e-02   4.83342810e-02
   131       2   1.71659992e-05   9.52629425e-10
   131       3   4.83318360e-14   0.00000000e+00
   132       1   8.91101651e-02   5.16919257e-02
   132       2   1.59185897e-05   1.01879849e-09
   132       3   4.45993034e-14   0.00000000e+00
   133       1   8.17590305e-02   5.52277233e-02
   133       2   1.48156948e-05   1.09006001e-09
   133       3   4.18752976e-14   0.00000000e+00
   134       1   7.53126941e-02   5.89651363e-02
   134       2   1.38271466e-05   1.16452393e-09
   134       3   3.87220916e-14   0.00000000e+00
   135       1   6.95904677e-02   6.29312491e-02
   135       2   1.29307190e-05   1.24660450e-09
   135       3   3.67076401e-14   0.00000000e+00
   136       1   6.44565682e-02   6.71575548e-02
   136       2   1.21096517e-05   1.33222685e-09
   136       3   3.41300197e-14   0.00000000e+00
   137       1   5.98069144e-02   7.16809478e-02
   137       2   1.13510464e-05   1.42301230e-09
   137       3   3.18898612e-14   0.00000000e+00
   138       1   5.55603219e-02   7.65449928e-02
   138       2   1.06447980e-05   1.52223932e-09
   138       3   3.01183708e-14   0.00000000e+00
   139       1   5.16524780e-02   8.18015608e-02
   139       2   9.98286183e-06   1.62822452e-09
   139       3   2.80274118e-14   0.00000000e+00
   140       1   4.80317220e-02   8.75129658e-02
   140       2   9.35874088e-06   1.74417271e-09
   140       3   2.63415655e-14   0.00000000e+00
   141       1   4.46560296e-02   9.37547911e-02
   141       2   8.76711867e-06   1.87299893e-09
   141       3   2.46784027e-14   0.00000000e+00
   142       1   4.14908186e-02   1.00619678e-01
   142       2   8.20359200e-06   2.01225859e-09
   142       3   2.33434239e-14   0.00000000e+00
   143       1   3.85073250e-02   1.08222485e-01
   143       2   7.66447307e-06   2.16866602e-09
   143       3   2.16965464e-14   0.00000000e+00
   144       1   3.56813845e-02   1.16707437e-01
   144       2   7.14664062e-06   2.34028431e-09
   144       3   2.03453598e-14   0.00000000e+00
   145       1   3.29925041e-02   1.26258202e-01
   145       2   6.64742650e-06   2.53803085e-09
   145       3   1.88370442e-14   0.00000000e+00
   146       1   3.04231472e-02   1.37112439e-01
   146       2   6.16452812e-06   2.75985522e-09
   146       3   1.74523380e-14   0.00000000e+00
   147       1   2.79581751e-02   1.49583253e-01
   147       2   5.69594000e-06   3.01953772e-09
   147       3   1.61754526e-14   0.00000000e+00
   148       1   2.55844077e-02   1.64091765e-01
   148       2   5.23989965e-06   3.31728779e-09
   148       3   1.48646888e-14   0.00000000e+00
   149       1   2.32902720e-02   1.81218115e-01
   149       2   4.79484440e-06   3.67656379e-09
   149       3   1.37675960e-14   0.00000000e+00
   150       1   2.10655201e-02   2.01784304e-01
   150       2   4.35937640e-06   4.10590098e-09
   150       3   1.23749177e-14   0.00000000e+00
   151       1   1.89009993e-02   2.26994735e-01
   151       2   3.93223421e-06   4.63780185e-09
   151       3   1.12996070e-14   0.00000000e+00
   152       1   1.67884628e-02   2.58687366e-01
   152       2   3.51226916e-06   5.30683159e-09
   152       3   1.00462251e-14   0.00000000e+00
   153       1   1.47204126e-02   2.99812007e-01
   153       2   3.09842581e-06   6.18489080e-09
   153       3   8.96675976e-15   0.00000000e+00
   154       1   1.26899677e-02   3.55416988e-01
   154       2   2.68972527e-06   7.38193121e-09
   154       3   7.70325598e-15   0.00000000e+00
   155       1   1.06907512e-02   4.34906362e-01
   155       2   2.28525097e-06   9.11835265e-09
   155       3   6.59721416e-15   0.00000000e+00
   156       1   8.71679345e-03   5.57980439e-01
   156       2   1.88413638e-06   1.18522817e-08
   156       3   5.41218201e-15   0.00000000e+00
   157       1   6.76244664e-03   7.73779719e-01
   157       2   1.48555399e-06   1.67619173e-08
   157       3   4.14368427e-15   0.00000000e+00
   158       1   4.82230890e-03   1.24638630e+00
   158       2   1.08870555e-06   2.79480876e-08
   158       3   3.23209439e-15   0.00000000e+00
   159       1   2.89115495e-03   2.99614477e+00
   159       2   6.92812993e-07   7.24724428e-08
   159       3   2.33371706e-15   0.00000000e+00
   160       1   9.63871714e-04   1.48982706e+08
   160       2   2.97110017e-07   8.30851667e-01
   160       3   9.99200722e-16   2.22747015e-11
   161       1   9.64603075e-04   1.00000004e+00
   161       2   9.91660969e-08   6.65885349e-09
   161       3   1.11129384e-16   0.00000000e+00
   162       1   2.89934091e-03   7.49758926e-01
   162       2   4.96782497e-07   1.15759029e-08
   162       3   1.33741837e-15   0.00000000e+00
   163       1   4.84548268e-03   5.54840655e-01
   163       2   8.96518871e-07   9.54538025e-09
   163       3   2.35182080e-15   0.00000000e+00
   164       1   6.80830058e-03   4.36232179e-01
   164       2   1.29917584e-06   7.83701028e-09
   164       3   3.49536754e-15   0.00000000e+00
   165       1   8.79326350e-03   3.58143445e-01
   165       2   1.70558388e-06   6.58656448e-09
   165       3   4.66354793e-15   0.00000000e+00
   166       1   1.08061075e-02   3.03090433e-01
   166       2   2.11661295e-06   5.65776287e-09
   166       3   5.86367245e-15   0.00000000e+00
   167       1   1.28529138e-02   2.62219680e-01
   167       2   2.53318318e-06   4.94487496e-09
   167       3   7.10353693e-15   0.00000000e+00
   168       1   1.49401959e-02   2.30657988e-01
   168       2   2.95627692e-06   4.38243486e-09
   168       3   8.39155268e-15   0.00000000e+00
   169       1   1.70750000e-02   2.05521550e-01
   169       2   3.38695244e-06   3.92678753e-09
   169       3   9.49647821e-15   0.00000000e+00
   170       1   1.92650211e-02   1.85000586e-01
   170       2   3.82635993e-06   3.55271856e-09
   170       3   1.05370586e-14   0.00000000e+00
   171       1   2.15187395e-02   1.67903933e-01
   171       2   4.27576030e-06   3.23817357e-09
   171       3   1.18901964e-14   0.00000000e+00
   172       1   2.38455833e-02   1.53416307e-01
   172       2   4.73654746e-06   2.96768910e-09
   172       3   1.31988184e-14   0.00000000e+00
   173       1   2.62561249e-02   1.40961199e-01
   173       2   5.21027524e-06   2.73405057e-09
   173       3   1.45973596e-14   0.00000000e+00
   174       1   2.87623193e-02   1.30119552e-01
   174       2   5.69869003e-06   2.53194288e-09
   174       3   1.58288646e-14   0.00000000e+00
   175       1   3.13777972e-02   1.20579495e-01
   175       2   6.20377091e-06   2.35011707e-09
   175       3   1.74417075e-14   0.00000000e+00
   176       1   3.41182298e-02   1.12104139e-01
   176       2   6.72777943e-06   2.18994945e-09
   176       3   1.89024263e-14   0.00000000e+00
   177       1   3.70017855e-02   1.04510310e-01
   177       2   7.27332195e-06   2.04512789e-09
   177       3   2.06491267e-14   0.00000000e+00
   178       1   4.00497106e-02   9.76541171e-02
   178       2   7.84342868e-06   1.91458304e-09
   178       3   2.20984411e-14   0.00000000e+00
   179       1   4.32870721e-02   9.14209354e-02
   179       2   8.44165486e-06   1.79360169e-09
   179       3   2.37042550e-14   0.00000000e+00
   180       1   4.67437232e-02   8.57182928e-02
   180       2   9.07221194e-06   1.68679812e-09
   180       3   2.58317285e-14   0.00000000e+00
   181       1   5.04555707e-02   8.04707353e-02
   181       2   9.74013977e-06   1.58397865e-09
   181       3   2.74918559e-14   0.00000000e+00
   182       1   5.44662635e-02   7.56160517e-02
   182       2   1.04515357e-05   1.49205806e-09
   182       3   2.93654112e-14   0.00000000e+00
   183       1   5.88294748e-02   7.11024575e-02
   183       2   1.12138640e-05   1.40450423e-09
   183       3   3.18898608e-14   0.00000000e+00
   184       1   6.36120388e-02   6.68864643e-02
   184       2   1.20363809e-05   1.32206674e-09
   184       3   3.39180316e-14   0.00000000e+00
   185       1   6.88983390e-02   6.29312476e-02
   185       2   1.29307292e-05   1.24558241e-09
   185       3   3.63677540e-14   0.00000000e+00
   186       1   7.47965766e-02   5.92053819e-02
   186       2   1.39117865e-05   1.17474044e-09
   186       3   3.93309289e-14   0.00000000e+00
   187       1   8.14479278e-02   5.56818497e-02
   187       2   1.49989042e-05   1.10475656e-09
   187       3   4.21386636e-14   0.00000000e+00
   188       1   8.90402783e-02   5.23372570e-02
   188       2   1.62177658e-05   1.04131683e-09
   188       3   4.58899577e-14   0.00000000e+00
   189       1   9.78294468e-02   4.91512064e-02
   189       2   1.76032567e-05   9.77522770e-10
   189       3   4.97487293e-14   0.00000000e+00
   190       1   1.08173137e-01   4.61057918e-02
   190       2   1.92040551e-05   9.18731471e-10
   190       3   5.42568500e-14   0.00000000e+00
   191       1   1.20587525e-01   4.31851871e-02
   191       2   2.10902810e-05   8.62526498e-10
   191       3   5.96253101e-14   0.00000000e+00
   192       1   1.35846273e-01   4.03753091e-02
   192       2   2.33668805e-05   8.08532190e-10
   192       3   6.63913361e-14   0.00000000e+00
   193       1   1.55164425e-01   3.76635374e-02
   193       2   2.61984798e-05   7.56896354e-10
   193       3   7.48954612e-14   0.00000000e+00
   194       1   1.80566169e-01   3.50384817e-02
   194       2   2.98590870e-05   7.03205478e-10
   194       3   8.43286627e-14   0.00000000e+00
   195       1   2.15693942e-01   3.24897846e-02
   195       2   3.48414347e-05   6.54203264e-10
   195       3   9.88333292e-14   0.00000000e+00
   196       1   2.67831191e-01   3.00079538e-02
   196       2   4.21303245e-05   6.05017754e-10
   196       3   1.19465426e-13   0.00000000e+00
   197       1   3.53970843e-01   2.75842182e-02
   197       2   5.40226528e-05   5.57677212e-10
   197       3   1.53372451e-13   0.00000000e+00
   198       1   5.25090378e-01   2.52104009e-02
   198       2   7.74074905e-05   5.09490528e-10
   198       3   2.17268431e-13   0.00000000e+00
   199       1   1.03609731e+00   2.28788086e-02
   199       2   1.46726594e-04   4.65152971e-10
   199       3   4.14486196e-13   0.00000000e+00
   200       1   7.40162566e+03   2.05821302e-02
   200       2   2.88314165e+03   4.20053277e-10
   200       3   8.19556189e-06   0.00000000e+00
   200       4   0.00000000e+00   0.00000000e+00
   201       1   1.00000005e+00   1.83133458e-02
   201       2   1.27879995e-04   3.75110081e-10
   201       3   3.62111545e-13   0.00000000e+00
   202       1   4.89112583e-01   1.60656397e-02
   202       2   5.85140787e-05   3.31488531e-10
   202       3   1.65986999e-13   0.00000000e+00
   203       1   3.17879415e-01   1.38323184e-02
   203       2   3.50508311e-05   2.87757333e-10
   203       3   1.01140078e-13   0.00000000e+00
   204       1   2.31538068e-01   1.16067294e-02
   204       2   2.30478760e-05   2.43832790e-10
   204       3   6.63864821e-14   0.00000000e+00
   205       1   1.79127376e-01   9.38218004e-03
   205       2   1.56152674e-05   1.99556923e-10
   205       3   4.45160321e-14   0.00000000e+00
   206       1   1.43656613e-01   7.15185270e-03
   206       2   1.04549555e-05   1.55709212e-10
   206       3   3.03434887e-14   0.00000000e+00
   207       1   1.17841023e-01   4.90871574e-03
   207       2   6.58068390e-06   1.11603693e-10
   207       3   1.94830067e-14   0.00000000e+00
   208       1   9.80353287e-02   2.64542620e-03
   208       2   3.49793400e-06   6.64734851e-11
   208       3   1.02382090e-14   0.00000000e+00
   209       1   8.22114488e-02   3.54221848e-04
   209       2   9.30541870e-07   2.19742926e-11
   209       3   3.22567094e-15   0.00000000e+00
   210       1   6.91494946e-02   1.97320121e-03
   210       2   1.28869046e-06   2.34153713e-11
   210       3   2.61096831e-15   0.00000000e+00
   211       1   5.80699599e-02   4.34582996e-03
   211       2   3.26775686e-06   7.05962445e-11
   211       3   8.60769508e-15   0.00000000e+00
   212       1   4.84497242e-02   6.77350037e-03
   212       2   5.08037359e-06   1.17478693e-10
   212       3   1.35730159e-14   0.00000000e+00
   213       1   3.99228727e-02   9.26709510e-03
   213       2   6.77945414e-06   1.67064507e-10
   213       3   1.83108772e-14   0.00000000e+00
   214       1   3.22239007e-02   1.18387821e-02
   214       2   8.40487154e-06   2.17198192e-10
   214       3   2.26128928e-14   0.00000000e+00
   215       1   2.51534892e-02   1.45023061e-02
   215       2   9.98819022e-06   2.72337533e-10
   215       3   2.81907304e-14   0.00000000e+00
   216       1   1.85569399e-02   1.72733492e-02
   216       2   1.15557136e-05   3.26266662e-10
   216       3   3.22438191e-14   0.00000000e+00
   217       1   1.23100043e-02   2.01699823e-02
   217       2   1.31305668e-05   3.83154202e-10
   217       3   3.63666248e-14   0.00000000e+00
   218       1   6.30916782e-03   2.32132352e-02
   218       2   1.47342226e-05   4.42936484e-10
   218       3   4.04240483e-14   0.00000000e+00
   219       1   4.64663305e-04   2.64278281e-02
   219       2   1.63877203e-05   5.07367814e-10
   219       3   4.61183847e-14   0.00000000e+00
   220       1   5.30485535e-03   2.98431184e-02
   220       2   1.81127410e-05   5.73955519e-10
   220       3   5.04650456e-14   0.00000000e+00
   221       1   1.10766840e-02   3.34943445e-02
   221       2   1.99326676e-05   6.47207025e-10
   221       3   5.60008689e-14   0.00000000e+00
   222       1   1.69279986e-02   3.74242814e-02
   222       2   2.18737401e-05   7.25120739e-10
   222       3   6.11659470e-14   0.00000000e+00
   223       1   2.29397739e-02   4.16854785e-02
   223       2   2.39664314e-05   8.09401020e-10
   223       3   6.70983363e-14   0.00000000e+00
   224       1   2.92011200e-02   4.63433342e-02
   224       2   2.62471949e-05   9.01319971e-10
   224       3   7.37188069e-14   0.00000000e+00
   225       1   3.58145442e-02   5.14803978e-02
   225       2   2.87608034e-05   1.00314001e-09
   225       3   8.09566244e-14   0.00000000e+00
   226       1   4.29028345e-02   5.72025136e-02
   226       2   3.15636041e-05   1.11437028e-09
   226       3   8.82648294e-14   0.00000000e+00
   227       1   5.06186149e-02   6.36477984e-02
   227       2   3.47282073e-05   1.24422023e-09
   227       3   9.77690965e-14   0.00000000e+00
   228       1   5.91582657e-02   7.10001053e-02
   228       2   3.83504642e-05   1.38952194e-09
   228       3   1.07952476e-13   0.00000000e+00
   229       1   6.87830978e-02   7.95098303e-02
   229       2   4.25602050e-05   1.55681643e-09
   229       3   1.19508610e-13   0.00000000e+00
   230       1   7.98529414e-02   8.95271999e-02
   230       2   4.75383802e-05   1.75409250e-09
   230       3   1.33203383e-13   0.00000000e+00
   231       1   9.28818808e-02   1.01557749e-01
   231       2   5.35455960e-05   1.99475239e-09
   231       3   1.50952935e-13   0.00000000e+00
   232       1   1.08635572e-01   1.16359405e-01
   232       2   6.09720217e-05   2.28675181e-09
   232       3   1.71632399e-13   0.00000000e+00
   233       1   1.28311782e-01   1.35122784e-01
   233       2   7.04300481e-05   2.65892587e-09
   233       3   1.98271770e-13   0.00000000e+00
   234       1   1.53901292e-01   1.59831781e-01
   234       2   8.29395783e-05   3.14801889e-09
   234       3   2.33745553e-13   0.00000000e+00
   235       1   1.88981753e-01   1.94056865e-01
   235       2   1.00335643e-04   3.82518713e-09
   235       3   2.82655163e-13   0.00000000e+00
   236       1   2.40702281e-01   2.44938319e-01
   236       2   1.26287416e-04   4.83427715e-09
   236       3   3.55840056e-13   0.00000000e+00
   237       1   3.25737719e-01   3.29135940e-01
   237       2   1.69355225e-04   6.50283031e-09
   237       3   4.78317283e-13   0.00000000e+00
   238       1   4.94109984e-01   4.96627857e-01
   238       2   2.55218567e-04   9.81901390e-09
   238       3   7.19794916e-13   0.00000000e+00
   239       1   9.96010436e-01   9.97302190e-01
   239       2   5.12272109e-04   1.97391093e-08
   239       3   1.44588550e-12   0.00000000e+00
   240       1   1.94827029e+03   8.13955415e+06
   240       2   1.10255711e+03   1.92194466e-01
   240       3   3.11027690e-06   6.15531150e-14
   240       4   0.00000000e+00   0.00000000e+00
   241       1   1.00000047e+00   1.00000010e+00
   241       2   5.14353045e-04   1.98240740e-08
   241       3   1.45172274e-12   0.00000000e+00
   242       1   4.98873010e-01   4.99324693e-01
   242       2   2.57300868e-04   9.90686481e-09
   242       3   7.26177672e-13   0.00000000e+00
   243       1   3.30649227e-01   3.31831252e-01
   243       2   1.71440348e-04   6.58949529e-09
   243       3   4.84014512e-13   0.00000000e+00
   244       1   2.45672119e-01   2.47631525e-01
   244       2   1.28376590e-04   4.92230465e-09
   244       3   3.62466250e-13   0.00000000e+00
   245       1   1.93985665e-01   1.96747362e-01
   245       2   1.02430100e-04   3.91447976e-09
   245       3   2.89440095e-13   0.00000000e+00
   246       1   1.58931354e-01   1.62518954e-01
   246       2   8.50405836e-05   3.23645681e-09
   246       3   2.40424034e-13   0.00000000e+00
   247       1   1.33365747e-01   1.37806007e-01
   247       2   7.25389195e-05   2.74646585e-09
   247       3   2.05217623e-13   0.00000000e+00
   248       1   1.13713653e-01   1.19038037e-01
   248       2   6.30901412e-05   2.37594837e-09
   248       3   1.78908141e-13   0.00000000e+00
   249       1   9.79855664e-02   1.04231136e-01
   249       2   5.56744244e-05   2.08237299e-09
   249       3   1.57347835e-13   0.00000000e+00
   250       1   8.49845024e-02   9.21946690e-02
   250       2   4.96794728e-05   1.84331348e-09
   250       3   1.40903013e-13   0.00000000e+00
   251       1   7.39453698e-02   8.21706906e-02
   251       2   4.47152292e-05   1.64531460e-09
   251       3   1.26639206e-13   0.00000000e+00
   252       1   6.43545587e-02   7.36536437e-02
   252       2   4.05212196e-05   1.47574590e-09
   252       3   1.14491015e-13   0.00000000e+00
   253       1   5.58526888e-02   6.62932775e-02
   253       2   3.69166497e-05   1.33089001e-09
   253       3   1.04950596e-13   0.00000000e+00
   254       1   4.81789132e-02   5.98391687e-02
   254       2   3.37718728e-05   1.20377225e-09
   254       3   9.62998129e-14   0.00000000e+00
   255       1   4.11373570e-02   5.41074339e-02
   255       2   3.09912543e-05   1.08950977e-09
   255       3   8.82013271e-14   0.00000000e+00
   256       1   3.45759670e-02   4.89599229e-02
   256       2   2.85024399e-05   9.86972965e-10
   256       3   8.11573050e-14   0.00000000e+00
   257       1   2.83726134e-02   4.42907542e-02
   257       2   2.62493863e-05   8.94018265e-10
   257       3   7.46495995e-14   0.00000000e+00
   258       1   2.24255609e-02   4.00173378e-02
   258       2   2.41876826e-05   8.10509879e-10
   258       3   6.89698811e-14   0.00000000e+00
   259       1   1.66466152e-02   3.60742303e-02
   259       2   2.22813095e-05   7.31873403e-10
   259       3   6.36750646e-14   0.00000000e+00
   260       1   1.09558994e-02   3.24088329e-02
   260       2   2.05003177e-05   6.59808630e-10
   260       3   5.86707462e-14   0.00000000e+00
   261       1   5.27756764e-03   2.89783161e-02
   261       2   1.88191037e-05   5.90951533e-10
   261       3   5.36687415e-14   0.00000000e+00
   262       1   4.64049008e-04   2.57473817e-02
   262       2   1.72150657e-05   5.27777793e-10
   262       3   4.94071716e-14   0.00000000e+00
   263       1   6.34828442e-03   2.26866066e-02
   263       2   1.56674896e-05   4.65737016e-10
   263       3   4.43796112e-14   0.00000000e+00
   264       1   1.24623878e-02   1.97711985e-02
   264       2   1.41565481e-05   4.09179983e-10
   264       3   4.07728303e-14   0.00000000e+00
   265       1   1.89066810e-02   1.69800478e-02
   265       2   1.26623057e-05   3.52514119e-10
   265       3   3.62452256e-14   0.00000000e+00
   266       1   2.58013041e-02   1.42949965e-02
   266       2   1.11636167e-05   2.98608263e-10
   266       3   3.21798865e-14   0.00000000e+00
   267       1   3.32955796e-02   1.17002661e-02
   267       2   9.63676867e-06   2.48311142e-10
   267       3   2.77471580e-14   0.00000000e+00
   268       1   4.15816549e-02   9.18200545e-03
   268       2   8.05365482e-06   1.97520594e-10
   268       3   2.34017518e-14   0.00000000e+00
   269       1   5.09152525e-02   6.72792959e-03
   269       2   6.37911966e-06   1.50146805e-10
   269       3   1.91828635e-14   0.00000000e+00
   270       1   6.16485888e-02   4.32702629e-03
   270       2   4.56685723e-06   1.01210121e-10
   270       3   1.37075838e-14   0.00000000e+00
   271       1   7.42849971e-02   1.96931621e-03
   271       2   2.55269861e-06   5.58866477e-11
   271       3   8.83553350e-15   0.00000000e+00
   272       1   8.95743046e-02   3.54346503e-04
   272       2   2.42974220e-07   8.26743067e-12
   272       3   1.68089998e-15   0.00000000e+00
   273       1   1.08689770e-01   2.65244217e-03
   273       2   2.50700066e-06   3.77046068e-11
   273       3   6.60728051e-15   0.00000000e+00
   274       1   1.33581787e-01   4.93292921e-03
   274       2   5.93586383e-06   8.25743920e-11
   274       3   1.59399337e-14   0.00000000e+00
   275       1   1.67755860e-01   7.20336924e-03
   275       2   1.04705820e-05   1.27982306e-10
   275       3   2.80327653e-14   0.00000000e+00
   276       1   2.18217427e-01   9.47103811e-03
   276       2   1.69623023e-05   1.74120789e-10
   276       3   4.63066188e-14   0.00000000e+00
   277       1   3.01306267e-01   1.17430266e-02
   277       2   2.73938117e-05   2.18665167e-10
   277       3   7.58994926e-14   0.00000000e+00
   278       1   4.66034960e-01   1.40263341e-02
   278       2   4.77092569e-05   2.64177566e-10
   278       3   1.32763530e-13   0.00000000e+00
   279       1   9.57474347e-01   1.63279578e-02
   279       2   1.07621990e-04   3.09788907e-10
   279       3   2.99251985e-13   0.00000000e+00
   280       1   8.25724615e+03   1.86549799e-02
   280       2   7.50193341e+02   3.55722186e-10
   280       3   2.06673006e-06   0.00000000e+00
   280       4   0.00000000e+00   0.00000000e+00
   281       1   1.00000016e+00   2.10146556e-02
   281       2   1.29142745e-04   4.02883757e-10
   281       3   3.56254704e-13   0.00000000e+00
   282       1   5.08826342e-01   2.34145034e-02
   282       2   6.92767862e-05   4.51361936e-10
   282       3   1.92217548e-13   0.00000000e+00
   283       1   3.44282574e-01   2.58624013e-02
   283       2   4.90397439e-05   5.00394312e-10
   283       3   1.36787388e-13   0.00000000e+00
   284       1   2.61420367e-01   2.83666900e-02
   284       2   3.87188588e-05   5.50838460e-10
   284       3   1.08848876e-13   0.00000000e+00
   285       1   2.11243770e-01   3.09362873e-02
   285       2   3.23708561e-05   6.02525895e-10
   285       3   9.09193060e-14   0.00000000e+00
   286       1   1.77418932e-01   3.35808168e-02
   286       2   2.80141016e-05   6.55483573e-10
   286       3   7.87269421e-14   0.00000000e+00
   287       1   1.52944510e-01   3.63107541e-02
   287       2   2.47989024e-05   7.11213817e-10
   287       3   7.02786207e-14   0.00000000e+00
   288       1   1.34319000e-01   3.91375964e-02
   288       2   2.23000780e-05   7.66361062e-10
   288       3   6.23945356e-14   0.00000000e+00
   289       1   1.19596457e-01   4.20740609e-02
   289       2   2.02811460e-05   8.24703105e-10
   289       3   5.66929197e-14   0.00000000e+00
   290       1   1.07608762e-01   4.51343197e-02
   290       2   1.85999938e-05   8.87388319e-10
   290       3   5.23377991e-14   0.00000000e+00
   291       1   9.76120948e-02   4.83342804e-02
   291       2   1.71659993e-05   9.49958475e-10
   291       3   4.80169711e-14   0.00000000e+00
   292       1   8.91101658e-02   5.16919251e-02
   292       2   1.59185899e-05   1.01873445e-09
   292       3   4.47427100e-14   0.00000000e+00
   293       1   8.17590311e-02   5.52277227e-02
   293       2   1.48156950e-05   1.08959307e-09
   293       3   4.17436147e-14   0.00000000e+00
   294       1   7.53126946e-02   5.89651356e-02
   294       2   1.38271467e-05   1.16692240e-09
   294       3   3.90873946e-14   0.00000000e+00
   295       1   6.95904681e-02   6.29312484e-02
   295       2   1.29307191e-05   1.24681225e-09
   295       3   3.64810500e-14   0.00000000e+00
   296       1   6.44565687e-02   6.71575540e-02
   296       2   1.21096518e-05   1.33162500e-09
   296       3   3.41300200e-14   0.00000000e+00
   297       1   5.98069148e-02   7.16809470e-02
   297       2   1.13510465e-05   1.42270097e-09
   297       3   3.20891730e-14   0.00000000e+00
   298       1   5.55603223e-02   7.65449919e-02
   298       2   1.06447981e-05   1.52269911e-09
   298       3   3.04948506e-14   0.00000000e+00
   299       1   5.16524784e-02   8.18015598e-02
   299       2   9.98286193e-06   1.62853215e-09
   299       3   2.82059305e-14   0.00000000e+00
   300       1   4.80317224e-02   8.75129647e-02
   300       2   9.35874098e-06   1.74457353e-09
   300       3   2.65115112e-14   0.00000000e+00
   301       1   4.46560300e-02   9.37547899e-02
   301       2   8.76711876e-06   1.87121130e-09
   301       3   2.48407607e-14   0.00000000e+00
   302       1   4.14908189e-02   1.00619677e-01
   302       2   8.20359209e-06   2.01106108e-09
   302       3   2.31878012e-14   0.00000000e+00
   303       1   3.85073253e-02   1.08222484e-01
   303       2   7.66447316e-06   2.16765556e-09
   303       3   2.18461778e-14   0.00000000e+00
   304       1   3.56813848e-02   1.16707435e-01
   304       2   7.14664070e-06   2.34149130e-09
   304       3   2.03453599e-14   0.00000000e+00
   305       1   3.29925044e-02   1.26258200e-01
   305       2   6.64742658e-06   2.53695308e-09
   305       3   1.86975106e-14   0.00000000e+00
   306       1   3.04231474e-02   1.37112437e-01
   306       2   6.16452820e-06   2.76125342e-09
   306       3   1.74523381e-14   0.00000000e+00
   307       1   2.79581754e-02   1.49583250e-01
   307       2   5.69594008e-06   3.01959703e-09
   307       3   1.61754527e-14   0.00000000e+00
   308       1   2.55844079e-02   1.64091762e-01
   308       2   5.23989973e-06   3.32211641e-09
   308       3   1.49928327e-14   0.00000000e+00
   309       1   2.32902722e-02   1.81218111e-01
   309       2   4.79484448e-06   3.67581163e-09
   309       3   1.37675960e-14   0.00000000e+00
   310       1   2.10655204e-02   2.01784299e-01
   310       2   4.35937648e-06   4.10584618e-09
   310       3   1.24974417e-14   0.00000000e+00
   311       1   1.89009996e-02   2.26994730e-01
   311       2   3.93223428e-06   4.63660172e-09
   311       3   1.11793985e-14   0.00000000e+00
   312       1   1.67884630e-02   2.58687359e-01
   312       2   3.51226924e-06   5.30608032e-09
   312       3   1.00462251e-14   0.00000000e+00
   313       1   1.47204129e-02   2.99811998e-01
   313       2   3.09842589e-06   6.18287823e-09
   313       3   8.96675977e-15   0.00000000e+00
   314       1   1.26899679e-02   3.55416975e-01
   314       2   2.68972534e-06   7.38419471e-09
   314       3   7.70325599e-15   0.00000000e+00
   315       1   1.06907514e-02   4.34906341e-01
   315       2   2.28525105e-06   9.11798505e-09
   315       3   6.59721417e-15   0.00000000e+00
   316       1   8.71679368e-03   5.57980405e-01
   316       2   1.88413646e-06   1.18522620e-08
   316       3   5.29942822e-15   0.00000000e+00
   317       1   6.76244687e-03   7.73779652e-01
   317       2   1.48555407e-06   1.67643244e-08
   317       3   4.36766720e-15   0.00000000e+00
   318       1   4.82230913e-03   1.24638612e+00
   318       2   1.08870562e-06   2.79499106e-08
   318       3   3.34354592e-15   0.00000000e+00
   319       1   2.89115518e-03   2.99614365e+00
   319       2   6.92813068e-07   7.24782739e-08
   319       3   2.11145830e-15   0.00000000e+00
   320       1   9.63871945e-04   8.54024845e+06
   320       2   2.97110092e-07   3.91928710e-01
   320       3   8.88178420e-16   3.96792206e-12