  TimeWindow  Iteration  ResRel(Mass-Left-Mesh:Displacement-Left)  ResRel(Mass-Left-Mesh:Displacement-Right)
     1       1   1.00000000e+00   1.00000000e+00
     1       2   6.19429051e-09   4.20710523e-10
     1       3   0.00000000e+00   0.00000000e+00
     2       1   7.23361389e-04   7.49939755e-01
     2       2   3.09862895e-08   7.28575178e-10
     2       3   0.00000000e+00   0.00000000e+00
     3       1   1.20642493e-03   5.55377010e-01
     3       2   5.58111913e-08   6.00798646e-10
     3       3   0.00000000e+00   0.00000000e+00
     4       1   1.69051539e-03   4.37183570e-01
     4       2   8.06810760e-08   4.93629279e-10
     4       3   0.00000000e+00   0.00000000e+00
     5       1   2.17595495e-03   3.59536989e-01
     5       2   1.05608135e-07   4.15432196e-10
     5       3   0.00000000e+00   0.00000000e+00
     6       1   2.66306974e-03   3.04941328e-01
     6       2   1.30604705e-07   3.57476836e-10
     6       3   1.11991467e-16   0.00000000e+00
     7       1   3.15219084e-03   2.64537880e-01
     7       2   1.55683302e-07   3.13199629e-10
     7       3   0.00000000e+00   0.00000000e+00
     8       1   3.64365530e-03   2.33450889e-01
     8       2   1.80856657e-07   2.78408469e-10
     8       3   2.25507583e-16   0.00000000e+00
     9       1   4.13780720e-03   2.08795238e-01
     9       2   2.06137750e-07   2.50384875e-10
     9       3   0.00000000e+00   0.00000000e+00
    10       1   4.63499879e-03   1.88760492e-01
    10       2   2.31539849e-07   2.27341787e-10
    10       3   0.00000000e+00   0.00000000e+00
    11       1   5.13559163e-03   1.72155193e-01
    11       2   2.57076548e-07   2.08097499e-10
    11       3   0.00000000e+00   0.00000000e+00
    12       1   5.63995787e-03   1.58163989e-01
    12       2   2.82761814e-07   1.91741729e-10
    12       3   1.14973970e-16   0.00000000e+00
    13       1   6.14848153e-03   1.46210444e-01
    13       2   3.08610025e-07   1.77684046e-10
    13       3   0.00000000e+00   0.00000000e+00
    14       1   6.66155990e-03   1.35875678e-01
    14       2   3.34636020e-07   1.65476951e-10
    14       3   2.32902851e-16   0.00000000e+00
    15       1   7.17960502e-03   1.26848065e-01
    15       2   3.60855152e-07   1.54769203e-10
    15       3   0.00000000e+00   0.00000000e+00
    16       1   7.70304533e-03   1.18891019e-01
    16       2   3.87283337e-07   1.45296353e-10
    16       3   0.00000000e+00   0.00000000e+00
    17       1   8.23232733e-03   1.11821715e-01
    17       2   4.13937114e-07   1.36850816e-10
    17       3   0.00000000e+00   0.00000000e+00
    18       1   8.76791746e-03   1.05496653e-01
    18       2   4.40833710e-07   1.29277138e-10
    18       3   1.20208585e-16   0.00000000e+00
    19       1   9.31030416e-03   9.98016327e-02
    19       2   4.67991106e-07   1.22452265e-10
    19       3   0.00000000e+00   0.00000000e+00
    20       1   9.85999999e-03   9.46446455e-02
    20       2   4.95428110e-07   1.16241223e-10
    20       3   2.45047875e-16   0.00000000e+00
    21       1   1.04175441e-02   8.99507345e-02
    21       2   5.23164440e-07   1.10580896e-10
    21       3   0.00000000e+00   0.00000000e+00
    22       1   1.09835048e-02   8.56582215e-02
    22       2   5.51220811e-07   1.05401260e-10
    22       3   1.25159963e-16   0.00000000e+00
    23       1   1.15584825e-02   8.17158919e-02
    23       2   5.79619029e-07   1.00623962e-10
    23       3   0.00000000e+00   0.00000000e+00
    24       1   1.21431128e-02   7.80808666e-02
    24       2   6.08382102e-07   9.62087817e-11
    24       3   1.28143869e-16   0.00000000e+00
    25       1   1.27380698e-02   7.47169721e-02
    25       2   6.37534353e-07   9.21412212e-11
    25       3   1.29776091e-16   0.00000000e+00
    26       1   1.33440706e-02   7.15934785e-02
    26       2   6.67101550e-07   8.83499310e-11
    26       3   0.00000000e+00   0.00000000e+00
    27       1   1.39618787e-02   6.86841129e-02
    27       2   6.97111047e-07   8.48130278e-11
    27       3   1.33343747e-16   0.00000000e+00
    28       1   1.45923094e-02   6.59662786e-02
    28       2   7.27591948e-07   8.14998955e-11
    28       3   1.35289442e-16   0.00000000e+00
    29       1   1.52362348e-02   6.34204333e-02
    29       2   7.58575279e-07   7.83995500e-11
    29       3   1.37350640e-16   0.00000000e+00
    30       1   1.58945897e-02   6.10295896e-02
    30       2   7.90094185e-07   7.54859580e-11
    30       3   0.00000000e+00   0.00000000e+00
    31       1   1.65683786e-02   5.87789098e-02
    31       2   8.22184154e-07   7.27365529e-11
    31       3   2.83690783e-16   0.00000000e+00
    32       1   1.72586824e-02   5.66553759e-02
    32       2   8.54883261e-07   7.01409781e-11
    32       3   2.88586665e-16   0.00000000e+00
    33       1   1.79666675e-02   5.46475182e-02
    33       2   8.88232448e-07   6.76855051e-11
    33       3   1.46885672e-16   0.00000000e+00
    34       1   1.86935947e-02   5.27451911e-02
    34       2   9.22275836e-07   6.53573720e-11
    34       3   1.49631356e-16   0.00000000e+00
    35       1   1.94408304e-02   5.09393867e-02
    35       2   9.57061085e-07   6.31444581e-11
    35       3   1.52540167e-16   0.00000000e+00
    36       1   2.02098580e-02   4.92220793e-02
    36       2   9.92639790e-07   6.10426877e-11
    36       3   1.55622828e-16   0.00000000e+00
    37       1   2.10022925e-02   4.75860944e-02
    37       2   1.02906794e-06   5.90366074e-11
    37       3   1.58891101e-16   0.00000000e+00
    38       1   2.18198958e-02   4.60249978e-02
    38       2   1.06640645e-06   5.71309027e-11
    38       3   1.62357915e-16   0.00000000e+00
    39       1   2.26645946e-02   4.45330023e-02
    39       2   1.10472176e-06   5.52906209e-11
    39       3   1.66037508e-16   0.00000000e+00
    40       1   2.35385017e-02   4.31048878e-02
    40       2   1.14408648e-06   5.35539346e-11
    40       3   3.39891175e-16   0.00000000e+00
    41       1   2.44439394e-02   4.17359324e-02
    41       2   1.18458027e-06   5.18558701e-11
    41       3   1.74099521e-16   0.00000000e+00
    42       1   2.53834676e-02   4.04218543e-02
    42       2   1.22629066e-06   5.02519076e-11
    42       3   3.57037103e-16   0.00000000e+00
    43       1   2.63599156e-02   3.91587607e-02
    43       2   1.26931418e-06   4.86879258e-11
    43       3   1.83224053e-16   0.00000000e+00
    44       1   2.73764198e-02   3.79431041e-02
    44       2   1.31375759e-06   4.71974919e-11
    44       3   3.76479648e-16   0.00000000e+00
    45       1   2.84364676e-02   3.67716443e-02
    45       2   1.35973930e-06   4.57515238e-11
    45       3   1.93592437e-16   0.00000000e+00
    46       1   2.95439491e-02   3.56414153e-02
    46       2   1.40739113e-06   4.43651296e-11
    46       3   1.99311641e-16   0.00000000e+00
    47       1   3.07032182e-02   3.45496958e-02
    47       2   1.45686028e-06   4.30174777e-11
    47       3   2.05430851e-16   0.00000000e+00
    48       1   3.19191648e-02   3.34939846e-02
    48       2   1.50831175e-06   4.17190239e-11
    48       3   2.11987712e-16   0.00000000e+00
    49       1   3.31973017e-02   3.24719774e-02
    49       2   1.56193120e-06   4.04571814e-11
    49       3   2.19024790e-16   0.00000000e+00
    50       1   3.45438681e-02   3.14815478e-02
    50       2   1.61792836e-06   3.92410275e-11
    50       3   3.39885580e-16   0.00000000e+00
    51       1   3.59659547e-02   3.05207295e-02
    51       2   1.67654120e-06   3.80540725e-11
    51       3   3.52109299e-16   0.00000000e+00
    52       1   3.74716562e-02   2.95877007e-02
    52       2   1.73804089e-06   3.69042896e-11
    52       3   2.43535189e-16   0.00000000e+00
    53       1   3.90702567e-02   2.86807709e-02
    53       2   1.80273801e-06   3.57887715e-11
    53       3   3.79574572e-16   0.00000000e+00
    54       1   4.07724585e-02   2.77983681e-02
    54       2   1.87099003e-06   3.46968923e-11
    54       3   3.95050022e-16   0.00000000e+00
    55       1   4.25906658e-02   2.69390283e-02
    55       2   1.94321071e-06   3.36310653e-11
    55       3   5.49166220e-16   0.00000000e+00
    56       1   4.45393386e-02   2.61013857e-02
    56       2   2.01988177e-06   3.25982385e-11
    56       3   4.30218421e-16   0.00000000e+00
    57       1   4.66354401e-02   2.52841636e-02
    57       2   2.10156766e-06   3.15909678e-11
    57       3   4.50280900e-16   0.00000000e+00
    58       1   4.88990052e-02   2.44861667e-02
    58       2   2.18893429e-06   3.06074513e-11
    58       3   4.72298154e-16   0.00000000e+00
    59       1   5.13538712e-02   2.37062742e-02
    59       2   2.28277316e-06   2.96444336e-11
    59       3   3.31034239e-16   0.00000000e+00
    60       1   5.40286286e-02   2.29434331e-02
    60       2   2.38403272e-06   2.87058101e-11
    60       3   5.23378100e-16   0.00000000e+00
    61       1   5.69578716e-02   2.21966525e-02
    61       2   2.49385960e-06   2.77833254e-11
    61       3   5.53187223e-16   0.00000000e+00
    62       1   6.01838650e-02   2.14649985e-02
    62       2   2.61365362e-06   2.68715509e-11
    62       3   5.86478636e-16   0.00000000e+00
    63       1   6.37588004e-02   2.07475890e-02
    63       2   2.74514217e-06   2.59796336e-11
    63       3   6.23870097e-16   0.00000000e+00
    64       1   6.77478971e-02   2.00435897e-02
    64       2   2.89048248e-06   2.51053953e-11
    64       3   4.44089373e-16   0.00000000e+00
    65       1   7.22337447e-02   1.93522100e-02
    65       2   3.05240488e-06   2.42500916e-11
    65       3   5.95207697e-16   0.00000000e+00
    66       1   7.73225059e-02   1.86726994e-02
    66       2   3.23441729e-06   2.34106355e-11
    66       3   6.41228574e-16   0.00000000e+00
    67       1   8.31529819e-02   1.80043441e-02
    67       2   3.44110422e-06   2.25910693e-11
    67       3   4.16727751e-16   0.00000000e+00
    68       1   8.99102114e-02   1.73464639e-02
    68       2   3.67857521e-06   2.17755672e-11
    68       3   7.56990267e-16   0.00000000e+00
    69       1   9.78464860e-02   1.66984095e-02
    69       2   3.95515785e-06   2.09642052e-11
    69       3   8.31055818e-16   0.00000000e+00
    70       1   1.07314976e-01   1.60595595e-02
    70       2   4.28250663e-06   2.01753770e-11
    70       3   9.20236612e-16   0.00000000e+00
    71       1   1.18825772e-01   1.54293186e-02
    71       2   4.67745098e-06   1.93885160e-11
    71       3   8.23663698e-16   0.00000000e+00
    72       1   1.33143961e-01   1.48071149e-02
    72       2   5.16522934e-06   1.86240741e-11
    72       3   9.33324724e-16   0.00000000e+00
    73       1   1.51471758e-01   1.41923977e-02
    73       2   5.78549529e-06   1.78586331e-11
    73       3   1.07469084e-15   0.00000000e+00
    74       1   1.75812792e-01   1.35846358e-02
    74       2   6.60432975e-06   1.71032032e-11
    74       3   1.10567353e-15   0.00000000e+00
    75       1   2.09773511e-01   1.29833156e-02
    75       2   7.74066785e-06   1.63618548e-11
    75       3   1.52869051e-15   0.00000000e+00
    76       1   2.60566728e-01   1.23879393e-02
    76       2   9.43236624e-06   1.56231732e-11
    76       3   1.68612345e-15   0.00000000e+00
    77       1   3.45022320e-01   1.17980232e-02
    77       2   1.22344054e-05   1.48903756e-11
    77       3   2.42983492e-15   0.00000000e+00
    78       1   5.13630433e-01   1.12130961e-02
    78       2   1.78117031e-05   1.41751520e-11
    78       3   3.18743236e-15   0.00000000e+00
    79       1   1.01885072e+00   1.06326979e-02
    79       2   3.44888732e-05   1.34455260e-11
    79       3   6.06349387e-15   0.00000000e+00
    80       1   2.14683097e+04   1.00563781e-02
    80       2   2.42402062e+00   1.27284360e-11
    80       3   4.43420203e-10   0.00000000e+00
    80       4   0.00000000e+00   0.00000000e+00
    81       1   9.99986126e-01   9.48369435e-03
    81       2   3.20483496e-05   1.20173681e-11
    81       3   5.80497899e-15   0.00000000e+00
    82       1   4.94825711e-01   8.91421130e-03
    82       2   1.53704055e-05   1.13263832e-11
    82       3   2.93257121e-15   0.00000000e+00
    83       1   3.26211827e-01   8.34749896e-03
    83       2   9.79079834e-06   1.06109702e-11
    83       3   1.89004023e-15   0.00000000e+00
    84       1   2.41734253e-01   7.78313159e-03
    84       2   6.98538588e-06   9.90400869e-12
    84       3   1.17258773e-15   0.00000000e+00
    85       1   1.90908885e-01   7.22068637e-03
    85       2   5.28930247e-06   9.21006888e-12
    85       3   8.43320292e-16   0.00000000e+00
    86       1   1.56907286e-01   6.65974212e-03
    86       2   4.14757352e-06   8.51983258e-12
    86       3   8.88750179e-16   0.00000000e+00
    87       1   1.32517072e-01   6.09987798e-03
    87       2   3.32233679e-06   7.81723183e-12
    87       3   4.62586901e-16   0.00000000e+00
    88       1   1.14131915e-01   5.54067218e-03
    88       2   2.69464662e-06   7.12866712e-12
    88       3   5.46389435e-16   0.00000000e+00
    89       1   9.97481744e-02   4.98170064e-03
    89       2   2.19840837e-06   6.43596667e-12
    89       3   3.68916876e-16   0.00000000e+00
    90       1   8.81635561e-02   4.42253567e-03
    90       2   1.79395210e-06   5.73198886e-12
    90       3   3.36392456e-16   0.00000000e+00
    91       1   7.86128564e-02   3.86274459e-03
    91       2   1.45602053e-06   5.04088101e-12
    91       3   6.19896270e-16   0.00000000e+00
    92       1   7.05858355e-02   3.30188827e-03
    92       2   1.16776294e-06   4.34628377e-12
    92       3   1.92047016e-16   0.00000000e+00
    93       1   6.37291486e-02   2.73951967e-03
    93       2   9.17500983e-07   3.64320238e-12
    93       3   1.79808188e-16   0.00000000e+00
    94       1   5.77903051e-02   2.17518223e-03
    94       2   6.96880627e-07   2.94358105e-12
    94       3   1.69417136e-16   0.00000000e+00
    95       1   5.25840440e-02   1.60840829e-03
    95       2   4.99763129e-07   2.23728470e-12
    95       3   0.00000000e+00   0.00000000e+00
    96       1   4.79713174e-02   1.03871729e-03
    96       2   3.21531878e-07   1.53484912e-12
    96       3   0.00000000e+00   0.00000000e+00
    97       1   4.38456916e-02   4.65613962e-04
    97       2   1.58643792e-07   8.17185853e-13
    97       3   1.46108834e-16   0.00000000e+00
    98       1   4.01242798e-02   1.11413673e-04
    98       2   8.33015113e-09   1.00392644e-13
    98       3   0.00000000e+00   0.00000000e+00
    99       1   3.67415379e-02   6.92896426e-04
    99       2   1.31608170e-07   6.20960358e-13
    99       3   0.00000000e+00   0.00000000e+00
   100       1   3.36449207e-02   1.27938623e-03
   100       2   2.62944143e-07   1.34930332e-12
   100       3   0.00000000e+00   0.00000000e+00
   101       1   3.07917784e-02   1.87145860e-03
   101       2   3.87127137e-07   2.08001458e-12
   101       3   1.26528337e-16   0.00000000e+00
   102       1   2.81470985e-02   2.46971538e-03
   102       2   5.05357620e-07   2.83342567e-12
   102       3   1.22966870e-16   0.00000000e+00
   103       1   2.56818362e-02   3.07478763e-03
   103       2   6.18642475e-07   3.57902616e-12
   103       3   1.19808781e-16   0.00000000e+00
   104       1   2.33716607e-02   3.68733885e-03
   104       2   7.27836620e-07   4.34381203e-12
   104       3   1.17008565e-16   0.00000000e+00
   105       1   2.11960023e-02   4.30806855e-03
   105       2   8.33674775e-07   5.11793923e-12
   105       3   1.14528356e-16   0.00000000e+00
   106       1   1.91373169e-02   4.93771610e-03
   106       2   9.36796038e-07   5.90235394e-12
   106       3   1.12336485e-16   0.00000000e+00
   107       1   1.71805139e-02   5.57706506e-03
   107       2   1.03776317e-06   6.70739992e-12
   107       3   4.41625489e-16   0.00000000e+00
   108       1   1.53125046e-02   6.22694792e-03
   108       2   1.13707790e-06   7.50341844e-12
   108       3   2.17431301e-16   0.00000000e+00
   109       1   1.35218431e-02   6.88825141e-03
   109       2   1.23519328e-06   8.32957791e-12
   109       3   2.14490964e-16   0.00000000e+00
   110       1   1.17984366e-02   7.56192238e-03
   110       2   1.33252379e-06   9.17289607e-12
   110       3   2.11960024e-16   0.00000000e+00
   111       1   1.01333109e-02   8.24897445e-03
   111       2   1.42945367e-06   1.00263241e-11
   111       3   4.19623734e-16   0.00000000e+00
   112       1   8.51841692e-03   8.95049534e-03
   112       2   1.52634399e-06   1.08938562e-11
   112       3   2.08024284e-16   0.00000000e+00
   113       1   6.94647095e-03   9.66765526e-03
   113       2   1.62353871e-06   1.17972368e-11
   113       3   2.06578914e-16   0.00000000e+00
   114       1   5.41081994e-03   1.04017162e-02
   114       2   1.72137002e-06   1.27062001e-11
   114       3   2.05460799e-16   0.00000000e+00
   115       1   3.90532745e-03   1.11540427e-02
   115       2   1.82016309e-06   1.36437417e-11
   115       3   2.04658035e-16   0.00000000e+00
   116       1   2.42427528e-03   1.19261135e-02
   116       2   1.92024043e-06   1.46053347e-11
   116       3   2.04161496e-16   0.00000000e+00
   117       1   9.62277424e-04   1.27195359e-02
   117       2   2.02192606e-06   1.56004709e-11
   117       3   2.03964623e-16   0.00000000e+00
   118       1   4.85796395e-04   1.35360606e-02
   118       2   2.12554951e-06   1.66058853e-11
   118       3   6.12189825e-16   0.00000000e+00
   119       1   1.92489016e-03   1.43776001e-02
   119       2   2.23144977e-06   1.76511399e-11
   119       3   4.08911236e-16   0.00000000e+00
   120       1   3.35982590e-03   1.52462493e-02
   120       2   2.33997942e-06   1.87354826e-11
   120       3   4.10284147e-16   0.00000000e+00
   121       1   4.79536476e-03   1.61443087e-02
   121       2   2.45150886e-06   1.98608183e-11
   121       3   2.06125299e-16   0.00000000e+00
   122       1   6.23626645e-03   1.70743123e-02
   122       2   2.56643090e-06   2.10220886e-11
   122       3   4.14820438e-16   0.00000000e+00
   123       1   7.68734870e-03   1.80390592e-02
   123       2   2.68516576e-06   2.22229216e-11
   123       3   4.18008185e-16   0.00000000e+00
   124       1   9.15354817e-03   1.90416510e-02
   124       2   2.80816658e-06   2.34764178e-11
   124       3   6.32749888e-16   0.00000000e+00
   125       1   1.06399846e-02   2.00855350e-02
   125       2   2.93592573e-06   2.47752648e-11
   125       3   6.39480459e-16   0.00000000e+00
   126       1   1.21520298e-02   2.11745553e-02
   126       2   3.06898195e-06   2.61236299e-11
   126       3   6.47249458e-16   0.00000000e+00
   127       1   1.36953841e-02   2.23130137e-02
   127       2   3.20792861e-06   2.75428461e-11
   127       3   4.37407789e-16   0.00000000e+00
   128       1   1.52761612e-02   2.35057408e-02
   128       2   3.35342340e-06   2.90212148e-11
   128       3   4.44088212e-16   0.00000000e+00
   129       1   1.69009864e-02   2.47581823e-02
   129       2   3.50619970e-06   3.05861658e-11
   129       3   6.77388236e-16   0.00000000e+00
   130       1   1.85771097e-02   2.60765011e-02
   130       2   3.66708013e-06   3.22382653e-11
   130       3   6.89969621e-16   0.00000000e+00
   131       1   2.03125390e-02   2.74677018e-02
   131       2   3.83699281e-06   3.39652917e-11
   131       3   7.03981955e-16   0.00000000e+00
   132       1   2.21161991e-02   2.89397806e-02
   132       2   4.01699092e-06   3.57964466e-11
   132       3   7.19548470e-16   0.00000000e+00
   133       1   2.39981229e-02   3.05019101e-02
   133       2   4.20827660e-06   3.77559014e-11
   133       3   6.14010985e-16   0.00000000e+00
   134       1   2.59696844e-02   3.21646648e-02
   134       2   4.41223025e-06   3.98167298e-11
   134       3   8.81935427e-16   0.00000000e+00
   135       1   2.80438851e-02   3.39403025e-02
   135       2   4.63044680e-06   4.20384162e-11
   135       3   9.06664125e-16   0.00000000e+00
   136       1   3.02357105e-02   3.58431146e-02
   136       2   4.86478091e-06   4.43994112e-11
   136       3   8.00634184e-16   0.00000000e+00
   137       1   3.25625767e-02   3.78898690e-02
   137       2   5.11740405e-06   4.69531326e-11
   137       3   9.64484109e-16   0.00000000e+00
   138       1   3.50448979e-02   4.01003728e-02
   138       2   5.39087689e-06   4.97075981e-11
   138       3   8.55667693e-16   0.00000000e+00
   139       1   3.77068143e-02   4.24981962e-02
   139       2   5.68824249e-06   5.26994575e-11
   139       3   1.03591500e-15   0.00000000e+00
   140       1   4.05771360e-02   4.51116135e-02
   140       2   6.01314732e-06   5.59510479e-11
   140       3   1.23193484e-15   0.00000000e+00
   141       1   4.36905852e-02   4.79748416e-02
   141       2   6.37000043e-06   5.95266654e-11
   141       3   1.12503178e-15   0.00000000e+00
   142       1   4.70894491e-02   5.11296902e-02
   142       2   6.76418569e-06   6.34557133e-11
   142       3   1.17800094e-15   0.00000000e+00
   143       1   5.08258168e-02   5.46277961e-02
   143       2   7.20234887e-06   6.78197443e-11
   143       3   1.23786488e-15   0.00000000e+00
   144       1   5.49646527e-02   5.85336934e-02
   144       2   7.69279228e-06   7.26874100e-11
   144       3   1.30589365e-15   0.00000000e+00
   145       1   5.95880981e-02   6.29291138e-02
   145       2   8.24602739e-06   7.81670850e-11
   145       3   1.38369796e-15   0.00000000e+00
   146       1   6.48016162e-02   6.79191280e-02
   146       2   8.87556401e-06   8.43838963e-11
   146       3   1.47335074e-15   0.00000000e+00
   147       1   7.07429711e-02   7.36411228e-02
   147       2   9.59906392e-06   9.15119079e-11
   147       3   1.69024801e-15   0.00000000e+00
   148       1   7.75956960e-02   8.02782663e-02
   148       2   1.04400710e-05   9.97949335e-11
   148       3   1.82138496e-15   0.00000000e+00
   149       1   8.56099063e-02   8.80803179e-02
   149       2   1.14306856e-05   1.09522850e-10
   149       3   1.97729096e-15   0.00000000e+00
   150       1   9.51355997e-02   9.73969233e-02
   150       2   1.26158422e-05   1.21127559e-10
   150       3   2.30973269e-15   0.00000000e+00
   151       1   1.06678155e-01   1.08733108e-01
   151       2   1.40604408e-05   1.35261038e-10
   151       3   2.55609478e-15   0.00000000e+00
   152       1   1.20995457e-01   1.22846387e-01
   152       2   1.58618248e-05   1.52854623e-10
   152       3   2.86532518e-15   0.00000000e+00
   153       1   1.39278266e-01   1.40927119e-01
   153       2   1.81729553e-05   1.75392784e-10
   153       3   3.26434338e-15   0.00000000e+00
   154       1   1.63510960e-01   1.64959200e-01
   154       2   2.12487591e-05   2.05345328e-10
   154       3   3.79801860e-15   0.00000000e+00
   155       1   1.97265180e-01   1.98513597e-01
   155       2   2.55480935e-05   2.47173464e-10
   155       3   4.54711925e-15   0.00000000e+00
   156       1   2.47683952e-01   2.48732169e-01
   156       2   3.19886569e-05   3.09764927e-10
   156       3   5.85047330e-15   0.00000000e+00
   157       1   3.31434165e-01   3.32279063e-01
   157       2   4.27117115e-05   4.13898665e-10
   157       3   7.78918734e-15   0.00000000e+00
   158       1   4.98517188e-01   4.99145927e-01
   158       2   6.41409185e-05   6.21920528e-10
   158       3   1.14946418e-14   0.00000000e+00
   159       1   9.98954494e-01   9.99282201e-01
   159       2   1.28393280e-04   1.24533633e-09
   159       3   2.26208647e-14   0.00000000e+00
   160       1   1.26121083e+04   2.31565724e+04
   160       2   2.61147837e+00   2.88659034e-05
   160       3   4.68691933e-10   3.74660323e-16
   160       4   0.00000000e+00   0.00000000e+00
   161       1   1.00004920e+00   1.00004318e+00
   161       2   1.28535972e-04   1.24685165e-09
   161       3   2.31533185e-14   0.00000000e+00
   162       1   4.99731036e-01   4.99842093e-01
   162       2   6.42741556e-05   6.23342335e-10
   162       3   1.16720558e-14   0.00000000e+00
   163       1   3.32670407e-01   3.32963143e-01
   163       2   4.28432376e-05   4.15327945e-10
   163       3   7.90746381e-15   0.00000000e+00
   164       1   2.48928424e-01   2.49411921e-01
   164       2   3.21196314e-05   3.11176402e-10
   164       3   5.67332496e-15   0.00000000e+00
   165       1   1.98513893e-01   1.99191238e-01
   165       2   2.56788647e-05   2.48571892e-10
   165       3   4.68930815e-15   0.00000000e+00
   166       1   1.64762436e-01   1.65635581e-01
   166       2   2.13794752e-05   2.06753393e-10
   166       3   3.79808005e-15   0.00000000e+00
   167       1   1.40531890e-01   1.41602621e-01
   167       2   1.83036962e-05   1.76786275e-10
   167       3   3.26438843e-15   0.00000000e+00
   168       1   1.22250976e-01   1.23521196e-01
   168       2   1.59926420e-05   1.54249266e-10
   168       3   2.86535959e-15   0.00000000e+00
   169       1   1.07935487e-01   1.09407314e-01
   169       2   1.41913723e-05   1.36650014e-10
   169       3   2.55612188e-15   0.00000000e+00
   170       1   9.63947577e-02   9.80705702e-02
   170       2   1.27469192e-05   1.22524865e-10
   170       3   2.45411423e-15   0.00000000e+00
   171       1   8.68709575e-02   8.87534192e-02
   171       2   1.15619355e-05   1.10909902e-10
   171       3   2.10912836e-15   0.00000000e+00
   172       1   7.88587413e-02   8.09508191e-02
   172       2   1.05715193e-05   1.01183368e-10
   172       3   1.94282569e-15   0.00000000e+00
   173       1   7.20081346e-02   7.43131129e-02
   173       2   9.73073469e-06   9.29153594e-11
   173       3   1.69025999e-15   0.00000000e+00
   174       1   6.60690389e-02   6.85905342e-02
   174       2   9.00748102e-06   8.57775412e-11
   174       3   1.89432042e-15   0.00000000e+00
   175       1   6.08579341e-02   6.35999097e-02
   175       2   8.37821419e-06   7.95546044e-11
   175       3   1.58137858e-15   0.00000000e+00
   176       1   5.62370671e-02   5.92038489e-02
   176       2   7.82527254e-06   7.40889638e-11
   176       3   1.30590089e-15   0.00000000e+00
   177       1   5.21009844e-02   5.52972781e-02
   177       2   7.33514656e-06   6.91958303e-11
   177       3   1.23787125e-15   0.00000000e+00
   178       1   4.83675536e-02   5.17984635e-02
   178       2   6.89732525e-06   6.48378841e-11
   178       3   1.17800657e-15   0.00000000e+00
   179       1   4.49718192e-02   4.86428691e-02
   179       2   6.50350687e-06   6.09045115e-11
   179       3   1.12503679e-15   0.00000000e+00
   180       1   4.18617008e-02   4.57788567e-02
   180       2   6.14704635e-06   5.73327990e-11
   180       3   1.23193996e-15   0.00000000e+00
   181       1   3.89949200e-02   4.31646151e-02
   181       2   5.82256062e-06   5.40818364e-11
   181       3   1.03591902e-15   0.00000000e+00
   182       1   3.63367642e-02   4.07659262e-02
   182       2   5.52564154e-06   5.10892657e-11
   182       3   9.98282590e-16   0.00000000e+00
   183       1   3.38584327e-02   3.85545146e-02
   183       2   5.25264366e-06   4.83360733e-11
   183       3   9.64487372e-16   0.00000000e+00
   184       1   3.15357960e-02   3.65068089e-02
   184       2   5.00052502e-06   4.57816509e-11
   184       3   9.34076166e-16   0.00000000e+00
   185       1   2.93484507e-02   3.46030009e-02
   185       2   4.76672618e-06   4.34119067e-11
   185       3   9.06666799e-16   0.00000000e+00
   186       1   2.72789926e-02   3.28263218e-02
   186       2   4.54907701e-06   4.11958472e-11
   186       3   7.55946732e-16   0.00000000e+00
   187       1   2.53124491e-02   3.11624790e-02
   187       2   4.34572431e-06   3.91214964e-11
   187       3   8.59617583e-16   0.00000000e+00
   188       1   2.34358323e-02   2.95992138e-02
   188       2   4.15507476e-06   3.71613530e-11
   188       3   7.19550186e-16   0.00000000e+00
   189       1   2.16377831e-02   2.81259503e-02
   189       2   3.97574968e-06   3.53267763e-11
   189       3   7.03983514e-16   0.00000000e+00
   190       1   1.99082846e-02   2.67335150e-02
   190       2   3.80654885e-06   3.35961326e-11
   190       3   5.74975864e-16   0.00000000e+00
   191       1   1.82384296e-02   2.54139105e-02
   191       2   3.64642112e-06   3.19528688e-11
   191       3   6.77389519e-16   0.00000000e+00
   192       1   1.66202290e-02   2.41601309e-02
   192       2   3.49444067e-06   3.03832933e-11
   192       3   4.44088985e-16   0.00000000e+00
   193       1   1.50464535e-02   2.29660121e-02
   193       2   3.34978732e-06   2.89017748e-11
   193       3   4.37408486e-16   0.00000000e+00
   194       1   1.35105005e-02   2.18261071e-02
   194       2   3.21173037e-06   2.74781386e-11
   194       3   4.31500264e-16   0.00000000e+00
   195       1   1.20062805e-02   2.07355840e-02
   195       2   3.07961510e-06   2.61139505e-11
   195       3   4.26320864e-16   0.00000000e+00
   196       1   1.05281204e-02   1.96901395e-02
   196       2   2.95285133e-06   2.48164372e-11
   196       3   4.21833752e-16   0.00000000e+00
   197       1   9.07067769e-03   1.86859281e-02
   197       2   2.83090388e-06   2.35641828e-11
   197       3   4.18008617e-16   0.00000000e+00
   198       1   7.62886495e-03   1.77195008e-02
   198       2   2.71328425e-06   2.23580223e-11
   198       3   4.14820812e-16   0.00000000e+00
   199       1   6.19778108e-03   1.67877547e-02
   199       2   2.59954356e-06   2.11945265e-11
   199       3   6.18376372e-16   0.00000000e+00
   200       1   4.77264756e-03   1.58878887e-02
   200       2   2.48926632e-06   2.00680520e-11
   200       3   4.10284408e-16   0.00000000e+00
   201       1   3.34874796e-03   1.50173672e-02
   201       2   2.38206491e-06   1.89841172e-11
   201       3   2.04455721e-16   0.00000000e+00
   202       1   1.92136902e-03   1.41738878e-02
   202       2   2.27757471e-06   1.79298683e-11
   202       3   4.08126702e-16   0.00000000e+00
   203       1   4.85741905e-04   1.33553537e-02
   203       2   2.17544953e-06   1.69113285e-11
   203       3   2.03964673e-16   0.00000000e+00
   204       1   9.63018236e-04   1.25598504e-02
   204       2   2.07535749e-06   1.59215912e-11
   204       3   6.12484555e-16   0.00000000e+00
   205       1   2.42997570e-03   1.17856250e-02
   205       2   1.97697701e-06   1.49482966e-11
   205       3   6.13974091e-16   0.00000000e+00
   206       1   3.92044266e-03   1.10310682e-02
   206       2   1.87999296e-06   1.40100327e-11
   206       3   2.05460767e-16   0.00000000e+00
   207       1   5.44005448e-03   1.02946986e-02
   207       2   1.78409279e-06   1.30955763e-11
   207       3   2.06578853e-16   0.00000000e+00
   208       1   6.99485433e-03   9.57514952e-03
   208       2   1.68896257e-06   1.21985528e-11
   208       3   4.16048387e-16   0.00000000e+00
   209       1   8.59138984e-03   8.87115627e-03
   209       2   1.59428281e-06   1.13197506e-11
   209       3   4.19623490e-16   0.00000000e+00
   210       1   1.02368253e-02   8.18154602e-03
   210       2   1.49972392e-06   1.04622496e-11
   210       3   4.23919738e-16   0.00000000e+00
   211       1   1.19390735e-02   7.50522823e-03
   211       2   1.40494123e-06   9.60669904e-12
   211       3   2.14490775e-16   0.00000000e+00
   212       1   1.37069534e-02   6.84118635e-03
   212       2   1.30956923e-06   8.77269712e-12
   212       3   0.00000000e+00   0.00000000e+00
   213       1   1.55503787e-02   6.18847043e-03
   213       2   1.21321498e-06   7.96348360e-12
   213       3   2.20812478e-16   0.00000000e+00
   214       1   1.74805892e-02   5.54619050e-03
   214       2   1.11545026e-06   7.16710468e-12
   214       3   1.12336330e-16   0.00000000e+00
   215       1   1.95104342e-02   4.91351067e-03
   215       2   1.01580217e-06   6.37647503e-12
   215       3   1.14528177e-16   0.00000000e+00
   216       1   2.16547250e-02   4.28964381e-03
   216       2   9.13741605e-07   5.59110314e-12
   216       3   2.34016721e-16   0.00000000e+00
   217       1   2.39306774e-02   3.67384679e-03
   217       2   8.08668967e-07   4.82333612e-12
   217       3   1.19808547e-16   0.00000000e+00
   218       1   2.63584736e-02   3.06541616e-03
   218       2   6.99896241e-07   4.06767933e-12
   218       3   1.22966603e-16   0.00000000e+00
   219       1   2.89619825e-02   2.46368426e-03
   219       2   5.86624120e-07   3.31383355e-12
   219       3   1.26528034e-16   0.00000000e+00
   220       1   3.17696948e-02   1.86801565e-03
   220       2   4.67912463e-07   2.57373552e-12
   220       3   1.30547852e-16   0.00000000e+00
   221       1   3.48159520e-02   1.27780393e-03
   221       2   3.42641610e-07   1.83863158e-12
   221       3   0.00000000e+00   0.00000000e+00
   222       1   3.81425839e-02   6.92468725e-04
   222       2   2.09460967e-07   1.10691539e-12
   222       3   0.00000000e+00   0.00000000e+00
   223       1   4.18011225e-02   1.11453008e-04
   223       2   6.67195941e-08   3.82776392e-13
   223       3   0.00000000e+00   0.00000000e+00
   224       1   4.58558452e-02   4.65779392e-04
   224       2   8.76290807e-08   3.48035679e-13
   224       3   0.00000000e+00   0.00000000e+00
   225       1   5.03880342e-02   1.03974611e-03
   225       2   2.56160524e-07   1.05790366e-12
   225       3   1.60507890e-16   0.00000000e+00
   226       1   5.55020603e-02   1.61094839e-03
   226       2   4.42169338e-07   1.77778014e-12
   226       3   0.00000000e+00   0.00000000e+00
   227       1   6.13342732e-02   2.17987307e-03
   227       2   6.49947168e-07   2.48616915e-12
   227       3   0.00000000e+00   0.00000000e+00
   228       1   6.80663362e-02   2.74699446e-03
   228       2   8.85199448e-07   3.19130578e-12
   228       3   1.92045895e-16   0.00000000e+00
   229       1   7.59458338e-02   3.31277613e-03
   229       2   1.15568932e-06   3.90950016e-12
   229       3   2.06630742e-16   0.00000000e+00
   230       1   8.53192419e-02   3.87767255e-03
   230       2   1.47226779e-06   4.60705667e-12
   230       3   2.24259990e-16   0.00000000e+00
   231       1   9.66868779e-02   4.44213066e-03
   231       2   1.85059052e-06   5.30986102e-12
   231       3   4.91885065e-16   0.00000000e+00
   232       1   1.10799061e-01   5.00659147e-03
   232       2   2.31412208e-06   6.02944410e-12
   232       3   4.09788153e-16   0.00000000e+00
   233       1   1.28834695e-01   5.57149141e-03
   233       2   2.89971510e-06   6.72823498e-12
   233       3   4.62581744e-16   0.00000000e+00
   234       1   1.52758430e-01   6.13726387e-03
   234       2   3.66876830e-06   7.43133031e-12
   234       3   7.10990731e-16   0.00000000e+00
   235       1   1.86106411e-01   6.70434048e-03
   235       2   4.73177387e-06   8.14197155e-12
   235       3   6.32480006e-16   0.00000000e+00
   236       1   2.35950628e-01   7.27315253e-03
   236       2   6.30968469e-06   8.85999007e-12
   236       3   1.04227884e-15   0.00000000e+00
   237       1   3.18791874e-01   7.84413230e-03
   237       2   8.91801170e-06   9.56304085e-12
   237       3   1.54635368e-15   0.00000000e+00
   238       1   4.84130964e-01   8.41771436e-03
   238       2   1.41031857e-05   1.02764135e-11
   238       3   2.54995445e-15   0.00000000e+00
   239       1   9.79457482e-01   8.99433697e-03
   239       2   2.95966463e-05   1.10116080e-11
   239       3   5.29974588e-15   0.00000000e+00
   240       1   1.43180136e+04   9.57444336e-03
   240       2   3.09064294e-01   1.17322001e-11
   240       3   5.58662516e-11   0.00000000e+00
   241       1   1.00009913e+00   1.01584831e-02
   241       2   3.22096452e-05   1.24632765e-11
   241       3   5.69275644e-15   0.00000000e+00
   242       1   5.04681273e-01   1.07469137e-02
   242       2   1.67130009e-05   1.32031852e-11
   242       3   2.94237495e-15   0.00000000e+00
   243       1   3.39342128e-01   1.13402015e-02
   243       2   1.15294036e-05   1.39362436e-11
   243       3   1.94392559e-15   0.00000000e+00
   244       1   2.56520824e-01   1.19388239e-02
   244       2   8.92419336e-06   1.46980078e-11
   244       3   1.56572118e-15   0.00000000e+00
   245       1   2.06707814e-01   1.25432702e-02
   245       2   7.35054886e-06   1.54528254e-11
   245       3   1.14653863e-15   0.00000000e+00
   246       1   1.73400201e-01   1.31540438e-02
   246       2   6.29286966e-06   1.62209250e-11
   246       3   1.26364608e-15   0.00000000e+00
   247       1   1.49525335e-01   1.37716632e-02
   247       2   5.53017986e-06   1.69857012e-11
   247       3   1.07470492e-15   0.00000000e+00
   248       1   1.31546860e-01   1.43966646e-02
   248       2   4.95198586e-06   1.77719775e-11
   248       3   9.33335485e-16   0.00000000e+00
   249       1   1.17500091e-01   1.50296030e-02
   249       2   4.49689692e-06   1.85659501e-11
   249       3   8.23672184e-16   0.00000000e+00
   250       1   1.06206178e-01   1.56710546e-02
   250       2   4.12807377e-06   1.93793527e-11
   250       3   7.36196148e-16   0.00000000e+00
   251       1   9.69149067e-02   1.63216189e-02
   251       2   3.82206897e-06   2.01800310e-11
   251       3   8.31062885e-16   0.00000000e+00
   252       1   8.91260993e-02   1.69819210e-02
   252       2   3.56324713e-06   2.10136683e-11
   252       3   7.56996189e-16   0.00000000e+00
   253       1   8.24934500e-02   1.76526139e-02
   253       2   3.34078045e-06   2.18586979e-11
   253       3   5.55641026e-16   0.00000000e+00
   254       1   7.67695698e-02   1.83343812e-02
   254       2   3.14693180e-06   2.27129973e-11
   254       3   5.12986318e-16   0.00000000e+00
   255       1   7.17730153e-02   1.90279399e-02
   255       2   2.97602467e-06   2.35902035e-11
   255       3   5.95211450e-16   0.00000000e+00
   256       1   6.73676818e-02   1.97340437e-02
   256       2   2.82379931e-06   2.44662451e-11
   256       3   4.44092002e-16   0.00000000e+00
   257       1   6.34494687e-02   2.04534861e-02
   257       2   2.68699613e-06   2.53752371e-11
   257       3   4.15915718e-16   0.00000000e+00
   258       1   5.99373900e-02   2.11871041e-02
   258       2   2.56307796e-06   2.62924268e-11
   258       3   5.86481726e-16   0.00000000e+00
   259       1   5.67674922e-02   2.19357825e-02
   259       2   2.45004003e-06   2.72346409e-11
   259       3   3.68793323e-16   0.00000000e+00
   260       1   5.38885967e-02   2.27004577e-02
   260       2   2.34627693e-06   2.81872787e-11
   260       3   5.23380580e-16   0.00000000e+00
   261       1   5.12592583e-02   2.34821231e-02
   261       2   2.25048758e-06   2.91827934e-11
   261       3   3.31035732e-16   0.00000000e+00
   262       1   4.88455536e-02   2.42818338e-02
   262       2   2.16160612e-06   3.01862988e-11
   262       3   4.72300183e-16   0.00000000e+00
   263       1   4.66194460e-02   2.51007130e-02
   263       2   2.07875080e-06   3.12100306e-11
   263       3   3.00188497e-16   0.00000000e+00
   264       1   4.45575595e-02   2.59399580e-02
   264       2   2.00118573e-06   3.22609547e-11
   264       3   4.30220107e-16   0.00000000e+00
   265       1   4.26402471e-02   2.68008473e-02
   265       2   1.92829166e-06   3.33443640e-11
   265       3   4.11876209e-16   0.00000000e+00
   266       1   4.08508735e-02   2.76847488e-02
   266       2   1.85954366e-06   3.44646589e-11
   266       3   3.95051441e-16   0.00000000e+00
   267       1   3.91752579e-02   2.85931284e-02
   267       2   1.79449363e-06   3.56048983e-11
   267       3   3.79575880e-16   0.00000000e+00
   268       1   3.76012353e-02   2.95275597e-02
   268       2   1.73275664e-06   3.67809387e-11
   268       3   2.43535994e-16   0.00000000e+00
   269       1   3.61183098e-02   3.04897351e-02
   269       2   1.67400005e-06   3.79880578e-11
   269       3   3.52110418e-16   0.00000000e+00
   270       1   3.47173759e-02   3.14814777e-02
   270       2   1.61793481e-06   3.92474270e-11
   270       3   3.39886618e-16   0.00000000e+00
   271       1   3.33904945e-02   3.25047556e-02
   271       2   1.56430846e-06   4.05408489e-11
   271       3   4.38050866e-16   0.00000000e+00
   272       1   3.21307108e-02   3.35616968e-02
   272       2   1.51289944e-06   4.18623237e-11
   272       3   2.11988311e-16   0.00000000e+00
   273       1   3.09319051e-02   3.46546069e-02
   273       2   1.46351239e-06   4.32343889e-11
   273       3   2.05431409e-16   0.00000000e+00
   274       1   2.97886701e-02   3.57859889e-02
   274       2   1.41597434e-06   4.46584754e-11
   274       3   1.99312163e-16   0.00000000e+00
   275       1   2.86962089e-02   3.69585652e-02
   275       2   1.37013153e-06   4.61386788e-11
   275       3   1.93592925e-16   0.00000000e+00
   276       1   2.76502506e-02   3.81753034e-02
   276       2   1.32584672e-06   4.76853871e-11
   276       3   1.88240282e-16   0.00000000e+00
   277       1   2.66469787e-02   3.94394452e-02
   277       2   1.28299698e-06   4.92764390e-11
   277       3   1.83224482e-16   0.00000000e+00
   278       1   2.56829719e-02   4.07545396e-02
   278       2   1.24147184e-06   5.09392888e-11
   278       3   1.78518954e-16   0.00000000e+00
   279       1   2.47551529e-02   4.21244807e-02
   279       2   1.20117167e-06   5.26714753e-11
   279       3   1.74099899e-16   0.00000000e+00
   280       1   2.38607453e-02   4.35535520e-02
   280       2   1.16200634e-06   5.44647539e-11
   280       3   1.69945943e-16   0.00000000e+00
   281       1   2.29972373e-02   4.50464769e-02
   281       2   1.12389405e-06   5.63618759e-11
   281       3   1.66037843e-16   0.00000000e+00
   282       1   2.21623498e-02   4.66084774e-02
   282       2   1.08676040e-06   5.83422810e-11
   282       3   1.62358231e-16   0.00000000e+00
   283       1   2.13540092e-02   4.82453425e-02
   283       2   1.05053745e-06   6.04094415e-11
   283       3   1.58891398e-16   0.00000000e+00
   284       1   2.05703240e-02   4.99635084e-02
   284       2   1.01516304e-06   6.25811602e-11
   284       3   1.55623109e-16   0.00000000e+00
   285       1   1.98095648e-02   5.17701518e-02
   285       2   9.80580166e-07   6.48752976e-11
   285       3   1.52540432e-16   0.00000000e+00
   286       1   1.90701461e-02   5.36733011e-02
   286       2   9.46736360e-07   6.72898923e-11
   286       3   1.49631606e-16   0.00000000e+00
   287       1   1.83506109e-02   5.56819671e-02
   287       2   9.13583254e-07   6.98397479e-11
   287       3   1.46885908e-16   0.00000000e+00
   288       1   1.76496176e-02   5.78062988e-02
   288       2   8.81076141e-07   7.25268626e-11
   288       3   1.44293555e-16   0.00000000e+00
   289       1   1.69659277e-02   6.00577701e-02
   289       2   8.49173595e-07   7.53823520e-11
   289       3   1.41845602e-16   0.00000000e+00
   290       1   1.62983954e-02   6.24494040e-02
   290       2   8.17837145e-07   7.84202042e-11
   290       3   1.39533860e-16   0.00000000e+00
   291       1   1.56459584e-02   6.49960441e-02
   291       2   7.87030982e-07   8.16769995e-11
   291       3   1.37350827e-16   0.00000000e+00
   292       1   1.50076298e-02   6.77146855e-02
   292       2   7.56721700e-07   8.51251042e-11
   292       3   1.35289619e-16   0.00000000e+00
   293       1   1.43824904e-02   7.06248799e-02
   293       2   7.26878066e-07   8.88210193e-11
   293       3   2.66687829e-16   0.00000000e+00
   294       1   1.37696828e-02   7.37492358e-02
   294       2   6.97470815e-07   9.28117696e-11
   294       3   1.31507903e-16   0.00000000e+00
   295       1   1.31684052e-02   7.71140421e-02
   295       2   6.68472461e-07   9.71125068e-11
   295       3   2.59552481e-16   0.00000000e+00
   296       1   1.25779063e-02   8.07500487e-02
   296       2   6.39857142e-07   1.01752373e-10
   296       3   1.28144009e-16   0.00000000e+00
   297       1   1.19974807e-02   8.46934559e-02
   297       2   6.11600464e-07   1.06800107e-10
   297       3   0.00000000e+00   0.00000000e+00
   298       1   1.14264647e-02   8.89871791e-02
   298       2   5.83679371e-07   1.12292805e-10
   298       3   0.00000000e+00   0.00000000e+00
   299       1   1.08642323e-02   9.36824820e-02
   299       2   5.56072023e-07   1.18309881e-10
   299       3   1.23800388e-16   0.00000000e+00
   300       1   1.03101920e-02   9.88411109e-02
   300       2   5.28757689e-07   1.24928948e-10
   300       3   1.22524047e-16   0.00000000e+00
   301       1   9.76378390e-03   1.04538118e-01
   301       2   5.01716645e-07   1.32260272e-10
   301       3   0.00000000e+00   0.00000000e+00
   302       1   9.22447632e-03   1.10865651e-01
   302       2   4.74930087e-07   1.40404691e-10
   302       3   0.00000000e+00   0.00000000e+00
   303       1   8.69176367e-03   1.17938111e-01
   303       2   4.48380045e-07   1.49531805e-10
   303       3   0.00000000e+00   0.00000000e+00
   304       1   8.16516392e-03   1.25899297e-01
   304       2   4.22049308e-07   1.59817879e-10
   304       3   1.18190966e-16   0.00000000e+00
   305       1   7.64421651e-03   1.34932498e-01
   305       2   3.95921359e-07   1.71526113e-10
   305       3   2.34575071e-16   0.00000000e+00
   306       1   7.12848030e-03   1.45275028e-01
   306       2   3.69980305e-07   1.84957220e-10
   306       3   1.16451496e-16   0.00000000e+00
   307       1   6.61753178e-03   1.57239701e-01
   307       2   3.44210821e-07   2.00551465e-10
   307       3   1.15680915e-16   0.00000000e+00
   308       1   6.11096338e-03   1.71247407e-01
   308       2   3.18598095e-07   2.18867414e-10
   308       3   1.14974030e-16   0.00000000e+00
   309       1   5.60838185e-03   1.87878132e-01
   309       2   2.93127773e-07   2.40673229e-10
   309       3   1.14329245e-16   0.00000000e+00
   310       1   5.10940684e-03   2.07953835e-01
   310       2   2.67785920e-07   2.67137741e-10
   310       3   0.00000000e+00   0.00000000e+00
   311       1   4.61366950e-03   2.32679039e-01
   311       2   2.42558965e-07   2.99894773e-10
   311       3   1.13220366e-16   0.00000000e+00
   312       1   4.12081116e-03   2.63892073e-01
   312       2   2.17433664e-07   3.41506489e-10
   312       3   0.00000000e+00   0.00000000e+00
   313       1   3.63048218e-03   3.04543547e-01
   313       2   1.92397061e-07   3.96123587e-10
   313       3   1.12344501e-16   0.00000000e+00
   314       1   3.14234070e-03   3.59683355e-01
   314       2   1.67436447e-07   4.70946246e-10
   314       3   0.00000000e+00   0.00000000e+00
   315       1   2.65605162e-03   4.38718621e-01
   315       2   1.42539322e-07   5.79553177e-10
   315       3   1.11694056e-16   0.00000000e+00
   316       1   2.17128547e-03   5.61356053e-01
   316       2   1.17693366e-07   7.51010691e-10
   316       3   1.11451550e-16   0.00000000e+00
   317       1   1.68771742e-03   7.76751084e-01
   317       2   9.28863988e-08   1.05962010e-09
   317       3   0.00000000e+00   0.00000000e+00
   318       1   1.20502631e-03   1.24902792e+00
   318       2   6.81063513e-08   1.76302723e-09
   318       3   0.00000000e+00   0.00000000e+00
   319       1   7.22893634e-04   2.99867396e+00
   319       2   4.33412313e-08   4.56330010e-09
   319       3   0.00000000e+00   0.00000000e+00
   320       1   2.41002609e-04   4.17222278e+05
   320       2   1.85790914e-08   8.63918012e-04
   320       3   0.00000000e+00   0.00000000e+00
   321       1   2.40962744e-04   1.00000240e+00
   321       2   6.19200163e-09   4.20560847e-10
   321       3   0.00000000e+00   0.00000000e+00
   322       1   7.23318553e-04   7.49963308e-01
   322       2   3.09839983e-08   7.28585223e-10
   322       3   0.00000000e+00   0.00000000e+00
   323       1   1.20638202e-03   5.55390855e-01
   323       2   5.58088967e-08   6.00806633e-10
   323       3   0.00000000e+00   0.00000000e+00
   324       1   1.69047237e-03   4.37192308e-01
   324       2   8.06787766e-08   4.93643535e-10
   324       3   0.00000000e+00   0.00000000e+00
   325       1   2.17591180e-03   3.59542949e-01
   325       2   1.05605830e-07   4.15440161e-10
   325       3   1.11694008e-16   0.00000000e+00
   326       1   2.66302643e-03   3.04945638e-01
   326       2   1.30602393e-07   3.57489089e-10
   326       3   0.00000000e+00   0.00000000e+00
   327       1   3.15214735e-03   2.64541138e-01
   327       2   1.55680983e-07   3.13216913e-10
   327       3   0.00000000e+00   0.00000000e+00
   328       1   3.64361159e-03   2.33453437e-01
   328       2   1.80854329e-07   2.78406679e-10
   328       3   0.00000000e+00   0.00000000e+00
   329       1   4.13776324e-03   2.08797286e-01
   329       2   2.06135411e-07   2.50389877e-10
   329       3   1.13220278e-16   0.00000000e+00
   330       1   4.63495454e-03   1.88762173e-01
   330       2   2.31537499e-07   2.27349407e-10
   330       3   1.13745022e-16   0.00000000e+00
   331       1   5.13554707e-03   1.72156598e-01
   331       2   2.57074185e-07   2.08085194e-10
   331       3   1.14329136e-16   0.00000000e+00
   332       1   5.63991297e-03   1.58165182e-01
   332       2   2.82759437e-07   1.91741617e-10
   332       3   0.00000000e+00   0.00000000e+00
   333       1   6.14843625e-03   1.46211469e-01
   333       2   3.08607633e-07   1.77685676e-10
   333       3   0.00000000e+00   0.00000000e+00
   334       1   6.66151420e-03   1.35876569e-01
   334       2   3.34633612e-07   1.65477798e-10
   334       3   0.00000000e+00   0.00000000e+00
   335       1   7.17955888e-03   1.26848847e-01
   335       2   3.60852726e-07   1.54765212e-10
   335       3   0.00000000e+00   0.00000000e+00
   336       1   7.70299870e-03   1.18891711e-01
   336       2   3.87280892e-07   1.45293836e-10
   336       3   0.00000000e+00   0.00000000e+00
   337       1   8.23228017e-03   1.11822332e-01
   337       2   4.13934648e-07   1.36858390e-10
   337       3   1.19163730e-16   0.00000000e+00
   338       1   8.76786973e-03   1.05497206e-01
   338       2   4.40831222e-07   1.29273642e-10
   338       3   0.00000000e+00   0.00000000e+00
   339       1   9.31025581e-03   9.98021327e-02
   339       2   4.67988594e-07   1.22446032e-10
   339       3   1.21327604e-16   0.00000000e+00
   340       1   9.85995099e-03   9.46450995e-02
   340       2   4.95425572e-07   1.16235200e-10
   340       3   1.22523828e-16   0.00000000e+00
   341       1   1.04174944e-02   8.99511486e-02
   341       2   5.23161875e-07   1.10577099e-10
   341       3   0.00000000e+00   0.00000000e+00
   342       1   1.09834544e-02   8.56586010e-02
   342       2   5.51218216e-07   1.05397782e-10
   342       3   2.50319677e-16   0.00000000e+00
   343       1   1.15584312e-02   8.17162411e-02
   343       2   5.79616404e-07   1.00624595e-10
   343       3   0.00000000e+00   0.00000000e+00
   344       1   1.21430606e-02   7.80811892e-02
   344       2   6.08379444e-07   9.62186554e-11
   344       3   1.28143728e-16   0.00000000e+00
   345       1   1.27380168e-02   7.47172710e-02
   345       2   6.37531659e-07   9.21452616e-11
   345       3   1.29775942e-16   0.00000000e+00
   346       1   1.33440165e-02   7.15937565e-02
   346       2   6.67098817e-07   8.83434390e-11
   346       3   1.31507587e-16   0.00000000e+00
   347       1   1.39618236e-02   6.86843722e-02
   347       2   6.97108274e-07   8.48093847e-11
   347       3   1.33343580e-16   0.00000000e+00
   348       1   1.45922531e-02   6.59665210e-02
   348       2   7.27589133e-07   8.14990304e-11
   348       3   1.35289265e-16   0.00000000e+00
   349       1   1.52361773e-02   6.34206606e-02
   349       2   7.58572418e-07   7.83956176e-11
   349       3   0.00000000e+00   0.00000000e+00
   350       1   1.58945310e-02   6.10298033e-02
   350       2   7.90091275e-07   7.54791617e-11
   350       3   1.39533462e-16   0.00000000e+00
   351       1   1.65683184e-02   5.87791112e-02
   351       2   8.22181192e-07   7.27241566e-11
   351       3   1.41845181e-16   0.00000000e+00
   352       1   1.72586208e-02   5.66555661e-02
   352       2   8.54880244e-07   7.01401280e-11
   352       3   1.44293109e-16   0.00000000e+00
   353       1   1.79666043e-02   5.46476982e-02
   353       2   8.88229371e-07   6.76893185e-11
   353       3   1.46885436e-16   0.00000000e+00
   354       1   1.86935298e-02   5.27453617e-02
   354       2   9.22272697e-07   6.53594736e-11
   354       3   1.49631105e-16   0.00000000e+00
   355       1   1.94407636e-02   5.09395488e-02
   355       2   9.57057878e-07   6.31547591e-11
   355       3   1.52539902e-16   0.00000000e+00
   356       1   2.02097893e-02   4.92222336e-02
   356       2   9.92636510e-07   6.10443271e-11
   356       3   1.55622547e-16   0.00000000e+00
   357       1   2.10022217e-02   4.75862414e-02
   357       2   1.02906459e-06   5.90413389e-11
   357       3   1.58890803e-16   0.00000000e+00
   358       1   2.18198227e-02   4.60251381e-02
   358       2   1.06640302e-06   5.71280073e-11
   358       3   1.62357599e-16   0.00000000e+00
   359       1   2.26645191e-02   4.45331366e-02
   359       2   1.10471823e-06   5.52859202e-11
   359       3   1.66037172e-16   0.00000000e+00
   360       1   2.35384235e-02   4.31050163e-02
   360       2   1.14408286e-06   5.35457394e-11
   360       3   1.69945231e-16   0.00000000e+00
   361       1   2.44438584e-02   4.17360557e-02
   361       2   1.18457654e-06   5.18680638e-11
   361       3   3.48198284e-16   0.00000000e+00
   362       1   2.53833836e-02   4.04219727e-02
   362       2   1.22628682e-06   5.02339884e-11
   362       3   3.57036297e-16   0.00000000e+00
   363       1   2.63598282e-02   3.91588745e-02
   363       2   1.26931022e-06   4.86848414e-11
   363       3   3.66447247e-16   0.00000000e+00
   364       1   2.73763287e-02   3.79432137e-02
   364       2   1.31375350e-06   4.72023672e-11
   364       3   1.88239367e-16   0.00000000e+00
   365       1   2.84363726e-02   3.67717500e-02
   365       2   1.35973508e-06   4.57493295e-11
   365       3   1.93591948e-16   0.00000000e+00
   366       1   2.95438498e-02   3.56415172e-02
   366       2   1.40738675e-06   4.43618758e-11
   366       3   1.99311119e-16   0.00000000e+00
   367       1   3.07031142e-02   3.45497943e-02
   367       2   1.45685574e-06   4.30254354e-11
   367       3   2.05430292e-16   0.00000000e+00
   368       1   3.19190557e-02   3.34940798e-02
   368       2   1.50830702e-06   4.17165850e-11
   368       3   4.23974226e-16   0.00000000e+00
   369       1   3.31971870e-02   3.24720697e-02
   369       2   1.56192628e-06   4.04559880e-11
   369       3   2.19024147e-16   0.00000000e+00
   370       1   3.45437471e-02   3.14816372e-02
   370       2   1.61792322e-06   3.92465247e-11
   370       3   2.26589695e-16   0.00000000e+00
   371       1   3.59658269e-02   3.05208162e-02
   371       2   1.67653582e-06   3.80551421e-11
   371       3   2.34738787e-16   0.00000000e+00
   372       1   3.74715208e-02   2.95877849e-02
   372       2   1.73803525e-06   3.69041251e-11
   372       3   2.43534383e-16   0.00000000e+00
   373       1   3.90701128e-02   2.86808528e-02
   373       2   1.80273207e-06   3.57902910e-11
   373       3   2.53048843e-16   0.00000000e+00
   374       1   4.07723052e-02   2.77984478e-02
   374       2   1.87098376e-06   3.46947176e-11
   374       3   3.95048602e-16   0.00000000e+00
   375       1   4.25905018e-02   2.69391060e-02
   375       2   1.94320408e-06   3.36347005e-11
   375       3   2.74582080e-16   0.00000000e+00
   376       1   4.45391626e-02   2.61014614e-02
   376       2   2.01987473e-06   3.25997489e-11
   376       3   2.86811156e-16   0.00000000e+00
   377       1   4.66352506e-02   2.52842374e-02
   377       2   2.10156016e-06   3.15901127e-11
   377       3   3.00186036e-16   0.00000000e+00
   378       1   4.88988002e-02   2.44862388e-02
   378       2   2.18892626e-06   3.06076348e-11
   378       3   3.14864084e-16   0.00000000e+00
   379       1   5.13536485e-02   2.37063446e-02
   379       2   2.28276453e-06   2.96462704e-11
   379       3   3.31032747e-16   0.00000000e+00
   380       1   5.40283855e-02   2.29435020e-02
   380       2   2.38402340e-06   2.87024110e-11
   380       3   3.48917080e-16   0.00000000e+00
   381       1   5.69576048e-02   2.21967200e-02
   381       2   2.49384949e-06   2.77685782e-11
   381       3   3.68789642e-16   0.00000000e+00
   382       1   6.01835705e-02   2.14650646e-02
   382       2   2.61364258e-06   2.68600152e-11
   382       3   3.90983697e-16   0.00000000e+00
   383       1   6.37584731e-02   2.07476538e-02
   383       2   2.74513002e-06   2.59843455e-11
   383       3   4.15911079e-16   0.00000000e+00
   384       1   6.77475307e-02   2.00436532e-02
   384       2   2.89046903e-06   2.51050453e-11
   384       3   4.44086744e-16   0.00000000e+00
   385       1   7.22333313e-02   1.93522724e-02
   385       2   3.05238985e-06   2.42540309e-11
   385       3   3.57122367e-16   0.00000000e+00
   386       1   7.73220349e-02   1.86727608e-02
   386       2   3.23440034e-06   2.34144990e-11
   386       3   6.41224251e-16   0.00000000e+00
   387       1   8.31524397e-02   1.80044045e-02
   387       2   3.44108490e-06   2.25950488e-11
   387       3   5.55632977e-16   0.00000000e+00
   388       1   8.99095794e-02   1.73465233e-02
   388       2   3.67855290e-06   2.17839019e-11
   388       3   6.05587477e-16   0.00000000e+00
   389       1   9.78457388e-02   1.66984680e-02
   389       2   3.95513172e-06   2.09629688e-11
   389       3   6.64839002e-16   0.00000000e+00
   390       1   1.07314077e-01   1.60596172e-02
   390       2   4.28247547e-06   2.01727311e-11
   390       3   5.52136825e-16   0.00000000e+00
   391       1   1.18824669e-01   1.54293755e-02
   391       2   4.67741305e-06   1.93881929e-11
   391       3   1.02956902e-15   0.00000000e+00
   392       1   1.33142571e-01   1.48071710e-02
   392       2   5.16518195e-06   1.86204654e-11
   392       3   9.33313966e-16   0.00000000e+00
   393       1   1.51469951e-01   1.41924531e-02
   393       2   5.78543411e-06   1.78671882e-11
   393       3   1.07467677e-15   0.00000000e+00
   394       1   1.75810343e-01   1.35846906e-02
   394       2   6.60424734e-06   1.71082744e-11
   394       3   1.26360772e-15   0.00000000e+00
   395       1   2.09769996e-01   1.29833699e-02
   395       2   7.74055028e-06   1.63645329e-11
   395       3   1.52866287e-15   0.00000000e+00
   396       1   2.60561251e-01   1.23879930e-02
   396       2   9.43218395e-06   1.56356603e-11
   396       3   1.56565094e-15   0.00000000e+00
   397       1   3.45012606e-01   1.17980764e-02
   397       2   1.22340833e-05   1.48916893e-11
   397       3   2.26777868e-15   0.00000000e+00
   398       1   5.13608613e-01   1.12131488e-02
   398       2   1.78109818e-05   1.41661899e-11
   398       3   3.55505636e-15   0.00000000e+00
   399       1   1.01876353e+00   1.06327502e-02
   399       2   3.44859962e-05   1.34434778e-11
   399       3   6.06296484e-15   0.00000000e+00
   400       1   2.57031584e+04   1.00564300e-02
   400       2   4.58756537e-01   1.27348856e-11
   400       3   8.30581664e-11   0.00000000e+00
   401       1   1.00007331e+00   9.48374594e-03
   401       2   3.20512265e-05   1.20231334e-11
   401       3   5.80547432e-15   0.00000000e+00
   402       1   4.94847530e-01   8.91426259e-03
   402       2   1.53711269e-05   1.13135998e-11
   402       3   2.93269477e-15   0.00000000e+00
   403       1   3.26221541e-01   8.34754999e-03
   403       2   9.79112056e-06   1.06066990e-11
   403       3   1.71826601e-15   0.00000000e+00
   404       1   2.41739731e-01   7.78318239e-03
   404       2   6.98556845e-06   9.90932423e-12
   404       3   1.17261175e-15   0.00000000e+00
   405       1   1.90912403e-01   7.22073699e-03
   405       2   5.28942044e-06   9.21414060e-12
   405       3   1.05416738e-15   0.00000000e+00
   406       1   1.56909739e-01   6.65979259e-03
   406       2   4.14765643e-06   8.50996721e-12
   406       3   1.06651433e-15   0.00000000e+00
   407       1   1.32518884e-01   6.09992835e-03
   407       2   3.32239859e-06   7.82080411e-12
   407       3   6.16789408e-16   0.00000000e+00
   408       1   1.14133310e-01   5.54072247e-03
   408       2   2.69469474e-06   7.12527113e-12
   408       3   4.09795998e-16   0.00000000e+00
   409       1   9.97492842e-02   4.98175089e-03
   409       2   2.19844713e-06   6.43052768e-12
   409       3   3.68919951e-16   0.00000000e+00
   410       1   8.81644621e-02   4.42258593e-03
   410       2   1.79398419e-06   5.73697033e-12
   410       3   2.24263284e-16   0.00000000e+00
   411       1   7.86136117e-02   3.86279489e-03
   411       2   1.45604772e-06   5.03694452e-12
   411       3   2.06633438e-16   0.00000000e+00
   412       1   7.05864764e-02   3.30193866e-03
   412       2   1.16778640e-06   4.34076050e-12
   412       3   1.92048136e-16   0.00000000e+00
   413       1   6.37297007e-02   2.73957017e-03
   413       2   9.17521581e-07   3.64146359e-12
   413       3   1.79809131e-16   0.00000000e+00
   414       1   5.77907868e-02   2.17523290e-03
   414       2   6.96898969e-07   2.94951352e-12
   414       3   0.00000000e+00   0.00000000e+00
   415       1   5.25844691e-02   1.60845916e-03
   415       2   4.99779671e-07   2.24104069e-12
   415       3   0.00000000e+00   0.00000000e+00
   416       1   4.79716964e-02   1.03876841e-03
   416       2   3.21546969e-07   1.54090967e-12
   416       3   1.52809413e-16   0.00000000e+00
   417       1   4.38460325e-02   4.65665374e-04
   417       2   1.58657699e-07   8.15599445e-13
   417       3   0.00000000e+00   0.00000000e+00
   418       1   4.01245889e-02   1.11361924e-04
   418       2   8.34308840e-09   9.80847719e-14
   418       3   0.00000000e+00   0.00000000e+00
   419       1   3.67418203e-02   6.92844292e-04
   419       2   1.31596033e-07   6.20382986e-13
   419       3   0.00000000e+00   0.00000000e+00
   420       1   3.36451806e-02   1.27933366e-03
   420       2   2.62932667e-07   1.34915871e-12
   420       3   0.00000000e+00   0.00000000e+00
   421       1   3.07920190e-02   1.87140555e-03
   421       2   3.87116209e-07   2.09145335e-12
   421       3   1.26528641e-16   0.00000000e+00
   422       1   2.81473225e-02   2.46966179e-03
   422       2   5.05347144e-07   2.82863509e-12
   422       3   1.22967136e-16   0.00000000e+00
   423       1   2.56820459e-02   3.07473343e-03
   423       2   6.18632370e-07   3.58863506e-12
   423       3   0.00000000e+00   0.00000000e+00
   424       1   2.33718582e-02   3.68728400e-03
   424       2   7.27826818e-07   4.34877955e-12
   424       3   1.17008770e-16   0.00000000e+00
   425       1   2.11961891e-02   4.30801298e-03
   425       2   8.33665215e-07   5.11984554e-12
   425       3   2.29057069e-16   0.00000000e+00
   426       1   1.91374944e-02   4.93765975e-03
   426       2   9.36786669e-07   5.90795639e-12
   426       3   1.12336640e-16   0.00000000e+00
   427       1   1.71806833e-02   5.57700786e-03
   427       2   1.03775394e-06   6.69434524e-12
   427       3   0.00000000e+00   0.00000000e+00
   428       1   1.53126671e-02   6.22688978e-03
   428       2   1.13706877e-06   7.51311521e-12
   428       3   0.00000000e+00   0.00000000e+00
   429       1   1.35219995e-02   6.88819226e-03
   429       2   1.23518422e-06   8.33197753e-12
   429       3   2.14491153e-16   0.00000000e+00
   430       1   1.17985878e-02   7.56186213e-03
   430       2   1.33251476e-06   9.17016516e-12
   430       3   2.11960178e-16   0.00000000e+00
   431       1   1.01334576e-02   8.24891301e-03
   431       2   1.42944463e-06   1.00273858e-11
   431       3   2.09811989e-16   0.00000000e+00
   432       1   8.51855986e-03   8.95043263e-03
   432       2   1.52633490e-06   1.08973905e-11
   432       3   2.08024375e-16   0.00000000e+00
   433       1   6.94661070e-03   9.66759115e-03
   433       2   1.62352956e-06   1.17938061e-11
   433       3   4.13157951e-16   0.00000000e+00
   434       1   5.41095707e-03   1.04016506e-02
   434       2   1.72136077e-06   1.27057177e-11
   434       3   2.05460832e-16   0.00000000e+00
   435       1   3.90546249e-03   1.11539754e-02
   435       2   1.82015371e-06   1.36429345e-11
   435       3   4.09316079e-16   0.00000000e+00
   436       1   2.42440872e-03   1.19260445e-02
   436       2   1.92023089e-06   1.46066062e-11
   436       3   2.04161473e-16   0.00000000e+00
   437       1   9.62409733e-04   1.27194650e-02
   437       2   2.02191633e-06   1.55913365e-11
   437       3   4.07929147e-16   0.00000000e+00
   438       1   4.85664760e-04   1.35359876e-02
   438       2   2.12553955e-06   1.66098268e-11
   438       3   4.08126396e-16   0.00000000e+00
   439       1   1.92475876e-03   1.43775249e-02
   439       2   2.23143956e-06   1.76573119e-11
   439       3   4.08911029e-16   0.00000000e+00
   440       1   3.35969429e-03   1.52461717e-02
   440       2   2.33996892e-06   1.87434457e-11
   440       3   4.10283885e-16   0.00000000e+00
   441       1   4.79523249e-03   1.61442284e-02
   441       2   2.45149804e-06   1.98604456e-11
   441       3   4.12250281e-16   0.00000000e+00
   442       1   6.23613310e-03   1.70742291e-02
   442       2   2.56641972e-06   2.10166133e-11
   442       3   4.14820064e-16   0.00000000e+00
   443       1   7.68721380e-03   1.80389730e-02
   443       2   2.68515416e-06   2.22118014e-11
   443       3   6.27011628e-16   0.00000000e+00
   444       1   9.15341125e-03   1.90415614e-02
   444       2   2.80815453e-06   2.34676334e-11
   444       3   4.21832764e-16   0.00000000e+00
   445       1   1.06398451e-02   2.00854416e-02
   445       2   2.93591318e-06   2.47722482e-11
   445       3   6.39479622e-16   0.00000000e+00
   446       1   1.21518874e-02   2.11744579e-02
   446       2   3.06896884e-06   2.61273786e-11
   446       3   6.47248520e-16   0.00000000e+00
   447       1   1.36952380e-02   2.23129118e-02
   447       2   3.20791488e-06   2.75482265e-11
   447       3   4.37407092e-16   0.00000000e+00
   448       1   1.52760109e-02   2.35056340e-02
   448       2   3.35340898e-06   2.90300932e-11
   448       3   4.44087438e-16   0.00000000e+00
   449       1   1.69008313e-02   2.47580701e-02
   449       2   3.50618452e-06   3.05891535e-11
   449       3   6.77386952e-16   0.00000000e+00
   450       1   1.85769490e-02   2.60763829e-02
   450       2   3.66706412e-06   3.22342253e-11
   450       3   6.89968205e-16   0.00000000e+00
   451       1   2.03123719e-02   2.74675770e-02
   451       2   3.83697585e-06   3.39782996e-11
   451       3   7.03980394e-16   0.00000000e+00
   452       1   2.21160246e-02   2.89396485e-02
   452       2   4.01697291e-06   3.57945911e-11
   452       3   5.99622293e-16   0.00000000e+00
   453       1   2.39979400e-02   3.05017698e-02
   453       2   4.20825741e-06   3.77428342e-11
   453       3   8.59613172e-16   0.00000000e+00
   454       1   2.59694919e-02   3.21645153e-02
   454       2   4.41220973e-06   3.98204939e-11
   454       3   7.55942570e-16   0.00000000e+00
   455       1   2.80436817e-02   3.39401426e-02
   455       2   4.63042478e-06   4.20338013e-11
   455       3   9.06661448e-16   0.00000000e+00
   456       1   3.02354946e-02   3.58429431e-02
   456       2   4.86475721e-06   4.44082018e-11
   456       3   9.34070262e-16   0.00000000e+00
   457       1   3.25623464e-02   3.78896843e-02
   457       2   5.11737842e-06   4.69558502e-11
   457       3   8.26697868e-16   0.00000000e+00
   458       1   3.50446512e-02   4.01001730e-02
   458       2   5.39084906e-06   4.97106837e-11
   458       3   9.98275359e-16   0.00000000e+00
   459       1   3.77065484e-02   4.24979790e-02
   459       2   5.68821215e-06   5.27009621e-11
   459       3   1.03591098e-15   0.00000000e+00
   460       1   4.05768480e-02   4.51113764e-02
   460       2   6.01311406e-06   5.59558582e-11
   460       3   1.07793851e-15   0.00000000e+00
   461       1   4.36902712e-02   4.79745812e-02
   461       2   6.36996378e-06   5.95240935e-11
   461       3   1.12502676e-15   0.00000000e+00
   462       1   4.70891046e-02   5.11294026e-02
   462       2   6.76414506e-06   6.34591798e-11
   462       3   1.17799530e-15   0.00000000e+00
   463       1   5.08254361e-02   5.46274762e-02
   463       2   7.20230353e-06   6.78046473e-11
   463       3   1.23785851e-15   0.00000000e+00
   464       1   5.49642286e-02   5.85333351e-02
   464       2   7.69274133e-06   7.26799486e-11
   464       3   1.49244160e-15   0.00000000e+00
   465       1   5.95876215e-02   6.29287091e-02
   465       2   8.24596965e-06   7.81614396e-11
   465       3   1.38368966e-15   0.00000000e+00
   466       1   6.48010753e-02   6.79186665e-02
   466       2   8.87549798e-06   8.43854648e-11
   466       3   1.68381846e-15   0.00000000e+00
   467       1   7.07423505e-02   7.36405910e-02
   467       2   9.59898759e-06   9.15177526e-11
   467       3   1.80291843e-15   0.00000000e+00
   468       1   7.75949747e-02   8.02776459e-02
   468       2   1.04399818e-05   9.97918456e-11
   468       3   1.82137084e-15   0.00000000e+00
   469       1   8.56090555e-02   8.80795835e-02
   469       2   1.14305796e-05   1.09522275e-10
   469       3   2.10909235e-15   0.00000000e+00
   470       1   9.51345785e-02   9.73960391e-02
   470       2   1.26157143e-05   1.21132256e-10
   470       3   2.30971082e-15   0.00000000e+00
   471       1   1.06676904e-01   1.08732021e-01
   471       2   1.40602833e-05   1.35257229e-10
   471       3   2.71582191e-15   0.00000000e+00
   472       1   1.20993883e-01   1.22845018e-01
   472       2   1.58616258e-05   1.52849261e-10
   472       3   2.86529078e-15   0.00000000e+00
   473       1   1.39276221e-01   1.40925337e-01
   473       2   1.81726959e-05   1.75380696e-10
   473       3   3.46831698e-15   0.00000000e+00
   474       1   1.63508191e-01   1.64956781e-01
   474       2   2.12484066e-05   2.05339678e-10
   474       3   3.79795715e-15   0.00000000e+00
   475       1   1.97261209e-01   1.98510123e-01
   475       2   2.55475865e-05   2.47164118e-10
   475       3   4.68912530e-15   0.00000000e+00
   476       1   2.47677768e-01   2.48726752e-01
   476       2   3.19878655e-05   3.09764461e-10
   476       3   5.85033024e-15   0.00000000e+00
   477       1   3.31423198e-01   3.32269451e-01
   477       2   4.27103056e-05   4.13900810e-10
   477       3   7.55290446e-15   0.00000000e+00
   478       1   4.98492556e-01   4.99124325e-01
   478       2   6.41377572e-05   6.21895474e-10
   478       3   1.14940772e-14   0.00000000e+00
   479       1   9.98856071e-01   9.99195862e-01
   479       2   1.28380640e-04   1.24523768e-09
   479       3   2.27953482e-14   0.00000000e+00
   480       1   5.23217027e+04   7.71984366e+03
   480       2   8.70514828e-01   9.62299356e-06
   480       3   1.56234607e-10   1.66533775e-16
   480       4   0.00000000e+00   0.00000000e+00
   481       1   1.00014763e+00   1.00012955e+00
   481       2   1.28548618e-04   1.24696017e-09
   481       3   2.29788358e-14   0.00000000e+00
   482       1   4.99755670e-01   4.99863698e-01
   482       2   6.42773181e-05   6.23366215e-10
   482       3   1.16726292e-14   0.00000000e+00
   483       1   3.32681377e-01   3.32972757e-01
   483       2   4.28446440e-05   4.15337396e-10
   483       3   7.55364518e-15   0.00000000e+00
   484       1   2.48934611e-01   2.49417337e-01
   484       2   3.21204231e-05   3.11180261e-10
   484       3   5.67346369e-15   0.00000000e+00
   485       1   1.98517866e-01   1.99194712e-01
   485       2   2.56793719e-05   2.48571197e-10
   485       3   4.54729655e-15   0.00000000e+00
   486       1   1.64765207e-01   1.65638000e-01
   486       2   2.13798279e-05   2.06747945e-10
   486       3   3.79814150e-15   0.00000000e+00
   487       1   1.40533936e-01   1.41604404e-01
   487       2   1.83039558e-05   1.76789446e-10
   487       3   3.46846057e-15   0.00000000e+00
   488       1   1.22252551e-01   1.23522565e-01
   488       2   1.59928411e-05   1.54246100e-10
   488       3   3.04448111e-15   0.00000000e+00
   489       1   1.07936740e-01   1.09408401e-01
   489       2   1.41915300e-05   1.36661444e-10
   489       3   2.39638966e-15   0.00000000e+00
   490       1   9.63957797e-02   9.80714542e-02
   490       2   1.27470472e-05   1.22522466e-10
   490       3   2.59849850e-15   0.00000000e+00
   491       1   8.68718090e-02   8.87541534e-02
   491       2   1.15620416e-05   1.10910617e-10
   491       3   2.10914637e-15   0.00000000e+00
   492       1   7.88594632e-02   8.09514394e-02
   492       2   1.05716087e-05   1.01186466e-10
   492       3   1.82141321e-15   0.00000000e+00
   493       1   7.20087557e-02   7.43136446e-02
   493       2   9.73081107e-06   9.29139565e-11
   493       3   1.69027196e-15   0.00000000e+00
   494       1   6.60695802e-02   6.85909956e-02
   494       2   9.00754710e-06   8.57732968e-11
   494       3   1.68385133e-15   0.00000000e+00
   495       1   6.08584111e-02   6.36003144e-02
   495       2   8.37827197e-06   7.95554242e-11
   495       3   1.38371455e-15   0.00000000e+00
   496       1   5.62374916e-02   5.92042071e-02
   496       2   7.82532353e-06   7.40798813e-11
   496       3   1.49246644e-15   0.00000000e+00
   497       1   5.21013655e-02   5.52975978e-02
   497       2   7.33519193e-06   6.92047484e-11
   497       3   1.41471728e-15   0.00000000e+00
   498       1   4.83678984e-02   5.17987511e-02
   498       2   6.89736591e-06   6.48556034e-11
   498       3   1.34629966e-15   0.00000000e+00
   499       1   4.49721334e-02   4.86431295e-02
   499       2   6.50354354e-06   6.09049192e-11
   499       3   1.12504180e-15   0.00000000e+00
   500       1   4.18619891e-02   4.57790938e-02
   500       2   6.14707962e-06   5.73371638e-11
   500       3   9.23958805e-16   0.00000000e+00
   501       1   3.89951860e-02   4.31648322e-02
   501       2   5.82259097e-06   5.40766574e-11
   501       3   1.03592303e-15   0.00000000e+00
   502       1   3.63370111e-02   4.07661260e-02
   502       2   5.52566937e-06   5.10895785e-11
   502       3   9.98286203e-16   0.00000000e+00
   503       1   3.38586631e-02   3.85546993e-02
   503       2   5.25266929e-06   4.83361010e-11
   503       3   9.64490633e-16   0.00000000e+00
   504       1   3.15360119e-02   3.65069804e-02
   504       2   5.00054873e-06   4.57775171e-11
   504       3   8.00639242e-16   0.00000000e+00
   505       1   2.93486541e-02   3.46031608e-02
   505       2   4.76674819e-06   4.34036574e-11
   505       3   7.77145263e-16   0.00000000e+00
   506       1   2.72791851e-02   3.28264714e-02
   506       2   4.54909753e-06   4.11951396e-11
   506       3   7.55948812e-16   0.00000000e+00
   507       1   2.53126320e-02   3.11626194e-02
   507       2   4.34574350e-06   3.91150015e-11
   507       3   7.36816960e-16   0.00000000e+00
   508       1   2.34360068e-02   2.95993459e-02
   508       2   4.15509276e-06   3.71605626e-11
   508       3   8.39477220e-16   0.00000000e+00
   509       1   2.16379502e-02   2.81260751e-02
   509       2   3.97576663e-06   3.53221394e-11
   509       3   7.03985073e-16   0.00000000e+00
   510       1   1.99084452e-02   2.67336332e-02
   510       2   3.80656484e-06   3.35970433e-11
   510       3   6.89972451e-16   0.00000000e+00
   511       1   1.82385845e-02   2.54140227e-02
   511       2   3.64643626e-06   3.19358411e-11
   511       3   6.77390800e-16   0.00000000e+00
   512       1   1.66203790e-02   2.41602377e-02
   512       2   3.49445504e-06   3.03897100e-11
   512       3   6.66134636e-16   0.00000000e+00
   513       1   1.50465993e-02   2.29661140e-02
   513       2   3.34980100e-06   2.89059050e-11
   513       3   6.56113773e-16   0.00000000e+00
   514       1   1.35106426e-02   2.18262046e-02
   514       2   3.21174344e-06   2.74749617e-11
   514       3   6.47251333e-16   0.00000000e+00
   515       1   1.20064196e-02   2.07356774e-02
   515       2   3.07962760e-06   2.61175270e-11
   515       3   6.39482132e-16   0.00000000e+00
   516       1   1.05282569e-02   1.96902293e-02
   516       2   2.95286332e-06   2.48184820e-11
   516       3   6.32751368e-16   0.00000000e+00
   517       1   9.07081216e-03   1.86860144e-02
   517       2   2.83091541e-06   2.35615370e-11
   517       3   6.27013574e-16   0.00000000e+00
   518       1   7.62899782e-03   1.77195841e-02
   518       2   2.71329537e-06   2.23489217e-11
   518       3   4.14821185e-16   0.00000000e+00
   519       1   6.19791281e-03   1.67878350e-02
   519       2   2.59955431e-06   2.11936922e-11
   519       3   6.18376846e-16   0.00000000e+00
   520       1   4.77277859e-03   1.58879664e-02
   520       2   2.48927673e-06   2.00663785e-11
   520       3   4.10284668e-16   0.00000000e+00
   521       1   3.34887872e-03   1.50174426e-02
   521       2   2.38207503e-06   1.89811273e-11
   521       3   4.08911649e-16   0.00000000e+00
   522       1   1.92149995e-03   1.41739609e-02
   522       2   2.27758457e-06   1.79341794e-11
   522       3   4.08126855e-16   0.00000000e+00
   523       1   4.85873442e-04   1.33554247e-02
   523       2   2.17545916e-06   1.69126492e-11
   523       3   4.07929444e-16   0.00000000e+00
   524       1   9.62885641e-04   1.25599196e-02
   524       2   2.07536692e-06   1.59158194e-11
   524       3   4.08323081e-16   0.00000000e+00
   525       1   2.42984158e-03   1.17856924e-02
   525       2   1.97698627e-06   1.49498994e-11
   525       3   4.09316051e-16   0.00000000e+00
   526       1   3.92030652e-03   1.10311339e-02
   526       2   1.88000208e-06   1.40114590e-11
   526       3   4.10921467e-16   0.00000000e+00
   527       1   5.43991581e-03   1.02947629e-02
   527       2   1.78410180e-06   1.30976084e-11
   527       3   4.13157583e-16   0.00000000e+00
   528       1   6.99471257e-03   9.57521240e-03
   528       2   1.68897150e-06   1.21931711e-11
   528       3   2.08024102e-16   0.00000000e+00
   529       1   8.59124438e-03   8.87121787e-03
   529       2   1.59429168e-06   1.13157893e-11
   529       3   2.09811622e-16   0.00000000e+00
   530       1   1.02366755e-02   8.18160645e-03
   530       2   1.49973278e-06   1.04616504e-11
   530       3   2.11959714e-16   0.00000000e+00
   531       1   1.19389186e-02   7.50528757e-03
   531       2   1.40495010e-06   9.60550225e-12
   531       3   2.14490585e-16   0.00000000e+00
   532       1   1.37067926e-02   6.84124469e-03
   532       2   1.30957815e-06   8.78031266e-12
   532       3   2.17430848e-16   0.00000000e+00
   533       1   1.55502111e-02   6.18852785e-03
   533       2   1.21322397e-06   7.97357253e-12
   533       3   2.20812211e-16   0.00000000e+00
   534       1   1.74804137e-02   5.54624707e-03
   534       2   1.11545938e-06   7.16725491e-12
   534       3   1.12336175e-16   0.00000000e+00
   535       1   1.95102497e-02   4.91356646e-03
   535       2   1.01581145e-06   6.37368852e-12
   535       3   2.29055997e-16   0.00000000e+00
   536       1   2.16545300e-02   4.28969889e-03
   536       2   9.13751102e-07   5.59154307e-12
   536       3   1.17008155e-16   0.00000000e+00
   537       1   2.39304703e-02   3.67390123e-03
   537       2   8.08678736e-07   4.82100755e-12
   537       3   1.19808312e-16   0.00000000e+00
   538       1   2.63582525e-02   3.06547001e-03
   538       2   6.99906347e-07   4.06724453e-12
   538       3   1.22966336e-16   0.00000000e+00
   539       1   2.89617452e-02   2.46373758e-03
   539       2   5.86634638e-07   3.32063939e-12
   539       3   0.00000000e+00   0.00000000e+00
   540       1   3.17694386e-02   1.86806850e-03
   540       2   4.67923482e-07   2.57330209e-12
   540       3   1.30547506e-16   0.00000000e+00
   541       1   3.48156737e-02   1.27785636e-03
   541       2   3.42653237e-07   1.83329093e-12
   541       3   0.00000000e+00   0.00000000e+00
   542       1   3.81422794e-02   6.92520778e-04
   542       2   2.09473330e-07   1.11023291e-12
   542       3   1.40245423e-16   0.00000000e+00
   543       1   4.18007868e-02   1.11504736e-04
   543       2   6.67328529e-08   3.84507068e-13
   543       3   1.46107802e-16   0.00000000e+00
   544       1   4.58554721e-02   4.65727943e-04
   544       2   8.76147278e-08   3.42552478e-13
   544       3   1.52807630e-16   0.00000000e+00
   545       1   5.03876159e-02   1.03969490e-03
   545       2   2.56144827e-07   1.06007010e-12
   545       3   1.60507202e-16   0.00000000e+00
   546       1   5.55015865e-02   1.61089736e-03
   546       2   4.42151972e-07   1.77343941e-12
   546       3   0.00000000e+00   0.00000000e+00
   547       1   6.13337303e-02   2.17982219e-03
   547       2   6.49927710e-07   2.48384853e-12
   547       3   0.00000000e+00   0.00000000e+00
   548       1   6.80657061e-02   2.74694369e-03
   548       2   8.85177325e-07   3.20031881e-12
   548       3   1.92044773e-16   0.00000000e+00
   549       1   7.59450914e-02   3.31272543e-03
   549       2   1.15566375e-06   3.90337198e-12
   549       3   4.13258785e-16   0.00000000e+00
   550       1   8.53183518e-02   3.87762187e-03
   550       2   1.47223765e-06   4.60676170e-12
   550       3   2.24258341e-16   0.00000000e+00
   551       1   9.66857877e-02   4.44207997e-03
   551       2   1.85055419e-06   5.30971125e-12
   551       3   3.68910721e-16   0.00000000e+00
   552       1   1.10797691e-01   5.00654072e-03
   552       2   2.31407706e-06   6.01761483e-12
   552       3   2.73189486e-16   0.00000000e+00
   553       1   1.28832916e-01   5.57144058e-03
   553       2   2.89965735e-06   6.73001466e-12
   553       3   4.62576585e-16   0.00000000e+00
   554       1   1.52756022e-01   6.13721290e-03
   554       2   3.66869093e-06   7.42788554e-12
   554       3   8.88726646e-16   0.00000000e+00
   555       1   1.86102958e-01   6.70428934e-03
   555       2   4.73166390e-06   8.14362197e-12
   555       3   8.43293053e-16   0.00000000e+00
   556       1   2.35945252e-01   7.27310119e-03
   556       2   6.30951466e-06   8.84724411e-12
   556       3   1.04225747e-15   0.00000000e+00
   557       1   3.18782341e-01   7.84408071e-03
   557       2   8.91771186e-06   9.56807704e-12
   557       3   1.54631080e-15   0.00000000e+00
   558       1   4.84109556e-01   8.41766249e-03
   558       2   1.41025149e-05   1.02862692e-11
   558       3   2.42235462e-15   0.00000000e+00
   559       1   9.79371958e-01   8.99428477e-03
   559       2   2.95939725e-05   1.10078654e-11
   559       3   5.17311987e-15   0.00000000e+00
   560       1   6.36651053e+03   9.57439079e-03
   560       2   1.65900137e-01   1.17350150e-11
   560       3   2.91504769e-11   0.00000000e+00
   561       1   1.00018469e+00   1.01584302e-02
   561       2   3.22123200e-05   1.24629466e-11
   561       3   5.69325351e-15   0.00000000e+00
   562       1   5.04702681e-01   1.07468603e-02
   562       2   1.67136715e-05   1.31983618e-11
   562       3   2.94250469e-15   0.00000000e+00
   563       1   3.39351658e-01   1.13401476e-02
   563       2   1.15297030e-05   1.39482253e-11
   563       3   2.26798047e-15   0.00000000e+00
   564       1   2.56526197e-01   1.19387695e-02
   564       2   8.92436291e-06   1.46974983e-11
   564       3   1.56575632e-15   0.00000000e+00
   565       1   2.06711262e-01   1.25432152e-02
   565       2   7.35065827e-06   1.54609462e-11
   565       3   1.33765260e-15   0.00000000e+00
   566       1   1.73402604e-01   1.31539881e-02
   566       2   6.29294638e-06   1.62146768e-11
   566       3   1.10570711e-15   0.00000000e+00
   567       1   1.49527108e-01   1.37716069e-02
   567       2   5.53023686e-06   1.69870434e-11
   567       3   9.40379126e-16   0.00000000e+00
   568       1   1.31548224e-01   1.43966076e-02
   568       2   4.95203005e-06   1.77757604e-11
   568       3   9.33346247e-16   0.00000000e+00
   569       1   1.17501174e-01   1.50295451e-02
   569       2   4.49693232e-06   1.85638149e-11
   569       3   8.23680671e-16   0.00000000e+00
   570       1   1.06207060e-01   1.56709959e-02
   570       2   4.12810287e-06   1.93680820e-11
   570       3   5.52152256e-16   0.00000000e+00
   571       1   9.69156401e-02   1.63215594e-02
   571       2   3.82209340e-06   2.01899733e-11
   571       3   6.64855963e-16   0.00000000e+00
   572       1   8.91267197e-02   1.69818606e-02
   572       2   3.56326801e-06   2.10199045e-11
   572       3   7.57002112e-16   0.00000000e+00
   573       1   8.24939823e-02   1.76525524e-02
   573       2   3.34079856e-06   2.18642913e-11
   573       3   6.94556314e-16   0.00000000e+00
   574       1   7.67700322e-02   1.83343186e-02
   574       2   3.14694771e-06   2.27190734e-11
   574       3   6.41237221e-16   0.00000000e+00
   575       1   7.17734213e-02   1.90278762e-02
   575       2   2.97603879e-06   2.35759433e-11
   575       3   3.57129122e-16   0.00000000e+00
   576       1   6.73680416e-02   1.97339788e-02
   576       2   2.82381197e-06   2.44735474e-11
   576       3   5.55118288e-16   0.00000000e+00
   577       1   6.34497902e-02   2.04534199e-02
   577       2   2.68700757e-06   2.53703238e-11
   577       3   4.15918037e-16   0.00000000e+00
   578       1   5.99376793e-02   2.11870366e-02
   578       2   2.56308838e-06   2.62934087e-11
   578       3   5.86484816e-16   0.00000000e+00
   579       1   5.67677543e-02   2.19357135e-02
   579       2   2.45004958e-06   2.72347958e-11
   579       3   3.68795164e-16   0.00000000e+00
   580       1   5.38888356e-02   2.27003872e-02
   580       2   2.34628574e-06   2.81893811e-11
   580       3   5.23383060e-16   0.00000000e+00
   581       1   5.12594772e-02   2.34820509e-02
   581       2   2.25049575e-06   2.91690032e-11
   581       3   4.96555836e-16   0.00000000e+00
   582       1   4.88457552e-02   2.42817600e-02
   582       2   2.16161372e-06   3.01854360e-11
   582       3   3.14868141e-16   0.00000000e+00
   583       1   4.66196324e-02   2.51006373e-02
   583       2   2.07875792e-06   3.12005428e-11
   583       3   4.50284593e-16   0.00000000e+00
   584       1   4.45577326e-02   2.59398803e-02
   584       2   2.00119242e-06   3.22691033e-11
   584       3   4.30221793e-16   0.00000000e+00
   585       1   4.26404085e-02   2.68007676e-02
   585       2   1.92829797e-06   3.33430557e-11
   585       3   4.11877754e-16   0.00000000e+00
   586       1   4.08510245e-02   2.76846669e-02
   586       2   1.85954963e-06   3.44601656e-11
   586       3   3.95052861e-16   0.00000000e+00
   587       1   3.91753995e-02   2.85930442e-02
   587       2   1.79449930e-06   3.56044147e-11
   587       3   3.79577188e-16   0.00000000e+00
   588       1   3.76013687e-02   2.95274730e-02
   588       2   1.73276203e-06   3.67792381e-11
   588       3   2.43536800e-16   0.00000000e+00
   589       1   3.61184357e-02   3.04896457e-02
   589       2   1.67400519e-06   3.79904210e-11
   589       3   3.52111536e-16   0.00000000e+00
   590       1   3.47174950e-02   3.14813855e-02
   590       2   1.61793973e-06   3.92461786e-11
   590       3   2.26591771e-16   0.00000000e+00
   591       1   3.33906075e-02   3.25046604e-02
   591       2   1.56431318e-06   4.05290275e-11
   591       3   4.38052153e-16   0.00000000e+00
   592       1   3.21308183e-02   3.35615983e-02
   592       2   1.51290397e-06   4.18603791e-11
   592       3   2.11988910e-16   0.00000000e+00
   593       1   3.09320076e-02   3.46545050e-02
   593       2   1.46351675e-06   4.32337803e-11
   593       3   2.05431968e-16   0.00000000e+00
   594       1   2.97887680e-02   3.57858833e-02
   594       2   1.41597855e-06   4.46669113e-11
   594       3   3.98625370e-16   0.00000000e+00
   595       1   2.86963026e-02   3.69584557e-02
   595       2   1.37013560e-06   4.61443989e-11
   595       3   1.93593413e-16   0.00000000e+00
   596       1   2.76503404e-02   3.81751897e-02
   596       2   1.32585066e-06   4.76860900e-11
   596       3   1.88240739e-16   0.00000000e+00
   597       1   2.66470650e-02   3.94393270e-02
   597       2   1.28300080e-06   4.92838712e-11
   597       3   3.66449822e-16   0.00000000e+00
   598       1   2.56830549e-02   4.07544164e-02
   598       2   1.24147555e-06   5.09357011e-11
   598       3   1.78519357e-16   0.00000000e+00
   599       1   2.47552329e-02   4.21243523e-02
   599       2   1.20117528e-06   5.26681247e-11
   599       3   1.74100278e-16   0.00000000e+00
   600       1   2.38608225e-02   4.35534179e-02
   600       2   1.16200984e-06   5.44715094e-11
   600       3   3.39892599e-16   0.00000000e+00
   601       1   2.29973120e-02   4.50463367e-02
   601       2   1.12389747e-06   5.63639995e-11
   601       3   1.66038178e-16   0.00000000e+00
   602       1   2.21624220e-02   4.66083306e-02
   602       2   1.08676373e-06   5.83294651e-11
   602       3   1.62358546e-16   0.00000000e+00
   603       1   2.13540792e-02   4.82451885e-02
   603       2   1.05054070e-06   6.04056448e-11
   603       3   3.17783392e-16   0.00000000e+00
   604       1   2.05703920e-02   4.99633465e-02
   604       2   1.01516623e-06   6.25871694e-11
   604       3   1.55623390e-16   0.00000000e+00
   605       1   1.98096309e-02   5.17699814e-02
   605       2   9.80583286e-07   6.48701834e-11
   605       3   1.52540697e-16   0.00000000e+00
   606       1   1.90702103e-02   5.36731214e-02
   606       2   9.46739416e-07   6.72851814e-11
   606       3   2.99263711e-16   0.00000000e+00
   607       1   1.83506735e-02   5.56817772e-02
   607       2   9.13586253e-07   6.98340458e-11
   607       3   1.46886145e-16   0.00000000e+00
   608       1   1.76496787e-02   5.78060977e-02
   608       2   8.81079084e-07   7.25278532e-11
   608       3   1.44293778e-16   0.00000000e+00
   609       1   1.69659873e-02   6.00575567e-02
   609       2   8.49176487e-07   7.53837187e-11
   609       3   1.41845812e-16   0.00000000e+00
   610       1   1.62984537e-02   6.24491770e-02
   610       2   8.17839988e-07   7.84233698e-11
   610       3   1.39534059e-16   0.00000000e+00
   611       1   1.56460154e-02   6.49958021e-02
   611       2   7.87033780e-07   8.16646001e-11
   611       3   1.37351015e-16   0.00000000e+00
   612       1   1.50076855e-02   6.77144268e-02
   612       2   7.56724456e-07   8.51298612e-11
   612       3   1.35289797e-16   0.00000000e+00
   613       1   1.43825450e-02   7.06246025e-02
   613       2   7.26880783e-07   8.88453793e-11
   613       3   0.00000000e+00   0.00000000e+00
   614       1   1.37697364e-02   7.37489375e-02
   614       2   6.97473494e-07   9.28208190e-11
   614       3   1.31508061e-16   0.00000000e+00
   615       1   1.31684579e-02   7.71137203e-02
   615       2   6.68475105e-07   9.71033434e-11
   615       3   2.59552779e-16   0.00000000e+00
   616       1   1.25779581e-02   8.07497002e-02
   616       2   6.39859754e-07   1.01754114e-10
   616       3   1.28144149e-16   0.00000000e+00
   617       1   1.19975317e-02   8.46930772e-02
   617       2   6.11603045e-07   1.06789485e-10
   617       3   1.26606813e-16   0.00000000e+00
   618       1   1.14265148e-02   8.89867659e-02
   618       2   5.83681923e-07   1.12286949e-10
   618       3   0.00000000e+00   0.00000000e+00
   619       1   1.08642816e-02   9.36820292e-02
   619       2   5.56074549e-07   1.18311075e-10
   619       3   1.23800505e-16   0.00000000e+00
   620       1   1.03102407e-02   9.88406121e-02
   620       2   5.28760190e-07   1.24931177e-10
   620       3   1.22524157e-16   0.00000000e+00
   621       1   9.76383196e-03   1.04537566e-01
   621       2   5.01719122e-07   1.32262308e-10
   621       3   1.21327912e-16   0.00000000e+00
   622       1   9.22452379e-03   1.10865036e-01
   622       2   4.74932543e-07   1.40390857e-10
   622       3   0.00000000e+00   0.00000000e+00
   623       1   8.69181058e-03   1.17937421e-01
   623       2   4.48382480e-07   1.49527030e-10
   623       3   0.00000000e+00   0.00000000e+00
   624       1   8.16521032e-03   1.25898518e-01
   624       2   4.22051725e-07   1.59822531e-10
   624       3   0.00000000e+00   0.00000000e+00
   625       1   7.64426244e-03   1.34931610e-01
   625       2   3.95923759e-07   1.71527949e-10
   625       3   1.17287612e-16   0.00000000e+00
   626       1   7.12852579e-03   1.45274006e-01
   626       2   3.69982689e-07   1.84957244e-10
   626       3   0.00000000e+00   0.00000000e+00
   627       1   6.61757688e-03   1.57238512e-01
   627       2   3.44213191e-07   2.00550814e-10
   627       3   0.00000000e+00   0.00000000e+00
   628       1   6.11100812e-03   1.71246006e-01
   628       2   3.18600450e-07   2.18857385e-10
   628       3   0.00000000e+00   0.00000000e+00
   629       1   5.60842626e-03   1.87876456e-01
   629       2   2.93130117e-07   2.40679142e-10
   629       3   0.00000000e+00   0.00000000e+00
   630       1   5.10945095e-03   2.07951794e-01
   630       2   2.67788253e-07   2.67133758e-10
   630       3   1.13745170e-16   0.00000000e+00
   631       1   4.61371334e-03   2.32676498e-01
   631       2   2.42561288e-07   2.99893920e-10
   631       3   0.00000000e+00   0.00000000e+00
   632       1   4.12085477e-03   2.63888822e-01
   632       2   2.17435979e-07   3.41507417e-10
   632       3   0.00000000e+00   0.00000000e+00
   633       1   3.63052558e-03   3.04539240e-01
   633       2   1.92399369e-07   3.96121857e-10
   633       3   0.00000000e+00   0.00000000e+00
   634       1   3.14238393e-03   3.59677379e-01
   634       2   1.67438748e-07   4.70937082e-10
   634       3   0.00000000e+00   0.00000000e+00
   635       1   2.65609470e-03   4.38709784e-01
   635       2   1.42541618e-07   5.79538174e-10
   635       3   0.00000000e+00   0.00000000e+00
   636       1   2.17132843e-03   5.61341694e-01
   636       2   1.17695658e-07   7.50993901e-10
   636       3   0.00000000e+00   0.00000000e+00
   637       1   1.68776030e-03   7.76723916e-01
   637       2   9.28886884e-08   1.05959983e-09
   637       3   0.00000000e+00   0.00000000e+00
   638       1   1.20506912e-03   1.24895940e+00
   638       2   6.81086394e-08   1.76291037e-09
   638       3   0.00000000e+00   0.00000000e+00
   639       1   7.22936409e-04   2.99831185e+00
   639       2   4.33435187e-08   4.56268225e-09
   639       3   0.00000000e+00   0.00000000e+00
   640       1   2.41045377e-04   2.09601285e+05
   640       2   1.85813786e-08   4.34164754e-04
   640       3   0.00000000e+00   0.00000000e+00