  TimeWindow  Iteration  ResRel(Mass-Left-Mesh:Displacement-Left)  ResRel(Mass-Left-Mesh:Displacement-Right)
     1       1   1.00000000e+00   1.00000000e+00
     1       2   6.19429817e-09   4.16175364e-10
     1       3   0.00000000e+00   0.00000000e+00
     2       1   7.23361389e-04   7.49939750e-01
     2       2   3.09863256e-08   7.23400415e-10
     2       3   0.00000000e+00   0.00000000e+00
     3       1   1.20642493e-03   5.55377007e-01
     3       2   5.58112562e-08   5.96876118e-10
     3       3   0.00000000e+00   0.00000000e+00
     4       1   1.69051539e-03   4.37183568e-01
     4       2   8.06811690e-08   4.89939247e-10
     4       3   1.11451531e-16   0.00000000e+00
     5       1   2.17595494e-03   3.59536987e-01
     5       2   1.05608256e-07   4.12535204e-10
     5       3   0.00000000e+00   0.00000000e+00
     6       1   2.66306974e-03   3.04941326e-01
     6       2   1.30604855e-07   3.55218620e-10
     6       3   0.00000000e+00   0.00000000e+00
     7       1   3.15219084e-03   2.64537879e-01
     7       2   1.55683482e-07   3.11095119e-10
     7       3   0.00000000e+00   0.00000000e+00
     8       1   3.64365529e-03   2.33450888e-01
     8       2   1.80856865e-07   2.76698824e-10
     8       3   0.00000000e+00   0.00000000e+00
     9       1   4.13780719e-03   2.08795237e-01
     9       2   2.06137986e-07   2.48734815e-10
     9       3   1.13220322e-16   0.00000000e+00
    10       1   4.63499876e-03   1.88760491e-01
    10       2   2.31540113e-07   2.25910725e-10
    10       3   0.00000000e+00   0.00000000e+00
    11       1   5.13559160e-03   1.72155192e-01
    11       2   2.57076842e-07   2.06628149e-10
    11       3   0.00000000e+00   0.00000000e+00
    12       1   5.63995783e-03   1.58163987e-01
    12       2   2.82762136e-07   1.90479723e-10
    12       3   0.00000000e+00   0.00000000e+00
    13       1   6.14848147e-03   1.46210443e-01
    13       2   3.08610376e-07   1.76885826e-10
    13       3   0.00000000e+00   0.00000000e+00
    14       1   6.66155982e-03   1.35875677e-01
    14       2   3.34636400e-07   1.63842356e-10
    14       3   1.16451425e-16   0.00000000e+00
    15       1   7.17960493e-03   1.26848064e-01
    15       2   3.60855561e-07   1.53899905e-10
    15       3   0.00000000e+00   0.00000000e+00
    16       1   7.70304522e-03   1.18891018e-01
    16       2   3.87283774e-07   1.44238292e-10
    16       3   0.00000000e+00   0.00000000e+00
    17       1   8.23232719e-03   1.11821713e-01
    17       2   4.13937580e-07   1.35833036e-10
    17       3   1.19163820e-16   0.00000000e+00
    18       1   8.76791730e-03   1.05496651e-01
    18       2   4.40834205e-07   1.28040568e-10
    18       3   1.20208585e-16   0.00000000e+00
    19       1   9.31030396e-03   9.98016311e-02
    19       2   4.67991630e-07   1.21459417e-10
    19       3   1.21327707e-16   0.00000000e+00
    20       1   9.85999975e-03   9.46446439e-02
    20       2   4.95428663e-07   1.15748310e-10
    20       3   0.00000000e+00   0.00000000e+00
    21       1   1.04175438e-02   8.99507327e-02
    21       2   5.23165022e-07   1.10179004e-10
    21       3   0.00000000e+00   0.00000000e+00
    22       1   1.09835045e-02   8.56582196e-02
    22       2   5.51221421e-07   1.04376578e-10
    22       3   0.00000000e+00   0.00000000e+00
    23       1   1.15584821e-02   8.17158900e-02
    23       2   5.79619669e-07   1.00043636e-10
    23       3   1.26606549e-16   0.00000000e+00
    24       1   1.21431123e-02   7.80808646e-02
    24       2   6.08382771e-07   9.55384979e-11
    24       3   1.28143868e-16   0.00000000e+00
    25       1   1.27380693e-02   7.47169699e-02
    25       2   6.37535050e-07   9.15761440e-11
    25       3   0.00000000e+00   0.00000000e+00
    26       1   1.33440700e-02   7.15934763e-02
    26       2   6.67102275e-07   8.75660249e-11
    26       3   1.31507745e-16   0.00000000e+00
    27       1   1.39618780e-02   6.86841106e-02
    27       2   6.97111801e-07   8.47605526e-11
    27       3   1.33343747e-16   0.00000000e+00
    28       1   1.45923086e-02   6.59662762e-02
    28       2   7.27592731e-07   8.07665171e-11
    28       3   0.00000000e+00   0.00000000e+00
    29       1   1.52362339e-02   6.34204308e-02
    29       2   7.58576090e-07   7.76762062e-11
    29       3   2.74701277e-16   0.00000000e+00
    30       1   1.58945888e-02   6.10295870e-02
    30       2   7.90095025e-07   7.48623468e-11
    30       3   1.39533660e-16   0.00000000e+00
    31       1   1.65683775e-02   5.87789071e-02
    31       2   8.22185022e-07   7.22477590e-11
    31       3   1.41845390e-16   0.00000000e+00
    32       1   1.72586812e-02   5.66553731e-02
    32       2   8.54884157e-07   6.97037138e-11
    32       3   1.44293331e-16   0.00000000e+00
    33       1   1.79666661e-02   5.46475153e-02
    33       2   8.88233371e-07   6.67408167e-11
    33       3   1.46885671e-16   0.00000000e+00
    34       1   1.86935932e-02   5.27451881e-02
    34       2   9.22276788e-07   6.50996324e-11
    34       3   1.49631354e-16   0.00000000e+00
    35       1   1.94408287e-02   5.09393836e-02
    35       2   9.57062064e-07   6.30006246e-11
    35       3   1.52540165e-16   0.00000000e+00
    36       1   2.02098561e-02   4.92220761e-02
    36       2   9.92640795e-07   6.05178478e-11
    36       3   1.55622826e-16   0.00000000e+00
    37       1   2.10022904e-02   4.75860911e-02
    37       2   1.02906897e-06   5.88316833e-11
    37       3   3.17782196e-16   0.00000000e+00
    38       1   2.18198934e-02   4.60249944e-02
    38       2   1.06640751e-06   5.67367251e-11
    38       3   1.62357912e-16   0.00000000e+00
    39       1   2.26645920e-02   4.45329988e-02
    39       2   1.10472284e-06   5.47852593e-11
    39       3   1.66037504e-16   0.00000000e+00
    40       1   2.35384988e-02   4.31048842e-02
    40       2   1.14408759e-06   5.29257307e-11
    40       3   1.69945583e-16   0.00000000e+00
    41       1   2.44439362e-02   4.17359287e-02
    41       2   1.18458140e-06   5.11386883e-11
    41       3   3.48199032e-16   0.00000000e+00
    42       1   2.53834640e-02   4.04218505e-02
    42       2   1.22629182e-06   4.99032574e-11
    42       3   1.78518546e-16   0.00000000e+00
    43       1   2.63599116e-02   3.91587567e-02
    43       2   1.26931536e-06   4.80386443e-11
    43       3   1.83224046e-16   0.00000000e+00
    44       1   2.73764154e-02   3.79431000e-02
    44       2   1.31375879e-06   4.67339645e-11
    44       3   1.88239817e-16   0.00000000e+00
    45       1   2.84364627e-02   3.67716401e-02
    45       2   1.35974053e-06   4.53624829e-11
    45       3   1.93592428e-16   0.00000000e+00
    46       1   2.95439437e-02   3.56414109e-02
    46       2   1.40739238e-06   4.42280542e-11
    46       3   1.99311631e-16   0.00000000e+00
    47       1   3.07032122e-02   3.45496914e-02
    47       2   1.45686154e-06   4.25733237e-11
    47       3   2.05430839e-16   0.00000000e+00
    48       1   3.19191581e-02   3.34939800e-02
    48       2   1.50831303e-06   4.14159472e-11
    48       3   2.11987699e-16   0.00000000e+00
    49       1   3.31972943e-02   3.24719727e-02
    49       2   1.56193249e-06   4.07047085e-11
    49       3   4.38049550e-16   0.00000000e+00
    50       1   3.45438598e-02   3.14815430e-02
    50       2   1.61792967e-06   3.91344832e-11
    50       3   3.39885554e-16   0.00000000e+00
    51       1   3.59659456e-02   3.05207246e-02
    51       2   1.67654251e-06   3.79433657e-11
    51       3   3.52109269e-16   0.00000000e+00
    52       1   3.74716461e-02   2.95876956e-02
    52       2   1.73804221e-06   3.70168416e-11
    52       3   3.65302748e-16   0.00000000e+00
    53       1   3.90702454e-02   2.86807657e-02
    53       2   1.80273933e-06   3.56373127e-11
    53       3   3.79574532e-16   0.00000000e+00
    54       1   4.07724459e-02   2.77983628e-02
    54       2   1.87099135e-06   3.46304226e-11
    54       3   2.63366650e-16   0.00000000e+00
    55       1   4.25906517e-02   2.69390229e-02
    55       2   1.94321202e-06   3.37098787e-11
    55       3   4.11874610e-16   0.00000000e+00
    56       1   4.45393228e-02   2.61013801e-02
    56       2   2.01988307e-06   3.22521775e-11
    56       3   4.30218357e-16   0.00000000e+00
    57       1   4.66354224e-02   2.52841579e-02
    57       2   2.10156894e-06   3.11825286e-11
    57       3   3.00187217e-16   0.00000000e+00
    58       1   4.88989852e-02   2.44861608e-02
    58       2   2.18893554e-06   3.03974465e-11
    58       3   3.14865378e-16   0.00000000e+00
    59       1   5.13538486e-02   2.37062682e-02
    59       2   2.28277437e-06   2.92140439e-11
    59       3   3.31034172e-16   0.00000000e+00
    60       1   5.40286030e-02   2.29434269e-02
    60       2   2.38403388e-06   2.81950985e-11
    60       3   5.23377980e-16   0.00000000e+00
    61       1   5.69578425e-02   2.21966462e-02
    61       2   2.49386069e-06   2.70817577e-11
    61       3   3.68791388e-16   0.00000000e+00
    62       1   6.01838318e-02   2.14649920e-02
    62       2   2.61365462e-06   2.63301209e-11
    62       3   1.95492822e-16   0.00000000e+00
    63       1   6.37587622e-02   2.07475824e-02
    63       2   2.74514305e-06   2.57769439e-11
    63       3   4.15913263e-16   0.00000000e+00
    64       1   6.77478530e-02   2.00435829e-02
    64       2   2.89048322e-06   2.48541390e-11
    64       3   4.44089210e-16   0.00000000e+00
    65       1   7.22336935e-02   1.93522031e-02
    65       2   3.05240543e-06   2.42878521e-11
    65       3   5.95207451e-16   0.00000000e+00
    66       1   7.73224458e-02   1.86726923e-02
    66       2   3.23441759e-06   2.34484559e-11
    66       3   6.41228273e-16   0.00000000e+00
    67       1   8.31529109e-02   1.80043369e-02
    67       2   3.44110421e-06   2.24005515e-11
    67       3   5.55636704e-16   0.00000000e+00
    68       1   8.99101264e-02   1.73464565e-02
    68       2   3.67857480e-06   2.16427604e-11
    68       3   7.56989804e-16   0.00000000e+00
    69       1   9.78463832e-02   1.66984019e-02
    69       2   3.95515690e-06   2.08624508e-11
    69       3   6.64844185e-16   0.00000000e+00
    70       1   1.07314850e-01   1.60595517e-02
    70       2   4.28250496e-06   1.95633300e-11
    70       3   7.36188686e-16   0.00000000e+00
    71       1   1.18825614e-01   1.54293107e-02
    71       2   4.67744831e-06   1.97850105e-11
    71       3   8.23662906e-16   0.00000000e+00
    72       1   1.33143757e-01   1.48071068e-02
    72       2   5.16522525e-06   1.85262675e-11
    72       3   9.33323659e-16   0.00000000e+00
    73       1   1.51471489e-01   1.41923893e-02
    73       2   5.78548910e-06   1.80123488e-11
    73       3   1.07468937e-15   0.00000000e+00
    74       1   1.75812422e-01   1.35846273e-02
    74       2   6.60432028e-06   1.74031084e-11
    74       3   1.26362476e-15   0.00000000e+00
    75       1   2.09772973e-01   1.29833069e-02
    75       2   7.74065291e-06   1.65743084e-11
    75       3   1.52868725e-15   0.00000000e+00
    76       1   2.60565880e-01   1.23879304e-02
    76       2   9.43234116e-06   1.55202928e-11
    76       3   1.68611871e-15   0.00000000e+00
    77       1   3.45020802e-01   1.17980141e-02
    77       2   1.22343583e-05   1.49141956e-11
    77       3   2.26783700e-15   0.00000000e+00
    78       1   5.13627000e-01   1.12130867e-02
    78       2   1.78115929e-05   1.41602315e-11
    78       3   3.31000538e-15   0.00000000e+00
    79       1   1.01883694e+00   1.06326883e-02
    79       2   3.44884218e-05   1.31005507e-11
    79       3   5.69218538e-15   0.00000000e+00
    80       1   3.02746676e+04   1.00563682e-02
    80       2   6.04059639e+02   1.28755433e-11
    80       3   1.15599153e-07   0.00000000e+00
    80       4   0.00000000e+00   0.00000000e+00
    81       1   9.99999944e-01   9.48368430e-03
    81       2   3.20488023e-05   1.23694562e-11
    81       3   6.05745635e-15   0.00000000e+00
    82       1   4.94829160e-01   8.91420101e-03
    82       2   1.53705161e-05   1.12969346e-11
    82       3   2.80508924e-15   0.00000000e+00
    83       1   3.26213354e-01   8.34748841e-03
    83       2   9.79084548e-06   1.02199786e-11
    83       3   1.54640469e-15   0.00000000e+00
    84       1   2.41735107e-01   7.78312078e-03
    84       2   6.98541073e-06   9.99924202e-12
    84       3   1.17259258e-15   0.00000000e+00
    85       1   1.90909427e-01   7.22067530e-03
    85       2   5.28931694e-06   9.35279517e-12
    85       3   1.05415402e-15   0.00000000e+00
    86       1   1.56907658e-01   6.65973077e-03
    86       2   4.14758231e-06   8.27559495e-12
    86       3   5.33251720e-16   0.00000000e+00
    87       1   1.32517342e-01   6.09986635e-03
    87       2   3.32234212e-06   7.77233449e-12
    87       3   6.16784208e-16   0.00000000e+00
    88       1   1.14132118e-01   5.54066026e-03
    88       2   2.69464966e-06   6.65887744e-12
    88       3   5.46390793e-16   0.00000000e+00
    89       1   9.97483315e-02   4.98168841e-03
    89       2   2.19840981e-06   6.39463047e-12
    89       3   3.68917728e-16   0.00000000e+00
    90       1   8.81636803e-02   4.42252313e-03
    90       2   1.79395236e-06   5.56314294e-12
    90       3   3.36393187e-16   0.00000000e+00
    91       1   7.86129560e-02   3.86273172e-03
    91       2   1.45601990e-06   5.19229204e-12
    91       3   6.19897551e-16   0.00000000e+00
    92       1   7.05859164e-02   3.30187507e-03
    92       2   1.16776159e-06   4.39862114e-12
    92       3   0.00000000e+00   0.00000000e+00
    93       1   6.37292148e-02   2.73950611e-03
    93       2   9.17499056e-07   3.48660921e-12
    93       3   0.00000000e+00   0.00000000e+00
    94       1   5.77903595e-02   2.17516831e-03
    94       2   6.96878213e-07   2.98987549e-12
    94       3   1.69417449e-16   0.00000000e+00
    95       1   5.25840887e-02   1.60839400e-03
    95       2   4.99760296e-07   2.19597248e-12
    95       3   1.60508867e-16   0.00000000e+00
    96       1   4.79713542e-02   1.03870261e-03
    96       2   3.21528677e-07   7.65476124e-13
    96       3   0.00000000e+00   0.00000000e+00
    97       1   4.38457216e-02   4.65598872e-04
    97       2   1.58640261e-07   6.24931903e-13
    97       3   0.00000000e+00   0.00000000e+00
    98       1   4.01243041e-02   1.11429187e-04
    98       2   8.32631951e-09   9.05841141e-14
    98       3   0.00000000e+00   0.00000000e+00
    99       1   3.67415573e-02   6.92912382e-04
    99       2   1.31612280e-07   5.09816534e-13
    99       3   0.00000000e+00   0.00000000e+00
   100       1   3.36449358e-02   1.27940264e-03
   100       2   2.62948515e-07   1.51189526e-12
   100       3   1.30548416e-16   0.00000000e+00
   101       1   3.07917897e-02   1.87147550e-03
   101       2   3.87131760e-07   1.96229324e-12
   101       3   1.26528548e-16   0.00000000e+00
   102       1   2.81471063e-02   2.46973278e-03
   102       2   5.05362485e-07   2.89758267e-12
   102       3   0.00000000e+00   0.00000000e+00
   103       1   2.56818409e-02   3.07480555e-03
   103       2   6.18647574e-07   3.23496860e-12
   103       3   1.19808978e-16   0.00000000e+00
   104       1   2.33716626e-02   3.68735733e-03
   104       2   7.27841952e-07   3.92906990e-12
   104       3   1.17008758e-16   0.00000000e+00
   105       1   2.11960016e-02   4.30808761e-03
   105       2   8.33680337e-07   4.98320409e-12
   105       3   1.14528545e-16   0.00000000e+00
   106       1   1.91373138e-02   4.93773577e-03
   106       2   9.36801831e-07   5.71474096e-12
   106       3   1.12336671e-16   0.00000000e+00
   107       1   1.71805085e-02   5.57708537e-03
   107       2   1.03776919e-06   6.71822405e-12
   107       3   2.20813110e-16   0.00000000e+00
   108       1   1.53124971e-02   6.22696890e-03
   108       2   1.13708415e-06   7.46685195e-12
   108       3   2.17431662e-16   0.00000000e+00
   109       1   1.35218335e-02   6.88827309e-03
   109       2   1.23519978e-06   8.15301152e-12
   109       3   2.14491323e-16   0.00000000e+00
   110       1   1.17984250e-02   7.56194481e-03
   110       2   1.33253054e-06   8.79438564e-12
   110       3   2.11960381e-16   0.00000000e+00
   111       1   1.01332974e-02   8.24899766e-03
   111       2   1.42946066e-06   9.95335313e-12
   111       3   2.09812223e-16   0.00000000e+00
   112       1   8.51840150e-03   8.95051939e-03
   112       2   1.52635124e-06   1.06230890e-11
   112       3   2.08024641e-16   0.00000000e+00
   113       1   6.94645366e-03   9.66768019e-03
   113       2   1.62354623e-06   1.18597472e-11
   113       3   2.06579272e-16   0.00000000e+00
   114       1   5.41080079e-03   1.04017421e-02
   114       2   1.72137782e-06   1.26502604e-11
   114       3   2.05461159e-16   0.00000000e+00
   115       1   3.90530644e-03   1.11540695e-02
   115       2   1.82017117e-06   1.40089971e-11
   115       3   2.04658398e-16   0.00000000e+00
   116       1   2.42425238e-03   1.19261415e-02
   116       2   1.92024882e-06   1.44980967e-11
   116       3   4.08323724e-16   0.00000000e+00
   117       1   9.62252606e-04   1.27195649e-02
   117       2   2.02193477e-06   1.55721379e-11
   117       3   2.03964994e-16   0.00000000e+00
   118       1   4.85823172e-04   1.35360908e-02
   118       2   2.12555854e-06   1.65837700e-11
   118       3   4.08127303e-16   0.00000000e+00
   119       1   1.92491895e-03   1.43776317e-02
   119       2   2.23145916e-06   1.71183243e-11
   119       3   2.04456001e-16   0.00000000e+00
   120       1   3.35985678e-03   1.52462822e-02
   120       2   2.33998917e-06   1.83753662e-11
   120       3   2.05142464e-16   0.00000000e+00
   121       1   4.79539781e-03   1.61443431e-02
   121       2   2.45151901e-06   1.94149336e-11
   121       3   4.12251397e-16   0.00000000e+00
   122       1   6.23630177e-03   1.70743483e-02
   122       2   2.56644147e-06   2.06262006e-11
   122       3   4.14821256e-16   0.00000000e+00
   123       1   7.68738641e-03   1.80390970e-02
   123       2   2.68517676e-06   2.24609129e-11
   123       3   4.18009025e-16   0.00000000e+00
   124       1   9.15358839e-03   1.90416906e-02
   124       2   2.80817805e-06   2.39273911e-11
   124       3   6.32751185e-16   0.00000000e+00
   125       1   1.06400275e-02   2.00855766e-02
   125       2   2.93593770e-06   2.44583576e-11
   125       3   4.26321198e-16   0.00000000e+00
   126       1   1.21520756e-02   2.11745991e-02
   126       2   3.06899446e-06   2.57077676e-11
   126       3   4.31500561e-16   0.00000000e+00
   127       1   1.36954329e-02   2.23130598e-02
   127       2   3.20794170e-06   2.71140192e-11
   127       3   4.37408745e-16   0.00000000e+00
   128       1   1.52762133e-02   2.35057896e-02
   128       2   3.35343711e-06   2.85143873e-11
   128       3   4.44089205e-16   0.00000000e+00
   129       1   1.69010421e-02   2.47582339e-02
   129       2   3.50621408e-06   3.01247951e-11
   129       3   4.51593192e-16   0.00000000e+00
   130       1   1.85771693e-02   2.60765559e-02
   130       2   3.66709525e-06   3.18212489e-11
   130       3   6.89971243e-16   0.00000000e+00
   131       1   2.03126028e-02   2.74677600e-02
   131       2   3.83700873e-06   3.33342756e-11
   131       3   7.03983653e-16   0.00000000e+00
   132       1   2.21162675e-02   2.89398427e-02
   132       2   4.01700771e-06   3.54785507e-11
   132       3   5.99625212e-16   0.00000000e+00
   133       1   2.39981964e-02   3.05019764e-02
   133       2   4.20829434e-06   3.67288438e-11
   133       3   7.36815061e-16   0.00000000e+00
   134       1   2.59697635e-02   3.21647358e-02
   134       2   4.41224904e-06   3.94827161e-11
   134       3   6.29955532e-16   0.00000000e+00
   135       1   2.80439706e-02   3.39403788e-02
   135       2   4.63046674e-06   4.17693068e-11
   135       3   7.77142786e-16   0.00000000e+00
   136       1   3.02358030e-02   3.58431969e-02
   136       2   4.86480215e-06   4.38318164e-11
   136       3   9.34075831e-16   0.00000000e+00
   137       1   3.25626771e-02   3.78899580e-02
   137       2   5.11742672e-06   4.70400929e-11
   137       3   9.64486905e-16   0.00000000e+00
   138       1   3.50450073e-02   4.01004695e-02
   138       2   5.39090117e-06   4.92918523e-11
   138       3   9.98281974e-16   0.00000000e+00
   139       1   3.77069338e-02   4.24983016e-02
   139       2   5.68826860e-06   5.21713755e-11
   139       3   1.03591823e-15   0.00000000e+00
   140       1   4.05772673e-02   4.51117291e-02
   140       2   6.01317549e-06   5.55871305e-11
   140       3   9.23954128e-16   0.00000000e+00
   141       1   4.36907301e-02   4.79749689e-02
   141       2   6.37003097e-06   5.93765498e-11
   141       3   1.12503559e-15   0.00000000e+00
   142       1   4.70896098e-02   5.11298313e-02
   142       2   6.76421896e-06   6.30020696e-11
   142       3   1.17800510e-15   0.00000000e+00
   143       1   5.08259962e-02   5.46279534e-02
   143       2   7.20238531e-06   6.79801563e-11
   143       3   1.23786947e-15   0.00000000e+00
   144       1   5.49648542e-02   5.85338700e-02
   144       2   7.69283246e-06   7.19171024e-11
   144       3   1.49245570e-15   0.00000000e+00
   145       1   5.95883263e-02   6.29293137e-02
   145       2   8.24607200e-06   7.79940158e-11
   145       3   1.58137560e-15   0.00000000e+00
   146       1   6.48018769e-02   6.79193564e-02
   146       2   8.87561395e-06   8.41910405e-11
   146       3   1.47335717e-15   0.00000000e+00
   147       1   7.07432721e-02   7.36413864e-02
   147       2   9.59912035e-06   9.15360618e-11
   147       3   1.80293958e-15   0.00000000e+00
   148       1   7.75960476e-02   8.02785744e-02
   148       2   1.04401355e-05   9.95565839e-11
   148       3   1.94282028e-15   0.00000000e+00
   149       1   8.56103229e-02   8.80806830e-02
   149       2   1.14307602e-05   1.08783367e-10
   149       3   1.97730154e-15   0.00000000e+00
   150       1   9.51361014e-02   9.73973633e-02
   150       2   1.26159300e-05   1.20340407e-10
   150       3   2.16538698e-15   0.00000000e+00
   151       1   1.06678772e-01   1.08733649e-01
   151       2   1.40605461e-05   1.34562402e-10
   151       3   2.55611105e-15   0.00000000e+00
   152       1   1.20996235e-01   1.22847070e-01
   152       2   1.58619542e-05   1.52337399e-10
   152       3   2.86534541e-15   0.00000000e+00
   153       1   1.39279278e-01   1.40928008e-01
   153       2   1.81731192e-05   1.73865704e-10
   153       3   3.06034624e-15   0.00000000e+00
   154       1   1.63512332e-01   1.64960407e-01
   154       2   2.12489752e-05   2.04574155e-10
   154       3   3.91674243e-15   0.00000000e+00
   155       1   1.97267151e-01   1.98515331e-01
   155       2   2.55483946e-05   2.45825006e-10
   155       3   4.54716823e-15   0.00000000e+00
   156       1   2.47687023e-01   2.48734873e-01
   156       2   3.19891117e-05   3.07839052e-10
   156       3   5.67326131e-15   0.00000000e+00
   157       1   3.31439613e-01   3.32283863e-01
   157       2   4.27124923e-05   4.11593420e-10
   157       3   7.43526218e-15   0.00000000e+00
   158       1   4.98529427e-01   4.99156715e-01
   158       2   6.41426129e-05   6.18596202e-10
   158       3   1.13180896e-14   0.00000000e+00
   159       1   9.99003410e-01   9.99325321e-01
   159       2   1.28399809e-04   1.23726527e-09
   159       3   2.24452604e-14   0.00000000e+00
   160       1   7.80103620e+03   1.56932327e+07
   160       2   4.23217454e+02   1.98107599e-02
   160       3   7.46467786e-08   1.68574278e-15
   160       4   0.00000000e+00   0.00000000e+00
   161       1   1.00000030e+00   1.00000006e+00
   161       2   1.28529935e-04   1.23869383e-09
   161       3   2.27987429e-14   0.00000000e+00
   162       1   4.99718795e-01   4.99831305e-01
   162       2   6.42727078e-05   6.19119677e-10
   162       3   1.13180931e-14   0.00000000e+00
   163       1   3.32664955e-01   3.32958343e-01
   163       2   4.28426212e-05   4.12482182e-10
   163       3   7.67130380e-15   0.00000000e+00
   164       1   2.48925348e-01   2.49409216e-01
   164       2   3.21192997e-05   3.09319444e-10
   164       3   5.67326217e-15   0.00000000e+00
   165       1   1.98511917e-01   1.99189503e-01
   165       2   2.56786620e-05   2.46715808e-10
   165       3   4.68926781e-15   0.00000000e+00
   166       1   1.64761057e-01   1.65634373e-01
   166       2   2.13793411e-05   2.05459576e-10
   166       3   3.67936447e-15   0.00000000e+00
   167       1   1.40530871e-01   1.41601731e-01
   167       2   1.83036025e-05   1.76010187e-10
   167       3   3.26436961e-15   0.00000000e+00
   168       1   1.22250190e-01   1.23520511e-01
   168       2   1.59925739e-05   1.53885249e-10
   168       3   2.86534563e-15   0.00000000e+00
   169       1   1.07934861e-01   1.09406771e-01
   169       2   1.41913214e-05   1.35969120e-10
   169       3   2.55611122e-15   0.00000000e+00
   170       1   9.63942454e-02   9.80701276e-02
   170       2   1.27468802e-05   1.21885078e-10
   170       3   2.30974625e-15   0.00000000e+00
   171       1   8.68705294e-02   8.87530514e-02
   171       2   1.15619052e-05   1.10167365e-10
   171       3   2.10912176e-15   0.00000000e+00
   172       1   7.88583770e-02   8.09505080e-02
   172       2   1.05714953e-05   1.00804362e-10
   172       3   1.94282038e-15   0.00000000e+00
   173       1   7.20078198e-02   7.43128460e-02
   173       2   9.73071556e-06   9.27367746e-11
   173       3   1.69025593e-15   0.00000000e+00
   174       1   6.60687632e-02   6.85903022e-02
   174       2   9.00746562e-06   8.51859372e-11
   174       3   1.47335723e-15   0.00000000e+00
   175       1   6.08576899e-02   6.35997059e-02
   175       2   8.37820171e-06   7.91489248e-11
   175       3   1.38370370e-15   0.00000000e+00
   176       1   5.62368484e-02   5.92036681e-02
   176       2   7.82526239e-06   7.36189266e-11
   176       3   1.30589879e-15   0.00000000e+00
   177       1   5.21007866e-02   5.52971164e-02
   177       2   7.33513827e-06   6.89328974e-11
   177       3   1.41470802e-15   0.00000000e+00
   178       1   4.83673732e-02   5.17983178e-02
   178       2   6.89731847e-06   6.44688370e-11
   178       3   1.17800514e-15   0.00000000e+00
   179       1   4.49716533e-02   4.86427368e-02
   179       2   6.50350131e-06   6.07820443e-11
   179       3   1.12503562e-15   0.00000000e+00
   180       1   4.18615472e-02   4.57787359e-02
   180       2   6.14704179e-06   5.71067979e-11
   180       3   1.07794651e-15   0.00000000e+00
   181       1   3.89947767e-02   4.31645041e-02
   181       2   5.82255690e-06   5.39210730e-11
   181       3   1.18390659e-15   0.00000000e+00
   182       1   3.63366297e-02   4.07658237e-02
   182       2   5.52563851e-06   5.07048375e-11
   182       3   9.98282000e-16   0.00000000e+00
   183       1   3.38583057e-02   3.85544195e-02
   183       2   5.25264120e-06   4.81955233e-11
   183       3   9.64486929e-16   0.00000000e+00
   184       1   3.15356753e-02   3.65067203e-02
   184       2   5.00052304e-06   4.56376872e-11
   184       3   8.00636446e-16   0.00000000e+00
   185       1   2.93483355e-02   3.46029180e-02
   185       2   4.76672459e-06   4.34643732e-11
   185       3   9.06666604e-16   0.00000000e+00
   186       1   2.72788820e-02   3.28262439e-02
   186       2   4.54907576e-06   4.06502610e-11
   186       3   7.55946655e-16   0.00000000e+00
   187       1   2.53123424e-02   3.11624056e-02
   187       2   4.34572334e-06   3.90101632e-11
   187       3   8.59617589e-16   0.00000000e+00
   188       1   2.34357288e-02   2.95991442e-02
   188       2   4.15507400e-06   3.72018994e-11
   188       3   7.19550268e-16   0.00000000e+00
   189       1   2.16376823e-02   2.81258842e-02
   189       2   3.97574911e-06   3.48907149e-11
   189       3   5.86653056e-16   0.00000000e+00
   190       1   1.99081860e-02   2.67334521e-02
   190       2   3.80654842e-06   3.36683227e-11
   190       3   8.04966465e-16   0.00000000e+00
   191       1   1.82383327e-02   2.54138504e-02
   191       2   3.64642081e-06   3.21241736e-11
   191       3   6.77389800e-16   0.00000000e+00
   192       1   1.66201335e-02   2.41600734e-02
   192       2   3.49444045e-06   2.96384788e-11
   192       3   5.55111516e-16   0.00000000e+00
   193       1   1.50463589e-02   2.29659568e-02
   193       2   3.34978716e-06   2.85693315e-11
   193       3   6.56113128e-16   0.00000000e+00
   194       1   1.35104065e-02   2.18260540e-02
   194       2   3.21173026e-06   2.71895867e-11
   194       3   6.47250852e-16   0.00000000e+00
   195       1   1.20061867e-02   2.07355327e-02
   195       2   3.07961501e-06   2.60150249e-11
   195       3   6.39481807e-16   0.00000000e+00
   196       1   1.05280265e-02   1.96900900e-02
   196       2   2.95285125e-06   2.42225729e-11
   196       3   4.21834129e-16   0.00000000e+00
   197       1   9.07058329e-03   1.86858801e-02
   197       2   2.83090378e-06   2.34137709e-11
   197       3   4.18009031e-16   0.00000000e+00
   198       1   7.62876975e-03   1.77194542e-02
   198       2   2.71328412e-06   2.18500448e-11
   198       3   4.14821262e-16   0.00000000e+00
   199       1   6.19768475e-03   1.67877092e-02
   199       2   2.59954339e-06   2.12357689e-11
   199       3   8.24502804e-16   0.00000000e+00
   200       1   4.77254977e-03   1.58878444e-02
   200       2   2.48926609e-06   1.98702076e-11
   200       3   6.15427399e-16   0.00000000e+00
   201       1   3.34864836e-03   1.50173240e-02
   201       2   2.38206462e-06   1.84221520e-11
   201       3   2.04456004e-16   0.00000000e+00
   202       1   1.92126725e-03   1.41738455e-02
   202       2   2.27757433e-06   1.77626789e-11
   202       3   2.04063654e-16   0.00000000e+00
   203       1   4.85637586e-04   1.33553123e-02
   203       2   2.17544905e-06   1.69017011e-11
   203       3   4.07929993e-16   0.00000000e+00
   204       1   9.63125506e-04   1.25598098e-02
   204       2   2.07535690e-06   1.61820225e-11
   204       3   6.12485592e-16   0.00000000e+00
   205       1   2.43008635e-03   1.17855850e-02
   205       2   1.97697629e-06   1.44155639e-11
   205       3   2.04658400e-16   0.00000000e+00
   206       1   3.92055716e-03   1.10310288e-02
   206       2   1.87999209e-06   1.39138566e-11
   206       3   2.05461161e-16   0.00000000e+00
   207       1   5.44017334e-03   1.02946598e-02
   207       2   1.78409176e-06   1.26035375e-11
   207       3   2.06579274e-16   0.00000000e+00
   208       1   6.99497811e-03   9.57511122e-03
   208       2   1.68896136e-06   1.21204527e-11
   208       3   2.08024643e-16   0.00000000e+00
   209       1   8.59151916e-03   8.87111842e-03
   209       2   1.59428140e-06   1.10353488e-11
   209       3   2.09812225e-16   0.00000000e+00
   210       1   1.02369608e-02   8.18150856e-03
   210       2   1.49972229e-06   1.04372579e-11
   210       3   2.11960382e-16   0.00000000e+00
   211       1   1.19392161e-02   7.50519110e-03
   211       2   1.40493936e-06   9.84982125e-12
   211       3   2.14491324e-16   0.00000000e+00
   212       1   1.37071039e-02   6.84114952e-03
   212       2   1.30956708e-06   8.50271665e-12
   212       3   2.17431664e-16   0.00000000e+00
   213       1   1.55505381e-02   6.18843385e-03
   213       2   1.21321252e-06   7.63065784e-12
   213       3   2.20813111e-16   0.00000000e+00
   214       1   1.74807587e-02   5.54615413e-03
   214       2   1.11544746e-06   7.11341148e-12
   214       3   3.37010014e-16   0.00000000e+00
   215       1   1.95106151e-02   4.91347447e-03
   215       2   1.01579899e-06   6.26756831e-12
   215       3   1.14528545e-16   0.00000000e+00
   216       1   2.16549188e-02   4.28960773e-03
   216       2   9.13737993e-07   5.99736291e-12
   216       3   1.17008758e-16   0.00000000e+00
   217       1   2.39308859e-02   3.67381081e-03
   217       2   8.08664867e-07   5.10448865e-12
   217       3   1.19808979e-16   0.00000000e+00
   218       1   2.63586991e-02   3.06538024e-03
   218       2   6.99891588e-07   4.46699774e-12
   218       3   1.22967073e-16   0.00000000e+00
   219       1   2.89622275e-02   2.46364836e-03
   219       2   5.86618834e-07   3.28168639e-12
   219       3   1.26528548e-16   0.00000000e+00
   220       1   3.17699624e-02   1.86797976e-03
   220       2   4.67906448e-07   2.69484743e-12
   220       3   1.30548416e-16   0.00000000e+00
   221       1   3.48162459e-02   1.27776800e-03
   221       2   3.42634751e-07   1.77930589e-12
   221       3   1.35093668e-16   0.00000000e+00
   222       1   3.81429087e-02   6.92432722e-04
   222       2   2.09453122e-07   1.18336317e-12
   222       3   0.00000000e+00   0.00000000e+00
   223       1   4.18014839e-02   1.11416908e-04
   223       2   6.67105869e-08   7.14640565e-13
   223       3   1.46109087e-16   0.00000000e+00
   224       1   4.58562504e-02   4.65815619e-04
   224       2   8.76394708e-08   2.16728583e-13
   224       3   0.00000000e+00   0.00000000e+00
   225       1   5.03884923e-02   1.03978249e-03
   225       2   2.56172580e-07   8.30838234e-13
   225       3   0.00000000e+00   0.00000000e+00
   226       1   5.55025831e-02   1.61098495e-03
   226       2   4.42183426e-07   2.05440006e-12
   226       3   1.69417449e-16   0.00000000e+00
   227       1   6.13348763e-02   2.17990985e-03
   227       2   6.49963771e-07   2.78992532e-12
   227       3   1.79808531e-16   0.00000000e+00
   228       1   6.80670406e-02   2.74703148e-03
   228       2   8.85219216e-07   3.18999624e-12
   228       3   0.00000000e+00   0.00000000e+00
   229       1   7.59466684e-02   3.31281342e-03
   229       2   1.15571315e-06   3.95267697e-12
   229       3   2.06632516e-16   0.00000000e+00
   230       1   8.53202479e-02   3.87771013e-03
   230       2   1.47229696e-06   4.13860345e-12
   230       3   1.12131062e-16   0.00000000e+00
   231       1   9.66881155e-02   4.44216858e-03
   231       2   1.85062691e-06   5.03289407e-12
   231       3   2.45945150e-16   0.00000000e+00
   232       1   1.10800623e-01   5.00662973e-03
   232       2   2.31416855e-06   5.84215011e-12
   232       3   4.09793091e-16   0.00000000e+00
   233       1   1.28836729e-01   5.57153006e-03
   233       2   2.89977627e-06   6.80582808e-12
   233       3   6.16784202e-16   0.00000000e+00
   234       1   1.52761193e-01   6.13730293e-03
   234       2   3.66885214e-06   7.33845292e-12
   234       3   3.55501142e-16   0.00000000e+00
   235       1   1.86110382e-01   6.70437998e-03
   235       2   4.73189532e-06   7.80169972e-12
   235       3   6.32492400e-16   0.00000000e+00
   236       1   2.35956824e-01   7.27319251e-03
   236       2   6.30987541e-06   9.07443379e-12
   236       3   1.17259255e-15   0.00000000e+00
   237       1   3.18802877e-01   7.84417277e-03
   237       2   8.91835219e-06   9.57756155e-12
   237       3   1.71822737e-15   0.00000000e+00
   238       1   4.84155702e-01   8.41775537e-03
   238       2   1.41039544e-05   9.93331209e-12
   238       3   2.16756883e-15   0.00000000e+00
   239       1   9.79556394e-01   8.99437855e-03
   239       2   2.95997296e-05   1.10186075e-11
   239       3   5.42647067e-15   0.00000000e+00
   240       1   3.21961882e+04   9.57448554e-03
   240       2   1.71874568e+02   1.13118881e-11
   240       3   2.74229698e-08   0.00000000e+00
   240       4   0.00000000e+00   0.00000000e+00
   241       1   1.00000018e+00   1.01585260e-02
   241       2   3.22065498e-05   1.19479737e-11
   241       3   5.07347024e-15   0.00000000e+00
   242       1   5.04656520e-01   1.07469572e-02
   242       2   1.67122263e-05   1.29673741e-11
   242       3   2.69704160e-15   0.00000000e+00
   243       1   3.39331115e-01   1.13402457e-02
   243       2   1.15290591e-05   1.37840105e-11
   243       3   2.10584874e-15   0.00000000e+00
   244       1   2.56514622e-01   1.19388688e-02
   244       2   8.92399955e-06   1.46177860e-11
   244       3   1.56568172e-15   0.00000000e+00
   245       1   2.06703837e-01   1.25433160e-02
   245       2   7.35042484e-06   1.51368704e-11
   245       3   1.33760139e-15   0.00000000e+00
   246       1   1.73397434e-01   1.31540903e-02
   246       2   6.29278356e-06   1.55667288e-11
   246       3   1.10567170e-15   0.00000000e+00
   247       1   1.49523298e-01   1.37717107e-02
   247       2   5.53011665e-06   1.75088397e-11
   247       3   1.07468939e-15   0.00000000e+00
   248       1   1.31545296e-01   1.43967129e-02
   248       2   4.95193750e-06   1.66847005e-11
   248       3   6.99992759e-16   0.00000000e+00
   249       1   1.17498852e-01   1.50296522e-02
   249       2   4.49685874e-06   1.82007197e-11
   249       3   8.23662921e-16   0.00000000e+00
   250       1   1.06205171e-01   1.56711048e-02
   250       2   4.12804287e-06   1.88713627e-11
   250       3   5.52141524e-16   0.00000000e+00
   251       1   9.69140714e-02   1.63216703e-02
   251       2   3.82204346e-06   1.99303302e-11
   251       3   8.31055244e-16   0.00000000e+00
   252       1   8.91253948e-02   1.69819735e-02
   252       2   3.56322572e-06   2.09402816e-11
   252       3   6.05591852e-16   0.00000000e+00
   253       1   8.24928472e-02   1.76526675e-02
   253       2   3.34076222e-06   2.21286006e-11
   253       3   6.94545890e-16   0.00000000e+00
   254       1   7.67690477e-02   1.83344360e-02
   254       2   3.14691609e-06   2.28454637e-11
   254       3   5.12982625e-16   0.00000000e+00
   255       1   7.17725583e-02   1.90279960e-02
   255       2   2.97601099e-06   2.36059995e-11
   255       3   4.76165967e-16   0.00000000e+00
   256       1   6.73672781e-02   1.97341012e-02
   256       2   2.82378729e-06   2.44289304e-11
   256       3   5.55111520e-16   0.00000000e+00
   257       1   6.34491091e-02   2.04535450e-02
   257       2   2.68698547e-06   2.55274633e-11
   257       3   6.23869902e-16   0.00000000e+00
   258       1   5.99370674e-02   2.11871646e-02
   258       2   2.56306845e-06   2.62303665e-11
   258       3   5.86478473e-16   0.00000000e+00
   259       1   5.67672010e-02   2.19358445e-02
   259       2   2.45003149e-06   2.76984872e-11
   259       3   5.53187087e-16   0.00000000e+00
   260       1   5.38883322e-02   2.27005214e-02
   260       2   2.34626921e-06   2.80082153e-11
   260       3   5.23377986e-16   0.00000000e+00
   261       1   5.12590168e-02   2.34821886e-02
   261       2   2.25048056e-06   2.88636008e-11
   261       3   3.31034175e-16   0.00000000e+00
   262       1   4.88453320e-02   2.42819012e-02
   262       2   2.16159970e-06   2.97649148e-11
   262       3   3.14865381e-16   0.00000000e+00
   263       1   4.66192417e-02   2.51007824e-02
   263       2   2.07874491e-06   3.08981304e-11
   263       3   4.50280830e-16   0.00000000e+00
   264       1   4.45573705e-02   2.59400294e-02
   264       2   2.00118029e-06   3.19336928e-11
   264       3   2.86812241e-16   0.00000000e+00
   265       1   4.26400716e-02   2.68009209e-02
   265       2   1.92828663e-06   3.28801460e-11
   265       3   5.49166151e-16   0.00000000e+00
   266       1   4.08507099e-02   2.76848248e-02
   266       2   1.85953898e-06   3.43556245e-11
   266       3   2.63366652e-16   0.00000000e+00
   267       1   3.91751048e-02   2.85932068e-02
   267       2   1.79448926e-06   3.53131132e-11
   267       3   2.53049690e-16   0.00000000e+00
   268       1   3.76010918e-02   2.95276407e-02
   268       2   1.73275255e-06   3.68361646e-11
   268       3   2.43535167e-16   0.00000000e+00
   269       1   3.61181748e-02   3.04898188e-02
   269       2   1.67399620e-06   3.79142566e-11
   269       3   2.34739514e-16   0.00000000e+00
   270       1   3.47172485e-02   3.14815644e-02
   270       2   1.61793117e-06   3.86859487e-11
   270       3   3.39885556e-16   0.00000000e+00
   271       1   3.33903740e-02   3.25048454e-02
   271       2   1.56430502e-06   4.02335517e-11
   271       3   4.38049552e-16   0.00000000e+00
   272       1   3.21305966e-02   3.35617899e-02
   272       2   1.51289617e-06   4.17842717e-11
   272       3   2.11987700e-16   0.00000000e+00
   273       1   3.09317966e-02   3.46547036e-02
   273       2   1.46350928e-06   4.25711338e-11
   273       3   2.05430840e-16   0.00000000e+00
   274       1   2.97885668e-02   3.57860894e-02
   274       2   1.41597137e-06   4.45024350e-11
   274       3   1.99311632e-16   0.00000000e+00
   275       1   2.86961103e-02   3.69586697e-02
   275       2   1.37012869e-06   4.59762037e-11
   275       3   1.93592429e-16   0.00000000e+00
   276       1   2.76501563e-02   3.81754123e-02
   276       2   1.32584398e-06   4.72588197e-11
   276       3   1.88239818e-16   0.00000000e+00
   277       1   2.66468885e-02   3.94395587e-02
   277       2   1.28299435e-06   4.93541401e-11
   277       3   1.83224047e-16   0.00000000e+00
   278       1   2.56828854e-02   4.07546580e-02
   278       2   1.24146930e-06   5.10588315e-11
   278       3   1.78518547e-16   0.00000000e+00
   279       1   2.47550697e-02   4.21246045e-02
   279       2   1.20116921e-06   5.22139836e-11
   279       3   1.74099517e-16   0.00000000e+00
   280       1   2.38606652e-02   4.35536816e-02
   280       2   1.16200395e-06   5.39986249e-11
   280       3   3.39891168e-16   0.00000000e+00
   281       1   2.29971601e-02   4.50466127e-02
   281       2   1.12389173e-06   5.54847916e-11
   281       3   1.66037505e-16   0.00000000e+00
   282       1   2.21622752e-02   4.66086199e-02
   282       2   1.08675814e-06   5.82558588e-11
   282       3   1.62357912e-16   0.00000000e+00
   283       1   2.13539371e-02   4.82454923e-02
   283       2   1.05053524e-06   6.02441799e-11
   283       3   1.58891099e-16   0.00000000e+00
   284       1   2.05702542e-02   4.99636661e-02
   284       2   1.01516088e-06   6.19483170e-11
   284       3   1.55622826e-16   0.00000000e+00
   285       1   1.98094971e-02   5.17703181e-02
   285       2   9.80578048e-07   6.44387868e-11
   285       3   3.05080332e-16   0.00000000e+00
   286       1   1.90700803e-02   5.36734768e-02
   286       2   9.46734279e-07   6.70398708e-11
   286       3   1.49631354e-16   0.00000000e+00
   287       1   1.83505470e-02   5.56821530e-02
   287       2   9.13581206e-07   6.92068655e-11
   287       3   1.46885671e-16   0.00000000e+00
   288       1   1.76495554e-02   5.78064960e-02
   288       2   8.81074122e-07   7.18910217e-11
   288       3   2.88586663e-16   0.00000000e+00
   289       1   1.69658671e-02   6.00579796e-02
   289       2   8.49171601e-07   7.53240429e-11
   289       3   1.41845391e-16   0.00000000e+00
   290       1   1.62983363e-02   6.24496271e-02
   290       2   8.17835172e-07   7.77194186e-11
   290       3   1.39533661e-16   0.00000000e+00
   291       1   1.56459007e-02   6.49962824e-02
   291       2   7.87029027e-07   8.11784813e-11
   291       3   1.37350639e-16   0.00000000e+00
   292       1   1.50075733e-02   6.77149406e-02
   292       2   7.56719761e-07   8.39296123e-11
   292       3   1.35289442e-16   0.00000000e+00
   293       1   1.43824351e-02   7.06251536e-02
   293       2   7.26876140e-07   8.82042412e-11
   293       3   1.33343747e-16   0.00000000e+00
   294       1   1.37696286e-02   7.37495305e-02
   294       2   6.97468898e-07   9.26102616e-11
   294       3   1.31507745e-16   0.00000000e+00
   295       1   1.31683521e-02   7.71143603e-02
   295       2   6.68470551e-07   9.59458125e-11
   295       3   1.29776091e-16   0.00000000e+00
   296       1   1.25778542e-02   8.07503935e-02
   296       2   6.39855238e-07   1.00697327e-10
   296       3   2.56287737e-16   0.00000000e+00
   297       1   1.19974295e-02   8.46938309e-02
   297       2   6.11598562e-07   1.06261925e-10
   297       3   1.26606549e-16   0.00000000e+00
   298       1   1.14264143e-02   8.89875886e-02
   298       2   5.83677470e-07   1.11480768e-10
   298       3   1.25159963e-16   0.00000000e+00
   299       1   1.08641827e-02   9.36829312e-02
   299       2   5.56070121e-07   1.17258205e-10
   299       3   0.00000000e+00   0.00000000e+00
   300       1   1.03101432e-02   9.88416060e-02
   300       2   5.28755784e-07   1.23962201e-10
   300       3   1.22523938e-16   0.00000000e+00
   301       1   9.76373572e-03   1.04538667e-01
   301       2   5.01714736e-07   1.30792320e-10
   301       3   2.42655414e-16   0.00000000e+00
   302       1   9.22442877e-03   1.10866263e-01
   302       2   4.74928171e-07   1.39546296e-10
   302       3   0.00000000e+00   0.00000000e+00
   303       1   8.69171670e-03   1.17938797e-01
   303       2   4.48378121e-07   1.48351386e-10
   303       3   0.00000000e+00   0.00000000e+00
   304       1   8.16511749e-03   1.25900073e-01
   304       2   4.22047375e-07   1.58717392e-10
   304       3   1.18190883e-16   0.00000000e+00
   305       1   7.64417058e-03   1.34933382e-01
   305       2   3.95919415e-07   1.70633612e-10
   305       3   1.17287458e-16   0.00000000e+00
   306       1   7.12843482e-03   1.45276045e-01
   306       2   3.69978349e-07   1.84106189e-10
   306       3   2.32902851e-16   0.00000000e+00
   307       1   6.61748672e-03   1.57240884e-01
   307       2   3.44208851e-07   1.98648167e-10
   307       3   2.31361699e-16   0.00000000e+00
   308       1   6.11091870e-03   1.71248802e-01
   308       2   3.18596109e-07   2.18115862e-10
   308       3   1.14973970e-16   0.00000000e+00
   309       1   5.60833751e-03   1.87879801e-01
   309       2   2.93125771e-07   2.38909079e-10
   309       3   1.14329191e-16   0.00000000e+00
   310       1   5.10936281e-03   2.07955868e-01
   310       2   2.67783901e-07   2.66081455e-10
   310       3   0.00000000e+00   0.00000000e+00
   311       1   4.61362574e-03   2.32681571e-01
   311       2   2.42556926e-07   2.97803441e-10
   311       3   0.00000000e+00   0.00000000e+00
   312       1   4.12076764e-03   2.63895313e-01
   312       2   2.17431606e-07   3.39255630e-10
   312       3   0.00000000e+00   0.00000000e+00
   313       1   3.63043887e-03   3.04547840e-01
   313       2   1.92394982e-07   3.93170685e-10
   313       3   1.12344468e-16   0.00000000e+00
   314       1   3.14229757e-03   3.59689312e-01
   314       2   1.67434345e-07   4.68053596e-10
   314       3   0.00000000e+00   0.00000000e+00
   315       1   2.65600864e-03   4.38727432e-01
   315       2   1.42537197e-07   5.76171922e-10
   315       3   0.00000000e+00   0.00000000e+00
   316       1   2.17124261e-03   5.61370373e-01
   316       2   1.17691217e-07   7.46167347e-10
   316       3   0.00000000e+00   0.00000000e+00
   317       1   1.68767466e-03   7.76778188e-01
   317       2   9.28842240e-08   1.05299818e-09
   317       3   1.11263447e-16   0.00000000e+00
   318       1   1.20498361e-03   1.24909632e+00
   318       2   6.81041503e-08   1.75244586e-09
   318       3   0.00000000e+00   0.00000000e+00
   319       1   7.22850964e-04   2.99903607e+00
   319       2   4.33390025e-08   4.53718592e-09
   319       3   0.00000000e+00   0.00000000e+00
   320       1   2.40959946e-04   2.31310688e+06
   320       2   1.85768336e-08   4.74476051e-03
   320       3   0.00000000e+00   0.00000000e+00
   321       1   2.41005427e-04   1.00000043e+00
   321       2   6.19428940e-09   4.16121003e-10
   321       3   0.00000000e+00   0.00000000e+00
   322       1   7.23361284e-04   7.49939922e-01
   322       2   3.09863165e-08   7.23607662e-10
   322       3   0.00000000e+00   0.00000000e+00
   323       1   1.20642483e-03   5.55377088e-01
   323       2   5.58112469e-08   5.96853401e-10
   323       3   0.00000000e+00   0.00000000e+00
   324       1   1.69051528e-03   4.37183614e-01
   324       2   8.06811600e-08   4.90076480e-10
   324       3   0.00000000e+00   0.00000000e+00
   325       1   2.17595484e-03   3.59537017e-01
   325       2   1.05608247e-07   4.12843119e-10
   325       3   0.00000000e+00   0.00000000e+00
   326       1   2.66306963e-03   3.04941347e-01
   326       2   1.30604846e-07   3.54967340e-10
   326       3   0.00000000e+00   0.00000000e+00
   327       1   3.15219073e-03   2.64537894e-01
   327       2   1.55683472e-07   3.11275294e-10
   327       3   0.00000000e+00   0.00000000e+00
   328       1   3.64365518e-03   2.33450899e-01
   328       2   1.80856856e-07   2.76838350e-10
   328       3   1.12753792e-16   0.00000000e+00
   329       1   4.13780708e-03   2.08795246e-01
   329       2   2.06137977e-07   2.48426979e-10
   329       3   1.13220322e-16   0.00000000e+00
   330       1   4.63499866e-03   1.88760498e-01
   330       2   2.31540104e-07   2.26570442e-10
   330       3   0.00000000e+00   0.00000000e+00
   331       1   5.13559149e-03   1.72155198e-01
   331       2   2.57076832e-07   2.06602629e-10
   331       3   0.00000000e+00   0.00000000e+00
   332       1   5.63995772e-03   1.58163993e-01
   332       2   2.82762127e-07   1.90820249e-10
   332       3   0.00000000e+00   0.00000000e+00
   333       1   6.14848136e-03   1.46210447e-01
   333       2   3.08610366e-07   1.76362894e-10
   333       3   0.00000000e+00   0.00000000e+00
   334       1   6.66155971e-03   1.35875680e-01
   334       2   3.34636391e-07   1.63779115e-10
   334       3   0.00000000e+00   0.00000000e+00
   335       1   7.17960482e-03   1.26848067e-01
   335       2   3.60855552e-07   1.54064125e-10
   335       3   0.00000000e+00   0.00000000e+00
   336       1   7.70304511e-03   1.18891021e-01
   336       2   3.87283765e-07   1.44213609e-10
   336       3   0.00000000e+00   0.00000000e+00
   337       1   8.23232708e-03   1.11821716e-01
   337       2   4.13937571e-07   1.35911576e-10
   337       3   0.00000000e+00   0.00000000e+00
   338       1   8.76791718e-03   1.05496653e-01
   338       2   4.40834196e-07   1.28190878e-10
   338       3   0.00000000e+00   0.00000000e+00
   339       1   9.31030384e-03   9.98016331e-02
   339       2   4.67991620e-07   1.21804149e-10
   339       3   1.21327707e-16   0.00000000e+00
   340       1   9.85999964e-03   9.46446457e-02
   340       2   4.95428653e-07   1.15586594e-10
   340       3   2.45047874e-16   0.00000000e+00
   341       1   1.04175437e-02   8.99507344e-02
   341       2   5.23165012e-07   1.09658319e-10
   341       3   1.23800271e-16   0.00000000e+00
   342       1   1.09835044e-02   8.56582212e-02
   342       2   5.51221412e-07   1.04446031e-10
   342       3   0.00000000e+00   0.00000000e+00
   343       1   1.15584820e-02   8.17158914e-02
   343       2   5.79619659e-07   1.00304557e-10
   343       3   1.26606548e-16   0.00000000e+00
   344       1   1.21431122e-02   7.80808659e-02
   344       2   6.08382761e-07   9.53567494e-11
   344       3   1.28143868e-16   0.00000000e+00
   345       1   1.27380692e-02   7.47169711e-02
   345       2   6.37535040e-07   9.18261017e-11
   345       3   2.59552181e-16   0.00000000e+00
   346       1   1.33440699e-02   7.15934774e-02
   346       2   6.67102265e-07   8.76665904e-11
   346       3   1.31507744e-16   0.00000000e+00
   347       1   1.39618779e-02   6.86841117e-02
   347       2   6.97111791e-07   8.38531184e-11
   347       3   0.00000000e+00   0.00000000e+00
   348       1   1.45923085e-02   6.59662771e-02
   348       2   7.27592721e-07   8.09322769e-11
   348       3   1.35289441e-16   0.00000000e+00
   349       1   1.52362338e-02   6.34204317e-02
   349       2   7.58576080e-07   7.83637234e-11
   349       3   1.37350638e-16   0.00000000e+00
   350       1   1.58945886e-02   6.10295878e-02
   350       2   7.90095014e-07   7.51564718e-11
   350       3   1.39533660e-16   0.00000000e+00
   351       1   1.65683774e-02   5.87789079e-02
   351       2   8.22185011e-07   7.15296745e-11
   351       3   1.41845390e-16   0.00000000e+00
   352       1   1.72586811e-02   5.66553739e-02
   352       2   8.54884146e-07   6.99220796e-11
   352       3   1.44293331e-16   0.00000000e+00
   353       1   1.79666660e-02   5.46475160e-02
   353       2   8.88233360e-07   6.73232746e-11
   353       3   2.93771341e-16   0.00000000e+00
   354       1   1.86935931e-02   5.27451887e-02
   354       2   9.22276777e-07   6.43591981e-11
   354       3   1.49631353e-16   0.00000000e+00
   355       1   1.94408285e-02   5.09393842e-02
   355       2   9.57062052e-07   6.24049192e-11
   355       3   1.52540165e-16   0.00000000e+00
   356       1   2.02098560e-02   4.92220767e-02
   356       2   9.92640784e-07   6.03365861e-11
   356       3   1.55622825e-16   0.00000000e+00
   357       1   2.10022903e-02   4.75860916e-02
   357       2   1.02906896e-06   5.87951107e-11
   357       3   1.58891097e-16   0.00000000e+00
   358       1   2.18198932e-02   4.60249949e-02
   358       2   1.06640750e-06   5.63366645e-11
   358       3   3.24715822e-16   0.00000000e+00
   359       1   2.26645918e-02   4.45329993e-02
   359       2   1.10472283e-06   5.48555781e-11
   359       3   1.66037503e-16   0.00000000e+00
   360       1   2.35384986e-02   4.31048847e-02
   360       2   1.14408758e-06   5.29983520e-11
   360       3   1.69945582e-16   0.00000000e+00
   361       1   2.44439360e-02   4.17359292e-02
   361       2   1.18458139e-06   5.20895497e-11
   361       3   1.74099515e-16   0.00000000e+00
   362       1   2.53834639e-02   4.04218509e-02
   362       2   1.22629180e-06   4.97355621e-11
   362       3   1.78518545e-16   0.00000000e+00
   363       1   2.63599115e-02   3.91587572e-02
   363       2   1.26931535e-06   4.83471288e-11
   363       3   1.83224045e-16   0.00000000e+00
   364       1   2.73764152e-02   3.79431004e-02
   364       2   1.31375878e-06   4.64985648e-11
   364       3   1.88239816e-16   0.00000000e+00
   365       1   2.84364625e-02   3.67716405e-02
   365       2   1.35974052e-06   4.52084653e-11
   365       3   1.93592427e-16   0.00000000e+00
   366       1   2.95439435e-02   3.56414113e-02
   366       2   1.40739236e-06   4.40754767e-11
   366       3   1.99311630e-16   0.00000000e+00
   367       1   3.07032120e-02   3.45496917e-02
   367       2   1.45686153e-06   4.27442437e-11
   367       3   2.05430838e-16   0.00000000e+00
   368       1   3.19191579e-02   3.34939804e-02
   368       2   1.50831301e-06   4.17217014e-11
   368       3   2.11987698e-16   0.00000000e+00
   369       1   3.31972941e-02   3.24719731e-02
   369       2   1.56193248e-06   4.01724282e-11
   369       3   2.19024773e-16   0.00000000e+00
   370       1   3.45438596e-02   3.14815434e-02
   370       2   1.61792965e-06   3.90880299e-11
   370       3   2.26590368e-16   0.00000000e+00
   371       1   3.59659453e-02   3.05207249e-02
   371       2   1.67654250e-06   3.77232665e-11
   371       3   2.34739511e-16   0.00000000e+00
   372       1   3.74716458e-02   2.95876960e-02
   372       2   1.73804220e-06   3.66764080e-11
   372       3   3.65302745e-16   0.00000000e+00
   373       1   3.90702451e-02   2.86807660e-02
   373       2   1.80273932e-06   3.52591456e-11
   373       3   2.53049686e-16   0.00000000e+00
   374       1   4.07724456e-02   2.77983631e-02
   374       2   1.87099133e-06   3.45843718e-11
   374       3   2.63366648e-16   0.00000000e+00
   375       1   4.25906514e-02   2.69390232e-02
   375       2   1.94321200e-06   3.33954696e-11
   375       3   5.49166142e-16   0.00000000e+00
   376       1   4.45393225e-02   2.61013804e-02
   376       2   2.01988305e-06   3.18896947e-11
   376       3   2.86812236e-16   0.00000000e+00
   377       1   4.66354221e-02   2.52841581e-02
   377       2   2.10156892e-06   3.12927084e-11
   377       3   3.00187215e-16   0.00000000e+00
   378       1   4.88989849e-02   2.44861611e-02
   378       2   2.18893552e-06   3.01189924e-11
   378       3   4.72298063e-16   0.00000000e+00
   379       1   5.13538482e-02   2.37062684e-02
   379       2   2.28277435e-06   2.93561694e-11
   379       3   4.96551253e-16   0.00000000e+00
   380       1   5.40286026e-02   2.29434272e-02
   380       2   2.38403385e-06   2.86365665e-11
   380       3   3.48918650e-16   0.00000000e+00
   381       1   5.69578421e-02   2.21966465e-02
   381       2   2.49386067e-06   2.77211181e-11
   381       3   3.68791384e-16   0.00000000e+00
   382       1   6.01838313e-02   2.14649923e-02
   382       2   2.61365460e-06   2.66117920e-11
   382       3   3.90985640e-16   0.00000000e+00
   383       1   6.37587617e-02   2.07475826e-02
   383       2   2.74514302e-06   2.61139758e-11
   383       3   6.23869889e-16   0.00000000e+00
   384       1   6.77478524e-02   2.00435831e-02
   384       2   2.89048319e-06   2.53093367e-11
   384       3   4.44089205e-16   0.00000000e+00
   385       1   7.22336928e-02   1.93522033e-02
   385       2   3.05240540e-06   2.40233691e-11
   385       3   4.76165955e-16   0.00000000e+00
   386       1   7.73224451e-02   1.86726925e-02
   386       2   3.23441756e-06   2.36137772e-11
   386       3   6.41228265e-16   0.00000000e+00
   387       1   8.31529100e-02   1.80043371e-02
   387       2   3.44110418e-06   2.28641253e-11
   387       3   6.94545871e-16   0.00000000e+00
   388       1   8.99101255e-02   1.73464567e-02
   388       2   3.67857476e-06   2.12412652e-11
   388       3   6.05591834e-16   0.00000000e+00
   389       1   9.78463821e-02   1.66984021e-02
   389       2   3.95515686e-06   2.06281514e-11
   389       3   6.64844175e-16   0.00000000e+00
   390       1   1.07314848e-01   1.60595519e-02
   390       2   4.28250491e-06   2.01516272e-11
   390       3   7.36188674e-16   0.00000000e+00
   391       1   1.18825612e-01   1.54293109e-02
   391       2   4.67744825e-06   1.94311892e-11
   391       3   8.23662891e-16   0.00000000e+00
   392       1   1.33143755e-01   1.48071069e-02
   392       2   5.16522517e-06   1.79845285e-11
   392       3   8.16658186e-16   0.00000000e+00
   393       1   1.51471487e-01   1.41923895e-02
   393       2   5.78548901e-06   1.81346858e-11
   393       3   1.07468934e-15   0.00000000e+00
   394       1   1.75812419e-01   1.35846275e-02
   394       2   6.60432016e-06   1.69271411e-11
   394       3   1.26362473e-15   0.00000000e+00
   395       1   2.09772968e-01   1.29833071e-02
   395       2   7.74065274e-06   1.62844288e-11
   395       3   1.52868721e-15   0.00000000e+00
   396       1   2.60565873e-01   1.23879306e-02
   396       2   9.43234090e-06   1.58277456e-11
   396       3   1.68611865e-15   0.00000000e+00
   397       1   3.45020789e-01   1.17980142e-02
   397       2   1.22343579e-05   1.44090090e-11
   397       3   2.10584855e-15   0.00000000e+00
   398       1   5.13626970e-01   1.12130869e-02
   398       2   1.78115919e-05   1.44899867e-11
   398       3   3.43259795e-15   0.00000000e+00
   399       1   1.01883682e+00   1.06326884e-02
   399       2   3.44884179e-05   1.33571724e-11
   399       3   6.31090041e-15   0.00000000e+00
   400       1   3.03805414e+04   1.00563684e-02
   400       2   5.44890876e+02   1.26069005e-11
   400       3   9.45639999e-08   0.00000000e+00
   400       4   0.00000000e+00   0.00000000e+00
   401       1   1.00000006e+00   9.48368446e-03
   401       2   3.20488062e-05   1.18207810e-11
   401       3   5.55266893e-15   0.00000000e+00
   402       1   4.94829189e-01   8.91420117e-03
   402       2   1.53705171e-05   1.12377473e-11
   402       3   2.67758532e-15   0.00000000e+00
   403       1   3.26213367e-01   8.34748857e-03
   403       2   9.79084592e-06   1.04601017e-11
   403       3   1.89005023e-15   0.00000000e+00
   404       1   2.41735114e-01   7.78312094e-03
   404       2   6.98541098e-06   9.66180386e-12
   404       3   1.17259260e-15   0.00000000e+00
   405       1   1.90909432e-01   7.22067545e-03
   405       2   5.28931711e-06   9.20494279e-12
   405       3   1.05415404e-15   0.00000000e+00
   406       1   1.56907661e-01   6.65973092e-03
   406       2   4.14758243e-06   8.43038944e-12
   406       3   8.88752878e-16   0.00000000e+00
   407       1   1.32517345e-01   6.09986650e-03
   407       2   3.32234221e-06   7.80340187e-12
   407       3   7.70980268e-16   0.00000000e+00
   408       1   1.14132120e-01   5.54066041e-03
   408       2   2.69464974e-06   6.74032846e-12
   408       3   4.09793098e-16   0.00000000e+00
   409       1   9.97483331e-02   4.98168856e-03
   409       2   2.19840987e-06   6.26813522e-12
   409       3   4.91890307e-16   0.00000000e+00
   410       1   8.81636816e-02   4.42252328e-03
   410       2   1.79395242e-06   5.76712975e-12
   410       3   2.24262126e-16   0.00000000e+00
   411       1   7.86129571e-02   3.86273187e-03
   411       2   1.45601995e-06   4.90594652e-12
   411       3   2.06632518e-16   0.00000000e+00
   412       1   7.05859173e-02   3.30187521e-03
   412       2   1.16776164e-06   4.43540477e-12
   412       3   1.92047396e-16   0.00000000e+00
   413       1   6.37292156e-02   2.73950626e-03
   413       2   9.17499098e-07   3.33306329e-12
   413       3   0.00000000e+00   0.00000000e+00
   414       1   5.77903602e-02   2.17516846e-03
   414       2   6.96878253e-07   2.67187751e-12
   414       3   0.00000000e+00   0.00000000e+00
   415       1   5.25840894e-02   1.60839414e-03
   415       2   4.99760334e-07   2.11075091e-12
   415       3   1.60508867e-16   0.00000000e+00
   416       1   4.79713548e-02   1.03870275e-03
   416       2   3.21528714e-07   1.44596348e-12
   416       3   0.00000000e+00   0.00000000e+00
   417       1   4.38457222e-02   4.65599013e-04
   417       2   1.58640297e-07   3.40517939e-13
   417       3   0.00000000e+00   0.00000000e+00
   418       1   4.01243046e-02   1.11429047e-04
   418       2   8.32635483e-09   3.56278284e-14
   418       3   0.00000000e+00   0.00000000e+00
   419       1   3.67415578e-02   6.92912242e-04
   419       2   1.31612246e-07   1.01876702e-12
   419       3   0.00000000e+00   0.00000000e+00
   420       1   3.36449363e-02   1.27940250e-03
   420       2   2.62948481e-07   1.34164265e-12
   420       3   1.30548415e-16   0.00000000e+00
   421       1   3.07917901e-02   1.87147536e-03
   421       2   3.87131726e-07   2.17586929e-12
   421       3   1.26528547e-16   0.00000000e+00
   422       1   2.81471068e-02   2.46973264e-03
   422       2   5.05362451e-07   2.65052899e-12
   422       3   1.22967072e-16   0.00000000e+00
   423       1   2.56818413e-02   3.07480541e-03
   423       2   6.18647540e-07   3.45278808e-12
   423       3   1.19808977e-16   0.00000000e+00
   424       1   2.33716631e-02   3.68735719e-03
   424       2   7.27841917e-07   4.21067809e-12
   424       3   1.17008757e-16   0.00000000e+00
   425       1   2.11960020e-02   4.30808747e-03
   425       2   8.33680302e-07   4.70023595e-12
   425       3   1.14528544e-16   0.00000000e+00
   426       1   1.91373142e-02   4.93773563e-03
   426       2   9.36801796e-07   5.79305944e-12
   426       3   1.12336670e-16   0.00000000e+00
   427       1   1.71805089e-02   5.57708523e-03
   427       2   1.03776916e-06   6.52927076e-12
   427       3   0.00000000e+00   0.00000000e+00
   428       1   1.53124975e-02   6.22696876e-03
   428       2   1.13708412e-06   7.33149261e-12
   428       3   2.17431661e-16   0.00000000e+00
   429       1   1.35218339e-02   6.88827294e-03
   429       2   1.23519974e-06   8.32221166e-12
   429       3   2.14491321e-16   0.00000000e+00
   430       1   1.17984254e-02   7.56194466e-03
   430       2   1.33253050e-06   9.15366460e-12
   430       3   2.11960379e-16   0.00000000e+00
   431       1   1.01332978e-02   8.24899752e-03
   431       2   1.42946063e-06   9.83153703e-12
   431       3   4.19624443e-16   0.00000000e+00
   432       1   8.51840191e-03   8.95051925e-03
   432       2   1.52635120e-06   1.09300470e-11
   432       3   2.08024639e-16   0.00000000e+00
   433       1   6.94645407e-03   9.66768004e-03
   433       2   1.62354619e-06   1.15726811e-11
   433       3   2.06579270e-16   0.00000000e+00
   434       1   5.41080121e-03   1.04017419e-02
   434       2   1.72137778e-06   1.25633705e-11
   434       3   2.05461157e-16   0.00000000e+00
   435       1   3.90530686e-03   1.11540694e-02
   435       2   1.82017113e-06   1.36038603e-11
   435       3   2.04658396e-16   0.00000000e+00
   436       1   2.42425281e-03   1.19261413e-02
   436       2   1.92024877e-06   1.45884506e-11
   436       3   4.08323720e-16   0.00000000e+00
   437       1   9.62253051e-04   1.27195648e-02
   437       2   2.02193472e-06   1.54479086e-11
   437       3   4.07929984e-16   0.00000000e+00
   438       1   4.85822716e-04   1.35360907e-02
   438       2   2.12555849e-06   1.62345859e-11
   438       3   4.08127298e-16   0.00000000e+00
   439       1   1.92491848e-03   1.43776315e-02
   439       2   2.23145910e-06   1.71225092e-11
   439       3   4.08911998e-16   0.00000000e+00
   440       1   3.35985629e-03   1.52462821e-02
   440       2   2.33998912e-06   1.83819941e-11
   440       3   6.15427385e-16   0.00000000e+00
   441       1   4.79539731e-03   1.61443429e-02
   441       2   2.45151895e-06   1.95800245e-11
   441       3   6.18377088e-16   0.00000000e+00
   442       1   6.23630125e-03   1.70743481e-02
   442       2   2.56644141e-06   2.12486610e-11
   442       3   4.14821251e-16   0.00000000e+00
   443       1   7.68738587e-03   1.80390968e-02
   443       2   2.68517670e-06   2.21472870e-11
   443       3   4.18009020e-16   0.00000000e+00
   444       1   9.15358784e-03   1.90416904e-02
   444       2   2.80817798e-06   2.36118018e-11
   444       3   4.21834117e-16   0.00000000e+00
   445       1   1.06400269e-02   2.00855764e-02
   445       2   2.93593763e-06   2.46906960e-11
   445       3   4.26321192e-16   0.00000000e+00
   446       1   1.21520750e-02   2.11745989e-02
   446       2   3.06899439e-06   2.59083930e-11
   446       3   4.31500555e-16   0.00000000e+00
   447       1   1.36954323e-02   2.23130596e-02
   447       2   3.20794162e-06   2.73449287e-11
   447       3   4.37408738e-16   0.00000000e+00
   448       1   1.52762126e-02   2.35057894e-02
   448       2   3.35343703e-06   2.89858702e-11
   448       3   4.44089198e-16   0.00000000e+00
   449       1   1.69010414e-02   2.47582337e-02
   449       2   3.50621400e-06   3.06761302e-11
   449       3   4.51593184e-16   0.00000000e+00
   450       1   1.85771685e-02   2.60765557e-02
   450       2   3.66709516e-06   3.22019402e-11
   450       3   6.89971230e-16   0.00000000e+00
   451       1   2.03126020e-02   2.74677597e-02
   451       2   3.83700863e-06   3.30377496e-11
   451       3   5.86653034e-16   0.00000000e+00
   452       1   2.21162667e-02   2.89398424e-02
   452       2   4.01700760e-06   3.51789626e-11
   452       3   5.99625200e-16   0.00000000e+00
   453       1   2.39981955e-02   3.05019761e-02
   453       2   4.20829423e-06   3.75701620e-11
   453       3   7.36815046e-16   0.00000000e+00
   454       1   2.59697626e-02   3.21647356e-02
   454       2   4.41224892e-06   4.01231984e-11
   454       3   8.81937726e-16   0.00000000e+00
   455       1   2.80439695e-02   3.39403785e-02
   455       2   4.63046662e-06   4.17640866e-11
   455       3   7.77142768e-16   0.00000000e+00
   456       1   3.02358019e-02   3.58431966e-02
   456       2   4.86480201e-06   4.38751994e-11
   456       3   1.06751521e-15   0.00000000e+00
   457       1   3.25626759e-02   3.78899577e-02
   457       2   5.11742657e-06   4.71505066e-11
   457       3   8.26703041e-16   0.00000000e+00
   458       1   3.50450060e-02   4.01004692e-02
   458       2   5.39090101e-06   4.90500876e-11
   458       3   9.98281948e-16   0.00000000e+00
   459       1   3.77069324e-02   4.24983013e-02
   459       2   5.68826842e-06   5.24610575e-11
   459       3   1.03591821e-15   0.00000000e+00
   460       1   4.05772658e-02   4.51117287e-02
   460       2   6.01317530e-06   5.59348420e-11
   460       3   1.07794645e-15   0.00000000e+00
   461       1   4.36907283e-02   4.79749685e-02
   461       2   6.37003075e-06   5.91141431e-11
   461       3   9.64316187e-16   0.00000000e+00
   462       1   4.70896079e-02   5.11298309e-02
   462       2   6.76421872e-06   6.26970834e-11
   462       3   1.17800507e-15   0.00000000e+00
   463       1   5.08259941e-02   5.46279529e-02
   463       2   7.20238504e-06   6.75899531e-11
   463       3   1.23786943e-15   0.00000000e+00
   464       1   5.49648518e-02   5.85338695e-02
   464       2   7.69283215e-06   7.28197579e-11
   464       3   1.11934174e-15   0.00000000e+00
   465       1   5.95883236e-02   6.29293131e-02
   465       2   8.24607165e-06   7.73052073e-11
   465       3   1.38370360e-15   0.00000000e+00
   466       1   6.48018738e-02   6.79193557e-02
   466       2   8.87561355e-06   8.40983426e-11
   466       3   1.68383669e-15   0.00000000e+00
   467       1   7.07432684e-02   7.36413856e-02
   467       2   9.59911988e-06   9.10457573e-11
   467       3   1.69025578e-15   0.00000000e+00
   468       1   7.75960434e-02   8.02785735e-02
   468       2   1.04401350e-05   9.92265005e-11
   468       3   1.82139392e-15   0.00000000e+00
   469       1   8.56103178e-02   8.80806819e-02
   469       2   1.14307596e-05   1.08624957e-10
   469       3   1.97730143e-15   0.00000000e+00
   470       1   9.51360953e-02   9.73973620e-02
   470       2   1.26159292e-05   1.20198162e-10
   470       3   2.16538685e-15   0.00000000e+00
   471       1   1.06678765e-01   1.08733647e-01
   471       2   1.40605452e-05   1.34165033e-10
   471       3   2.55611088e-15   0.00000000e+00
   472       1   1.20996225e-01   1.22847068e-01
   472       2   1.58619530e-05   1.51488457e-10
   472       3   2.68626112e-15   0.00000000e+00
   473       1   1.39279265e-01   1.40928006e-01
   473       2   1.81731176e-05   1.73910577e-10
   473       3   3.06034598e-15   0.00000000e+00
   474       1   1.63512316e-01   1.64960403e-01
   474       2   2.12489730e-05   2.03931674e-10
   474       3   3.67936373e-15   0.00000000e+00
   475       1   1.97267126e-01   1.98515326e-01
   475       2   2.55483915e-05   2.45385415e-10
   475       3   4.54716768e-15   0.00000000e+00
   476       1   2.47686985e-01   2.48734865e-01
   476       2   3.19891068e-05   3.08261756e-10
   476       3   5.67326045e-15   0.00000000e+00
   477       1   3.31439546e-01   3.32283850e-01
   477       2   4.27124836e-05   4.10840735e-10
   477       3   7.43526067e-15   0.00000000e+00
   478       1   4.98529275e-01   4.99156685e-01
   478       2   6.41425934e-05   6.17935550e-10
   478       3   1.13180862e-14   0.00000000e+00
   479       1   9.99002804e-01   9.99325201e-01
   479       2   1.28399731e-04   1.23721811e-09
   479       3   2.26219810e-14   0.00000000e+00
   480       1   7.83811534e+03   5.45246976e+06
   480       2   1.41197224e+02   6.79898387e-03
   480       3   2.50013548e-08   5.78222967e-16
   480       4   0.00000000e+00   0.00000000e+00
   481       1   1.00000091e+00   1.00000018e+00
   481       2   1.28530013e-04   1.23859590e-09
   481       3   2.26220222e-14   0.00000000e+00
   482       1   4.99718946e-01   4.99831335e-01
   482       2   6.42727273e-05   6.19523826e-10
   482       3   1.14949418e-14   0.00000000e+00
   483       1   3.32665023e-01   3.32958356e-01
   483       2   4.28426298e-05   4.12700936e-10
   483       3   7.43526518e-15   0.00000000e+00
   484       1   2.48925386e-01   2.49409224e-01
   484       2   3.21193046e-05   3.09414333e-10
   484       3   5.85055250e-15   0.00000000e+00
   485       1   1.98511941e-01   1.99189508e-01
   485       2   2.56786651e-05   2.47307503e-10
   485       3   4.54716933e-15   0.00000000e+00
   486       1   1.64761074e-01   1.65634376e-01
   486       2   2.13793433e-05   2.05720262e-10
   486       3   3.91674322e-15   0.00000000e+00
   487       1   1.40530883e-01   1.41601733e-01
   487       2   1.83036041e-05   1.75632302e-10
   487       3   3.26436989e-15   0.00000000e+00
   488       1   1.22250199e-01   1.23520513e-01
   488       2   1.59925751e-05   1.53052685e-10
   488       3   2.86534584e-15   0.00000000e+00
   489       1   1.07934868e-01   1.09406772e-01
   489       2   1.41913223e-05   1.35434173e-10
   489       3   2.55611139e-15   0.00000000e+00
   490       1   9.63942516e-02   9.80701289e-02
   490       2   1.27468810e-05   1.21759705e-10
   490       3   2.45410554e-15   0.00000000e+00
   491       1   8.68705345e-02   8.87530524e-02
   491       2   1.15619058e-05   1.10210876e-10
   491       3   2.10912187e-15   0.00000000e+00
   492       1   7.88583813e-02   8.09505089e-02
   492       2   1.05714959e-05   1.00553059e-10
   492       3   1.94282047e-15   0.00000000e+00
   493       1   7.20078235e-02   7.43128467e-02
   493       2   9.73071603e-06   9.23431138e-11
   493       3   1.80293974e-15   0.00000000e+00
   494       1   6.60687664e-02   6.85903029e-02
   494       2   9.00746603e-06   8.52437447e-11
   494       3   1.68383690e-15   0.00000000e+00
   495       1   6.08576926e-02   6.35997065e-02
   495       2   8.37820207e-06   7.93117029e-11
   495       3   1.58137572e-15   0.00000000e+00
   496       1   5.62368508e-02   5.92036687e-02
   496       2   7.82526270e-06   7.36238378e-11
   496       3   1.49245581e-15   0.00000000e+00
   497       1   5.21007888e-02   5.52971168e-02
   497       2   7.33513854e-06   6.93048877e-11
   497       3   1.23786956e-15   0.00000000e+00
   498       1   4.83673752e-02   5.17983182e-02
   498       2   6.89731871e-06   6.39033427e-11
   498       3   1.17800518e-15   0.00000000e+00
   499       1   4.49716551e-02   4.86427372e-02
   499       2   6.50350153e-06   6.07290363e-11
   499       3   1.12503565e-15   0.00000000e+00
   500       1   4.18615488e-02   4.57787363e-02
   500       2   6.14704199e-06   5.70988116e-11
   500       3   1.07794655e-15   0.00000000e+00
   501       1   3.89947782e-02   4.31645044e-02
   501       2   5.82255708e-06   5.35686997e-11
   501       3   1.03591829e-15   0.00000000e+00
   502       1   3.63366310e-02   4.07658240e-02
   502       2   5.52563868e-06   5.08010819e-11
   502       3   9.98282026e-16   0.00000000e+00
   503       1   3.38583069e-02   3.85544198e-02
   503       2   5.25264135e-06   4.75151600e-11
   503       3   9.64486953e-16   0.00000000e+00
   504       1   3.15356765e-02   3.65067205e-02
   504       2   5.00052318e-06   4.51582093e-11
   504       3   8.00636465e-16   0.00000000e+00
   505       1   2.93483365e-02   3.46029182e-02
   505       2   4.76672472e-06   4.32547207e-11
   505       3   9.06666624e-16   0.00000000e+00
   506       1   2.72788830e-02   3.28262442e-02
   506       2   4.54907588e-06   4.10487574e-11
   506       3   8.81937783e-16   0.00000000e+00
   507       1   2.53123433e-02   3.11624058e-02
   507       2   4.34572345e-06   3.88589854e-11
   507       3   7.36815092e-16   0.00000000e+00
   508       1   2.34357297e-02   2.95991444e-02
   508       2   4.15507411e-06   3.65274401e-11
   508       3   5.99625235e-16   0.00000000e+00
   509       1   2.16376831e-02   2.81258844e-02
   509       2   3.97574921e-06   3.56174394e-11
   509       3   8.21314293e-16   0.00000000e+00
   510       1   1.99081868e-02   2.67334523e-02
   510       2   3.80654851e-06   3.30341155e-11
   510       3   6.89971268e-16   0.00000000e+00
   511       1   1.82383335e-02   2.54138506e-02
   511       2   3.64642090e-06   3.13088733e-11
   511       3   4.51593208e-16   0.00000000e+00
   512       1   1.66201342e-02   2.41600736e-02
   512       2   3.49444053e-06   2.98055038e-11
   512       3   4.44089220e-16   0.00000000e+00
   513       1   1.50463596e-02   2.29659570e-02
   513       2   3.34978724e-06   2.88448706e-11
   513       3   4.37408759e-16   0.00000000e+00
   514       1   1.35104071e-02   2.18260542e-02
   514       2   3.21173033e-06   2.74881523e-11
   514       3   6.47250862e-16   0.00000000e+00
   515       1   1.20061873e-02   2.07355329e-02
   515       2   3.07961508e-06   2.61553574e-11
   515       3   6.39481816e-16   0.00000000e+00
   516       1   1.05280271e-02   1.96900901e-02
   516       2   2.95285131e-06   2.48043723e-11
   516       3   6.32751203e-16   0.00000000e+00
   517       1   9.07058384e-03   1.86858802e-02
   517       2   2.83090384e-06   2.35564582e-11
   517       3   4.18009037e-16   0.00000000e+00
   518       1   7.62877028e-03   1.77194543e-02
   518       2   2.71328418e-06   2.23153094e-11
   518       3   4.14821267e-16   0.00000000e+00
   519       1   6.19768527e-03   1.67877094e-02
   519       2   2.59954345e-06   2.06104612e-11
   519       3   6.18377111e-16   0.00000000e+00
   520       1   4.77255027e-03   1.58878446e-02
   520       2   2.48926615e-06   2.00173804e-11
   520       3   4.10284938e-16   0.00000000e+00
   521       1   3.34864884e-03   1.50173242e-02
   521       2   2.38206467e-06   1.91290545e-11
   521       3   4.08912012e-16   0.00000000e+00
   522       1   1.92126773e-03   1.41738457e-02
   522       2   2.27757438e-06   1.76408935e-11
   522       3   2.04063656e-16   0.00000000e+00
   523       1   4.85638048e-04   1.33553124e-02
   523       2   2.17544910e-06   1.67346509e-11
   523       3   4.07929997e-16   0.00000000e+00
   524       1   9.63125054e-04   1.25598099e-02
   524       2   2.07535694e-06   1.59767167e-11
   524       3   4.08323732e-16   0.00000000e+00
   525       1   2.43008591e-03   1.17855852e-02
   525       2   1.97697633e-06   1.46910569e-11
   525       3   2.04658402e-16   0.00000000e+00
   526       1   3.92055672e-03   1.10310290e-02
   526       2   1.87999214e-06   1.40738094e-11
   526       3   2.05461163e-16   0.00000000e+00
   527       1   5.44017291e-03   1.02946600e-02
   527       2   1.78409180e-06   1.33353538e-11
   527       3   4.13158551e-16   0.00000000e+00
   528       1   6.99497769e-03   9.57511136e-03
   528       2   1.68896140e-06   1.25105805e-11
   528       3   2.08024644e-16   0.00000000e+00
   529       1   8.59151874e-03   8.87111856e-03
   529       2   1.59428144e-06   1.12519617e-11
   529       3   4.19624453e-16   0.00000000e+00
   530       1   1.02369604e-02   8.18150870e-03
   530       2   1.49972233e-06   9.94277618e-12
   530       3   2.11960384e-16   0.00000000e+00
   531       1   1.19392157e-02   7.50519125e-03
   531       2   1.40493940e-06   9.90677225e-12
   531       3   2.14491326e-16   0.00000000e+00
   532       1   1.37071034e-02   6.84114966e-03
   532       2   1.30956712e-06   8.49823948e-12
   532       3   0.00000000e+00   0.00000000e+00
   533       1   1.55505376e-02   6.18843399e-03
   533       2   1.21321256e-06   8.16592662e-12
   533       3   2.20813113e-16   0.00000000e+00
   534       1   1.74807582e-02   5.54615427e-03
   534       2   1.11544750e-06   7.39276209e-12
   534       3   3.37010016e-16   0.00000000e+00
   535       1   1.95106146e-02   4.91347460e-03
   535       2   1.01579903e-06   6.52279734e-12
   535       3   2.29057091e-16   0.00000000e+00
   536       1   2.16549183e-02   4.28960787e-03
   536       2   9.13738029e-07   5.64341633e-12
   536       3   1.17008759e-16   0.00000000e+00
   537       1   2.39308855e-02   3.67381095e-03
   537       2   8.08664902e-07   4.61774366e-12
   537       3   1.19808979e-16   0.00000000e+00
   538       1   2.63586986e-02   3.06538038e-03
   538       2   6.99891623e-07   4.18075221e-12
   538       3   1.22967074e-16   0.00000000e+00
   539       1   2.89622270e-02   2.46364850e-03
   539       2   5.86618869e-07   3.01221857e-12
   539       3   1.26528548e-16   0.00000000e+00
   540       1   3.17699619e-02   1.86797990e-03
   540       2   4.67906483e-07   3.05414114e-12
   540       3   1.30548417e-16   0.00000000e+00
   541       1   3.48162454e-02   1.27776814e-03
   541       2   3.42634787e-07   1.81409234e-12
   541       3   0.00000000e+00   0.00000000e+00
   542       1   3.81429082e-02   6.92432862e-04
   542       2   2.09453158e-07   1.08585542e-12
   542       3   0.00000000e+00   0.00000000e+00
   543       1   4.18014833e-02   1.11417048e-04
   543       2   6.67106237e-08   4.92964973e-13
   543       3   0.00000000e+00   0.00000000e+00
   544       1   4.58562497e-02   4.65815478e-04
   544       2   8.76394332e-08   3.94930846e-13
   544       3   0.00000000e+00   0.00000000e+00
   545       1   5.03884916e-02   1.03978235e-03
   545       2   2.56172541e-07   1.14615810e-12
   545       3   0.00000000e+00   0.00000000e+00
   546       1   5.55025823e-02   1.61098481e-03
   546       2   4.42183384e-07   2.28197550e-12
   546       3   0.00000000e+00   0.00000000e+00
   547       1   6.13348753e-02   2.17990970e-03
   547       2   6.49963727e-07   2.72975386e-12
   547       3   3.59617061e-16   0.00000000e+00
   548       1   6.80670395e-02   2.74703134e-03
   548       2   8.85219168e-07   3.19043239e-12
   548       3   1.92047395e-16   0.00000000e+00
   549       1   7.59466672e-02   3.31281328e-03
   549       2   1.15571310e-06   4.04063740e-12
   549       3   2.06632515e-16   0.00000000e+00
   550       1   8.53202465e-02   3.87770999e-03
   550       2   1.47229690e-06   4.38256753e-12
   550       3   2.24262122e-16   0.00000000e+00
   551       1   9.66881138e-02   4.44216843e-03
   551       2   1.85062684e-06   5.23410979e-12
   551       3   2.45945149e-16   0.00000000e+00
   552       1   1.10800621e-01   5.00662959e-03
   552       2   2.31416847e-06   5.98110459e-12
   552       3   4.09793088e-16   0.00000000e+00
   553       1   1.28836727e-01   5.57152992e-03
   553       2   2.89977618e-06   6.58478914e-12
   553       3   3.08392097e-16   0.00000000e+00
   554       1   1.52761189e-01   6.13730278e-03
   554       2   3.66885201e-06   7.16571127e-12
   554       3   5.33251705e-16   0.00000000e+00
   555       1   1.86110377e-01   6.70437983e-03
   555       2   4.73189515e-06   8.08430558e-12
   555       3   6.32492388e-16   0.00000000e+00
   556       1   2.35956816e-01   7.27319235e-03
   556       2   6.30987515e-06   8.91140180e-12
   556       3   1.17259252e-15   0.00000000e+00
   557       1   3.18802863e-01   7.84417262e-03
   557       2   8.91835174e-06   9.28241346e-12
   557       3   1.54640458e-15   0.00000000e+00
   558       1   4.84155670e-01   8.41775521e-03
   558       2   1.41039534e-05   1.00222473e-11
   558       3   2.29507275e-15   0.00000000e+00
   559       1   9.79556271e-01   8.99437838e-03
   559       2   2.95997257e-05   1.12114526e-11
   559       3   5.42647002e-15   0.00000000e+00
   560       1   3.23274085e+04   9.57448537e-03
   560       2   1.01484916e+02   1.16796037e-11
   560       3   1.74219276e-08   0.00000000e+00
   560       4   0.00000000e+00   0.00000000e+00
   561       1   1.00000030e+00   1.01585258e-02
   561       2   3.22065537e-05   1.19719229e-11
   561       3   5.19721409e-15   0.00000000e+00
   562       1   5.04656551e-01   1.07469570e-02
   562       2   1.67122272e-05   1.27509572e-11
   562       3   2.57444898e-15   0.00000000e+00
   563       1   3.39331129e-01   1.13402455e-02
   563       2   1.15290595e-05   1.40348203e-11
   563       3   1.94386047e-15   0.00000000e+00
   564       1   2.56514630e-01   1.19388687e-02
   564       2   8.92399981e-06   1.45204970e-11
   564       3   1.44524472e-15   0.00000000e+00
   565       1   2.06703842e-01   1.25433158e-02
   565       2   7.35042500e-06   1.57591565e-11
   565       3   1.52868734e-15   0.00000000e+00
   566       1   1.73397438e-01   1.31540901e-02
   566       2   6.29278369e-06   1.61145625e-11
   566       3   1.10567172e-15   0.00000000e+00
   567       1   1.49523301e-01   1.37717105e-02
   567       2   5.53011674e-06   1.61131419e-11
   567       3   8.06017062e-16   0.00000000e+00
   568       1   1.31545298e-01   1.43967127e-02
   568       2   4.95193757e-06   1.79528546e-11
   568       3   9.33323698e-16   0.00000000e+00
   569       1   1.17498854e-01   1.50296520e-02
   569       2   4.49685880e-06   1.79494959e-11
   569       3   8.23662937e-16   0.00000000e+00
   570       1   1.06205173e-01   1.56711047e-02
   570       2   4.12804292e-06   1.95754632e-11
   570       3   7.36188711e-16   0.00000000e+00
   571       1   9.69140726e-02   1.63216701e-02
   571       2   3.82204350e-06   2.01860284e-11
   571       3   6.64844206e-16   0.00000000e+00
   572       1   8.91253957e-02   1.69819733e-02
   572       2   3.56322576e-06   2.05907942e-11
   572       3   6.05591861e-16   0.00000000e+00
   573       1   8.24928480e-02   1.76526673e-02
   573       2   3.34076225e-06   2.22496551e-11
   573       3   6.94545900e-16   0.00000000e+00
   574       1   7.67690484e-02   1.83344358e-02
   574       2   3.14691612e-06   2.25069853e-11
   574       3   5.12982632e-16   0.00000000e+00
   575       1   7.17725590e-02   1.90279958e-02
   575       2   2.97601102e-06   2.33465798e-11
   575       3   4.76165973e-16   0.00000000e+00
   576       1   6.73672787e-02   1.97341010e-02
   576       2   2.82378731e-06   2.40088854e-11
   576       3   5.55111526e-16   0.00000000e+00
   577       1   6.34491097e-02   2.04535448e-02
   577       2   2.68698550e-06   2.45299466e-11
   577       3   4.15913273e-16   0.00000000e+00
   578       1   5.99370679e-02   2.11871643e-02
   578       2   2.56306847e-06   2.60171988e-11
   578       3   3.90985653e-16   0.00000000e+00
   579       1   5.67672014e-02   2.19358443e-02
   579       2   2.45003151e-06   2.70322665e-11
   579       3   3.68791395e-16   0.00000000e+00
   580       1   5.38883326e-02   2.27005212e-02
   580       2   2.34626923e-06   2.79876665e-11
   580       3   3.48918661e-16   0.00000000e+00
   581       1   5.12590172e-02   2.34821883e-02
   581       2   2.25048058e-06   2.94513615e-11
   581       3   3.31034178e-16   0.00000000e+00
   582       1   4.88453324e-02   2.42819009e-02
   582       2   2.16159972e-06   3.02672888e-11
   582       3   4.72298076e-16   0.00000000e+00
   583       1   4.66192421e-02   2.51007821e-02
   583       2   2.07874493e-06   3.03665259e-11
   583       3   3.00187223e-16   0.00000000e+00
   584       1   4.45573708e-02   2.59400291e-02
   584       2   2.00118031e-06   3.21490361e-11
   584       3   2.86812243e-16   0.00000000e+00
   585       1   4.26400719e-02   2.68009206e-02
   585       2   1.92828664e-06   3.30535116e-11
   585       3   2.74583078e-16   0.00000000e+00
   586       1   4.08507102e-02   2.76848245e-02
   586       2   1.85953899e-06   3.43537368e-11
   586       3   2.63366654e-16   0.00000000e+00
   587       1   3.91751051e-02   2.85932065e-02
   587       2   1.79448928e-06   3.56367942e-11
   587       3   2.53049692e-16   0.00000000e+00
   588       1   3.76010920e-02   2.95276404e-02
   588       2   1.73275256e-06   3.67666117e-11
   588       3   4.87070338e-16   0.00000000e+00
   589       1   3.61181750e-02   3.04898185e-02
   589       2   1.67399621e-06   3.77360345e-11
   589       3   2.34739516e-16   0.00000000e+00
   590       1   3.47172488e-02   3.14815641e-02
   590       2   1.61793119e-06   3.88646820e-11
   590       3   3.39885559e-16   0.00000000e+00
   591       1   3.33903743e-02   3.25048451e-02
   591       2   1.56430503e-06   3.96000787e-11
   591       3   2.19024778e-16   0.00000000e+00
   592       1   3.21305968e-02   3.35617896e-02
   592       2   1.51289618e-06   4.19219586e-11
   592       3   2.11987702e-16   0.00000000e+00
   593       1   3.09317968e-02   3.46547032e-02
   593       2   1.46350929e-06   4.30457356e-11
   593       3   4.10861683e-16   0.00000000e+00
   594       1   2.97885670e-02   3.57860890e-02
   594       2   1.41597138e-06   4.45965404e-11
   594       3   5.97934901e-16   0.00000000e+00
   595       1   2.86961105e-02   3.69586693e-02
   595       2   1.37012870e-06   4.63302602e-11
   595       3   1.93592430e-16   0.00000000e+00
   596       1   2.76501565e-02   3.81754118e-02
   596       2   1.32584400e-06   4.73876789e-11
   596       3   1.88239819e-16   0.00000000e+00
   597       1   2.66468887e-02   3.94395583e-02
   597       2   1.28299436e-06   4.88163771e-11
   597       3   1.83224048e-16   0.00000000e+00
   598       1   2.56828855e-02   4.07546576e-02
   598       2   1.24146932e-06   5.03959691e-11
   598       3   1.78518548e-16   0.00000000e+00
   599       1   2.47550698e-02   4.21246040e-02
   599       2   1.20116922e-06   5.18190522e-11
   599       3   1.74099518e-16   0.00000000e+00
   600       1   2.38606654e-02   4.35536811e-02
   600       2   1.16200396e-06   5.43631622e-11
   600       3   1.69945585e-16   0.00000000e+00
   601       1   2.29971603e-02   4.50466122e-02
   601       2   1.12389175e-06   5.54474879e-11
   601       3   1.66037506e-16   0.00000000e+00
   602       1   2.21622754e-02   4.66086194e-02
   602       2   1.08675815e-06   5.83525636e-11
   602       3   1.62357913e-16   0.00000000e+00
   603       1   2.13539372e-02   4.82454917e-02
   603       2   1.05053525e-06   5.94607254e-11
   603       3   1.58891099e-16   0.00000000e+00
   604       1   2.05702544e-02   4.99636654e-02
   604       2   1.01516089e-06   6.20969810e-11
   604       3   3.11245654e-16   0.00000000e+00
   605       1   1.98094973e-02   5.17703174e-02
   605       2   9.80578059e-07   6.43522932e-11
   605       3   1.52540167e-16   0.00000000e+00
   606       1   1.90700805e-02   5.36734761e-02
   606       2   9.46734289e-07   6.65919955e-11
   606       3   1.49631355e-16   0.00000000e+00
   607       1   1.83505472e-02   5.56821523e-02
   607       2   9.13581217e-07   6.93234421e-11
   607       3   1.46885672e-16   0.00000000e+00
   608       1   1.76495556e-02   5.78064952e-02
   608       2   8.81074132e-07   7.22565394e-11
   608       3   1.44293332e-16   0.00000000e+00
   609       1   1.69658673e-02   6.00579788e-02
   609       2   8.49171611e-07   7.45526616e-11
   609       3   1.41845391e-16   0.00000000e+00
   610       1   1.62983364e-02   6.24496263e-02
   610       2   8.17835182e-07   7.81686043e-11
   610       3   2.79067323e-16   0.00000000e+00
   611       1   1.56459008e-02   6.49962815e-02
   611       2   7.87029037e-07   8.14011749e-11
   611       3   2.74701279e-16   0.00000000e+00
   612       1   1.50075734e-02   6.77149396e-02
   612       2   7.56719771e-07   8.41838243e-11
   612       3   1.35289442e-16   0.00000000e+00
   613       1   1.43824352e-02   7.06251525e-02
   613       2   7.26876150e-07   8.83309992e-11
   613       3   2.66687495e-16   0.00000000e+00
   614       1   1.37696288e-02   7.37495294e-02
   614       2   6.97468907e-07   9.19672854e-11
   614       3   1.31507745e-16   0.00000000e+00
   615       1   1.31683522e-02   7.71143591e-02
   615       2   6.68470561e-07   9.71769266e-11
   615       3   0.00000000e+00   0.00000000e+00
   616       1   1.25778543e-02   8.07503921e-02
   616       2   6.39855247e-07   1.00557344e-10
   616       3   1.28143869e-16   0.00000000e+00
   617       1   1.19974296e-02   8.46938294e-02
   617       2   6.11598572e-07   1.05775736e-10
   617       3   0.00000000e+00   0.00000000e+00
   618       1   1.14264144e-02   8.89875870e-02
   618       2   5.83677480e-07   1.11907356e-10
   618       3   0.00000000e+00   0.00000000e+00
   619       1   1.08641828e-02   9.36829294e-02
   619       2   5.56070131e-07   1.17612432e-10
   619       3   1.23800272e-16   0.00000000e+00
   620       1   1.03101433e-02   9.88416040e-02
   620       2   5.28755793e-07   1.24408879e-10
   620       3   1.22523938e-16   0.00000000e+00
   621       1   9.76373584e-03   1.04538665e-01
   621       2   5.01714745e-07   1.31296780e-10
   621       3   0.00000000e+00   0.00000000e+00
   622       1   9.22442888e-03   1.10866260e-01
   622       2   4.74928181e-07   1.39804021e-10
   622       3   0.00000000e+00   0.00000000e+00
   623       1   8.69171681e-03   1.17938794e-01
   623       2   4.48378130e-07   1.48644861e-10
   623       3   0.00000000e+00   0.00000000e+00
   624       1   8.16511761e-03   1.25900070e-01
   624       2   4.22047384e-07   1.58632983e-10
   624       3   1.18190883e-16   0.00000000e+00
   625       1   7.64417069e-03   1.34933379e-01
   625       2   3.95919424e-07   1.69986202e-10
   625       3   0.00000000e+00   0.00000000e+00
   626       1   7.12843493e-03   1.45276041e-01
   626       2   3.69978358e-07   1.83825383e-10
   626       3   0.00000000e+00   0.00000000e+00
   627       1   6.61748683e-03   1.57240880e-01
   627       2   3.44208860e-07   1.98945253e-10
   627       3   0.00000000e+00   0.00000000e+00
   628       1   6.11091881e-03   1.71248796e-01
   628       2   3.18596118e-07   2.17941735e-10
   628       3   0.00000000e+00   0.00000000e+00
   629       1   5.60833762e-03   1.87879794e-01
   629       2   2.93125780e-07   2.39403673e-10
   629       3   1.14329191e-16   0.00000000e+00
   630       1   5.10936292e-03   2.07955860e-01
   630       2   2.67783910e-07   2.65337005e-10
   630       3   0.00000000e+00   0.00000000e+00
   631       1   4.61362585e-03   2.32681560e-01
   631       2   2.42556936e-07   2.97829025e-10
   631       3   0.00000000e+00   0.00000000e+00
   632       1   4.12076775e-03   2.63895300e-01
   632       2   2.17431615e-07   3.39258425e-10
   632       3   0.00000000e+00   0.00000000e+00
   633       1   3.63043897e-03   3.04547823e-01
   633       2   1.92394991e-07   3.92873791e-10
   633       3   1.12344468e-16   0.00000000e+00
   634       1   3.14229768e-03   3.59689287e-01
   634       2   1.67434354e-07   4.68882853e-10
   634       3   0.00000000e+00   0.00000000e+00
   635       1   2.65600874e-03   4.38727395e-01
   635       2   1.42537206e-07   5.76180131e-10
   635       3   0.00000000e+00   0.00000000e+00
   636       1   2.17124271e-03   5.61370312e-01
   636       2   1.17691225e-07   7.46922416e-10
   636       3   1.11451531e-16   0.00000000e+00
   637       1   1.68767476e-03   7.76778070e-01
   637       2   9.28842331e-08   1.05319465e-09
   637       3   0.00000000e+00   0.00000000e+00
   638       1   1.20498372e-03   1.24909601e+00
   638       2   6.81041594e-08   1.75237385e-09
   638       3   0.00000000e+00   0.00000000e+00
   639       1   7.22851070e-04   2.99903423e+00
   639       2   4.33390116e-08   4.53759308e-09
   639       3   0.00000000e+00   0.00000000e+00
   640       1   2.40960053e-04   3.29870741e+06
   640       2   1.85768426e-08   6.75124435e-03
   640       3   0.00000000e+00   0.00000000e+00