  TimeWindow  Iteration  ResRel(Mass-Left-Mesh:Displacement-Left)  ResRel(Mass-Left-Mesh:Displacement-Right)
     1       1   1.00000000e+00   1.00000000e+00
     1       2   6.92832648e-08   4.88882632e-09
     1       3   1.11111804e-16   0.00000000e+00
     2       1   2.42253264e-03   7.49798587e-01
     2       2   3.46972697e-07   8.36021230e-09
     2       3   6.68285621e-16   0.00000000e+00
     3       1   4.04679822e-03   5.54958145e-01
     3       2   6.25898591e-07   6.88492996e-09
     3       3   1.23014763e-15   0.00000000e+00
     4       1   5.68267863e-03   4.36440631e-01
     4       2   9.06525041e-07   5.65082390e-09
     4       3   1.79947207e-15   0.00000000e+00
     5       1   7.33394651e-03   3.58448933e-01
     5       2   1.18933060e-06   4.74963810e-09
     5       3   2.49241732e-15   0.00000000e+00
     6       1   9.00452863e-03   3.03496452e-01
     6       2   1.47481285e-06   4.08058329e-09
     6       3   2.97210332e-15   0.00000000e+00
     7       1   1.06985495e-02   2.62728614e-01
     7       2   1.76349339e-06   3.56829181e-09
     7       3   3.58156737e-15   0.00000000e+00
     8       1   1.24203793e-02   2.31271696e-01
     8       2   2.05592336e-06   3.16452445e-09
     8       3   4.32785938e-15   0.00000000e+00
     9       1   1.41746885e-02   2.06241641e-01
     9       2   2.35268960e-06   2.83830073e-09
     9       3   4.74507579e-15   0.00000000e+00
    10       1   1.59665083e-02   1.85828567e-01
    10       2   2.65442173e-06   2.56917127e-09
    10       3   5.54394908e-15   0.00000000e+00
    11       1   1.78013021e-02   1.68841286e-01
    11       2   2.96180019e-06   2.34317174e-09
    11       3   6.25595035e-15   0.00000000e+00
    12       1   1.96850473e-02   1.54464545e-01
    12       2   3.27556567e-06   2.15050720e-09
    12       3   6.87939799e-15   0.00000000e+00
    13       1   2.16243316e-02   1.42121894e-01
    13       2   3.59653013e-06   1.98410621e-09
    13       3   7.66705646e-15   0.00000000e+00
    14       1   2.36264678e-02   1.31394368e-01
    14       2   3.92558990e-06   1.83874967e-09
    14       3   8.24057967e-15   0.00000000e+00
    15       1   2.56996305e-02   1.21970199e-01
    15       2   4.26374125e-06   1.71049934e-09
    15       3   9.12314281e-15   0.00000000e+00
    16       1   2.78530213e-02   1.13612621e-01
    16       2   4.61209925e-06   1.59634948e-09
    16       3   9.92880705e-15   0.00000000e+00
    17       1   3.00970700e-02   1.06138597e-01
    17       2   4.97192061e-06   1.49393157e-09
    17       3   1.05116838e-14   0.00000000e+00
    18       1   3.24436809e-02   9.94043860e-02
    18       2   5.34463173e-06   1.40138798e-09
    18       3   1.12926363e-14   0.00000000e+00
    19       1   3.49065386e-02   9.32955251e-02
    19       2   5.73186337e-06   1.31722396e-09
    19       3   1.19903083e-14   0.00000000e+00
    20       1   3.75014892e-02   8.77197191e-02
    20       2   6.13549386e-06   1.24022782e-09
    20       3   1.30697540e-14   0.00000000e+00
    21       1   4.02470216e-02   8.26017041e-02
    21       2   6.55770364e-06   1.16940627e-09
    21       3   1.39232904e-14   0.00000000e+00
    22       1   4.31648801e-02   7.78794743e-02
    22       2   7.00104458e-06   1.10394122e-09
    22       3   1.48659314e-14   0.00000000e+00
    23       1   4.62808538e-02   7.35014661e-02
    23       2   7.46852916e-06   1.04314497e-09
    23       3   1.59113824e-14   0.00000000e+00
    24       1   4.96258038e-02   6.94244293e-02
    24       2   7.96374664e-06   9.86438844e-10
    24       3   1.68885147e-14   0.00000000e+00
    25       1   5.32370193e-02   6.56117969e-02
    25       2   8.49101600e-06   9.33334390e-10
    25       3   1.79850963e-14   0.00000000e+00
    26       1   5.71600301e-02   6.20324214e-02
    26       2   9.05559059e-06   8.83410421e-10
    26       3   1.94308198e-14   0.00000000e+00
    27       1   6.14510683e-02   5.86595862e-02
    27       2   9.66393556e-06   8.36308937e-10
    27       3   2.06246651e-14   0.00000000e+00
    28       1   6.61804652e-02   5.54702236e-02
    28       2   1.03241109e-05   7.91716602e-10
    28       3   2.19893881e-14   0.00000000e+00
    29       1   7.14374304e-02   5.24442905e-02
    29       2   1.10463097e-05   7.49365631e-10
    29       3   2.34333265e-14   0.00000000e+00
    30       1   7.73369140e-02   4.95642665e-02
    30       2   1.18436314e-05   7.09012675e-10
    30       3   2.51088277e-14   0.00000000e+00
    31       1   8.40296968e-02   4.68147463e-02
    31       2   1.27332176e-05   6.70453629e-10
    31       3   2.72183683e-14   0.00000000e+00
    32       1   9.17176315e-02   4.41821059e-02
    32       2   1.37379681e-05   6.33501989e-10
    32       3   2.93913821e-14   0.00000000e+00
    33       1   1.00677389e-01   4.16542284e-02
    33       2   1.48892137e-05   5.97987412e-10
    33       3   3.16389602e-14   0.00000000e+00
    34       1   1.11298813e-01   3.92202756e-02
    34       2   1.62310331e-05   5.63765366e-10
    34       3   3.47647146e-14   0.00000000e+00
    35       1   1.24149582e-01   3.68704979e-02
    35       2   1.78275289e-05   5.30700881e-10
    35       3   3.80808371e-14   0.00000000e+00
    36       1   1.40089913e-01   3.45960728e-02
    36       2   1.97757351e-05   4.98677345e-10
    36       3   4.25287050e-14   0.00000000e+00
    37       1   1.60489244e-01   3.23889695e-02
    37       2   2.22299975e-05   4.67575600e-10
    37       3   4.78841680e-14   0.00000000e+00
    38       1   1.87669001e-01   3.02418316e-02
    38       2   2.54517909e-05   4.37302582e-10
    38       3   5.46013085e-14   0.00000000e+00
    39       1   2.25904689e-01   2.81478769e-02
    39       2   2.99224638e-05   4.07757483e-10
    39       3   6.43678376e-14   0.00000000e+00
    40       1   2.84031388e-01   2.61008098e-02
    40       2   3.66363724e-05   3.78855454e-10
    40       3   7.88032356e-14   0.00000000e+00
    41       1   3.83734415e-01   2.40947438e-02
    41       2   4.80335989e-05   3.50520458e-10
    41       3   1.03148726e-13   0.00000000e+00
    42       1   5.96268560e-01   2.21241334e-02
    42       2   7.21307304e-05   3.22666580e-10
    42       3   1.55090183e-13   0.00000000e+00
    43       1   1.37301545e+00   2.01837119e-02
    43       2   1.59702271e-04   2.95230384e-10
    43       3   3.44232456e-13   0.00000000e+00
    44       1   4.05051311e+00   1.82684352e-02
    44       2   4.50532562e-04   2.68129828e-10
    44       3   9.72617579e-13   0.00000000e+00
    45       1   7.96163042e-01   1.63734289e-02
    45       2   8.39500340e-05   2.41306198e-10
    45       3   1.81488301e-13   0.00000000e+00
    46       1   4.33299276e-01   1.44939385e-02
    46       2   4.29007367e-05   2.14690653e-10
    46       3   9.28348970e-14   0.00000000e+00
    47       1   2.93008412e-01   1.26252815e-02
    47       2   2.68908281e-05   1.88213739e-10
    47       3   5.82826728e-14   0.00000000e+00
    48       1   2.18166133e-01   1.07628001e-02
    48       2   1.82366069e-05   1.61816787e-10
    48       3   3.96793851e-14   0.00000000e+00
    49       1   1.71354955e-01   8.90181315e-03
    49       2   1.27265945e-05   1.35428003e-10
    49       3   2.78845606e-14   0.00000000e+00
    50       1   1.39101848e-01   7.03756710e-03
    50       2   8.84384217e-06   1.08981613e-10
    50       3   1.94048330e-14   0.00000000e+00
    51       1   1.15365103e-01   5.16518439e-03
    51       2   5.90757126e-06   8.24116725e-11
    51       3   1.30959355e-14   0.00000000e+00
    52       1   9.70304020e-02   3.27960780e-03
    52       2   3.56631825e-06   5.56433878e-11
    52       3   8.14985086e-15   0.00000000e+00
    53       1   8.23282579e-02   1.37553971e-03
    53       2   1.61983278e-06   2.86049571e-11
    53       3   3.66612743e-15   0.00000000e+00
    54       1   7.01777728e-02   5.52625638e-04
    54       2   5.47860414e-08   1.21321023e-12
    54       3   2.72707727e-16   0.00000000e+00
    55       1   5.98803468e-02   2.51087877e-03
    55       2   1.53757686e-06   2.66113786e-11
    55       3   2.82015249e-15   0.00000000e+00
    56       1   5.09633580e-02   4.50568302e-03
    56       2   2.88333097e-06   5.49676799e-11
    56       3   5.71780707e-15   0.00000000e+00
    57       1   4.30945776e-02   6.54407689e-03
    57       2   4.13125259e-06   8.39485302e-11
    57       3   8.49809773e-15   0.00000000e+00
    58       1   3.60325605e-02   8.63379465e-03
    58       2   5.31057682e-06   1.13669191e-10
    58       3   1.09972727e-14   0.00000000e+00
    59       1   2.95964863e-02   1.07834098e-02
    59       2   6.44400655e-06   1.44252090e-10
    59       3   1.35029969e-14   0.00000000e+00
    60       1   2.36470550e-02   1.30025077e-02
    60       2   7.54991478e-06   1.75826569e-10
    60       3   1.55226155e-14   0.00000000e+00
    61       1   1.80739318e-02   1.53018951e-02
    61       2   8.64382199e-06   2.08555150e-10
    61       3   1.83738322e-14   0.00000000e+00
    62       1   1.27872044e-02   1.76938570e-02
    62       2   9.73943718e-06   2.42604941e-10
    62       3   2.04060438e-14   0.00000000e+00
    63       1   7.71136226e-03   2.01924751e-02
    63       2   1.08494346e-05   2.78180700e-10
    63       3   2.24982953e-14   0.00000000e+00
    64       1   2.78088686e-03   2.28140251e-02
    64       2   1.19860748e-05   3.15516301e-10
    64       3   2.50869247e-14   0.00000000e+00
    65       1   2.06312997e-03   2.55774794e-02
    65       2   1.31617428e-05   3.54880616e-10
    65       3   2.79996272e-14   0.00000000e+00
    66       1   6.87572917e-03   2.85051476e-02
    66       2   1.43894589e-05   3.96591091e-10
    66       3   3.04553097e-14   0.00000000e+00
    67       1   1.17104715e-02   3.16235038e-02
    67       2   1.56834084e-05   4.41021493e-10
    67       3   3.33097000e-14   0.00000000e+00
    68       1   1.66216916e-02   3.49642672e-02
    68       2   1.70595369e-05   4.88630802e-10
    68       3   3.61908524e-14   0.00000000e+00
    69       1   2.16668227e-02   3.85658311e-02
    69       2   1.85362634e-05   5.39963525e-10
    69       3   3.93527721e-14   0.00000000e+00
    70       1   2.69090061e-02   4.24751821e-02
    70       2   2.01353821e-05   5.95690762e-10
    70       3   4.30753574e-14   0.00000000e+00
    71       1   3.24202446e-02   4.67505140e-02
    71       2   2.18832444e-05   6.56639983e-10
    71       3   4.63047493e-14   0.00000000e+00
    72       1   3.82854544e-02   5.14648546e-02
    72       2   2.38123643e-05   7.23856498e-10
    72       3   5.06944248e-14   0.00000000e+00
    73       1   4.46079292e-02   5.67111908e-02
    73       2   2.59636561e-05   7.98664934e-10
    73       3   5.53162402e-14   0.00000000e+00
    74       1   5.15170151e-02   6.26098701e-02
    74       2   2.83896445e-05   8.82780155e-10
    74       3   6.02556177e-14   0.00000000e+00
    75       1   5.91792875e-02   6.93195553e-02
    75       2   3.11591930e-05   9.78468256e-10
    75       3   6.61729447e-14   0.00000000e+00
    76       1   6.78154024e-02   7.70538918e-02
    76       2   3.43646827e-05   1.08877403e-09
    76       3   7.31710050e-14   0.00000000e+00
    77       1   7.77264430e-02   8.61076984e-02
    77       2   3.81332779e-05   1.21790495e-09
    77       3   8.12448749e-14   0.00000000e+00
    78       1   8.93367856e-02   9.68996983e-02
    78       2   4.26452923e-05   1.37183671e-09
    78       3   9.07551201e-14   0.00000000e+00
    79       1   1.03267118e-01   1.10045410e-01
    79       2   4.81655086e-05   1.55934133e-09
    79       3   1.02419579e-13   0.00000000e+00
    80       1   1.20465771e-01   1.26488350e-01
    80       2   5.50995391e-05   1.79389494e-09
    80       3   1.17325170e-13   0.00000000e+00
    81       1   1.42461191e-01   1.47752332e-01
    81       2   6.41022001e-05   2.09721612e-09
    81       3   1.36848695e-13   0.00000000e+00
    82       1   1.71889740e-01   1.76468991e-01
    82       2   7.63040941e-05   2.50686051e-09
    82       3   1.62656345e-13   0.00000000e+00
    83       1   2.13727155e-01   2.17608624e-01
    83       2   9.38402658e-05   3.09372302e-09
    83       3   2.00363796e-13   0.00000000e+00
    84       1   2.78631010e-01   2.81820836e-01
    84       2   1.21285023e-04   4.00973020e-09
    84       3   2.58944642e-13   0.00000000e+00
    85       1   3.94305186e-01   3.96791740e-01
    85       2   1.70529815e-04   5.64983352e-09
    85       3   3.64091546e-13   0.00000000e+00
    86       1   6.62324147e-01   6.64020370e-01
    86       2   2.85167931e-04   9.46195583e-09
    86       3   6.09193954e-13   0.00000000e+00
    87       1   1.99694282e+00   1.99648177e+00
    87       2   8.57285034e-04   2.84700963e-08
    87       3   1.83110786e-12   0.00000000e+00
    88       1   2.00057960e+00   2.00126440e+00
    88       2   8.59974759e-04   2.85594926e-08
    88       3   1.83742001e-12   0.00000000e+00
    89       1   6.66456612e-01   6.66556529e-01
    89       2   2.86759557e-04   9.51930296e-09
    89       3   6.12841429e-13   0.00000000e+00
    90       1   3.98480515e-01   3.99147382e-01
    90       2   1.72034885e-04   5.70459570e-09
    90       3   3.67612328e-13   0.00000000e+00
    91       1   2.82822271e-01   2.84125723e-01
    91       2   1.22767903e-04   4.06375674e-09
    91       3   2.62561776e-13   0.00000000e+00
    92       1   2.17929671e-01   2.19891467e-01
    92       2   9.53159044e-05   3.14742143e-09
    92       3   2.04054422e-13   0.00000000e+00
    93       1   1.76103076e-01   1.78739424e-01
    93       2   7.77781273e-05   2.56036003e-09
    93       3   1.66553501e-13   0.00000000e+00
    94       1   1.46686217e-01   1.50014304e-01
    94       2   6.55775090e-05   2.15057519e-09
    94       3   1.40538862e-13   0.00000000e+00
    95       1   1.24703906e-01   1.28743634e-01
    95       2   5.65779709e-05   1.84712761e-09
    95       3   1.20982255e-13   0.00000000e+00
    96       1   1.07520081e-01   1.12294793e-01
    96       2   4.96484679e-05   1.61246057e-09
    96       3   1.06256516e-13   0.00000000e+00
    97       1   9.36065069e-02   9.91434686e-02
    97       2   4.41339845e-05   1.42483813e-09
    97       3   9.42319899e-14   0.00000000e+00
    98       1   8.20150309e-02   8.83458648e-02
    98       2   3.96288247e-05   1.27078567e-09
    98       3   8.49138480e-14   0.00000000e+00
    99       1   7.21251406e-02   7.92862936e-02
    99       2   3.58681855e-05   1.14152508e-09
    99       3   7.70183165e-14   0.00000000e+00
   100       1   6.35126445e-02   7.15459218e-02
   100       2   3.26717714e-05   1.03108001e-09
   100       3   7.01908278e-14   0.00000000e+00
   101       1   5.58766635e-02   6.48298530e-02
   101       2   2.99124638e-05   9.35249268e-10
   101       3   6.41793952e-14   0.00000000e+00
   102       1   4.89967712e-02   5.89243841e-02
   102       2   2.74979501e-05   8.50979598e-10
   102       3   5.90475212e-14   0.00000000e+00
   103       1   4.27066552e-02   5.36708055e-02
   103       2   2.53594556e-05   7.76002820e-10
   103       3   5.46231574e-14   0.00000000e+00
   104       1   3.68772718e-02   4.89487296e-02
   104       2   2.34445658e-05   7.08607837e-10
   104       3   5.03176614e-14   0.00000000e+00
   105       1   3.14056782e-02   4.46651332e-02
   105       2   2.17124986e-05   6.47462179e-10
   105       3   4.66290499e-14   0.00000000e+00
   106       1   2.62073673e-02   4.07469542e-02
   106       2   2.01308985e-05   5.91529882e-10
   106       3   4.32456565e-14   0.00000000e+00
   107       1   2.12108152e-02   3.71359642e-02
   107       2   1.86736018e-05   5.39978216e-10
   107       3   4.02127128e-14   0.00000000e+00
   108       1   1.63534452e-02   3.37851425e-02
   108       2   1.73190378e-05   4.92131960e-10
   108       3   3.70575215e-14   0.00000000e+00
   109       1   1.15784930e-02   3.06560600e-02
   109       2   1.60490533e-05   4.47447290e-10
   109       3   3.43654468e-14   0.00000000e+00
   110       1   6.83242150e-03   2.77169599e-02
   110       2   1.48480213e-05   4.05468778e-10
   110       3   3.16786163e-14   0.00000000e+00
   111       1   2.06262852e-03   2.49413284e-02
   111       2   1.37021401e-05   3.65818628e-10
   111       3   2.95741142e-14   0.00000000e+00
   112       1   2.78476629e-03   2.23068133e-02
   112       2   1.25988544e-05   3.28178087e-10
   112       3   2.72024853e-14   0.00000000e+00
   113       1   7.76725288e-03   1.97943968e-02
   113       2   1.15263478e-05   2.92273728e-10
   113       3   2.51467591e-14   0.00000000e+00
   114       1   1.29485997e-02   1.73877536e-02
   114       2   1.04730622e-05   2.57874247e-10
   114       3   2.25495512e-14   0.00000000e+00
   115       1   1.84021328e-02   1.50727489e-02
   115       2   9.42720029e-06   2.24778967e-10
   115       3   2.02004548e-14   0.00000000e+00
   116       1   2.42150039e-02   1.28370397e-02
   116       2   8.37616152e-06   1.92810072e-10
   116       3   1.82941232e-14   0.00000000e+00
   117       1   3.04940082e-02   1.06697563e-02
   117       2   7.30584671e-06   1.61812294e-10
   117       3   1.60467468e-14   0.00000000e+00
   118       1   3.73738337e-02   8.56124476e-03
   118       2   6.19973482e-06   1.31648926e-10
   118       3   1.37363374e-14   0.00000000e+00
   119       1   4.50291785e-02   6.50285662e-03
   119       2   5.03758145e-06   1.02192617e-10
   119       3   1.11919916e-14   0.00000000e+00
   120       1   5.36931823e-02   4.48677571e-03
   120       2   3.79348593e-06   7.33336786e-11
   120       3   8.46017410e-15   0.00000000e+00
   121       1   6.36865211e-02   2.50587380e-03
   121       2   2.43288192e-06   4.49721829e-11
   121       3   5.45393640e-15   0.00000000e+00
   122       1   7.54652576e-02   5.53589145e-04
   122       2   9.07624140e-07   1.70118839e-11
   122       3   2.19957166e-15   0.00000000e+00
   123       1   8.97033894e-02   1.37617691e-03
   123       2   8.52454276e-07   1.06335194e-11
   123       3   1.43812719e-15   0.00000000e+00
   124       1   1.07443613e-01   3.28914912e-03
   124       2   2.95493078e-06   3.80508436e-11
   124       3   5.66272024e-15   0.00000000e+00
   125       1   1.30392716e-01   5.19075633e-03
   125       2   5.57491646e-06   6.53122781e-11
   125       3   1.12018585e-14   0.00000000e+00
   126       1   1.61554440e-01   7.08620064e-03
   126       2   9.01956376e-06   9.24949470e-11
   126       3   1.85877874e-14   0.00000000e+00
   127       1   2.06755567e-01   8.98051997e-03
   127       2   1.38835910e-05   1.19673411e-10
   127       3   2.85990207e-14   0.00000000e+00
   128       1   2.78988761e-01   1.08786455e-02
   128       2   2.14918240e-05   1.46913279e-10
   128       3   4.48248038e-14   0.00000000e+00
   129       1   4.14332947e-01   1.27854559e-02
   129       2   3.55214155e-05   1.74290573e-10
   129       3   7.48060350e-14   0.00000000e+00
   130       1   7.64252719e-01   1.47058288e-02
   130       2   7.14060870e-05   2.01877929e-10
   130       3   1.50532222e-13   0.00000000e+00
   131       1   3.89749457e+00   1.66446920e-02
   131       2   3.90782664e-04   2.29736802e-10
   131       3   8.25364810e-13   0.00000000e+00
   132       1   1.32872380e+00   1.86070739e-02
   132       2   1.41467703e-04   2.57949253e-10
   132       3   2.98985994e-13   0.00000000e+00
   133       1   5.78758485e-01   2.05981566e-02
   133       2   6.48185752e-05   2.86585540e-10
   133       3   1.37555453e-13   0.00000000e+00
   134       1   3.73603884e-01   2.26233298e-02
   134       2   4.37104785e-05   3.15728533e-10
   134       3   9.27231933e-14   0.00000000e+00
   135       1   2.77352386e-01   2.46882494e-02
   135       2   3.37082903e-05   3.45461007e-10
   135       3   7.12651376e-14   0.00000000e+00
   136       1   2.21224105e-01   2.67989013e-02
   136       2   2.78012398e-05   3.75862419e-10
   136       3   5.90300869e-14   0.00000000e+00
   137       1   1.84290359e-01   2.89616708e-02
   137       2   2.38558844e-05   4.07035564e-10
   137       3   5.05950808e-14   0.00000000e+00
   138       1   1.58025074e-01   3.11834211e-02
   138       2   2.10029086e-05   4.39077889e-10
   138       3   4.46572689e-14   0.00000000e+00
   139       1   1.38302493e-01   3.34715820e-02
   139       2   1.88215021e-05   4.72093150e-10
   139       3   3.98742144e-14   0.00000000e+00
   140       1   1.22882564e-01   3.58342511e-02
   140       2   1.70830655e-05   5.06208640e-10
   140       3   3.64183775e-14   0.00000000e+00
   141       1   1.10443878e-01   3.82803118e-02
   141       2   1.56526458e-05   5.41548620e-10
   141       3   3.33844020e-14   0.00000000e+00
   142       1   1.00156388e-01   4.08195698e-02
   142       2   1.44453875e-05   5.78261858e-10
   142       3   3.07522085e-14   0.00000000e+00
   143       1   9.14723244e-02   4.34629145e-02
   143       2   1.34052210e-05   6.16506391e-10
   143       3   2.84241089e-14   0.00000000e+00
   144       1   8.40155079e-02   4.62225106e-02
   144       2   1.24935802e-05   6.56465841e-10
   144       3   2.64801700e-14   0.00000000e+00
   145       1   7.75189578e-02   4.91120265e-02
   145       2   1.16830427e-05   6.98334069e-10
   145       3   2.47006758e-14   0.00000000e+00
   146       1   7.17878830e-02   5.21469094e-02
   146       2   1.09535562e-05   7.42348801e-10
   146       3   2.33077352e-14   0.00000000e+00
   147       1   6.66767699e-02   5.53447200e-02
   147       2   1.02901029e-05   7.88766000e-10
   147       3   2.18721021e-14   0.00000000e+00
   148       1   6.20746759e-02   5.87255401e-02
   148       2   9.68119910e-06   8.37887803e-10
   148       3   2.06254868e-14   0.00000000e+00
   149       1   5.78954941e-02   6.23124762e-02
   149       2   9.11790223e-06   8.90055845e-10
   149       3   1.96404825e-14   0.00000000e+00
   150       1   5.40713315e-02   6.61322844e-02
   150       2   8.59313521e-06   9.45666304e-10
   150       3   1.83810098e-14   0.00000000e+00
   151       1   5.05478987e-02   7.02161541e-02
   151       2   8.10121572e-06   1.00519014e-09
   151       3   1.72643736e-14   0.00000000e+00
   152       1   4.72812314e-02   7.46006984e-02
   152       2   7.63752139e-06   1.06917299e-09
   152       3   1.64482183e-14   0.00000000e+00
   153       1   4.42353156e-02   7.93292204e-02
   153       2   7.19824708e-06   1.13826125e-09
   153       3   1.53789842e-14   0.00000000e+00
   154       1   4.13803388e-02   8.44533472e-02
   154       2   6.78022605e-06   1.21323432e-09
   154       3   1.44150811e-14   0.00000000e+00
   155       1   3.86913813e-02   9.00351647e-02
   155       2   6.38079606e-06   1.29503048e-09
   155       3   1.35424885e-14   0.00000000e+00
   156       1   3.61474248e-02   9.61500420e-02
   156       2   5.99769777e-06   1.38477559e-09
   156       3   1.29012612e-14   0.00000000e+00
   157       1   3.37305910e-02   1.02890418e-01
   157       2   5.62899671e-06   1.48387922e-09
   157       3   1.20261819e-14   0.00000000e+00
   158       1   3.14255498e-02   1.10370961e-01
   158       2   5.27302248e-06   1.59408030e-09
   158       3   1.15062613e-14   0.00000000e+00
   159       1   2.92190555e-02   1.18735708e-01
   159       2   4.92832111e-06   1.71757187e-09
   159       3   1.07564064e-14   0.00000000e+00
   160       1   2.70995783e-02   1.28168154e-01
   160       2   4.59361704e-06   1.85715463e-09
   160       3   9.79412957e-15   0.00000000e+00
   161       1   2.50570093e-02   1.38905778e-01
   161       2   4.26778279e-06   2.01647470e-09
   161       3   9.15634398e-15   0.00000000e+00
   162       1   2.30824224e-02   1.51261508e-01
   162       2   3.94981428e-06   2.20035053e-09
   162       3   8.56167034e-15   0.00000000e+00
   163       1   2.11678800e-02   1.65656279e-01
   163       2   3.63881072e-06   2.41530280e-09
   163       3   7.75506033e-15   0.00000000e+00
   164       1   1.93062736e-02   1.82670022e-01
   164       2   3.33395807e-06   2.67035396e-09
   164       3   7.23736287e-15   0.00000000e+00
   165       1   1.74911914e-02   2.03124488e-01
   165       2   3.03451517e-06   2.97838179e-09
   165       3   6.86975047e-15   0.00000000e+00
   166       1   1.57168070e-02   2.28223750e-01
   166       2   2.73980223e-06   3.35838394e-09
   166       3   5.81277411e-15   0.00000000e+00
   167       1   1.39777868e-02   2.59805274e-01
   167       2   2.44919099e-06   3.83959650e-09
   167       3   5.14668757e-15   0.00000000e+00
   168       1   1.22692099e-02   3.00818048e-01
   168       2   2.16209631e-06   4.46944038e-09
   168       3   4.73694690e-15   0.00000000e+00
   169       1   1.05864992e-02   3.56308829e-01
   169       2   1.87796895e-06   5.33005270e-09
   169       3   4.11524607e-15   0.00000000e+00
   170       1   8.92536257e-03   4.35678224e-01
   170       2   1.59628916e-06   6.57676849e-09
   170       3   3.51206105e-15   0.00000000e+00
   171       1   7.28173926e-03   5.58617609e-01
   171       2   1.31656107e-06   8.54133969e-09
   171       3   2.92415435e-15   0.00000000e+00
   172       1   5.65175345e-03   7.74238302e-01
   172       2   1.03830761e-06   1.20727328e-08
   172       3   2.23663906e-15   0.00000000e+00
   173       1   4.03167128e-03   1.24648328e+00
   173       2   7.61065818e-07   2.01108935e-08
   173       3   1.67071752e-15   0.00000000e+00
   174       1   2.41786140e-03   2.99418191e+00
   174       2   4.84382593e-07   5.20672387e-08
   174       3   1.22223109e-15   1.68038325e-16
   175       1   8.06757801e-04   2.87942419e+04
   175       2   2.07810539e-07   6.80213221e-04
   175       3   4.44089201e-16   4.85012763e-13
   176       1   8.05175863e-04   1.00003485e+00
   176       2   6.90959794e-08   4.87629658e-09
   176       3   1.11111685e-16   0.00000000e+00
   177       1   2.42148130e-03   7.49974357e-01
   177       2   3.46784757e-07   8.36111365e-09
   177       3   6.68284207e-16   6.74042239e-16
   178       1   4.04574065e-03   5.55060720e-01
   178       2   6.25709698e-07   6.88591971e-09
   178       3   1.23014374e-15   0.00000000e+00
   179       1   5.68161248e-03   4.36505259e-01
   179       2   9.06334889e-07   5.65154663e-09
   179       3   1.91193099e-15   0.00000000e+00
   180       1   7.33286934e-03   3.58493014e-01
   180       2   1.18913887e-06   4.75016295e-09
   180       3   2.49240412e-15   0.00000000e+00
   181       1   9.00343787e-03   3.03528370e-01
   181       2   1.47461922e-06   4.08098089e-09
   181       3   2.97208436e-15   0.00000000e+00
   182       1   1.06974424e-02   2.62752786e-01
   182       2   1.76329751e-06   3.56859940e-09
   182       3   3.58154061e-15   0.00000000e+00
   183       1   1.24192531e-02   2.31290646e-01
   183       2   2.05572486e-06   3.16476847e-09
   183       3   4.21085405e-15   0.00000000e+00
   184       1   1.41735401e-02   2.06256911e-01
   184       2   2.35248810e-06   2.83850181e-09
   184       3   4.98228117e-15   0.00000000e+00
   185       1   1.59653343e-02   1.85841148e-01
   185       2   2.65421680e-06   2.56933568e-09
   185       3   5.54388880e-15   0.00000000e+00
   186       1   1.78000990e-02   1.68851844e-01
   186       2   2.96159137e-06   2.34330898e-09
   186       3   6.37853915e-15   0.00000000e+00
   187       1   1.96838110e-02   1.54473543e-01
   187       2   3.27535246e-06   2.15062598e-09
   187       3   7.12946332e-15   0.00000000e+00
   188       1   2.16230577e-02   1.42129666e-01
   188       2   3.59631199e-06   1.98420939e-09
   188       3   7.53916277e-15   0.00000000e+00
   189       1   2.36251515e-02   1.31401157e-01
   189       2   3.92536622e-06   1.83884033e-09
   189       3   8.37125026e-15   0.00000000e+00
   190       1   2.56982663e-02   1.21976190e-01
   190       2   4.26351135e-06   1.71058269e-09
   190       3   8.98882497e-15   0.00000000e+00
   191       1   2.78516030e-02   1.13617955e-01
   191       2   4.61186238e-06   1.59642038e-09
   191       3   9.51493064e-15   0.00000000e+00
   192       1   3.00955905e-02   1.06143382e-01
   192       2   4.97167591e-06   1.49399755e-09
   192       3   1.06535210e-14   0.00000000e+00
   193       1   3.24421321e-02   9.94087107e-02
   193       2   5.34437824e-06   1.40144915e-09
   193       3   1.12923941e-14   0.00000000e+00
   194       1   3.49049113e-02   9.32994586e-02
   194       2   5.73159996e-06   1.31727664e-09
   194       3   1.22935774e-14   0.00000000e+00
   195       1   3.74997725e-02   8.77233179e-02
   195       2   6.13521924e-06   1.24027839e-09
   195       3   1.29119686e-14   0.00000000e+00
   196       1   4.02452029e-02   8.26050144e-02
   196       2   6.55741632e-06   1.16945332e-09
   196       3   1.40867216e-14   0.00000000e+00
   197       1   4.31629445e-02   7.78825344e-02
   197       2   7.00074280e-06   1.10398302e-09
   197       3   1.48655111e-14   0.00000000e+00
   198       1   4.62787834e-02   7.35043079e-02
   198       2   7.46821083e-06   1.04318497e-09
   198       3   1.60896752e-14   0.00000000e+00
   199       1   4.96235773e-02   6.94270799e-02
   199       2   7.96340926e-06   9.86475450e-10
   199       3   1.70756120e-14   0.00000000e+00
   200       1   5.32346106e-02   6.56142790e-02
   200       2   8.49065657e-06   9.33368468e-10
   200       3   1.81821045e-14   0.00000000e+00
   201       1   5.71574076e-02   6.20347546e-02
   201       2   9.05520542e-06   8.83442541e-10
   201       3   1.92211724e-14   0.00000000e+00
   202       1   6.14481922e-02   5.86617872e-02
   202       2   9.66352009e-06   8.36339585e-10
   202       3   2.08456050e-14   0.00000000e+00
   203       1   6.61772858e-02   5.54723069e-02
   203       2   1.03236594e-05   7.91746196e-10
   203       3   2.21066637e-14   0.00000000e+00
   204       1   7.14338841e-02   5.24462688e-02
   204       2   1.10458150e-05   7.49393499e-10
   204       3   2.36855669e-14   0.00000000e+00
   205       1   7.73329182e-02   4.95661510e-02
   205       2   1.18430840e-05   7.09040222e-10
   205       3   2.52440303e-14   0.00000000e+00
   206       1   8.40251421e-02   4.68165467e-02
   206       2   1.27326050e-05   6.70482070e-10
   206       3   2.72168971e-14   0.00000000e+00
   207       1   9.17123699e-02   4.41838309e-02
   207       2   1.37372735e-05   6.33526900e-10
   207       3   2.92281703e-14   0.00000000e+00
   208       1   1.00671215e-01   4.16558857e-02
   208       2   1.48884139e-05   5.98010835e-10
   208       3   3.18146557e-14   0.00000000e+00
   209       1   1.11291434e-01   3.92218723e-02
   209       2   1.62300949e-05   5.63788896e-10
   209       3   3.47622423e-14   0.00000000e+00
   210       1   1.24140562e-01   3.68720400e-02
   210       2   1.78264031e-05   5.30723359e-10
   210       3   3.81888375e-14   0.00000000e+00
   211       1   1.40078581e-01   3.45975661e-02
   211       2   1.97743460e-05   4.98697355e-10
   211       3   4.25249168e-14   0.00000000e+00
   212       1   1.60474499e-01   3.23904191e-02
   212       2   2.22282210e-05   4.67597990e-10
   212       3   4.75855565e-14   0.00000000e+00
   213       1   1.87648917e-01   3.02432422e-02
   213       2   2.54494101e-05   4.37319524e-10
   213       3   5.45948283e-14   0.00000000e+00
   214       1   2.25875555e-01   2.81492530e-02
   214       2   2.99190607e-05   4.07774589e-10
   214       3   6.43586690e-14   0.00000000e+00
   215       1   2.83985040e-01   2.61021554e-02
   215       2   3.66310281e-05   3.78875325e-10
   215       3   7.87891671e-14   0.00000000e+00
   216       1   3.83648809e-01   2.40960627e-02
   216       2   4.80238327e-05   3.50538203e-10
   216       3   1.03313847e-13   0.00000000e+00
   217       1   5.96058194e-01   2.21254292e-02
   217       2   7.21069221e-05   3.22686911e-10
   217       3   1.55335568e-13   0.00000000e+00
   218       1   1.37187351e+00   2.01849881e-02
   218       2   1.59573667e-04   2.95247056e-10
   218       3   3.44298213e-13   0.00000000e+00
   219       1   4.06079494e+00   1.82696950e-02
   219       2   4.51690628e-04   2.68148989e-10
   219       3   9.74514225e-13   0.00000000e+00
   220       1   7.96574737e-01   1.63746754e-02
   220       2   8.39965097e-05   2.41323996e-10
   220       3   1.81577418e-13   0.00000000e+00
   221       1   4.33426862e-01   1.44951749e-02
   221       2   4.29152471e-05   2.14705844e-10
   221       3   9.28595727e-14   0.00000000e+00
   222       1   2.93069978e-01   1.26265109e-02
   222       2   2.68979169e-05   1.88232454e-10
   222       3   5.82930882e-14   0.00000000e+00
   223       1   2.18202483e-01   1.07640255e-02
   223       2   1.82408657e-05   1.61834145e-10
   223       3   3.96846310e-14   0.00000000e+00
   224       1   1.71379079e-01   8.90303766e-03
   224       2   1.27294856e-05   1.35443823e-10
   224       3   2.78874353e-14   0.00000000e+00
   225       1   1.39119142e-01   7.03879384e-03
   225       2   8.84597313e-06   1.08998337e-10
   225       3   1.94064437e-14   0.00000000e+00
   226       1   1.15378205e-01   5.16641657e-03
   226       2   5.90923961e-06   8.24301040e-11
   226       3   1.30968286e-14   0.00000000e+00
   227       1   9.70407548e-02   3.28084877e-03
   227       2   3.56768700e-06   5.56615871e-11
   227       3   8.15031321e-15   0.00000000e+00
   228       1   8.23367163e-02   1.37679298e-03
   228       2   1.62099898e-06   2.86211499e-11
   228       3   3.95960575e-15   0.00000000e+00
   229       1   7.01848766e-02   5.51356351e-04
   229       2   5.37607163e-08   1.23399092e-12
   229       3   1.36359300e-16   0.00000000e+00
   230       1   5.98864540e-02   2.50958948e-03
   230       2   1.53665104e-06   2.65934077e-11
   230       3   3.07663268e-15   0.00000000e+00
   231       1   5.09687163e-02   4.50436940e-03
   231       2   2.88247557e-06   5.49469067e-11
   231       3   5.83962450e-15   0.00000000e+00
   232       1   4.30993646e-02   6.54273423e-03
   232       2   4.13044625e-06   8.39308019e-11
   232       3   8.61470585e-15   0.00000000e+00
   233       1   3.60369074e-02   8.63241776e-03
   233       2   5.30980319e-06   1.13648388e-10
   233       3   1.11096922e-14   0.00000000e+00
   234       1   2.96004932e-02   1.07819929e-02
   234       2   6.44325256e-06   1.44230409e-10
   234       3   1.35031872e-14   0.00000000e+00
   235       1   2.36508003e-02   1.30010444e-02
   235       2   7.54916954e-06   1.75806272e-10
   235       3   1.55227747e-14   0.00000000e+00
   236       1   1.80774789e-02   1.53003780e-02
   236       2   8.64307598e-06   2.08532762e-10
   236       3   1.83739544e-14   0.00000000e+00
   237       1   1.27906059e-02   1.76922778e-02
   237       2   9.73868169e-06   2.42583832e-10
   237       3   2.06122315e-14   0.00000000e+00
   238       1   7.71466363e-03   2.01908242e-02
   238       2   1.08486613e-05   2.78158056e-10
   238       3   2.27028224e-14   0.00000000e+00
   239       1   2.78412841e-03   2.28122915e-02
   239       2   1.19852753e-05   3.15490909e-10
   239       3   2.52907982e-14   0.00000000e+00
   240       1   2.05991082e-03   2.55756500e-02
   240       2   1.31609084e-05   3.54855996e-10
   240       3   2.77950674e-14   0.00000000e+00
   241       1   6.87249637e-03   2.85032070e-02
   241       2   1.43885802e-05   3.96563822e-10
   241       3   3.04550114e-14   0.00000000e+00
   242       1   1.17071887e-02   3.16214338e-02
   242       2   1.56824750e-05   4.40991369e-10
   242       3   3.31010828e-14   0.00000000e+00
   243       1   1.66183209e-02   3.49620458e-02
   243       2   1.70585366e-05   4.88599031e-10
   243       3   3.64018995e-14   0.00000000e+00
   244       1   2.16633227e-02   3.85634316e-02
   244       2   1.85351822e-05   5.39931988e-10
   244       3   3.95682135e-14   0.00000000e+00
   245       1   2.69053300e-02   4.24725714e-02
   245       2   2.01342028e-05   5.95652611e-10
   245       3   4.28523186e-14   0.00000000e+00
   246       1   3.24163377e-02   4.67476512e-02
   246       2   2.18819464e-05   6.56602346e-10
   246       3   4.64181053e-14   0.00000000e+00
   247       1   3.82812509e-02   5.14616879e-02
   247       2   2.38109215e-05   7.23811344e-10
   247       3   5.06928439e-14   0.00000000e+00
   248       1   4.46033474e-02   5.67076536e-02
   248       2   2.59620356e-05   7.98613786e-10
   248       3   5.53142726e-14   0.00000000e+00
   249       1   5.15119510e-02   6.26058758e-02
   249       2   2.83878033e-05   8.82724200e-10
   249       3   6.03838854e-14   0.00000000e+00
   250       1   5.91736051e-02   6.93149884e-02
   250       2   3.11570742e-05   9.78401292e-10
   250       3   6.64467791e-14   0.00000000e+00
   251       1   6.78089187e-02   7.70485952e-02
   251       2   3.43622092e-05   1.08869968e-09
   251       3   7.31672135e-14   0.00000000e+00
   252       1   7.77189040e-02   8.61014524e-02
   252       2   3.81303419e-05   1.21781560e-09
   252       3   8.13993914e-14   0.00000000e+00
   253       1   8.93278276e-02   9.68921862e-02
   253       2   4.26417387e-05   1.37172785e-09
   253       3   9.09225533e-14   0.00000000e+00
   254       1   1.03256198e-01   1.10036158e-01
   254       2   4.81611052e-05   1.55921422e-09
   254       3   1.02603124e-13   0.00000000e+00
   255       1   1.20452040e-01   1.26476615e-01
   255       2   5.50939223e-05   1.79372686e-09
   255       3   1.17743647e-13   0.00000000e+00
   256       1   1.42443241e-01   1.47736880e-01
   256       2   6.40947663e-05   2.09699492e-09
   256       3   1.36956845e-13   0.00000000e+00
   257       1   1.71865053e-01   1.76447615e-01
   257       2   7.62937627e-05   2.50655542e-09
   257       3   1.62779407e-13   0.00000000e+00
   258       1   2.13690742e-01   2.17576946e-01
   258       2   9.38248951e-05   3.09327024e-09
   258       3   2.00158356e-13   0.00000000e+00
   259       1   2.78571416e-01   2.81768808e-01
   259       2   1.21259696e-04   4.00898521e-09
   259       3   2.59003562e-13   0.00000000e+00
   260       1   3.94189247e-01   3.96690268e-01
   260       2   1.70480296e-04   5.64838697e-09
   260       3   3.64142793e-13   0.00000000e+00
   261       1   6.62003696e-01   6.63739508e-01
   261       2   2.85030634e-04   9.45795275e-09
   261       3   6.08644769e-13   0.00000000e+00
   262       1   1.99406768e+00   1.99396238e+00
   262       2   8.56052573e-04   2.84341578e-08
   262       3   1.82886448e-12   0.00000000e+00
   263       1   2.00346187e+00   2.00379643e+00
   263       2   8.61214461e-04   2.85956103e-08
   263       3   1.84045680e-12   0.00000000e+00
   264       1   6.66777461e-01   6.66837827e-01
   264       2   2.86897159e-04   9.52331875e-09
   264       3   6.13005665e-13   0.00000000e+00
   265       1   3.98596596e-01   3.99248934e-01
   265       2   1.72084485e-04   5.70604250e-09
   265       3   3.68028052e-13   0.00000000e+00
   266       1   2.82881946e-01   2.84177773e-01
   266       2   1.22793267e-04   4.06450043e-09
   266       3   2.62614938e-13   0.00000000e+00
   267       1   2.17966140e-01   2.19923151e-01
   267       2   9.53312969e-05   3.14787192e-09
   267       3   2.03911941e-13   0.00000000e+00
   268       1   1.76127804e-01   1.78760801e-01
   268       2   7.77884731e-05   2.56066693e-09
   268       3   1.66287263e-13   1.42190375e-16
   269       1   1.46704198e-01   1.50029754e-01
   269       2   6.55849529e-05   2.15079504e-09
   269       3   1.40431047e-13   0.00000000e+00
   270       1   1.24717662e-01   1.28755367e-01
   270       2   5.65835950e-05   1.84729400e-09
   270       3   1.21207557e-13   0.00000000e+00
   271       1   1.07531021e-01   1.12304044e-01
   271       2   4.96528765e-05   1.61259488e-09
   271       3   1.06073209e-13   0.00000000e+00
   272       1   9.36154807e-02   9.91509791e-02
   272       2   4.41375416e-05   1.42494245e-09
   272       3   9.45853973e-14   0.00000000e+00
   273       1   8.20225817e-02   8.83521096e-02
   273       2   3.96317628e-05   1.27087524e-09
   273       3   8.49188313e-14   0.00000000e+00
   274       1   7.21316329e-02   7.92915895e-02
   274       2   3.58706599e-05   1.14159998e-09
   274       3   7.67266267e-14   0.00000000e+00
   275       1   6.35183324e-02   7.15504883e-02
   275       2   3.26738898e-05   1.03114793e-09
   275       3   7.00555801e-14   0.00000000e+00
   276       1   5.58817301e-02   6.48338474e-02
   276       2   2.99143037e-05   9.35308003e-10
   276       3   6.41819787e-14   0.00000000e+00
   277       1   4.90013527e-02   5.89279218e-02
   277       2   2.74995681e-05   8.51025892e-10
   277       3   5.90496138e-14   0.00000000e+00
   278       1   4.27108555e-02   5.36739734e-02
   278       2   2.53608947e-05   7.76050296e-10
   278       3   5.45058451e-14   0.00000000e+00
   279       1   3.68811725e-02   4.89515940e-02
   279       2   2.34458590e-05   7.08647190e-10
   279       3   5.02043982e-14   0.00000000e+00
   280       1   3.14093451e-02   4.46677460e-02
   280       2   2.17136718e-05   6.47498914e-10
   280       3   4.66301326e-14   0.00000000e+00
   281       1   2.62108549e-02   4.07493564e-02
   281       2   2.01319725e-05   5.91566272e-10
   281       3   4.32465058e-14   0.00000000e+00
   282       1   2.12141701e-02   3.71381887e-02
   282       2   1.86745934e-05   5.40006513e-10
   282       3   4.00017154e-14   0.00000000e+00
   283       1   1.63567085e-02   3.37872162e-02
   283       2   1.73199610e-05   4.92162373e-10
   283       3   3.72661904e-14   0.00000000e+00
   284       1   1.15817022e-02   3.06580048e-02
   284       2   1.60499201e-05   4.47473734e-10
   284       3   3.43657784e-14   0.00000000e+00
   285       1   6.83561260e-03   2.77187941e-02
   285       2   1.48488420e-05   4.05493693e-10
   285       3   3.22919587e-14   0.00000000e+00
   286       1   2.06583696e-03   2.49430674e-02
   286       2   1.37029238e-05   3.65841141e-10
   286       3   2.95742095e-14   0.00000000e+00
   287       1   2.78150381e-03   2.23084701e-02
   287       2   1.25996095e-05   3.28198482e-10
   287       3   2.74070144e-14   0.00000000e+00
   288       1   7.76389685e-03   1.97959825e-02
   288       2   1.15270823e-05   2.92296777e-10
   288       3   2.45283138e-14   0.00000000e+00
   289       1   1.29451059e-02   1.73892779e-02
   289       2   1.04737840e-05   2.57894945e-10
   289       3   2.27581884e-14   0.00000000e+00
   290       1   1.83984500e-02   1.50742201e-02
   290       2   9.42791742e-06   2.24800855e-10
   290       3   2.02002442e-14   0.00000000e+00
   291       1   2.42110704e-02   1.28384652e-02
   291       2   8.37688279e-06   1.92829080e-10
   291       3   1.80760782e-14   0.00000000e+00
   292       1   3.04897479e-02   1.06711425e-02
   292       2   7.30658204e-06   1.61831273e-10
   292       3   1.62708774e-14   0.00000000e+00
   293       1   3.73691498e-02   8.56259756e-03
   293       2   6.20049598e-06   1.31667269e-10
   293       3   1.35032088e-14   0.00000000e+00
   294       1   4.50239436e-02   6.50418121e-03
   294       2   5.03838305e-06   1.02210597e-10
   294       3   1.11916791e-14   0.00000000e+00
   295       1   5.36872247e-02   4.48807686e-03
   295       2   3.79434695e-06   7.33514120e-11
   295       3   8.45989007e-15   0.00000000e+00
   296       1   6.36796011e-02   2.50715587e-03
   296       2   2.43382806e-06   4.49912251e-11
   296       3   5.72640371e-15   0.00000000e+00
   297       1   7.54570289e-02   5.54856197e-04
   297       2   9.08691841e-07   1.70301770e-11
   297       3   2.34609780e-15   0.00000000e+00
   298       1   8.96933301e-02   1.37492108e-03
   298       2   8.51210793e-07   1.06186150e-11
   298       3   1.75761090e-15   0.00000000e+00
   299       1   1.07430896e-01   3.28790094e-03
   299       2   2.95342634e-06   3.80314226e-11
   299       3   6.01622849e-15   0.00000000e+00
   300       1   1.30375948e-01   5.18951236e-03
   300       2   5.57300816e-06   6.52934435e-11
   300       3   1.14009423e-14   0.00000000e+00
   301       1   1.61531071e-01   7.08495757e-03
   301       2   9.01699098e-06   9.24771941e-11
   301       3   1.85858657e-14   0.00000000e+00
   302       1   2.06720384e-01   8.97927455e-03
   302       2   1.38798218e-05   1.19655627e-10
   302       3   2.87354032e-14   0.00000000e+00
   303       1   2.78929217e-01   1.08773946e-02
   303       2   2.14855789e-05   1.46893724e-10
   303       3   4.49960440e-14   0.00000000e+00
   304       1   4.14209649e-01   1.27841963e-02
   304       2   3.55086792e-05   1.74272448e-10
   304       3   7.45326077e-14   0.00000000e+00
   305       1   7.63855304e-01   1.47045572e-02
   305       2   7.13654236e-05   2.01857647e-10
   305       3   1.50346471e-13   0.00000000e+00
   306       1   3.88763822e+00   1.66434052e-02
   306       2   3.89778810e-04   2.29716864e-10
   306       3   8.22890211e-13   0.00000000e+00
   307       1   1.32983061e+00   1.86057686e-02
   307       2   1.41580666e-04   2.57930541e-10
   307       3   2.99422314e-13   0.00000000e+00
   308       1   5.78962043e-01   2.05968292e-02
   308       2   6.48394623e-05   2.86567696e-10
   308       3   1.37455064e-13   0.00000000e+00
   309       1   3.73686687e-01   2.26219767e-02
   309       2   4.37190549e-05   3.15711184e-10
   309       3   9.27455312e-14   0.00000000e+00
   310       1   2.77397213e-01   2.46868668e-02
   310       2   3.37129928e-05   3.45436952e-10
   310       3   7.14152216e-14   0.00000000e+00
   311       1   2.21252285e-01   2.67974850e-02
   311       2   2.78042422e-05   3.75843818e-10
   311       3   5.90385092e-14   0.00000000e+00
   312       1   1.84309790e-01   2.89602164e-02
   312       2   2.38579916e-05   4.07012759e-10
   312       3   5.07755809e-14   0.00000000e+00
   313       1   1.58039344e-01   3.11819239e-02
   313       2   2.10044865e-05   4.39051295e-10
   313       3   4.48087337e-14   0.00000000e+00
   314       1   1.38313465e-01   3.34700367e-02
   314       2   1.88227408e-05   4.72069923e-10
   314       3   4.00043663e-14   0.00000000e+00
   315       1   1.22891300e-01   3.58326522e-02
   315       2   1.70840734e-05   5.06182997e-10
   315       3   3.63102219e-14   0.00000000e+00
   316       1   1.10451029e-01   3.82786530e-02
   316       2   1.56534894e-05   5.41525264e-10
   316       3   3.35843330e-14   0.00000000e+00
   317       1   1.00162374e-01   4.08178441e-02
   317       2   1.44461097e-05   5.78235126e-10
   317       3   3.07541927e-14   0.00000000e+00
   318       1   9.14774300e-02   4.34611143e-02
   318       2   1.34058509e-05   6.16483668e-10
   318       3   2.85872933e-14   0.00000000e+00
   319       1   8.40199307e-02   4.62206272e-02
   319       2   1.24941381e-05   6.56436205e-10
   319       3   2.64816019e-14   0.00000000e+00
   320       1   7.75228406e-02   4.91100501e-02
   320       2   1.16835433e-05   6.98306148e-10
   320       3   2.48383822e-14   0.00000000e+00
   321       1   7.17913316e-02   5.21448291e-02
   321       2   1.09540106e-05   7.42320544e-10
   321       3   2.33088108e-14   0.00000000e+00
   322       1   6.66798642e-02   5.53425231e-02
   322       2   1.02905192e-05   7.88734210e-10
   322       3   2.19912716e-14   0.00000000e+00
   323       1   6.20774773e-02   5.87232122e-02
   323       2   9.68158370e-06   8.37854220e-10
   323       3   2.06263087e-14   0.00000000e+00
   324       1   5.78980508e-02   6.23100006e-02
   324       2   9.11826016e-06   8.90019632e-10
   324       3   1.98501609e-14   0.00000000e+00
   325       1   5.40736817e-02   6.61296418e-02
   325       2   8.59347049e-06   9.45629091e-10
   325       3   1.81839946e-14   0.00000000e+00
   326       1   5.05500731e-02   7.02133217e-02
   326       2   8.10153158e-06   1.00515041e-09
   326       3   1.72649323e-14   0.00000000e+00
   327       1   4.72832551e-02   7.45976496e-02
   327       2   7.63782047e-06   1.06912572e-09
   327       3   1.64487157e-14   0.00000000e+00
   328       1   4.42372094e-02   7.93259235e-02
   328       2   7.19853160e-06   1.13821303e-09
   328       3   1.53794187e-14   0.00000000e+00
   329       1   4.13821199e-02   8.44497641e-02
   329       2   6.78049784e-06   1.21318245e-09
   329       3   1.44154616e-14   0.00000000e+00
   330       1   3.86930641e-02   9.00312498e-02
   330       2   6.38105668e-06   1.29497001e-09
   330       3   1.35428223e-14   0.00000000e+00
   331       1   3.61490215e-02   9.61457393e-02
   331       2   5.99794855e-06   1.38470991e-09
   331       3   1.27497747e-14   0.00000000e+00
   332       1   3.37321120e-02   1.02885659e-01
   332       2   5.62923879e-06   1.48380941e-09
   332       3   1.18797756e-14   0.00000000e+00
   333       1   3.14270042e-02   1.10365659e-01
   333       2   5.27325686e-06   1.59400513e-09
   333       3   1.13644351e-14   0.00000000e+00
   334       1   2.92204512e-02   1.18729755e-01
   334       2   4.92854865e-06   1.71748021e-09
   334       3   1.04807947e-14   0.00000000e+00
   335       1   2.71009221e-02   1.28161410e-01
   335       2   4.59383851e-06   1.85705500e-09
   335       3   9.92846548e-15   0.00000000e+00
   336       1   2.50583071e-02   1.38898061e-01
   336       2   4.26799888e-06   2.01635963e-09
   336       3   9.15648835e-15   0.00000000e+00
   337       1   2.30836796e-02   1.51252577e-01
   337       2   3.95002558e-06   2.20021779e-09
   337       3   8.56179431e-15   0.00000000e+00
   338       1   2.11691014e-02   1.65645806e-01
   338       2   3.63901780e-06   2.41514727e-09
   338       3   7.75516295e-15   0.00000000e+00
   339       1   1.93074635e-02   1.82657549e-01
   339       2   3.33416142e-06   2.67016566e-09
   339       3   7.11478122e-15   0.00000000e+00
   340       1   1.74923535e-02   2.03109356e-01
   340       2   3.03471525e-06   2.97815114e-09
   340       3   6.62877843e-15   0.00000000e+00
   341       1   1.57179450e-02   2.28204980e-01
   341       2   2.73999945e-06   3.35809777e-09
   341       3   6.05008877e-15   0.00000000e+00
   342       1   1.39789039e-02   2.59781337e-01
   342       2   2.44938574e-06   3.83923442e-09
   342       3   5.38067391e-15   0.00000000e+00
   343       1   1.22703091e-02   3.00786430e-01
   343       2   2.16228897e-06   4.46895448e-09
   343       3   4.62144597e-15   0.00000000e+00
   344       1   1.05875834e-02   3.56265085e-01
   344       2   1.87815986e-06   5.32937235e-09
   344       3   4.11527215e-15   0.00000000e+00
   345       1   8.92643429e-03   4.35613702e-01
   345       2   1.59647865e-06   6.57574522e-09
   345       3   3.39878663e-15   0.00000000e+00
   346       1   7.28280108e-03   5.58513051e-01
   346       2   1.31674945e-06   8.53965282e-09
   346       3   2.92416660e-15   0.00000000e+00
   347       1   5.65280779e-03   7.74041069e-01
   347       2   1.03849518e-06   1.20694511e-08
   347       3   2.34847836e-15   0.00000000e+00
   348       1   4.03272049e-03   1.24598804e+00
   348       2   7.61252883e-07   2.01022640e-08
   348       3   1.67072099e-15   0.00000000e+00
   349       1   2.41890776e-03   2.99159213e+00
   349       2   4.84569442e-07   5.20179844e-08
   349       3   1.11112032e-15   1.67817602e-16
   350       1   8.07803564e-04   1.46022533e+04
   350       2   2.07997461e-07   3.44883880e-04
   350       3   6.66133788e-16   6.14169628e-13
   351       1   0.00000000e+00   2.75240537e-10
   351       2   0.00000000e+00   0.00000000e+00