  TimeWindow  Iteration  ResRel(Mass-Left-Mesh:Displacement-Left)  ResRel(Mass-Left-Mesh:Displacement-Right)
     1       1   1.00000000e+00   1.00000000e+00
     1       2   6.92845275e-08   4.65288578e-09
     1       3   1.11111804e-16   0.00000000e+00
     2       1   2.42253263e-03   7.49798459e-01
     2       2   3.46978242e-07   8.08897454e-09
     2       3   5.56904684e-16   0.00000000e+00
     3       1   4.04679815e-03   5.54958066e-01
     3       2   6.25908428e-07   6.67023604e-09
     3       3   1.11831603e-15   0.00000000e+00
     4       1   5.68267845e-03   4.36440576e-01
     4       2   9.06539179e-07   5.47704784e-09
     4       3   1.79947207e-15   0.00000000e+00
     5       1   7.33394612e-03   3.58448889e-01
     5       2   1.18934905e-06   4.60478920e-09
     5       3   2.37912562e-15   0.00000000e+00
     6       1   9.00452790e-03   3.03496414e-01
     6       2   1.47483562e-06   3.95694307e-09
     6       3   2.85779165e-15   0.00000000e+00
     7       1   1.06985482e-02   2.62728577e-01
     7       2   1.76352050e-06   3.46046651e-09
     7       3   3.35049850e-15   0.00000000e+00
     8       1   1.24203774e-02   2.31271659e-01
     8       2   2.05595481e-06   3.06940144e-09
     8       3   4.09392101e-15   0.00000000e+00
     9       1   1.41746856e-02   2.06241603e-01
     9       2   2.35272542e-06   2.75295485e-09
     9       3   4.50782197e-15   0.00000000e+00
    10       1   1.59665042e-02   1.85828526e-01
    10       2   2.65446191e-06   2.49258269e-09
    10       3   5.06186650e-15   0.00000000e+00
    11       1   1.78012965e-02   1.68841243e-01
    11       2   2.96184474e-06   2.27322255e-09
    11       3   5.76528748e-15   0.00000000e+00
    12       1   1.96850398e-02   1.54464499e-01
    12       2   3.27561459e-06   2.08606950e-09
    12       3   6.25399802e-15   0.00000000e+00
    13       1   2.16243217e-02   1.42121845e-01
    13       2   3.59658343e-06   1.92512240e-09
    13       3   7.02813485e-15   0.00000000e+00
    14       1   2.36264550e-02   1.31394315e-01
    14       2   3.92564757e-06   1.78379908e-09
    14       3   7.71736791e-15   0.00000000e+00
    15       1   2.56996141e-02   1.21970142e-01
    15       2   4.26380328e-06   1.65965299e-09
    15       3   8.45232296e-15   0.00000000e+00
    16       1   2.78530007e-02   1.13612561e-01
    16       2   4.61216563e-06   1.54869059e-09
    16       3   9.23930579e-15   0.00000000e+00
    17       1   3.00970442e-02   1.06138532e-01
    17       2   4.97199132e-06   1.44931437e-09
    17       3   9.51733427e-15   0.00000000e+00
    18       1   3.24436489e-02   9.94043170e-02
    18       2   5.34470673e-06   1.35979513e-09
    18       3   1.07060044e-14   0.00000000e+00
    19       1   3.49064992e-02   9.32954519e-02
    19       2   5.73194261e-06   1.27771601e-09
    19       3   1.10796500e-14   0.00000000e+00
    20       1   3.75014410e-02   8.77196414e-02
    20       2   6.13557727e-06   1.20261322e-09
    20       3   1.22824167e-14   0.00000000e+00
    21       1   4.02469628e-02   8.26016219e-02
    21       2   6.55779113e-06   1.13467409e-09
    21       3   1.29404663e-14   0.00000000e+00
    22       1   4.31648087e-02   7.78793873e-02
    22       2   7.00113601e-06   1.07068803e-09
    22       3   1.38406899e-14   0.00000000e+00
    23       1   4.62807673e-02   7.35013743e-02
    23       2   7.46862439e-06   1.01215149e-09
    23       3   1.46599190e-14   0.00000000e+00
    24       1   4.96256990e-02   6.94243326e-02
    24       2   7.96384543e-06   9.56702542e-10
    24       3   1.57626053e-14   0.00000000e+00
    25       1   5.32368925e-02   6.56116951e-02
    25       2   8.49111808e-06   9.05233246e-10
    25       3   1.69968931e-14   0.00000000e+00
    26       1   5.71598767e-02   6.20323144e-02
    26       2   9.05569557e-06   8.57187209e-10
    26       3   1.77593373e-14   0.00000000e+00
    27       1   6.14508824e-02   5.86594738e-02
    27       2   9.66404295e-06   8.11392530e-10
    27       3   1.90722524e-14   0.00000000e+00
    28       1   6.61802393e-02   5.54701056e-02
    28       2   1.03242200e-05   7.68508280e-10
    28       3   2.05706935e-14   0.00000000e+00
    29       1   7.14371549e-02   5.24441668e-02
    29       2   1.10464198e-05   7.27697847e-10
    29       3   2.19132954e-14   0.00000000e+00
    30       1   7.73365763e-02   4.95641370e-02
    30       2   1.18437411e-05   6.87637911e-10
    30       3   2.36077150e-14   0.00000000e+00
    31       1   8.40292802e-02   4.68146107e-02
    31       2   1.27333254e-05   6.50649862e-10
    31       3   2.51473517e-14   0.00000000e+00
    32       1   9.17171131e-02   4.41819641e-02
    32       2   1.37380716e-05   6.14663860e-10
    32       3   2.72919263e-14   0.00000000e+00
    33       1   1.00676737e-01   4.16540801e-02
    33       2   1.48893097e-05   5.80087315e-10
    33       3   2.96836483e-14   0.00000000e+00
    34       1   1.11297982e-01   3.92201207e-02
    34       2   1.62311168e-05   5.46873348e-10
    34       3   3.21967390e-14   0.00000000e+00
    35       1   1.24148504e-01   3.68703360e-02
    35       2   1.78275931e-05   5.15465851e-10
    35       3   3.55271369e-14   0.00000000e+00
    36       1   1.40088482e-01   3.45959037e-02
    36       2   1.97757685e-05   4.84473709e-10
    36       3   3.92375512e-14   0.00000000e+00
    37       1   1.60487287e-01   3.23887928e-02
    37       2   2.22299814e-05   4.53876616e-10
    37       3   4.40648391e-14   0.00000000e+00
    38       1   1.87666215e-01   3.02416471e-02
    38       2   2.54516921e-05   4.24153274e-10
    38       3   5.04141124e-14   0.00000000e+00
    39       1   2.25900487e-01   2.81476844e-02
    39       2   2.99222178e-05   3.95439312e-10
    39       3   5.92347111e-14   0.00000000e+00
    40       1   2.84024477e-01   2.61006087e-02
    40       2   3.66358361e-05   3.67985689e-10
    40       3   7.28984715e-14   0.00000000e+00
    41       1   3.83721300e-01   2.40945338e-02
    41       2   4.80323836e-05   3.40520122e-10
    41       3   9.59274820e-14   0.00000000e+00
    42       1   5.96235653e-01   2.21239141e-02
    42       2   7.21273199e-05   3.13436247e-10
    42       3   1.43864475e-13   0.00000000e+00
    43       1   1.37283426e+00   2.01834828e-02
    43       2   1.59682274e-04   2.86310854e-10
    43       3   3.17035372e-13   0.00000000e+00
    44       1   4.05214994e+00   1.82681959e-02
    44       2   4.50717085e-04   2.60113234e-10
    44       3   8.99574524e-13   0.00000000e+00
    45       1   7.96228551e-01   1.63731787e-02
    45       2   8.39572325e-05   2.34028042e-10
    45       3   1.67069269e-13   0.00000000e+00
    46       1   4.33319350e-01   1.44936768e-02
    46       2   4.29027726e-05   2.08154249e-10
    46       3   8.53569406e-14   0.00000000e+00
    47       1   2.93017888e-01   1.26250077e-02
    47       2   2.68916454e-05   1.82989839e-10
    47       3   5.39809311e-14   0.00000000e+00
    48       1   2.18171540e-01   1.07625135e-02
    48       2   1.82369466e-05   1.56985224e-10
    48       3   3.63155843e-14   0.00000000e+00
    49       1   1.71358374e-01   8.90151285e-03
    49       2   1.27266931e-05   1.31531150e-10
    49       3   2.55616112e-14   0.00000000e+00
    50       1   1.39104143e-01   7.03725226e-03
    50       2   8.84379784e-06   1.06008528e-10
    50       3   1.82050297e-14   0.00000000e+00
    51       1   1.15366697e-01   5.16485401e-03
    51       2   5.90743168e-06   7.97354650e-11
    51       3   1.20344088e-14   0.00000000e+00
    52       1   9.70315262e-02   3.27926079e-03
    52       2   3.56610910e-06   5.41408715e-11
    52       3   7.19121874e-15   0.00000000e+00
    53       1   8.23290476e-02   1.37517483e-03
    53       2   1.61956883e-06   2.77219010e-11
    53       3   3.51956439e-15   0.00000000e+00
    54       1   7.01783130e-02   5.53009757e-04
    54       2   5.50959716e-08   1.35851940e-12
    54       3   4.09070890e-16   0.00000000e+00
    55       1   5.98806929e-02   2.51128367e-03
    55       2   1.53792745e-06   2.58921693e-11
    55       3   2.69202395e-15   0.00000000e+00
    56       1   5.09635475e-02   4.50611044e-03
    56       2   2.88371911e-06   5.32436270e-11
    56       3   5.35295932e-15   0.00000000e+00
    57       1   4.30946361e-02   6.54452879e-03
    57       2   4.13167666e-06   8.15256934e-11
    57       3   7.91621123e-15   0.00000000e+00
    58       1   3.60325059e-02   8.63427327e-03
    58       2   5.31103628e-06   1.10236658e-10
    58       3   1.00997600e-14   0.00000000e+00
    59       1   2.95963309e-02   1.07839177e-02
    59       2   6.44450170e-06   1.40290464e-10
    59       3   1.26321177e-14   0.00000000e+00
    60       1   2.36468070e-02   1.30030478e-02
    60       2   7.55044661e-06   1.70301634e-10
    60       3   1.44597490e-14   0.00000000e+00
    61       1   1.80735963e-02   1.53024707e-02
    61       2   8.64439214e-06   2.02178900e-10
    61       3   1.67038666e-14   0.00000000e+00
    62       1   1.27867840e-02   1.76944721e-02
    62       2   9.74004788e-06   2.35172301e-10
    62       3   1.91697613e-14   0.00000000e+00
    63       1   7.71085737e-03   2.01931342e-02
    63       2   1.08500887e-05   2.69412459e-10
    63       3   2.08625532e-14   0.00000000e+00
    64       1   2.78029589e-03   2.28147335e-02
    64       2   1.19867759e-05   3.06043215e-10
    64       3   2.32518644e-14   0.00000000e+00
    65       1   2.06381055e-03   2.55782434e-02
    65       2   1.31624951e-05   3.43937975e-10
    65       3   2.57521288e-14   0.00000000e+00
    66       1   6.87650493e-03   2.85059747e-02
    66       2   1.43902677e-05   3.84514695e-10
    66       3   2.79866848e-14   0.00000000e+00
    67       1   1.17113502e-02   3.16244029e-02
    67       2   1.56842801e-05   4.28221296e-10
    67       3   3.06041057e-14   0.00000000e+00
    68       1   1.66226835e-02   3.49652491e-02
    68       2   1.70604789e-05   4.73761932e-10
    68       3   3.34404284e-14   0.00000000e+00
    69       1   2.16679414e-02   3.85669092e-02
    69       2   1.85372850e-05   5.23617445e-10
    69       3   3.65429131e-14   0.00000000e+00
    70       1   2.69102686e-02   4.24763725e-02
    70       2   2.01364945e-05   5.78131560e-10
    70       3   3.93018939e-14   0.00000000e+00
    71       1   3.24216730e-02   4.67518372e-02
    71       2   2.18844617e-05   6.37046724e-10
    71       3   4.29822447e-14   0.00000000e+00
    72       1   3.82870772e-02   5.14663364e-02
    72       2   2.38137037e-05   7.02328984e-10
    72       3   4.67689351e-14   0.00000000e+00
    73       1   4.46097833e-02   5.67128642e-02
    73       2   2.59651398e-05   7.74309076e-10
    73       3   5.08429864e-14   0.00000000e+00
    74       1   5.15191493e-02   6.26117784e-02
    74       2   2.83913007e-05   8.55994493e-10
    74       3   5.55522341e-14   0.00000000e+00
    75       1   5.91817667e-02   6.93217562e-02
    75       2   3.11610588e-05   9.48959086e-10
    75       3   6.10531606e-14   0.00000000e+00
    76       1   6.78183157e-02   7.70564637e-02
    76       2   3.43668078e-05   1.05615766e-09
    76       3   6.74088386e-14   0.00000000e+00
    77       1   7.77299150e-02   8.61107511e-02
    77       2   3.81357304e-05   1.18151473e-09
    77       3   7.48761035e-14   0.00000000e+00
    78       1   8.93409964e-02   9.69033901e-02
    78       2   4.26481689e-05   1.33154126e-09
    78       3   8.39916408e-14   0.00000000e+00
    79       1   1.03272337e-01   1.10049978e-01
    79       2   4.81689510e-05   1.51297996e-09
    79       3   9.47671264e-14   0.00000000e+00
    80       1   1.20472422e-01   1.26494165e-01
    80       2   5.51037654e-05   1.74065508e-09
    80       3   1.08323113e-13   0.00000000e+00
    81       1   1.42469975e-01   1.47760011e-01
    81       2   6.41075652e-05   2.03526286e-09
    81       3   1.26320948e-13   0.00000000e+00
    82       1   1.71901915e-01   1.76479639e-01
    82       2   7.63112200e-05   2.43212399e-09
    82       3   1.50178069e-13   0.00000000e+00
    83       1   2.13745213e-01   2.17624429e-01
    83       2   9.38503602e-05   3.00181126e-09
    83       3   1.84525997e-13   0.00000000e+00
    84       1   2.78660675e-01   2.81846823e-01
    84       2   1.21300798e-04   3.89032595e-09
    84       3   2.38813575e-13   0.00000000e+00
    85       1   3.94363034e-01   3.96842462e-01
    85       2   1.70558948e-04   5.48241378e-09
    85       3   3.36041773e-13   0.00000000e+00
    86       1   6.62484262e-01   6.64160845e-01
    86       2   2.85243897e-04   9.18261439e-09
    86       3   5.62634229e-13   0.00000000e+00
    87       1   1.99838202e+00   1.99774358e+00
    87       2   8.57924040e-04   2.76400725e-08
    87       3   1.69037746e-12   0.00000000e+00
    88       1   1.99914302e+00   2.00000103e+00
    88       2   8.59379004e-04   2.76927454e-08
    88       3   1.69424620e-12   0.00000000e+00
    89       1   6.66296461e-01   6.66415994e-01
    89       2   2.86698263e-04   9.23449676e-09
    89       3   5.65473522e-13   0.00000000e+00
    90       1   3.98422535e-01   3.99096629e-01
    90       2   1.72014556e-04   5.53468735e-09
    90       3   3.39458207e-13   0.00000000e+00
    91       1   2.82792426e-01   2.84099698e-01
    91       2   1.22758406e-04   3.94256656e-09
    91       3   2.42155240e-13   0.00000000e+00
    92       1   2.17911391e-01   2.19875613e-01
    92       2   9.53106810e-05   3.05383436e-09
    92       3   1.88010941e-13   0.00000000e+00
    93       1   1.76090635e-01   1.78728715e-01
    93       2   7.77749735e-05   2.48386412e-09
    93       3   1.53480286e-13   0.00000000e+00
    94       1   1.46677120e-01   1.50006551e-01
    94       2   6.55754912e-05   2.08694812e-09
    94       3   1.29629078e-13   0.00000000e+00
    95       1   1.24696895e-01   1.28737733e-01
    95       2   5.65766314e-05   1.79252291e-09
    95       3   1.11969645e-13   0.00000000e+00
    96       1   1.07514450e-01   1.12290128e-01
    96       2   4.96475581e-05   1.56434012e-09
    96       3   9.80217639e-14   0.00000000e+00
    97       1   9.36018306e-02   9.91396669e-02
    97       2   4.41333589e-05   1.38207774e-09
    97       3   8.71153038e-14   0.00000000e+00
    98       1   8.20110363e-02   8.83426896e-02
    98       2   3.96283932e-05   1.23249727e-09
    98       3   7.82216370e-14   0.00000000e+00
    99       1   7.21216442e-02   7.92835866e-02
    99       2   3.58678898e-05   1.10746574e-09
    99       3   7.08088503e-14   0.00000000e+00
   100       1   6.35095175e-02   7.15435730e-02
   100       2   3.26715720e-05   1.00010156e-09
   100       3   6.46526703e-14   0.00000000e+00
   101       1   5.58738120e-02   6.48277839e-02
   101       2   2.99123334e-05   9.07684833e-10
   101       3   5.93428602e-14   0.00000000e+00
   102       1   4.89941246e-02   5.89225367e-02
   102       2   2.74978689e-05   8.25917439e-10
   102       3   5.44479928e-14   0.00000000e+00
   103       1   4.27041584e-02   5.36691365e-02
   103       2   2.53594093e-05   7.53205345e-10
   103       3   5.03390849e-14   0.00000000e+00
   104       1   3.68748804e-02   4.89472056e-02
   104       2   2.34445435e-05   6.87308806e-10
   104       3   4.65354453e-14   0.00000000e+00
   105       1   3.14033552e-02   4.46637281e-02
   105       2   2.17124920e-05   6.28036070e-10
   105       3   4.29656311e-14   0.00000000e+00
   106       1   2.62050805e-02   4.07456473e-02
   106       2   2.01309009e-05   5.74236485e-10
   106       3   3.97863681e-14   0.00000000e+00
   107       1   2.12085355e-02   3.71347390e-02
   107       2   1.86736076e-05   5.24297084e-10
   107       3   3.74617467e-14   0.00000000e+00
   108       1   1.63511452e-02   3.37839855e-02
   108       2   1.73190423e-05   4.77495278e-10
   108       3   3.45597392e-14   0.00000000e+00
   109       1   1.15761456e-02   3.06549598e-02
   109       2   1.60490525e-05   4.34312877e-10
   109       3   3.18965899e-14   0.00000000e+00
   110       1   6.82999905e-03   2.77159073e-02
   110       2   1.48480113e-05   3.93865196e-10
   110       3   2.96353868e-14   0.00000000e+00
   111       1   2.06010141e-03   2.49403155e-02
   111       2   1.37021171e-05   3.55535225e-10
   111       3   2.73311392e-14   0.00000000e+00
   112       1   2.78743082e-03   2.23058333e-02
   112       2   1.25988144e-05   3.18763618e-10
   112       3   2.51577849e-14   0.00000000e+00
   113       1   7.77009229e-03   1.97934439e-02
   113       2   1.15262867e-05   2.83719892e-10
   113       3   2.30861643e-14   0.00000000e+00
   114       1   1.29516580e-02   1.73868228e-02
   114       2   1.04729754e-05   2.50343919e-10
   114       3   2.08798334e-14   0.00000000e+00
   115       1   1.84054633e-02   1.50718357e-02
   115       2   9.42708206e-06   2.18057656e-10
   115       3   1.87126164e-14   0.00000000e+00
   116       1   2.42186724e-02   1.28361401e-02
   116       2   8.37600519e-06   1.87121209e-10
   116       3   1.67702252e-14   0.00000000e+00
   117       1   3.04980980e-02   1.06688667e-02
   117       2   7.30564383e-06   1.57191557e-10
   117       3   1.49252008e-14   0.00000000e+00
   118       1   3.73784529e-02   8.56036195e-03
   118       2   6.19947455e-06   1.27963817e-10
   118       3   1.24563911e-14   0.00000000e+00
   119       1   4.50344704e-02   6.50197757e-03
   119       2   5.03724940e-06   9.92423352e-11
   119       3   1.00976277e-14   0.00000000e+00
   120       1   5.36993424e-02   4.48589763e-03
   120       2   3.79306254e-06   7.10643283e-11
   120       3   7.69149686e-15   0.00000000e+00
   121       1   6.36938234e-02   2.50499405e-03
   121       2   2.43233973e-06   4.35501143e-11
   121       3   5.18156448e-15   0.00000000e+00
   122       1   7.54740999e-02   5.52705221e-04
   122       2   9.06923240e-07   1.64710563e-11
   122       3   2.19972768e-15   0.00000000e+00
   123       1   8.97143727e-02   1.37706743e-03
   123       2   8.53374251e-07   1.02400375e-11
   123       3   1.27843884e-15   0.00000000e+00
   124       1   1.07457691e-01   3.29004861e-03
   124       2   2.95616578e-06   3.66111948e-11
   124       3   5.30929776e-15   0.00000000e+00
   125       1   1.30411499e-01   5.19166711e-03
   125       2   5.57662872e-06   6.34592867e-11
   125       3   1.04028735e-14   0.00000000e+00
   126       1   1.61580875e-01   7.08712504e-03
   126       2   9.02205080e-06   8.96388099e-11
   126       3   1.69636134e-14   0.00000000e+00
   127       1   2.06795683e-01   8.98146033e-03
   127       2   1.38874625e-05   1.16026172e-10
   127       3   2.66407734e-14   0.00000000e+00
   128       1   2.79057077e-01   1.08796043e-02
   128       2   2.14985502e-05   1.42554672e-10
   128       3   4.17858978e-14   0.00000000e+00
   129       1   4.14475075e-01   1.27864354e-02
   129       2   3.55356224e-05   1.69065548e-10
   129       3   6.92494502e-14   0.00000000e+00
   130       1   7.64712407e-01   1.47068317e-02
   130       2   7.14525374e-05   1.95690155e-10
   130       3   1.38534277e-13   0.00000000e+00
   131       1   3.90896306e+00   1.66457209e-02
   131       2   3.91949041e-04   2.23247132e-10
   131       3   7.66689107e-13   0.00000000e+00
   132       1   1.32744489e+00   1.86081317e-02
   132       2   1.41337006e-04   2.49967574e-10
   132       3   2.74955992e-13   0.00000000e+00
   133       1   5.78523229e-01   2.05992462e-02
   133       2   6.47945175e-05   2.77798898e-10
   133       3   1.26430988e-13   0.00000000e+00
   134       1   3.73508339e-01   2.26244543e-02
   134       2   4.37007249e-05   3.06816652e-10
   134       3   8.58598620e-14   0.00000000e+00
   135       1   2.77300796e-01   2.46894124e-02
   135       2   3.37030442e-05   3.35385374e-10
   135       3   6.64460741e-14   0.00000000e+00
   136       1   2.21191786e-01   2.68001065e-02
   136       2   2.77979719e-05   3.64574201e-10
   136       3   5.43163118e-14   0.00000000e+00
   137       1   1.84268168e-01   2.89629222e-02
   137       2   2.38536562e-05   3.94654266e-10
   137       3   4.65763645e-14   0.00000000e+00
   138       1   1.58008854e-01   3.11847232e-02
   138       2   2.10012931e-05   4.26091358e-10
   138       3   4.14209523e-14   0.00000000e+00
   139       1   1.38290087e-01   3.34729395e-02
   139       2   1.88202772e-05   4.57957752e-10
   139       3   3.68326717e-14   0.00000000e+00
   140       1   1.22872741e-01   3.58356696e-02
   140       2   1.70821042e-05   4.90941777e-10
   140       3   3.35287377e-14   0.00000000e+00
   141       1   1.10435884e-01   3.82817971e-02
   141       2   1.56518706e-05   5.24706849e-10
   141       3   3.06165328e-14   0.00000000e+00
   142       1   1.00149737e-01   4.08211287e-02
   142       2   1.44447480e-05   5.60893765e-10
   142       3   2.80839323e-14   0.00000000e+00
   143       1   9.14666886e-02   4.34645544e-02
   143       2   1.34046833e-05   5.98167339e-10
   143       3   2.64844742e-14   0.00000000e+00
   144       1   8.40106570e-02   4.62242400e-02
   144       2   1.24931204e-05   6.36480094e-10
   144       3   2.44077248e-14   0.00000000e+00
   145       1   7.75147262e-02   4.91138549e-02
   145       2   1.16826436e-05   6.77322543e-10
   145       3   2.30618729e-14   0.00000000e+00
   146       1   7.17841484e-02   5.21488477e-02
   146       2   1.09532052e-05   7.20052072e-10
   146       3   2.14066304e-14   0.00000000e+00
   147       1   6.66734400e-02   5.53467806e-02
   147       2   1.02897904e-05   7.65477750e-10
   147       3   2.03342495e-14   0.00000000e+00
   148       1   6.20716797e-02   5.87277373e-02
   148       2   9.68091773e-06   8.12681464e-10
   148       3   1.90722531e-14   0.00000000e+00
   149       1   5.78927760e-02   6.23148265e-02
   149       2   9.11764618e-06   8.63712821e-10
   149       3   1.79682712e-14   0.00000000e+00
   150       1   5.40688473e-02   6.61348071e-02
   150       2   8.59289987e-06   9.17389157e-10
   150       3   1.69968936e-14   0.00000000e+00
   151       1   5.05456129e-02   7.02188717e-02
   151       2   8.10099740e-06   9.75505928e-10
   151       3   1.59502558e-14   0.00000000e+00
   152       1   4.72791151e-02   7.46036375e-02
   152       2   7.63731705e-06   1.03757715e-09
   152       3   1.51962579e-14   0.00000000e+00
   153       1   4.42333452e-02   7.93324125e-02
   153       2   7.19805425e-06   1.10461806e-09
   153       3   1.43533084e-14   0.00000000e+00
   154       1   4.13784944e-02   8.44568302e-02
   154       2   6.78004265e-06   1.17710571e-09
   154       3   1.34318767e-14   0.00000000e+00
   155       1   3.86896463e-02   9.00389844e-02
   155       2   6.38062035e-06   1.25663831e-09
   155       3   1.25973507e-14   0.00000000e+00
   156       1   3.61457853e-02   9.61542541e-02
   156       2   5.99752829e-06   1.34396041e-09
   156       3   1.19903064e-14   0.00000000e+00
   157       1   3.37290349e-02   1.02895092e-01
   157       2   5.62883217e-06   1.43967201e-09
   157       3   1.09993198e-14   0.00000000e+00
   158       1   3.14240669e-02   1.10376181e-01
   158       2   5.27286182e-06   1.54692452e-09
   158       3   1.05116828e-14   0.00000000e+00
   159       1   2.92176371e-02   1.18741584e-01
   159       2   4.92816336e-06   1.66651892e-09
   159       3   9.79090629e-15   0.00000000e+00
   160       1   2.70982165e-02   1.28174825e-01
   160       2   4.59346139e-06   1.80180766e-09
   160       3   9.12314237e-15   0.00000000e+00
   161       1   2.50556973e-02   1.38913425e-01
   161       2   4.26762850e-06   1.95667751e-09
   161       3   8.63298794e-15   0.00000000e+00
   162       1   2.30811542e-02   1.51270374e-01
   162       2   3.94966070e-06   2.13531668e-09
   162       3   7.66705630e-15   0.00000000e+00
   163       1   2.11666504e-02   1.65666692e-01
   163       2   3.63865728e-06   2.34441730e-09
   163       3   7.37971774e-15   0.00000000e+00
   164       1   1.93050778e-02   1.82682439e-01
   164       2   3.33380424e-06   2.59162055e-09
   164       3   6.74661308e-15   0.00000000e+00
   165       1   1.74900250e-02   2.03139567e-01
   165       2   3.03436047e-06   2.89078494e-09
   165       3   6.14655223e-15   0.00000000e+00
   166       1   1.57156662e-02   2.28242472e-01
   166       2   2.73964621e-06   3.25983904e-09
   166       3   5.45683717e-15   0.00000000e+00
   167       1   1.39766680e-02   2.59829166e-01
   167       2   2.44903325e-06   3.72680471e-09
   167       3   4.91270525e-15   0.00000000e+00
   168       1   1.22681098e-02   3.00849625e-01
   168       2   2.16193648e-06   4.33915852e-09
   168       3   4.39030841e-15   0.00000000e+00
   169       1   1.05854149e-02   3.56352538e-01
   169       2   1.87780666e-06   5.17457010e-09
   169       3   3.77228500e-15   0.00000000e+00
   170       1   8.92429110e-03   4.35742718e-01
   170       2   1.59612408e-06   6.38600767e-09
   170       3   3.39875090e-15   0.00000000e+00
   171       1   7.28067799e-03   5.58722152e-01
   171       2   1.31639288e-06   8.29414310e-09
   171       3   2.58674110e-15   0.00000000e+00
   172       1   5.65069986e-03   7.74435556e-01
   172       2   1.03813599e-06   1.17271573e-08
   172       3   2.01296886e-15   0.00000000e+00
   173       1   4.03062294e-03   1.24697873e+00
   173       2   7.60890461e-07   1.95440342e-08
   173       3   1.44795218e-15   0.00000000e+00
   174       1   2.41681595e-03   2.99677497e+00
   174       2   4.84203200e-07   5.06593858e-08
   174       3   1.00000623e-15   0.00000000e+00
   175       1   8.05712956e-04   1.42756427e+07
   175       2   2.07626810e-07   4.90089743e-01
   175       3   4.44089210e-16   1.61282945e-11
   176       1   8.06222367e-04   9.99999953e-01
   176       2   6.92843429e-08   4.65300786e-09
   176       3   0.00000000e+00   0.00000000e+00
   177       1   2.42253171e-03   7.49798618e-01
   177       2   3.46978056e-07   8.08887037e-09
   177       3   7.79666556e-16   0.00000000e+00
   178       1   4.04679723e-03   5.54958162e-01
   178       2   6.25908241e-07   6.67035842e-09
   178       3   1.11831603e-15   0.00000000e+00
   179       1   5.68267752e-03   4.36440637e-01
   179       2   9.06538992e-07   5.47724054e-09
   179       3   1.68700506e-15   0.00000000e+00
   180       1   7.33394518e-03   3.58448931e-01
   180       2   1.18934886e-06   4.60517668e-09
   180       3   2.37912561e-15   0.00000000e+00
   181       1   9.00452694e-03   3.03496444e-01
   181       2   1.47483543e-06   3.95735927e-09
   181       3   2.97210330e-15   0.00000000e+00
   182       1   1.06985473e-02   2.62728600e-01
   182       2   1.76352031e-06   3.46082324e-09
   182       3   3.46603291e-15   0.00000000e+00
   183       1   1.24203764e-02   2.31271677e-01
   183       2   2.05595462e-06   3.06930371e-09
   183       3   3.97695181e-15   0.00000000e+00
   184       1   1.41746846e-02   2.06241618e-01
   184       2   2.35272522e-06   2.75304137e-09
   184       3   4.50782193e-15   0.00000000e+00
   185       1   1.59665032e-02   1.85828538e-01
   185       2   2.65446171e-06   2.49193669e-09
   185       3   5.30290771e-15   0.00000000e+00
   186       1   1.78012955e-02   1.68841254e-01
   186       2   2.96184453e-06   2.27348020e-09
   186       3   5.76528742e-15   0.00000000e+00
   187       1   1.96850387e-02   1.54464507e-01
   187       2   3.27561438e-06   2.08581369e-09
   187       3   6.50415786e-15   0.00000000e+00
   188       1   2.16243206e-02   1.42121853e-01
   188       2   3.59658321e-06   1.92494936e-09
   188       3   7.02813476e-15   0.00000000e+00
   189       1   2.36264538e-02   1.31394321e-01
   189       2   3.92564735e-06   1.78392052e-09
   189       3   7.58656495e-15   0.00000000e+00
   190       1   2.56996129e-02   1.21970148e-01
   190       2   4.26380306e-06   1.65903862e-09
   190       3   8.45232283e-15   0.00000000e+00
   191       1   2.78529994e-02   1.13612566e-01
   191       2   4.61216540e-06   1.54872551e-09
   191       3   9.10140556e-15   0.00000000e+00
   192       1   3.00970429e-02   1.06138537e-01
   192       2   4.97199108e-06   1.44921037e-09
   192       3   9.65938386e-15   0.00000000e+00
   193       1   3.24436476e-02   9.94043212e-02
   193       2   5.34470649e-06   1.35972599e-09
   193       3   1.04126890e-14   0.00000000e+00
   194       1   3.49064978e-02   9.32954557e-02
   194       2   5.73194236e-06   1.27812709e-09
   194       3   1.13832018e-14   0.00000000e+00
   195       1   3.75014395e-02   8.77196449e-02
   195       2   6.13557701e-06   1.20301741e-09
   195       3   1.19674827e-14   0.00000000e+00
   196       1   4.02469613e-02   8.26016251e-02
   196       2   6.55779085e-06   1.13442457e-09
   196       3   1.27766626e-14   0.00000000e+00
   197       1   4.31648071e-02   7.78793903e-02
   197       2   7.00113573e-06   1.07095662e-09
   197       3   1.38406896e-14   0.00000000e+00
   198       1   4.62807655e-02   7.35013770e-02
   198       2   7.46862409e-06   1.01183763e-09
   198       3   1.46599186e-14   0.00000000e+00
   199       1   4.96256972e-02   6.94243352e-02
   199       2   7.96384511e-06   9.57132538e-10
   199       3   1.57626049e-14   0.00000000e+00
   200       1   5.32368905e-02   6.56116975e-02
   200       2   8.49111775e-06   9.05473185e-10
   200       3   1.67992543e-14   0.00000000e+00
   201       1   5.71598745e-02   6.20323167e-02
   201       2   9.05569522e-06   8.57293000e-10
   201       3   1.77593367e-14   0.00000000e+00
   202       1   6.14508800e-02   5.86594760e-02
   202       2   9.66404257e-06   8.11290844e-10
   202       3   1.92940222e-14   0.00000000e+00
   203       1   6.61802366e-02   5.54701076e-02
   203       2   1.03242196e-05   7.68255699e-10
   203       3   2.02160256e-14   0.00000000e+00
   204       1   7.14371519e-02   5.24441687e-02
   204       2   1.10464193e-05   7.26977330e-10
   204       3   2.17866281e-14   0.00000000e+00
   205       1   7.73365730e-02   4.95641388e-02
   205       2   1.18437406e-05   6.87774974e-10
   205       3   2.33347925e-14   0.00000000e+00
   206       1   8.40292764e-02   4.68146124e-02
   206       2   1.27333248e-05   6.50733061e-10
   206       3   2.51473505e-14   0.00000000e+00
   207       1   9.17171088e-02   4.41819657e-02
   207       2   1.37380710e-05   6.14729609e-10
   207       3   2.71304343e-14   0.00000000e+00
   208       1   1.00676732e-01   4.16540816e-02
   208       2   1.48893090e-05   5.79981738e-10
   208       3   2.95059003e-14   0.00000000e+00
   209       1   1.11297976e-01   3.92201222e-02
   209       2   1.62311160e-05   5.46985951e-10
   209       3   3.21967371e-14   0.00000000e+00
   210       1   1.24148496e-01   3.68703374e-02
   210       2   1.78275921e-05   5.15446600e-10
   210       3   3.55271346e-14   0.00000000e+00
   211       1   1.40088473e-01   3.45959051e-02
   211       2   1.97757674e-05   4.84580324e-10
   211       3   3.94906937e-14   0.00000000e+00
   212       1   1.60487275e-01   3.23887942e-02
   212       2   2.22299799e-05   4.54060108e-10
   212       3   4.40648354e-14   0.00000000e+00
   213       1   1.87666199e-01   3.02416485e-02
   213       2   2.54516902e-05   4.24672508e-10
   213       3   5.05885508e-14   0.00000000e+00
   214       1   2.25900464e-01   2.81476856e-02
   214       2   2.99222150e-05   3.95882383e-10
   214       3   5.94485478e-14   0.00000000e+00
   215       1   2.84024440e-01   2.61006100e-02
   215       2   3.66358317e-05   3.67228274e-10
   215       3   7.23493199e-14   0.00000000e+00
   216       1   3.83721231e-01   2.40945350e-02
   216       2   4.80323758e-05   3.39878504e-10
   216       3   9.55475525e-14   0.00000000e+00
   217       1   5.96235485e-01   2.21239153e-02
   217       2   7.21273008e-05   3.13166658e-10
   217       3   1.43712836e-13   0.00000000e+00
   218       1   1.37283335e+00   2.01834840e-02
   218       2   1.59682171e-04   2.86874831e-10
   218       3   3.19372907e-13   0.00000000e+00
   219       1   4.05215812e+00   1.82681970e-02
   219       2   4.50718006e-04   2.59962705e-10
   219       3   8.95732563e-13   0.00000000e+00
   220       1   7.96228879e-01   1.63731798e-02
   220       2   8.39572696e-05   2.33834620e-10
   220       3   1.66733628e-13   0.00000000e+00
   221       1   4.33319451e-01   1.44936779e-02
   221       2   4.29027842e-05   2.08203347e-10
   221       3   8.56106193e-14   0.00000000e+00
   222       1   2.93017937e-01   1.26250089e-02
   222       2   2.68916511e-05   1.83045797e-10
   222       3   5.41602772e-14   0.00000000e+00
   223       1   2.18171569e-01   1.07625146e-02
   223       2   1.82369500e-05   1.57358493e-10
   223       3   3.70166610e-14   0.00000000e+00
   224       1   1.71358393e-01   8.90151397e-03
   224       2   1.27266955e-05   1.31691480e-10
   224       3   2.57939915e-14   0.00000000e+00
   225       1   1.39104157e-01   7.03725337e-03
   225       2   8.84379961e-06   1.05690856e-10
   225       3   1.80049755e-14   0.00000000e+00
   226       1   1.15366708e-01   5.16485512e-03
   226       2   5.90743309e-06   8.03217408e-11
   226       3   1.23883626e-14   0.00000000e+00
   227       1   9.70315347e-02   3.27926190e-03
   227       2   3.56611028e-06   5.41670131e-11
   227       3   7.35102389e-15   0.00000000e+00
   228       1   8.23290546e-02   1.37517595e-03
   228       2   1.61956985e-06   2.79620418e-11
   228       3   3.66621303e-15   0.00000000e+00
   229       1   7.01783189e-02   5.53008624e-04
   229       2   5.50950548e-08   1.23513571e-12
   229       3   2.72713934e-16   0.00000000e+00
   230       1   5.98806981e-02   2.51128253e-03
   230       2   1.53792660e-06   2.59115552e-11
   230       3   2.82021562e-15   0.00000000e+00
   231       1   5.09635520e-02   4.50610928e-03
   231       2   2.88371831e-06   5.30860972e-11
   231       3   5.23130123e-15   0.00000000e+00
   232       1   4.30946402e-02   6.54452761e-03
   232       2   4.13167589e-06   8.17707019e-11
   232       3   8.03262618e-15   0.00000000e+00
   233       1   3.60325097e-02   8.63427206e-03
   233       2   5.31103554e-06   1.10165840e-10
   233       3   1.03241992e-14   0.00000000e+00
   234       1   2.95963344e-02   1.07839165e-02
   234       2   6.44450096e-06   1.39882897e-10
   234       3   1.21965275e-14   0.00000000e+00
   235       1   2.36468103e-02   1.30030465e-02
   235       2   7.55044587e-06   1.70440011e-10
   235       3   1.46723924e-14   0.00000000e+00
   236       1   1.80735995e-02   1.53024694e-02
   236       2   8.64439139e-06   2.02555750e-10
   236       3   1.67038666e-14   0.00000000e+00
   237       1   1.27867871e-02   1.76944707e-02
   237       2   9.74004711e-06   2.34578679e-10
   237       3   1.85513818e-14   0.00000000e+00
   238       1   7.71086044e-03   2.01931328e-02
   238       2   1.08500879e-05   2.70071729e-10
   238       3   2.10670878e-14   0.00000000e+00
   239       1   2.78029895e-03   2.28147321e-02
   239       2   1.19867750e-05   3.05998747e-10
   239       3   2.32518641e-14   0.00000000e+00
   240       1   2.06380747e-03   2.55782419e-02
   240       2   1.31624942e-05   3.44402353e-10
   240       3   2.55477465e-14   0.00000000e+00
   241       1   6.87650179e-03   2.85059730e-02
   241       2   1.43902668e-05   3.84848165e-10
   241       3   2.79866843e-14   0.00000000e+00
   242       1   1.17113469e-02   3.16244012e-02
   242       2   1.56842791e-05   4.28035544e-10
   242       3   3.08122963e-14   0.00000000e+00
   243       1   1.66226802e-02   3.49652473e-02
   243       2   1.70604778e-05   4.74181626e-10
   243       3   3.36520758e-14   0.00000000e+00
   244       1   2.16679378e-02   3.85669072e-02
   244       2   1.85372838e-05   5.23848144e-10
   244       3   3.63266818e-14   0.00000000e+00
   245       1   2.69102648e-02   4.24763703e-02
   245       2   2.01364932e-05   5.78163524e-10
   245       3   3.95239372e-14   0.00000000e+00
   246       1   3.24216690e-02   4.67518348e-02
   246       2   2.18844603e-05   6.37091198e-10
   246       3   4.30968625e-14   0.00000000e+00
   247       1   3.82870728e-02   5.14663338e-02
   247       2   2.38137021e-05   7.01882393e-10
   247       3   4.66499283e-14   0.00000000e+00
   248       1   4.46097785e-02   5.67128613e-02
   248       2   2.59651379e-05   7.74812830e-10
   248       3   5.09672945e-14   0.00000000e+00
   249       1   5.15191438e-02   6.26117752e-02
   249       2   2.83912986e-05   8.56867272e-10
   249       3   5.58136536e-14   0.00000000e+00
   250       1   5.91817605e-02   6.93217525e-02
   250       2   3.11610564e-05   9.48882940e-10
   250       3   6.10531572e-14   0.00000000e+00
   251       1   6.78183086e-02   7.70564594e-02
   251       2   3.43668050e-05   1.05577076e-09
   251       3   6.74088344e-14   0.00000000e+00
   252       1   7.77299066e-02   8.61107460e-02
   252       2   3.81357270e-05   1.18165284e-09
   252       3   7.48760981e-14   0.00000000e+00
   253       1   8.93409864e-02   9.69033840e-02
   253       2   4.26481648e-05   1.33121334e-09
   253       3   8.39916341e-14   0.00000000e+00
   254       1   1.03272325e-01   1.10049971e-01
   254       2   4.81689460e-05   1.51363597e-09
   254       3   9.49585664e-14   0.00000000e+00
   255       1   1.20472406e-01   1.26494156e-01
   255       2   5.51037590e-05   1.74018226e-09
   255       3   1.08108600e-13   0.00000000e+00
   256       1   1.42469954e-01   1.47759999e-01
   256       2   6.41075566e-05   2.03435074e-09
   256       3   1.26198409e-13   0.00000000e+00
   257       1   1.71901887e-01   1.76479621e-01
   257       2   7.63112082e-05   2.43256974e-09
   257       3   1.50321620e-13   0.00000000e+00
   258       1   2.13745172e-01   2.17624403e-01
   258       2   9.38503425e-05   3.00163055e-09
   258       3   1.84700209e-13   0.00000000e+00
   259       1   2.78660607e-01   2.81846781e-01
   259       2   1.21300769e-04   3.89084107e-09
   259       3   2.38924906e-13   0.00000000e+00
   260       1   3.94362900e-01   3.96842381e-01
   260       2   1.70558891e-04   5.48252225e-09
   260       3   3.36041662e-13   0.00000000e+00
   261       1   6.62483893e-01   6.64160621e-01
   261       2   2.85243738e-04   9.18112336e-09
   261       3   5.61859652e-13   0.00000000e+00
   262       1   1.99837869e+00   1.99774158e+00
   262       2   8.57922614e-04   2.76410761e-08
   262       3   1.69076124e-12   0.00000000e+00
   263       1   1.99914634e+00   2.00000304e+00
   263       2   8.59380431e-04   2.76929013e-08
   263       3   1.69444231e-12   0.00000000e+00
   264       1   6.66296831e-01   6.66416218e-01
   264       2   2.86698421e-04   9.23463202e-09
   264       3   5.65344790e-13   0.00000000e+00
   265       1   3.98422668e-01   3.99096709e-01
   265       2   1.72014614e-04   5.53476160e-09
   265       3   3.39303031e-13   0.00000000e+00
   266       1   2.82792495e-01   2.84099739e-01
   266       2   1.22758436e-04   3.94282651e-09
   266       3   2.42266684e-13   0.00000000e+00
   267       1   2.17911433e-01   2.19875638e-01
   267       2   9.53106987e-05   3.05398062e-09
   267       3   1.88185221e-13   0.00000000e+00
   268       1   1.76090663e-01   1.78728732e-01
   268       2   7.77749854e-05   2.48458654e-09
   268       3   1.53767456e-13   0.00000000e+00
   269       1   1.46677141e-01   1.50006564e-01
   269       2   6.55754998e-05   2.08587994e-09
   269       3   1.29261525e-13   0.00000000e+00
   270       1   1.24696910e-01   1.28737743e-01
   270       2   5.65766378e-05   1.79212589e-09
   270       3   1.11755155e-13   0.00000000e+00
   271       1   1.07514463e-01   1.12290135e-01
   271       2   4.96475631e-05   1.56440787e-09
   271       3   9.80217728e-14   0.00000000e+00
   272       1   9.36018407e-02   9.91396729e-02
   272       2   4.41333629e-05   1.38222212e-09
   272       3   8.71153108e-14   0.00000000e+00
   273       1   8.20110448e-02   8.83426946e-02
   273       2   3.96283966e-05   1.23336007e-09
   273       3   7.85402644e-14   0.00000000e+00
   274       1   7.21216514e-02   7.92835909e-02
   274       2   3.58678926e-05   1.10740981e-09
   274       3   7.09566812e-14   0.00000000e+00
   275       1   6.35095237e-02   7.15435767e-02
   275       2   3.26715744e-05   1.00002260e-09
   275       3   6.46526740e-14   0.00000000e+00
   276       1   5.58738175e-02   6.48277872e-02
   276       2   2.99123355e-05   9.07283433e-10
   276       3   5.93428632e-14   0.00000000e+00
   277       1   4.89941295e-02   5.89225396e-02
   277       2   2.74978708e-05   8.25861101e-10
   277       3   5.43236848e-14   0.00000000e+00
   278       1   4.27041628e-02   5.36691391e-02
   278       2   2.53594110e-05   7.53184379e-10
   278       3   5.03390870e-14   0.00000000e+00
   279       1   3.68748845e-02   4.89472079e-02
   279       2   2.34445450e-05   6.87573046e-10
   279       3   4.63062084e-14   0.00000000e+00
   280       1   3.14033590e-02   4.46637303e-02
   280       2   2.17124933e-05   6.28274604e-10
   280       3   4.30766549e-14   0.00000000e+00
   281       1   2.62050841e-02   4.07456493e-02
   281       2   2.01309021e-05   5.73482264e-10
   281       3   3.97863693e-14   0.00000000e+00
   282       1   2.12085389e-02   3.71347409e-02
   282       2   1.86736087e-05   5.24028175e-10
   282       3   3.68268028e-14   0.00000000e+00
   283       1   1.63511484e-02   3.37839872e-02
   283       2   1.73190434e-05   4.77808111e-10
   283       3   3.43515488e-14   0.00000000e+00
   284       1   1.15761487e-02   3.06549614e-02
   284       2   1.60490534e-05   4.33952950e-10
   284       3   3.18965905e-14   0.00000000e+00
   285       1   6.83000215e-03   2.77159089e-02
   285       2   1.48480122e-05   3.93595424e-10
   285       3   2.94310053e-14   0.00000000e+00
   286       1   2.06010447e-03   2.49403170e-02
   286       2   1.37021179e-05   3.54653408e-10
   286       3   2.71271758e-14   0.00000000e+00
   287       1   2.78742775e-03   2.23058348e-02
   287       2   1.25988152e-05   3.18612338e-10
   287       3   2.51577852e-14   0.00000000e+00
   288       1   7.77008917e-03   1.97934452e-02
   288       2   1.15262875e-05   2.83671506e-10
   288       3   2.30861645e-14   0.00000000e+00
   289       1   1.29516548e-02   1.73868241e-02
   289       2   1.04729761e-05   2.50022286e-10
   289       3   2.10886318e-14   0.00000000e+00
   290       1   1.84054600e-02   1.50718370e-02
   290       2   9.42708280e-06   2.18499226e-10
   290       3   1.89252598e-14   0.00000000e+00
   291       1   2.42186689e-02   1.28361413e-02
   291       2   8.37600592e-06   1.87226494e-10
   291       3   1.67702252e-14   0.00000000e+00
   292       1   3.04980943e-02   1.06688679e-02
   292       2   7.30564456e-06   1.56990464e-10
   292       3   1.48129811e-14   0.00000000e+00
   293       1   3.73784489e-02   8.56036313e-03
   293       2   6.19947529e-06   1.27864204e-10
   293       3   1.24563909e-14   0.00000000e+00
   294       1   4.50344659e-02   6.50197874e-03
   294       2   5.03725017e-06   9.94690386e-11
   294       3   1.03409438e-14   0.00000000e+00
   295       1   5.36993374e-02   4.48589878e-03
   295       2   3.79306335e-06   7.16366458e-11
   295       3   8.07607154e-15   0.00000000e+00
   296       1   6.36938176e-02   2.50499519e-03
   296       2   2.43234060e-06   4.40380209e-11
   296       3   5.04520739e-15   0.00000000e+00
   297       1   7.54740931e-02   5.52706351e-04
   297       2   9.06924204e-07   1.66124003e-11
   297       3   2.19972761e-15   0.00000000e+00
   298       1   8.97143645e-02   1.37706631e-03
   298       2   8.53373152e-07   1.04342921e-11
   298       3   1.43824364e-15   0.00000000e+00
   299       1   1.07457680e-01   3.29004749e-03
   299       2   2.95616448e-06   3.68720190e-11
   299       3   5.48627409e-15   0.00000000e+00
   300       1   1.30411485e-01   5.19166599e-03
   300       2   5.57662710e-06   6.31606940e-11
   300       3   1.04028728e-14   0.00000000e+00
   301       1   1.61580856e-01   7.08712391e-03
   301       2   9.02204866e-06   8.94651317e-11
   301       3   1.69636121e-14   0.00000000e+00
   302       1   2.06795655e-01   8.98145920e-03
   302       2   1.38874594e-05   1.16014627e-10
   302       3   2.66407708e-14   0.00000000e+00
   303       1   2.79057030e-01   1.08796031e-02
   303       2   2.14985451e-05   1.42442908e-10
   303       3   4.12478763e-14   0.00000000e+00
   304       1   4.14474976e-01   1.27864343e-02
   304       2   3.55356122e-05   1.68945081e-10
   304       3   6.86152835e-14   0.00000000e+00
   305       1   7.64712091e-01   1.47068305e-02
   305       2   7.14525049e-05   1.96283037e-10
   305       3   1.39877043e-13   0.00000000e+00
   306       1   3.90895516e+00   1.66457197e-02
   306       2   3.91948237e-04   2.22790219e-10
   306       3   7.64765712e-13   0.00000000e+00
   307       1   1.32744577e+00   1.86081305e-02
   307       2   1.41337096e-04   2.50211661e-10
   307       3   2.74776353e-13   0.00000000e+00
   308       1   5.78523390e-01   2.05992449e-02
   308       2   6.47945341e-05   2.78410559e-10
   308       3   1.27037410e-13   0.00000000e+00
   309       1   3.73508405e-01   2.26244531e-02
   309       2   4.37007318e-05   3.06179176e-10
   309       3   8.52900124e-14   0.00000000e+00
   310       1   2.77300832e-01   2.46894111e-02
   310       2   3.37030480e-05   3.35088903e-10
   310       3   6.63087985e-14   0.00000000e+00
   311       1   2.21191808e-01   2.68001052e-02
   311       2   2.77979743e-05   3.64038811e-10
   311       3   5.41024744e-14   0.00000000e+00
   312       1   1.84268183e-01   2.89629208e-02
   312       2   2.38536579e-05   3.95080827e-10
   312       3   4.67508124e-14   0.00000000e+00
   313       1   1.58008866e-01   3.11847217e-02
   313       2   2.10012944e-05   4.25821414e-10
   313       3   4.12740730e-14   0.00000000e+00
   314       1   1.38290095e-01   3.34729381e-02
   314       2   1.88202782e-05   4.58239011e-10
   314       3   3.70858200e-14   0.00000000e+00
   315       1   1.22872748e-01   3.58356681e-02
   315       2   1.70821051e-05   4.91665274e-10
   315       3   3.38618069e-14   0.00000000e+00
   316       1   1.10435890e-01   3.82817956e-02
   316       2   1.56518713e-05   5.24882934e-10
   316       3   3.06165346e-14   0.00000000e+00
   317       1   1.00149742e-01   4.08211270e-02
   317       2   1.44447486e-05   5.61576035e-10
   317       3   2.87949195e-14   0.00000000e+00
   318       1   9.14666928e-02   4.34645527e-02
   318       2   1.34046838e-05   5.98445244e-10
   318       3   2.64844755e-14   0.00000000e+00
   319       1   8.40106606e-02   4.62242382e-02
   319       2   1.24931209e-05   6.36586213e-10
   319       3   2.45556515e-14   0.00000000e+00
   320       1   7.75147294e-02   4.91138530e-02
   320       2   1.16826440e-05   6.77711147e-10
   320       3   2.30618739e-14   0.00000000e+00
   321       1   7.17841513e-02   5.21488457e-02
   321       2   1.09532056e-05   7.20593099e-10
   321       3   2.15332977e-14   0.00000000e+00
   322       1   6.66734426e-02   5.53467785e-02
   322       2   1.02897908e-05   7.66229409e-10
   322       3   2.04524726e-14   0.00000000e+00
   323       1   6.20716820e-02   5.87277350e-02
   323       2   9.68091808e-06   8.13061576e-10
   323       3   1.90722537e-14   0.00000000e+00
   324       1   5.78927781e-02   6.23148241e-02
   324       2   9.11764650e-06   8.63685003e-10
   324       3   1.75504050e-14   0.00000000e+00
   325       1   5.40688493e-02   6.61348045e-02
   325       2   8.59290018e-06   9.17557666e-10
   325       3   1.69968941e-14   0.00000000e+00
   326       1   5.05456147e-02   7.02188689e-02
   326       2   8.10099769e-06   9.75338280e-10
   326       3   1.59502563e-14   0.00000000e+00
   327       1   4.72791168e-02   7.46036346e-02
   327       2   7.63731733e-06   1.03735503e-09
   327       3   1.50174788e-14   0.00000000e+00
   328       1   4.42333468e-02   7.93324094e-02
   328       2   7.19805451e-06   1.10471916e-09
   328       3   1.43533088e-14   0.00000000e+00
   329       1   4.13784959e-02   8.44568267e-02
   329       2   6.78004291e-06   1.17745919e-09
   329       3   1.32680736e-14   0.00000000e+00
   330       1   3.86896477e-02   9.00389806e-02
   330       2   6.38062060e-06   1.25646066e-09
   330       3   1.27548179e-14   0.00000000e+00
   331       1   3.61457866e-02   9.61542499e-02
   331       2   5.99752852e-06   1.34368632e-09
   331       3   1.16867546e-14   0.00000000e+00
   332       1   3.37290362e-02   1.02895087e-01
   332       2   5.62883240e-06   1.44004726e-09
   332       3   1.12926352e-14   0.00000000e+00
   333       1   3.14240682e-02   1.10376176e-01
   333       2   5.27286204e-06   1.54704158e-09
   333       3   1.05116830e-14   0.00000000e+00
   334       1   2.92176383e-02   1.18741578e-01
   334       2   4.92816358e-06   1.66635778e-09
   334       3   9.65300636e-15   0.00000000e+00
   335       1   2.70982176e-02   1.28174818e-01
   335       2   4.59346160e-06   1.80264271e-09
   335       3   9.25730637e-15   0.00000000e+00
   336       1   2.50556984e-02   1.38913418e-01
   336       2   4.26762871e-06   1.95740686e-09
   336       3   8.50218521e-15   0.00000000e+00
   337       1   2.30811553e-02   1.51270365e-01
   337       2   3.94966091e-06   2.13572841e-09
   337       3   7.79484067e-15   0.00000000e+00
   338       1   2.11666514e-02   1.65666681e-01
   338       2   3.63865748e-06   2.34439824e-09
   338       3   7.25463787e-15   0.00000000e+00
   339       1   1.93050788e-02   1.82682427e-01
   339       2   3.33380443e-06   2.59155168e-09
   339       3   6.62394746e-15   0.00000000e+00
   340       1   1.74900260e-02   2.03139552e-01
   340       2   3.03436066e-06   2.89046339e-09
   340       3   6.02603166e-15   0.00000000e+00
   341       1   1.57156672e-02   2.28242454e-01
   341       2   2.73964641e-06   3.25977337e-09
   341       3   5.33821032e-15   0.00000000e+00
   342       1   1.39766690e-02   2.59829143e-01
   342       2   2.44903344e-06   3.72757626e-09
   342       3   5.02967446e-15   0.00000000e+00
   343       1   1.22681108e-02   3.00849594e-01
   343       2   2.16193667e-06   4.33862130e-09
   343       3   4.39030844e-15   0.00000000e+00
   344       1   1.05854158e-02   3.56352496e-01
   344       2   1.87780685e-06   5.17492951e-09
   344       3   4.00090835e-15   0.00000000e+00
   345       1   8.92429203e-03   4.35742655e-01
   345       2   1.59612427e-06   6.38550506e-09
   345       3   3.28545922e-15   0.00000000e+00
   346       1   7.28067892e-03   5.58722051e-01
   346       2   1.31639307e-06   8.29468015e-09
   346       3   2.58674111e-15   0.00000000e+00
   347       1   5.65070078e-03   7.74435366e-01
   347       2   1.03813617e-06   1.17270340e-08
   347       3   2.12480047e-15   0.00000000e+00
   348       1   4.03062385e-03   1.24697826e+00
   348       2   7.60890646e-07   1.95430224e-08
   348       3   1.55933312e-15   0.00000000e+00
   349       1   2.41681687e-03   2.99677259e+00
   349       2   4.84203384e-07   5.06571547e-08
   349       3   1.11111804e-15   0.00000000e+00
   350       1   8.05713868e-04   4.19440778e+07
   350       2   2.07626994e-07   4.91448037e-01
   350       3   4.44089210e-16   3.16414046e-12
   351       1   0.00000000e+00   3.97781508e-10
   351       2   0.00000000e+00   0.00000000e+00