  TimeWindow  Iteration  ResRel(Mass-Left-Mesh:Displacement-Left)  ResRel(Mass-Left-Mesh:Displacement-Right)
     1       1   1.00000000e+00   1.00000000e+00
     1       2   2.56814569e-05   1.72804680e-06
     1       3   1.01188635e-11   2.69973364e-13
     2       1   4.83598572e-02   7.46100722e-01
     2       2   1.32504208e-04   2.99719529e-06
     2       3   8.85019266e-11   6.00332332e-13
     3       1   8.44816194e-02   5.43875642e-01
     3       2   2.49304310e-04   2.45001316e-06
     3       3   1.74510833e-10   5.07840938e-13
     3       4   0.00000000e+00   0.00000000e+00
     4       1   1.26457201e-01   4.16513038e-01
     4       2   3.82358037e-04   1.97325075e-06
     4       3   2.72842973e-10   4.06501202e-13
     4       4   0.00000000e+00   0.00000000e+00
     5       1   1.78418523e-01   3.28762412e-01
     5       2   5.42093275e-04   1.60733376e-06
     5       3   3.91336699e-10   3.30302331e-13
     5       4   0.00000000e+00   0.00000000e+00
     6       1   2.48322884e-01   2.63250534e-01
     6       2   7.48344154e-04   1.31852180e-06
     6       3   5.44940497e-10   2.69347357e-13
     6       4   2.11988540e-16   0.00000000e+00
     7       1   3.54390460e-01   2.11071421e-01
     7       2   1.04595548e-03   1.08037016e-06
     7       3   7.67500161e-10   2.20962034e-13
     7       4   0.00000000e+00   0.00000000e+00
     8       1   5.50813817e-01   1.67201544e-01
     8       2   1.56694092e-03   8.75261388e-07
     8       3   1.15873316e-09   1.82328453e-13
     8       4   0.00000000e+00   0.00000000e+00
     9       1   1.10801288e+00   1.28516351e-01
     9       2   2.96492817e-03   6.91123402e-07
     9       3   2.21254513e-09   1.49203144e-13
     9       4   2.33348007e-16   0.00000000e+00
    10       1   3.95459738e+02   9.28533425e-02
    10       2   2.37106850e+01   5.18988311e-07
    10       3   1.79193282e-05   1.05829778e-13
    10       4   2.84321275e-13   0.00000000e+00
    11       1   9.99880152e-01   5.85067002e-02
    11       2   2.01514613e-03   3.51347841e-07
    11       3   1.55741337e-09   7.33241009e-14
    11       4   1.36575888e-16   0.00000000e+00
    12       1   4.40951738e-01   2.38905065e-02
    12       2   5.67945747e-04   1.80854814e-07
    12       3   4.67641014e-10   3.27558886e-14
    12       4   0.00000000e+00   0.00000000e+00
    13       1   2.34242539e-01   1.27763815e-02
    13       2   4.31678189e-05   1.07426641e-09
    13       3   1.05340026e-11   2.04599764e-15
    14       1   1.10644427e-01   5.39094374e-02
    14       2   4.85539239e-04   2.06377815e-07
    14       3   3.17832652e-10   4.12776791e-14
    14       4   0.00000000e+00   0.00000000e+00
    15       1   1.29605295e-02   1.03396635e-01
    15       2   9.18544141e-04   4.54531778e-07
    15       3   6.37174185e-10   9.29607577e-14
    15       4   0.00000000e+00   0.00000000e+00
    16       1   8.39339035e-02   1.68600364e-01
    16       2   1.44370493e-03   7.82641040e-07
    16       3   1.02276358e-09   1.62653191e-13
    16       4   2.22012633e-16   0.00000000e+00
    17       1   2.04539603e-01   2.66286651e-01
    17       2   2.21493645e-03   1.27540447e-06
    17       3   1.58755024e-09   2.64561722e-13
    17       4   1.33415341e-16   0.00000000e+00
    18       1   4.03083056e-01   4.46266075e-01
    18       2   3.64692608e-03   2.18465628e-06
    18       3   2.63485354e-09   4.48277916e-13
    18       4   1.86510126e-16   0.00000000e+00
    19       1   9.34526698e-01   9.56732776e-01
    19       2   7.76987219e-03   4.76548866e-06
    19       3   5.64868762e-09   9.88366638e-13
    19       4   3.58005378e-16   0.00000000e+00
    20       1   1.29004783e+02   2.82770051e+03
    20       2   2.05769211e+01   1.45070637e-02
    20       3   1.50397577e-05   3.00998250e-09
    20       4   7.84985549e-13   0.00000000e+00
    21       1   1.00039607e+00   1.00034870e+00
    21       2   8.30720306e-03   5.13191714e-06
    21       3   6.10254154e-09   1.06595598e-12
    21       4   3.58280770e-16   0.00000000e+00
    22       1   4.81416483e-01   4.89127461e-01
    22       2   4.18683378e-03   2.54651905e-06
    22       3   3.09143864e-09   5.30103909e-13
    22       4   1.86576410e-16   0.00000000e+00
    23       1   2.86758296e-01   3.08652017e-01
    23       2   2.76734187e-03   1.63340842e-06
    23       3   2.05481104e-09   3.42841433e-13
    23       4   2.66884676e-16   0.00000000e+00
    24       1   1.69714912e-01   2.10344007e-01
    24       2   2.01728347e-03   1.13550446e-06
    24       3   1.50797307e-09   2.33384900e-13
    24       4   0.00000000e+00   0.00000000e+00
    25       1   7.75733404e-02   1.44315225e-01
    25       2   1.52562813e-03   8.00471799e-07
    25       3   1.15074678e-09   1.68600950e-13
    25       4   0.00000000e+00   0.00000000e+00
    26       1   1.28308856e-02   9.37398244e-02
    26       2   1.14677463e-03   5.43143955e-07
    26       3   8.77226912e-10   1.07819930e-13
    26       4   0.00000000e+00   0.00000000e+00
    27       1   1.23963095e-01   5.11802369e-02
    27       2   7.99073713e-04   3.25793361e-07
    27       3   6.28956059e-10   6.76652322e-14
    27       4   1.16983240e-16   0.00000000e+00
    28       1   3.05273972e-01   1.26418767e-02
    28       2   3.83178502e-04   1.28047923e-07
    28       3   3.36999686e-10   2.74165519e-14
    28       4   0.00000000e+00   0.00000000e+00
    29       1   7.87924059e-01   2.44486886e-02
    29       2   4.67396138e-04   6.33640985e-08
    29       3   2.48100453e-10   1.13825665e-14
    29       4   0.00000000e+00   0.00000000e+00
    30       1   1.52473324e+03   6.21146396e-02
    30       2   1.74970383e+00   2.59071845e-07
    30       3   1.18678154e-06   5.18125443e-14
    30       4   7.79607304e-14   0.00000000e+00
    31       1   1.00074727e+00   1.02326981e-01
    31       2   2.09848749e-03   4.69678531e-07
    31       3   1.47926819e-09   9.72675409e-14
    31       4   1.16760232e-16   0.00000000e+00
    32       1   5.24995539e-01   1.47433054e-01
    32       2   1.29588211e-03   7.08117628e-07
    32       3   9.29318187e-10   1.52319200e-13
    32       4   1.11067006e-16   0.00000000e+00
    33       1   3.54873794e-01   2.00727496e-01
    33       2   9.69907064e-04   9.92931674e-07
    33       3   7.03102630e-10   1.94816721e-13
    33       4   0.00000000e+00   0.00000000e+00
    34       1   2.61505577e-01   2.67485704e-01
    34       2   7.66927823e-04   1.35438314e-06
    34       3   5.60617311e-10   2.76849219e-13
    34       4   0.00000000e+00   0.00000000e+00
    35       1   1.98855385e-01   3.57234627e-01
    35       2   6.14866107e-04   1.84817670e-06
    35       3   4.52865971e-10   3.85800125e-13
    35       4   0.00000000e+00   0.00000000e+00
    36       1   1.51389473e-01   4.89662217e-01
    36       2   4.88758185e-04   2.59194455e-06
    36       3   3.62825567e-10   5.46756808e-13
    36       4   0.00000000e+00   0.00000000e+00
    37       1   1.12281853e-01   7.13607575e-01
    37       2   3.77175493e-04   3.88554699e-06
    37       3   2.82661121e-10   8.15199998e-13
    37       4   0.00000000e+00   0.00000000e+00
    38       1   7.79460957e-02   1.19182246e+00
    38       2   2.73752996e-04   6.76689015e-06
    38       3   2.07971162e-10   1.41869871e-12
    38       4   0.00000000e+00   0.00000000e+00
    39       1   4.61908553e-02   2.93561799e+00
    39       2   1.74292748e-04   1.80984612e-05
    39       3   1.35817843e-10   3.82295831e-12
    39       4   0.00000000e+00   0.00000000e+00
    40       1   1.54524554e-02   9.93559538e+04
    40       2   7.55196759e-05   4.56382923e-01
    40       3   6.38724498e-11   9.94039326e-08
    40       4   0.00000000e+00   0.00000000e+00
    41       1   1.55994681e-02   1.00001857e+00
    41       2   2.56050535e-05   1.72304630e-06
    41       3   1.00627136e-11   2.69102091e-13
    42       1   4.83356578e-02   7.46293989e-01
    42       2   1.32422362e-04   2.99753761e-06
    42       3   8.84415458e-11   5.98184455e-13
    43       1   8.44543221e-02   5.43992710e-01
    43       2   2.49213451e-04   2.45041685e-06
    43       3   1.74443715e-10   4.99564909e-13
    43       4   1.28134874e-16   0.00000000e+00
    44       1   1.26424659e-01   4.16589984e-01
    44       2   3.82252647e-04   1.97356033e-06
    44       3   2.72764996e-10   4.03123642e-13
    44       4   0.00000000e+00   0.00000000e+00
    45       1   1.78376925e-01   3.28817685e-01
    45       2   5.41963681e-04   1.60757255e-06
    45       3   3.91240474e-10   3.37980419e-13
    45       4   0.00000000e+00   0.00000000e+00
    46       1   2.48264383e-01   2.63293165e-01
    46       2   7.48170761e-04   1.31871385e-06
    46       3   5.44810930e-10   2.73180830e-13
    46       4   2.11950175e-16   0.00000000e+00
    47       1   3.54295412e-01   2.11106264e-01
    47       2   1.04568992e-03   1.08053160e-06
    47       3   7.67301017e-10   2.29225796e-13
    47       4   2.86742991e-16   0.00000000e+00
    48       1   5.50614759e-01   1.67231473e-01
    48       2   1.56641887e-03   8.75402929e-07
    48       3   1.15834032e-09   1.87316363e-13
    48       4   2.21965720e-16   0.00000000e+00
    49       1   1.10725354e+00   1.28543243e-01
    49       2   2.96304764e-03   6.91252583e-07
    49       3   2.21112509e-09   1.42984715e-13
    49       4   2.33176059e-16   0.00000000e+00
    50       1   5.30095443e+02   9.28785693e-02
    50       2   4.49256398e+00   5.19111022e-07
    50       3   3.39514017e-06   1.09604956e-13
    50       4   2.69302814e-13   0.00000000e+00
    51       1   1.00063304e+00   5.85314186e-02
    51       2   2.01703743e-03   3.51469293e-07
    51       3   1.55883888e-09   6.91872867e-14
    51       4   1.36659408e-16   0.00000000e+00
    52       1   4.41155209e-01   2.39158791e-02
    52       2   5.68513324e-04   1.80980506e-07
    52       3   4.68066120e-10   3.86725144e-14
    52       4   0.00000000e+00   0.00000000e+00
    53       1   2.34347442e-01   1.27489399e-02
    53       2   4.28183024e-05   9.37415699e-10
    53       3   1.07934141e-11   1.89982136e-15
    54       1   1.10719403e-01   5.38778608e-02
    54       2   4.85229630e-04   2.06219513e-07
    54       3   3.17604593e-10   4.18917678e-14
    54       4   0.00000000e+00   0.00000000e+00
    55       1   1.30287106e-02   1.03357364e-01
    55       2   9.18196803e-04   4.54334110e-07
    55       3   6.36919659e-10   9.38026822e-14
    55       4   0.00000000e+00   0.00000000e+00
    56       1   8.38567857e-02   1.68546158e-01
    56       2   1.44323603e-03   7.82367428e-07
    56       3   1.02242064e-09   1.70376494e-13
    56       4   0.00000000e+00   0.00000000e+00
    57       1   2.04429328e-01   2.66199431e-01
    57       2   2.21417109e-03   1.27496348e-06
    57       3   1.58699102e-09   2.72177965e-13
    57       4   1.33388265e-16   0.00000000e+00
    58       1   4.02866310e-01   4.46083767e-01
    58       2   3.64528502e-03   2.18373389e-06
    58       3   2.63365480e-09   4.52313800e-13
    58       4   0.00000000e+00   0.00000000e+00
    59       1   9.33715334e-01   9.56036434e-01
    59       2   7.76346427e-03   4.76196557e-06
    59       3   5.64400570e-09   9.77559520e-13
    59       4   3.57730229e-16   0.00000000e+00
    60       1   1.43680315e+02   9.52479448e+02
    60       2   6.85968447e+00   4.83992894e-03
    60       3   5.01380382e-06   1.00259513e-09
    60       4   2.99083018e-13   0.00000000e+00
    61       1   1.00118897e+00   1.00104588e+00
    61       2   8.31365883e-03   5.13544072e-06
    61       3   6.10726214e-09   1.06792911e-12
    61       4   3.58556306e-16   0.00000000e+00
    62       1   4.81631980e-01   4.89309630e-01
    62       2   4.18848639e-03   2.54743948e-06
    62       3   3.09264719e-09   5.29001954e-13
    62       4   1.86642613e-16   0.00000000e+00
    63       1   2.86867991e-01   3.08739251e-01
    63       2   2.76810759e-03   1.63384930e-06
    63       3   2.05537067e-09   3.44418822e-13
    63       4   1.33469259e-16   0.00000000e+00
    64       1   1.69790758e-01   2.10398425e-01
    64       2   2.01774356e-03   1.13577979e-06
    64       3   1.50830875e-09   2.45930043e-13
    64       4   1.11030993e-16   0.00000000e+00
    65       1   7.76389279e-02   1.44354922e-01
    65       2   1.52595505e-03   8.00673070e-07
    65       3   1.15098446e-09   1.67085117e-13
    65       4   2.05133881e-16   0.00000000e+00
    66       1   1.27608717e-02   9.37720700e-02
    66       2   1.14704467e-03   5.43307968e-07
    66       3   8.77421483e-10   1.15834865e-13
    66       4   0.00000000e+00   0.00000000e+00
    67       1   1.23868163e-01   5.12086443e-02
    67       2   7.99343840e-04   3.25938480e-07
    67       3   6.29148403e-10   7.14662335e-14
    67       4   0.00000000e+00   0.00000000e+00
    68       1   3.05094659e-01   1.26685968e-02
    68       2   3.83553737e-04   1.28185150e-07
    68       3   3.37262257e-10   2.77048726e-14
    68       4   0.00000000e+00   0.00000000e+00
    69       1   7.87271029e-01   2.44221076e-02
    69       2   4.66311399e-04   6.32267250e-08
    69       3   2.47357458e-10   1.00517762e-14
    69       4   0.00000000e+00   0.00000000e+00
    70       1   9.89998751e+03   6.20868233e-02
    70       2   9.38075533e-01   2.58926996e-07
    70       3   6.36244657e-07   4.36454352e-14
    70       4   0.00000000e+00   0.00000000e+00
    71       1   1.00139420e+00   1.02296426e-01
    71       2   2.09953640e-03   4.69518022e-07
    71       3   1.47998302e-09   9.62204596e-14
    71       4   1.16846693e-16   0.00000000e+00
    72       1   5.25166940e-01   1.47397795e-01
    72       2   1.29619616e-03   7.07930507e-07
    72       3   9.29534946e-10   1.48726642e-13
    72       4   0.00000000e+00   0.00000000e+00
    73       1   3.54956775e-01   2.00684571e-01
    73       2   9.70081496e-04   9.92701103e-07
    73       3   7.03224443e-10   2.05395818e-13
    73       4   0.00000000e+00   0.00000000e+00
    74       1   2.61557506e-01   2.67430097e-01
    74       2   7.67051514e-04   1.35408013e-06
    74       3   5.60704570e-10   2.79966677e-13
    74       4   0.00000000e+00   0.00000000e+00
    75       1   1.98892996e-01   3.57156757e-01
    75       2   6.14965531e-04   1.84774468e-06
    75       3   4.52936746e-10   3.77908860e-13
    75       4   0.00000000e+00   0.00000000e+00
    76       1   1.51419473e-01   4.89540897e-01
    76       2   4.88844343e-04   2.59125554e-06
    76       3   3.62887128e-10   5.35728666e-13
    76       4   0.00000000e+00   0.00000000e+00
    77       1   1.12307527e-01   7.13384943e-01
    77       2   3.77254071e-04   3.88424074e-06
    77       3   2.82717695e-10   8.13117056e-13
    77       4   0.00000000e+00   0.00000000e+00
    78       1   7.79693236e-02   1.19127214e+00
    78       2   2.73827493e-04   6.76349497e-06
    78       3   2.08025299e-10   1.42756841e-12
    78       4   0.00000000e+00   0.00000000e+00
    79       1   4.62128831e-02   2.93274062e+00
    79       2   1.74365697e-04   1.80790192e-05
    79       3   1.35871105e-10   3.87026505e-12
    79       4   0.00000000e+00   0.00000000e+00
    80       1   1.54742555e-02   3.64449325e+04
    80       2   7.55932495e-05   2.35337917e-01
    80       3   6.39259504e-11   5.12827123e-08
    80       4   0.00000000e+00   0.00000000e+00