  TimeWindow  Iteration  ResRel(Mass-Left-Mesh:Displacement-Left)  ResRel(Mass-Left-Mesh:Displacement-Right)
     1       1   1.00000000e+00   1.00000000e+00
     1       2   4.27747695e-06   2.86452705e-07
     1       3   2.75741773e-13   9.46038354e-15
     2       1   1.92921773e-02   7.48413462e-01
     2       2   2.16601888e-05   4.98177333e-07
     2       3   2.38464300e-12   1.52326653e-14
     3       1   3.27510869e-02   5.50834025e-01
     3       2   3.96704250e-05   4.09512266e-07
     3       3   4.57247544e-12   1.38394842e-14
     4       1   4.70115175e-02   4.29087000e-01
     4       2   5.85975502e-05   3.33935109e-07
     4       3   6.87562368e-12   2.53901763e-14
     5       1   6.24299007e-02   3.47608457e-01
     5       2   7.88030022e-05   2.77670881e-07
     5       3   9.33801520e-12   1.40159730e-14
     6       1   7.94791046e-02   2.88987899e-01
     6       2   1.00762919e-04   2.34942786e-07
     6       3   1.20177839e-11   3.45910752e-15
     7       1   9.88219647e-02   2.44394469e-01
     7       2   1.25138181e-04   2.01344895e-07
     7       3   1.49976857e-11   4.85405190e-15
     8       1   1.21440617e-01   2.08955687e-01
     8       2   1.52897484e-04   1.74034296e-07
     8       3   1.83967558e-11   4.52895887e-15
     9       1   1.48881134e-01   1.79776611e-01
     9       2   1.85549726e-04   1.51172441e-07
     9       3   2.24020033e-11   4.52231340e-15
    10       1   1.83757381e-01   1.55028213e-01
    10       2   2.25621772e-04   1.31533202e-07
    10       3   2.73267512e-11   3.00239243e-15
    11       1   2.30906727e-01   1.33493145e-01
    11       2   2.77752719e-04   1.14268879e-07
    11       3   3.37459056e-11   6.38572907e-15
    12       1   3.00456799e-01   1.14322888e-01
    12       2   3.51594385e-04   9.87710644e-08
    12       3   4.28563344e-11   0.00000000e+00
    13       1   4.17901037e-01   9.68996664e-02
    13       2   4.71332824e-04   8.45859949e-08
    13       3   5.76567601e-11   3.40510552e-15
    14       1   6.71392321e-01   8.07533828e-02
    14       2   7.20347655e-04   7.13610288e-08
    14       3   8.84892349e-11   1.56506575e-15
    15       1   1.71375735e+00   6.55086914e-02
    15       2   1.71453686e-03   5.88091214e-08
    15       3   2.11743344e-10   2.92508052e-15
    15       4   0.00000000e+00   0.00000000e+00
    16       1   2.74638937e+00   5.08489627e-02
    16       2   2.49730945e-03   4.66837230e-08
    16       3   3.10726642e-10   0.00000000e+00
    16       4   0.00000000e+00   0.00000000e+00
    17       1   7.11182127e-01   3.64894765e-02
    17       2   5.52979491e-04   3.47587915e-08
    17       3   6.96315058e-11   1.48613093e-16
    18       1   3.80996122e-01   2.21548927e-02
    18       2   2.25904679e-04   2.28122753e-08
    18       3   2.91371199e-11   4.35961748e-16
    19       1   2.39899831e-01   7.55713061e-03
    19       2   7.59062644e-05   1.06084544e-08
    19       3   1.06153212e-11   5.76889498e-16
    20       1   1.57411021e-01   7.63030512e-03
    20       2   2.11974708e-05   2.12350697e-09
    20       3   1.33592479e-12   0.00000000e+00
    21       1   9.98589975e-02   2.38069004e-02
    21       2   9.80611647e-05   1.57173222e-08
    21       3   1.07623861e-11   0.00000000e+00
    22       1   5.43457145e-02   4.14974349e-02
    22       2   1.67998121e-04   3.06143963e-08
    22       3   1.93115081e-11   6.19826488e-16
    23       1   1.44854110e-02   6.14386071e-02
    23       2   2.38689945e-04   4.74364990e-08
    23       3   2.79285017e-11   3.28953898e-16
    24       1   2.37706595e-02   8.47343054e-02
    24       2   3.16509038e-04   6.71176121e-08
    24       3   3.73934761e-11   0.00000000e+00
    25       1   6.38837503e-02   1.13157359e-01
    25       2   4.08897726e-04   9.11593797e-08
    25       3   4.86133796e-11   5.95807961e-16
    26       1   1.09984233e-01   1.49793856e-01
    26       2   5.27106491e-04   1.22177954e-07
    26       3   6.29524370e-11   4.68121885e-15
    27       1   1.68717945e-01   2.00594933e-01
    27       2   6.91676294e-04   1.65219113e-07
    27       3   8.29009642e-11   1.12404971e-14
    28       1   2.53829970e-01   2.78791222e-01
    28       2   9.47404240e-04   2.31503112e-07
    28       3   1.13885650e-10   2.80473217e-15
    28       4   0.00000000e+00   0.00000000e+00
    29       1   4.02523306e-01   4.21076579e-01
    29       2   1.41777691e-03   3.52149845e-07
    29       3   1.70863741e-10   1.03380147e-14
    29       4   0.00000000e+00   0.00000000e+00
    30       1   7.70112871e-01   7.81469134e-01
    30       2   2.62027021e-03   6.57782808e-07
    30       3   3.16511857e-10   1.55322968e-14
    30       4   0.00000000e+00   0.00000000e+00
    31       1   4.02583610e+00   3.97768911e+00
    31       2   1.33472270e-02   3.36852025e-06
    31       3   1.61574111e-09   1.16801185e-13
    31       4   0.00000000e+00   0.00000000e+00
    32       1   1.33277805e+00   1.33385018e+00
    32       2   4.50138685e-03   1.13625054e-06
    32       3   5.46050296e-10   5.86293546e-14
    32       4   0.00000000e+00   0.00000000e+00
    33       1   5.66334970e-01   5.68258721e-01
    33       2   1.93861486e-03   4.86944848e-07
    33       3   2.35657599e-10   1.46463423e-14
    33       4   0.00000000e+00   0.00000000e+00
    34       1   3.48297158e-01   3.55106567e-01
    34       2   1.23141111e-03   3.06158831e-07
    34       3   1.50011164e-10   2.46399836e-15
    34       4   0.00000000e+00   0.00000000e+00
    35       1   2.39827692e-01   2.52364497e-01
    35       2   8.95007521e-04   2.19004485e-07
    35       3   1.09278998e-10   3.37731579e-15
    35       4   0.00000000e+00   0.00000000e+00
    36       1   1.71116105e-01   1.90213940e-01
    36       2   6.94773215e-04   1.66268035e-07
    36       3   8.50440659e-11   9.94510107e-16
    37       1   1.20588191e-01   1.47382437e-01
    37       2   5.59077899e-04   1.29907211e-07
    37       3   6.86308098e-11   4.45166754e-15
    38       1   7.90676213e-02   1.15180810e-01
    38       2   4.58462068e-04   1.02552061e-07
    38       3   5.64740657e-11   2.62594697e-15
    39       1   4.15839878e-02   8.93817886e-02
    39       2   3.78290439e-04   8.06160762e-08
    39       3   4.68030302e-11   2.56203744e-15
    40       1   4.64091294e-03   6.76666916e-02
    40       2   3.10046645e-04   6.21311337e-08
    40       3   3.85898859e-11   6.36979385e-16
    41       1   3.51394745e-02   4.86423423e-02
    41       2   2.47768216e-04   4.59139137e-08
    41       3   3.11191206e-11   0.00000000e+00
    42       1   8.22871968e-02   3.14054260e-02
    42       2   1.85992978e-04   3.11958406e-08
    42       3   2.37418792e-11   4.25548634e-15
    43       1   1.44830123e-01   1.53277435e-02
    43       2   1.17526436e-04   1.74409290e-08
    43       3   1.56108295e-11   7.22458493e-16
    44       1   2.40992701e-01   5.94575680e-05
    44       2   2.83743522e-05   4.24764727e-09
    44       3   5.09064521e-12   0.00000000e+00
    45       1   4.26928161e-01   1.51332577e-02
    45       2   1.22166180e-04   8.70931758e-09
    45       3   1.25633277e-11   0.00000000e+00
    46       1   1.01429148e+00   3.02227142e-02
    46       2   5.56381018e-04   2.17160223e-08
    46       3   6.32410698e-11   0.00000000e+00
    47       1   7.60045086e+00   4.56405959e-02
    47       2   5.59682933e-03   3.50471084e-08
    47       3   6.53240509e-10   2.05422831e-15
    47       4   0.00000000e+00   0.00000000e+00
    48       1   8.93896733e-01   6.17103778e-02
    48       2   7.75592423e-04   4.89897822e-08
    48       3   9.16816215e-11   1.67768894e-16
    49       1   4.90164184e-01   7.87937055e-02
    49       2   4.75519392e-04   6.38685994e-08
    49       3   5.66493718e-11   8.50643780e-15
    50       1   3.40080895e-01   9.73234022e-02
    50       2   3.57301250e-04   8.00759418e-08
    50       3   4.28002051e-11   1.39021698e-15
    51       1   2.59355686e-01   1.17848629e-01
    51       2   2.89281292e-04   9.81141314e-08
    51       3   3.48006122e-11   8.88029885e-16
    52       1   2.07470098e-01   1.41102709e-01
    52       2   2.42435549e-04   1.18660595e-07
    52       3   2.92706364e-11   1.93800018e-14
    53       1   1.70330112e-01   1.68112494e-01
    53       2   2.06609645e-04   1.42671949e-07
    53       3   2.50262924e-11   1.33164856e-15
    54       1   1.41726780e-01   2.00386109e-01
    54       2   1.77288270e-04   1.71566501e-07
    54       3   2.15417293e-11   1.29655519e-14
    55       1   1.18485110e-01   2.40256771e-01
    55       2   1.52131591e-04   2.07561552e-07
    55       3   1.85432575e-11   3.96508362e-15
    56       1   9.88014826e-02   2.91560986e-01
    56       2   1.29786770e-04   2.54346543e-07
    56       3   1.58731115e-11   1.82085284e-14
    57       1   8.15653284e-02   3.61105221e-01
    57       2   1.09401984e-04   3.18560571e-07
    57       3   1.34319230e-11   2.57518454e-14
    58       1   6.60457277e-02   4.62242898e-01
    58       2   9.04010559e-05   4.13459014e-07
    58       3   1.11514645e-11   1.57133723e-14
    59       1   5.17321033e-02   6.25184089e-01
    59       2   7.23682197e-05   5.69717714e-07
    59       3   8.98299777e-12   5.63657531e-15
    60       1   3.82465924e-02   9.35249175e-01
    60       2   5.49841343e-05   8.76692800e-07
    60       3   6.88897784e-12   3.36150261e-14
    61       1   2.52922189e-02   1.75437606e+00
    61       2   3.79874558e-05   1.73149763e-06
    61       3   4.83823824e-12   6.49959592e-14
    62       1   1.26197865e-02   7.96136524e+00
    62       2   2.11496838e-05   9.00170539e-06
    62       3   2.80296404e-12   3.10289267e-13
    63       1   4.61765312e-06   2.35370292e-04
    63       2   4.25682344e-06   2.26006393e-06
    63       3   7.58146622e-13   8.17558322e-14
    64       1   1.27719951e-02   8.88428519e-01
    64       2   1.29059747e-05   5.06613937e-07
    64       3   1.32211850e-12   1.10379203e-14
    65       1   2.59401392e-02   6.36953428e-01
    65       2   3.05695583e-05   4.54754963e-07
    65       3   3.46660742e-12   1.04634463e-14
    66       1   3.97605344e-02   4.83278083e-01
    66       2   4.89983209e-05   3.68993638e-07
    66       3   5.70724337e-12   5.40669004e-15
    67       1   5.45493773e-02   3.84690050e-01
    67       2   6.85134622e-05   3.03762734e-07
    67       3   8.08357428e-12   1.00511503e-14
    68       1   7.07143393e-02   3.16122657e-01
    68       2   8.95271242e-05   2.54935012e-07
    68       3   1.06458718e-11   7.74507288e-15
    69       1   8.88114671e-02   2.65305648e-01
    69       2   1.12596573e-04   2.17210787e-07
    69       3   1.34640140e-11   1.08114941e-14
    70       1   1.09641859e-01   2.25745247e-01
    70       2   1.38516257e-04   1.87037400e-07
    70       3   1.66348338e-11   8.81142015e-16
    71       1   1.34427826e-01   1.93717104e-01
    71       2   1.68485304e-04   1.62135642e-07
    71       3   2.03082780e-11   3.01941089e-15
    72       1   1.65159866e-01   1.66936195e-01
    72       2   2.04436813e-04   1.41010424e-07
    72       3   2.47226158e-11   0.00000000e+00
    73       1   2.05348091e-01   1.43919352e-01
    73       2   2.49749817e-04   1.22647187e-07
    73       3   3.02964542e-11   1.35534514e-14
    74       1   2.61864809e-01   1.23655833e-01
    74       2   3.10992857e-04   1.06330860e-07
    74       3   3.78450476e-11   6.21625480e-15
    75       1   3.50323092e-01   1.05425524e-01
    75       2   4.03008742e-04   9.15387694e-08
    75       3   4.92081854e-11   3.57486581e-15
    76       1   5.15644076e-01   8.86925774e-02
    76       2   5.68343823e-04   7.78729416e-08
    76       3   6.96626860e-11   2.71483458e-15
    77       1   9.62399976e-01   7.30396031e-02
    77       2   1.00026641e-03   6.50174533e-08
    77       3   1.23180486e-10   0.00000000e+00
    77       4   0.00000000e+00   0.00000000e+00
    78       1   8.49033233e+00   5.81244011e-02
    78       2   8.06915911e-03   5.27078998e-08
    78       3   9.99898384e-10   1.58018083e-16
    78       4   0.00000000e+00   0.00000000e+00
    79       1   1.15059105e+00   4.36492822e-02
    79       2   9.75949716e-04   4.07102823e-08
    79       3   1.22059169e-10   0.00000000e+00
    79       4   0.00000000e+00   0.00000000e+00
    80       1   5.03461671e-01   2.93369200e-02
    80       2   3.49280582e-04   2.88028898e-08
    80       3   4.44026686e-11   0.00000000e+00
    81       1   2.99214392e-01   1.49084898e-02
    81       2   1.40554466e-04   1.67587122e-08
    81       3   1.85913204e-11   6.79151843e-15
    82       1   1.94239878e-01   6.03176756e-05
    82       2   2.35413430e-05   4.32770731e-09
    82       3   4.16472706e-12   0.00000000e+00
    83       1   1.26560453e-01   1.55654237e-02
    83       2   6.11122960e-05   8.78790562e-09
    83       3   6.23509373e-12   0.00000000e+00
    84       1   7.60820331e-02   3.24227070e-02
    84       2   1.33349429e-04   2.29690690e-08
    84       3   1.50793986e-11   0.00000000e+00
    85       1   3.39922477e-02   5.11282724e-02
    85       2   2.02848946e-04   3.87353503e-08
    85       3   2.35617316e-11   1.59244349e-16
    86       1   4.62649273e-03   7.25764809e-02
    86       2   2.76292229e-04   5.68428856e-08
    86       3   3.25044054e-11   0.00000000e+00
    87       1   4.33672491e-02   9.81534693e-02
    87       2   3.60307995e-04   7.84651098e-08
    87       3   4.27145570e-11   6.00212968e-15
    88       1   8.58593254e-02   1.30172353e-01
    88       2   4.63805160e-04   1.05562119e-07
    88       3   5.52753759e-11   2.11982554e-16
    89       1   1.37168945e-01   1.72855953e-01
    89       2   6.01662719e-04   1.41714116e-07
    89       3   7.19915174e-11   6.09131338e-15
    90       1   2.06568271e-01   2.34889734e-01
    90       2   8.03496117e-04   1.94286351e-07
    90       3   9.64506663e-11   1.44301545e-14
    91       1   3.15807325e-01   3.37542415e-01
    91       2   1.14103422e-03   2.81316173e-07
    91       3   1.37341914e-10   2.07382539e-14
    91       4   0.00000000e+00   0.00000000e+00
    92       1   5.35372162e-01   5.50625109e-01
    92       2   1.84895403e-03   4.62010676e-07
    92       3   2.23089985e-10   1.32131365e-14
    92       4   0.00000000e+00   0.00000000e+00
    93       1   1.31155134e+00   1.31610169e+00
    93       2   4.41182684e-03   1.11120268e-06
    93       3   5.33501906e-10   3.63180202e-14
    93       4   0.00000000e+00   0.00000000e+00
    94       1   3.95286218e+00   3.99625573e+00
    94       2   1.34397214e-02   3.39424510e-06
    94       3   1.62864174e-09   1.08403426e-13
    94       4   0.00000000e+00   0.00000000e+00
    95       1   7.98922314e-01   7.99139884e-01
    95       2   2.70975164e-03   6.82759029e-07
    95       3   3.29053210e-10   2.21899719e-14
    95       4   0.00000000e+00   0.00000000e+00
    96       1   4.34445914e-01   4.38676989e-01
    96       2   1.50774342e-03   3.77041529e-07
    96       3   1.83475338e-10   8.59445861e-15
    96       4   0.00000000e+00   0.00000000e+00
    97       1   2.86734290e-01   2.96313817e-01
    97       2   1.03829467e-03   2.56288221e-07
    97       3   1.26627165e-10   5.25895672e-15
    97       4   0.00000000e+00   0.00000000e+00
    98       1   2.02316911e-01   2.18014981e-01
    98       2   7.83924163e-04   1.89860409e-07
    98       3   9.58325338e-11   6.85404099e-16
    99       1   1.44303985e-01   1.67082004e-01
    99       2   6.21219553e-04   1.46633286e-07
    99       3   7.61456900e-11   1.84966845e-14
   100       1   9.90691128e-02   1.30280685e-01
   100       2   5.05508556e-04   1.15382026e-07
   100       3   6.21565198e-11   1.39022782e-15
   101       1   6.00568499e-02   1.01655862e-01
   101       2   4.16444744e-04   9.10550304e-08
   101       3   5.14030217e-11   7.13658801e-16
   102       1   2.32467611e-02   7.81164836e-02
   102       2   3.43085313e-04   7.10294237e-08
   102       3   4.25631857e-11   0.00000000e+00
   103       1   1.46556949e-02   5.78834648e-02
   103       2   2.78495337e-04   5.37945883e-08
   103       3   3.48014656e-11   1.54957020e-16
   104       1   5.74142298e-02   3.98449835e-02
   104       2   2.17193714e-04   3.84054891e-08
   104       3   2.74634302e-11   1.19026204e-15
   105       1   1.10872298e-01   2.32542209e-02
   105       2   1.53211443e-04   2.42258517e-08
   105       3   1.98426233e-11   0.00000000e+00
   106       1   1.86746766e-01   7.57339793e-03
   106       2   7.69846450e-05   1.07960792e-08
   106       3   1.08184981e-11   5.20642626e-14
   107       1   3.15551081e-01   7.61381682e-03
   107       2   3.40681566e-05   2.24163558e-09
   107       3   2.24435747e-12   0.00000000e+00
   108       1   6.15533175e-01   2.26559894e-02
   108       2   2.64736091e-04   1.51889624e-08
   108       3   2.92235531e-11   0.00000000e+00
   109       1   2.46563067e+00   3.78704971e-02
   109       2   1.59544541e-03   2.83232795e-08
   109       3   1.84300163e-10   0.00000000e+00
   109       4   0.00000000e+00   0.00000000e+00
   110       1   1.57059681e+00   5.35721706e-02
   110       2   1.26508410e-03   4.19225292e-08
   110       3   1.48732466e-10   2.43755798e-15
   110       4   0.00000000e+00   0.00000000e+00
   111       1   6.31109381e-01   7.00999177e-02
   111       2   5.81961449e-04   5.62892667e-08
   111       3   6.90877927e-11   0.00000000e+00
   112       1   4.01516543e-01   8.78462713e-02
   112       2   4.06605974e-04   7.17774976e-08
   112       3   4.85822776e-11   1.30528305e-14
   113       1   2.94629437e-01   1.07295473e-01
   113       2   3.19579335e-04   8.88283501e-08
   113       3   3.83673571e-11   6.28406150e-16
   114       1   2.30974909e-01   1.29078271e-01
   114       2   2.64051054e-04   1.08021585e-07
   114       3   3.18248183e-11   0.00000000e+00
   115       1   1.87548702e-01   1.54057356e-01
   115       2   2.23501908e-04   1.30157438e-07
   115       3   2.70294705e-11   5.45884439e-16
   116       1   1.55204882e-01   1.83469540e-01
   116       2   1.91314797e-04   1.56393611e-07
   116       3   2.32101386e-11   5.97584879e-15
   117       1   1.29570710e-01   2.19177668e-01
   117       2   1.64290209e-04   1.88490913e-07
   117       3   1.99937355e-11   1.73279677e-14
   118       1   1.08280020e-01   2.64148596e-01
   118       2   1.40669936e-04   2.29284732e-07
   118       3   1.71748605e-11   1.92914506e-14
   119       1   8.99301946e-02   3.23437679e-01
   119       2   1.19390751e-04   2.83669653e-07
   119       3   1.46289246e-11   1.66363550e-14
   120       1   7.36272138e-02   4.06439721e-01
   120       2   9.97579264e-05   3.60885445e-07
   120       3   1.22748484e-11   8.91905445e-15
   121       1   5.87645740e-02   5.32812039e-01
   121       2   8.12858419e-05   4.80652030e-07
   121       3   1.00557624e-11   7.98968607e-15
   122       1   4.49062222e-02   7.51561974e-01
   122       2   6.36129517e-05   6.93440136e-07
   122       3   7.92893462e-12   1.80372782e-14
   123       1   3.17197717e-02   1.22630224e+00
   123       2   4.64526875e-05   1.17415020e-06
   123       3   5.85992138e-12   4.08488331e-14
   124       1   1.89355076e-02   2.97452875e+00
   124       2   2.95627338e-05   3.07943102e-06
   124       3   3.82027766e-12   1.01988061e-13
   125       1   6.31901141e-03   8.44478538e+05
   125       2   1.27238770e-05   6.14328621e+00
   125       3   1.78368431e-12   2.22392844e-07
   125       4   0.00000000e+00   0.00000000e+00