  TimeWindow  Iteration  ResRel(Mass-Left-Mesh:Displacement-Left)  ResRel(Mass-Left-Mesh:Displacement-Right)
     1       1   1.00000000e+00   1.00000000e+00
     1       2   4.06070482e-08   2.75735696e-09
     1       3   1.11090817e-16   0.00000000e+00
     2       1   1.85376530e-03   7.49845729e-01
     2       2   2.03284465e-07   4.77531111e-09
     2       3   2.22593462e-16   0.00000000e+00
     3       1   3.09501817e-03   5.55098234e-01
     3       2   3.66515833e-07   3.93696687e-09
     3       3   5.58205777e-16   0.00000000e+00
     4       1   4.34305307e-03   4.36689237e-01
     4       2   5.30507540e-07   3.23322884e-09
     4       3   5.60629797e-16   0.00000000e+00
     5       1   5.60004760e-03   3.58813191e-01
     5       2   6.95470899e-07   2.71910031e-09
     5       3   7.89276542e-16   0.00000000e+00
     6       1   6.86824756e-03   3.03980404e-01
     6       2   8.61623658e-07   2.33750461e-09
     6       3   9.08224919e-16   0.00000000e+00
     7       1   8.14998544e-03   2.63334950e-01
     7       2   1.02919163e-06   2.04548908e-09
     7       3   1.14453250e-15   0.00000000e+00
     8       1   9.44770057e-03   2.32002455e-01
     8       2   1.19841043e-06   1.81552330e-09
     8       3   1.50194760e-15   0.00000000e+00
     9       1   1.07639611e-02   2.07098538e-01
     9       2   1.36952742e-06   1.62990194e-09
     9       3   1.63489031e-15   0.00000000e+00
    10       1   1.21014883e-02   1.86813161e-01
    10       2   1.54280384e-06   1.47696121e-09
    10       3   1.89105413e-15   0.00000000e+00
    11       1   1.34631839e-02   1.69955081e-01
    11       2   1.71851714e-06   1.34868433e-09
    11       3   1.91651045e-15   0.00000000e+00
    12       1   1.48521608e-02   1.55709041e-01
    12       2   1.89696374e-06   1.23950014e-09
    12       3   2.06653177e-15   0.00000000e+00
    13       1   1.62717779e-02   1.43498634e-01
    13       2   2.07846201e-06   1.14534109e-09
    13       3   2.47076888e-15   0.00000000e+00
    14       1   1.77256806e-02   1.32904958e-01
    14       2   2.26335582e-06   1.06324334e-09
    14       3   2.76601518e-15   0.00000000e+00
    15       1   1.92178470e-02   1.23616333e-01
    15       2   2.45201859e-06   9.90962008e-10
    15       3   3.07545286e-15   0.00000000e+00
    16       1   2.07526417e-02   1.15396092e-01
    16       2   2.64485794e-06   9.26745210e-10
    16       3   3.00846548e-15   0.00000000e+00
    17       1   2.23348800e-02   1.08061312e-01
    17       2   2.84232125e-06   8.69269153e-10
    17       3   3.34309832e-15   0.00000000e+00
    18       1   2.39699015e-02   1.01468381e-01
    18       2   3.04490209e-06   8.17444091e-10
    18       3   3.56015050e-15   0.00000000e+00
    19       1   2.56636598e-02   9.55029711e-02
    19       2   3.25314796e-06   7.70447104e-10
    19       3   3.93239012e-15   0.00000000e+00
    20       1   2.74228276e-02   9.00729360e-02
    20       2   3.46766941e-06   7.27559914e-10
    20       3   4.18450670e-15   0.00000000e+00
    21       1   2.92549250e-02   8.51031708e-02
    21       2   3.68915114e-06   6.88232920e-10
    21       3   4.30690824e-15   0.00000000e+00
    22       1   3.11684731e-02   8.05318395e-02
    22       2   3.91836523e-06   6.51996477e-10
    22       3   4.74741546e-15   0.00000000e+00
    23       1   3.31731831e-02   7.63075602e-02
    23       2   4.15618750e-06   6.18447563e-10
    23       3   4.90488196e-15   0.00000000e+00
    24       1   3.52801868e-02   7.23872768e-02
    24       2   4.40361737e-06   5.87269489e-10
    24       3   5.24170813e-15   0.00000000e+00
    25       1   3.75023237e-02   6.87346294e-02
    25       2   4.66180261e-06   5.58179835e-10
    25       3   5.43825901e-15   0.00000000e+00
    26       1   3.98544987e-02   6.53186919e-02
    26       2   4.93207008e-06   5.30931801e-10
    26       3   5.83168803e-15   0.00000000e+00
    27       1   4.23541322e-02   6.21129846e-02
    27       2   5.21596455e-06   5.05334054e-10
    27       3   6.26285399e-15   0.00000000e+00
    28       1   4.50217342e-02   5.90946933e-02
    28       2   5.51529795e-06   4.81201836e-10
    28       3   6.54478244e-15   0.00000000e+00
    29       1   4.78816399e-02   5.62440469e-02
    29       2   5.83221268e-06   4.58400170e-10
    29       3   7.05982670e-15   0.00000000e+00
    30       1   5.09629679e-02   5.35438169e-02
    30       2   6.16926383e-06   4.36759813e-10
    30       3   6.99559518e-15   0.00000000e+00
    31       1   5.43008781e-02   5.09789117e-02
    31       2   6.52952722e-06   4.16196838e-10
    31       3   7.71066007e-15   0.00000000e+00
    32       1   5.79382508e-02   4.85360454e-02
    32       2   6.91674348e-06   3.96586396e-10
    32       3   8.03912340e-15   0.00000000e+00
    33       1   6.19279563e-02   4.62034657e-02
    33       2   7.33551275e-06   3.77865200e-10
    33       3   8.66245002e-15   0.00000000e+00
    34       1   6.63359758e-02   4.39707284e-02
    34       2   7.79156238e-06   3.59927482e-10
    34       3   9.10314041e-15   0.00000000e+00
    35       1   7.12457699e-02   4.18285098e-02
    35       2   8.29212147e-06   3.42686258e-10
    35       3   9.60821362e-15   0.00000000e+00
    36       1   7.67645187e-02   3.97684500e-02
    36       2   8.84645585e-06   3.26099344e-10
    36       3   1.05001053e-14   0.00000000e+00
    37       1   8.30322416e-02   3.77830198e-02
    37       2   9.46664976e-06   3.10110538e-10
    37       3   1.12046119e-14   0.00000000e+00
    38       1   9.02354754e-02   3.58654094e-02
    38       2   1.01687782e-05   2.94642667e-10
    38       3   1.18508982e-14   0.00000000e+00
    39       1   9.86284130e-02   3.40094321e-02
    39       2   1.09747182e-05   2.79692615e-10
    39       3   1.28192892e-14   0.00000000e+00
    40       1   1.08566724e-01   3.22094425e-02
    40       2   1.19150471e-05   2.65158730e-10
    40       3   1.39888233e-14   0.00000000e+00
    41       1   1.20563922e-01   3.04602666e-02
    41       2   1.30338721e-05   2.51035931e-10
    41       3   1.54263542e-14   0.00000000e+00
    42       1   1.35390004e-01   2.87571396e-02
    42       2   1.43972815e-05   2.37267540e-10
    42       3   1.69496866e-14   0.00000000e+00
    43       1   1.54254641e-01   2.70956535e-02
    43       2   1.61090398e-05   2.23842133e-10
    43       3   1.90748408e-14   0.00000000e+00
    44       1   1.79173554e-01   2.54717095e-02
    44       2   1.83419764e-05   2.10722361e-10
    44       3   2.15309329e-14   0.00000000e+00
    45       1   2.13774554e-01   2.38814773e-02
    45       2   2.14070403e-05   1.97849129e-10
    45       3   2.53164784e-14   0.00000000e+00
    46       1   2.65312665e-01   2.23213578e-02
    46       2   2.59259359e-05   1.85219263e-10
    46       3   3.05562814e-14   0.00000000e+00
    47       1   3.50715636e-01   2.07879502e-02
    47       2   3.33490296e-05   1.72799481e-10
    47       3   3.94770589e-14   0.00000000e+00
    48       1   5.20766948e-01   1.92780221e-02
    48       2   4.80269916e-05   1.60568847e-10
    48       3   5.66973829e-14   0.00000000e+00
    49       1   1.02940271e+00   1.77884816e-02
    49       2   9.17125488e-05   1.48496784e-10
    49       3   1.08591172e-13   0.00000000e+00
    50       1   9.31735601e+03   1.63163526e-02
    50       2   3.95753792e+00   1.36557665e-10
    50       3   4.67974911e-09   0.00000000e+00
    50       4   0.00000000e+00   0.00000000e+00
    51       1   9.99977660e-01   1.48587504e-02
    51       2   8.19220129e-05   1.24744210e-10
    51       3   9.69745776e-14   0.00000000e+00
    52       1   4.91461323e-01   1.34128592e-02
    52       2   3.82240014e-05   1.13017159e-10
    52       3   4.52007148e-14   0.00000000e+00
    53       1   3.21362838e-01   1.19759102e-02
    53       2   2.35209473e-05   1.01349500e-10
    53       3   2.80462686e-14   0.00000000e+00
    54       1   2.35861003e-01   1.05451602e-02
    54       2   1.60619887e-05   8.97398268e-11
    54       3   1.87526428e-14   0.00000000e+00
    55       1   1.84185989e-01   9.11787046e-03
    55       2   1.14965200e-05   7.81394398e-11
    55       3   1.37962795e-14   0.00000000e+00
    56       1   1.49412835e-01   7.69128460e-03
    56       2   8.37399918e-06   6.65521579e-11
    56       3   1.01083978e-14   0.00000000e+00
    57       1   1.24286822e-01   6.26260667e-03
    57       2   6.07244816e-06   5.49371311e-11
    57       3   7.12238812e-15   0.00000000e+00
    58       1   1.05179555e-01   4.82897769e-03
    58       2   4.28056990e-06   4.32772985e-11
    58       3   5.09862863e-15   0.00000000e+00
    59       1   9.00742666e-02   3.38745083e-03
    59       2   2.82511571e-06   3.15551479e-11
    59       3   3.64523225e-15   0.00000000e+00
    60       1   7.77599035e-02   1.93496461e-03
    60       2   1.60182750e-06   1.97419564e-11
    60       3   1.98650916e-15   0.00000000e+00
    61       1   6.74647919e-02   4.68313559e-04
    61       2   5.44043164e-07   7.81026985e-12
    61       3   8.54995725e-16   0.00000000e+00
    62       1   5.86734478e-02   1.01588429e-03
    62       2   3.93005941e-07   4.26880618e-12
    62       3   4.02414931e-16   0.00000000e+00
    63       1   5.10279203e-02   2.52122388e-03
    63       2   1.24065578e-06   1.65105266e-11
    63       3   1.27293353e-15   0.00000000e+00
    64       1   4.42713963e-02   4.05155444e-03
    64       2   2.02165062e-06   2.89833458e-11
    64       3   2.31149541e-15   0.00000000e+00
    65       1   3.82143424e-02   5.61102679e-03
    65       2   2.75305464e-06   4.16729487e-11
    65       3   3.04221485e-15   0.00000000e+00
    66       1   3.27133188e-02   7.20414793e-03
    66       2   3.44807950e-06   5.46488244e-11
    66       3   3.84812492e-15   0.00000000e+00
    67       1   2.76572439e-02   8.83584467e-03
    67       2   4.11727594e-06   6.79444458e-11
    67       3   4.84217539e-15   0.00000000e+00
    68       1   2.29582050e-02   1.05115382e-02
    68       2   4.76933851e-06   8.15949772e-11
    68       3   5.37611951e-15   0.00000000e+00
    69       1   1.85451346e-02   1.22372323e-02
    69       2   5.41166818e-06   9.56628959e-11
    69       3   6.33166812e-15   0.00000000e+00
    70       1   1.43593409e-02   1.40196187e-02
    70       2   6.05078026e-06   1.10186009e-10
    70       3   7.28083041e-15   0.00000000e+00
    71       1   1.03512644e-02   1.58662029e-02
    71       2   6.69261242e-06   1.25248211e-10
    71       3   7.61715446e-15   0.00000000e+00
    72       1   6.47805879e-03   1.77854569e-02
    72       2   7.34276854e-06   1.40893283e-10
    72       3   8.59042405e-15   0.00000000e+00
    73       1   2.70172991e-03   1.97870052e-02
    73       2   8.00672288e-06   1.57218599e-10
    73       3   9.58704483e-15   0.00000000e+00
    74       1   1.01234871e-03   2.18818522e-02
    74       2   8.69000228e-06   1.74299188e-10
    74       3   1.02092201e-14   0.00000000e+00
    75       1   4.69667260e-03   2.40826653e-02
    75       2   9.39836039e-06   1.92252005e-10
    75       3   1.10776389e-14   0.00000000e+00
    76       1   8.38269299e-03   2.64041267e-02
    76       2   1.01379560e-05   2.11190259e-10
    76       3   1.19978221e-14   0.00000000e+00
    77       1   1.21018315e-02   2.88633770e-02
    77       2   1.09155478e-05   2.31263220e-10
    77       3   1.25616053e-14   0.00000000e+00
    78       1   1.58864932e-02   3.14805798e-02
    78       2   1.17387175e-05   2.52619288e-10
    78       3   1.38244333e-14   0.00000000e+00
    79       1   1.97711474e-02   3.42796462e-02
    79       2   1.26161390e-05   2.75461427e-10
    79       3   1.47482380e-14   0.00000000e+00
    80       1   2.37935545e-02   3.72891770e-02
    80       2   1.35579121e-05   3.00029367e-10
    80       3   1.57650762e-14   0.00000000e+00
    81       1   2.79962349e-02   4.05437015e-02
    81       2   1.45759892e-05   3.26584275e-10
    81       3   1.70051001e-14   0.00000000e+00
    82       1   3.24283077e-02   4.40853292e-02
    82       2   1.56847346e-05   3.55507376e-10
    82       3   1.81454080e-14   0.00000000e+00
    83       1   3.71478778e-02   4.79659836e-02
    83       2   1.69016718e-05   3.87178054e-10
    83       3   1.99189739e-14   0.00000000e+00
    84       1   4.22252342e-02   5.22504737e-02
    84       2   1.82485042e-05   4.22158469e-10
    84       3   2.12691184e-14   0.00000000e+00
    85       1   4.77472549e-02   5.70207935e-02
    85       2   1.97525381e-05   4.61111174e-10
    85       3   2.30848509e-14   0.00000000e+00
    86       1   5.38236373e-02   6.23822633e-02
    86       2   2.14487100e-05   5.04893595e-10
    86       3   2.48893100e-14   0.00000000e+00
    87       1   6.05959494e-02   6.84725060e-02
    87       2   2.33825443e-05   5.54622329e-10
    87       3   2.74408287e-14   0.00000000e+00
    88       1   6.82511586e-02   7.54749104e-02
    88       2   2.56145869e-05   6.11805468e-10
    88       3   2.99501842e-14   0.00000000e+00
    89       1   7.70424955e-02   8.36394375e-02
    89       2   2.82272522e-05   6.78475966e-10
    89       3   3.27714453e-14   0.00000000e+00
    90       1   8.73227980e-02   9.33159105e-02
    90       2   3.13357759e-05   7.57500315e-10
    90       3   3.67513536e-14   0.00000000e+00
    91       1   9.96000463e-02   1.05009498e-01
    91       2   3.51064653e-05   8.52996028e-10
    91       3   4.12308866e-14   0.00000000e+00
    92       1   1.14634517e-01   1.19477807e-01
    92       2   3.97886354e-05   9.71160827e-10
    92       3   4.66414444e-14   0.00000000e+00
    93       1   1.33619183e-01   1.37911198e-01
    93       2   4.57739144e-05   1.12169712e-09
    93       3   5.37783200e-14   0.00000000e+00
    94       1   1.58540478e-01   1.62293418e-01
    94       2   5.37148522e-05   1.32082914e-09
    94       3   6.30516285e-14   0.00000000e+00
    95       1   1.92971981e-01   1.96194969e-01
    95       2   6.47858531e-05   1.59770666e-09
    95       3   7.61093573e-14   0.00000000e+00
    96       1   2.44058644e-01   2.46756536e-01
    96       2   8.13354966e-05   2.01065822e-09
    96       3   9.52337250e-14   0.00000000e+00
    97       1   3.28469777e-01   3.30639151e-01
    97       2   1.08843462e-04   2.69574405e-09
    97       3   1.27389084e-13   0.00000000e+00
    98       1   4.96213155e-01   4.97824241e-01
    98       2   1.63747990e-04   4.06118790e-09
    98       3   1.92119362e-13   0.00000000e+00
    99       1   9.97369385e-01   9.98204122e-01
    99       2   3.28234413e-04   8.14792077e-09
    99       3   3.84933210e-13   0.00000000e+00
   100       1   3.99796582e+03   1.44669996e+04
   100       2   4.17682218e+00   1.18169697e-04
   100       3   4.89897032e-09   1.19016192e-14
   100       4   0.00000000e+00   0.00000000e+00
   101       1   1.00007874e+00   1.00006912e+00
   101       2   3.29138406e-04   8.17249611e-09
   101       3   3.86319800e-13   0.00000000e+00
   102       1   4.99299012e-01   4.99585249e-01
   102       2   1.64613611e-04   4.08491671e-09
   102       3   1.93241194e-13   0.00000000e+00
   103       1   3.31627535e-01   3.32380359e-01
   103       2   1.09702648e-04   2.71931710e-09
   103       3   1.28727375e-13   0.00000000e+00
   104       1   2.47244155e-01   2.48490172e-01
   104       2   8.21932285e-05   2.03414972e-09
   104       3   9.64626929e-14   0.00000000e+00
   105       1   1.96173204e-01   1.97924393e-01
   105       2   6.56437951e-05   1.62116951e-09
   105       3   7.70071283e-14   0.00000000e+00
   106       1   1.61753310e-01   1.64019801e-01
   106       2   5.45738557e-05   1.34426602e-09
   106       3   6.41041130e-14   0.00000000e+00
   107       1   1.36842262e-01   1.39634959e-01
   107       2   4.66345588e-05   1.14510041e-09
   107       3   5.49457743e-14   0.00000000e+00
   108       1   1.17867648e-01   1.21199046e-01
   108       2   4.06513933e-05   9.94521314e-10
   108       3   4.77854992e-14   0.00000000e+00
   109       1   1.02843617e-01   1.06728165e-01
   109       2   3.59717658e-05   8.76330557e-10
   109       3   4.24623436e-14   0.00000000e+00
   110       1   9.05775283e-02   9.50318704e-02
   110       2   3.22040331e-05   7.80796424e-10
   110       3   3.78712221e-14   0.00000000e+00
   111       1   8.03093221e-02   8.53525064e-02
   111       2   2.90988803e-05   7.01732109e-10
   111       3   3.41445018e-14   0.00000000e+00
   112       1   7.15311786e-02   7.71848720e-02
   112       2   2.64900097e-05   6.35028231e-10
   112       3   3.12250112e-14   0.00000000e+00
   113       1   6.38903942e-02   7.01791208e-02
   113       2   2.42622016e-05   5.77795937e-10
   113       3   2.86341964e-14   0.00000000e+00
   114       1   5.71338612e-02   6.40852739e-02
   114       2   2.23330629e-05   5.28019154e-10
   114       3   2.62957230e-14   0.00000000e+00
   115       1   5.10747342e-02   5.87199278e-02
   115       2   2.06420741e-05   4.84188514e-10
   115       3   2.44194329e-14   0.00000000e+00
   116       1   4.55715720e-02   5.39454461e-02
   116       2   1.91437419e-05   4.45183604e-10
   116       3   2.25428816e-14   0.00000000e+00
   117       1   4.05148138e-02   4.96564960e-02
   117       2   1.78031665e-05   4.10145204e-10
   117       3   2.10189306e-14   0.00000000e+00
   118       1   3.58177315e-02   4.57710711e-02
   118       2   1.65930836e-05   3.78396116e-10
   118       3   1.95594485e-14   0.00000000e+00
   119       1   3.14102035e-02   4.22243499e-02
   119       2   1.54918384e-05   3.49406706e-10
   119       3   1.81464743e-14   0.00000000e+00
   120       1   2.72343137e-02   3.89643962e-02
   120       2   1.44819632e-05   3.22779377e-10
   120       3   1.70974124e-14   0.00000000e+00
   121       1   2.32411572e-02   3.59490869e-02
   121       2   1.35491580e-05   2.98135330e-10
   121       3   1.58327283e-14   0.00000000e+00
   122       1   1.93884586e-02   3.31438785e-02
   122       2   1.26815446e-05   2.75214060e-10
   122       3   1.48879001e-14   0.00000000e+00
   123       1   1.56387391e-02   3.05201553e-02
   123       2   1.18691089e-05   2.53769470e-10
   123       3   1.38178034e-14   0.00000000e+00
   124       1   1.19578551e-02   2.80539900e-02
   124       2   1.11032766e-05   2.33605562e-10
   124       3   1.32390048e-14   0.00000000e+00
   125       1   8.31377991e-03   2.57252021e-02
   125       2   1.03765817e-05   2.14570316e-10
   125       3   1.23085077e-14   0.00000000e+00
   126       1   4.67553437e-03   2.35166325e-02
   126       2   9.68240160e-06   1.96496967e-10
   126       3   1.14343390e-14   0.00000000e+00
   127       1   1.01218755e-03   2.14135793e-02
   127       2   9.01473734e-06   1.79300828e-10
   127       3   1.08109289e-14   0.00000000e+00
   128       1   2.70814018e-03   1.94033540e-02
   128       2   8.36802479e-06   1.62874215e-10
   128       3   1.00221615e-14   0.00000000e+00
   129       1   6.51934095e-03   1.74749292e-02
   129       2   7.73696316e-06   1.47104376e-10
   129       3   9.26410170e-15   0.00000000e+00
   130       1   1.04585267e-02   1.56186561e-02
   130       2   7.11634993e-06   1.31906522e-10
   130       3   8.52896320e-15   0.00000000e+00
   131       1   1.45674745e-02   1.38260361e-02
   131       2   6.50091063e-06   1.17243750e-10
   131       3   7.80904394e-15   0.00000000e+00
   132       1   1.88944360e-02   1.20895354e-02
   132       2   5.88511064e-06   1.03037481e-10
   132       3   6.88141686e-15   0.00000000e+00
   133       1   2.34964860e-02   1.04024313e-02
   133       2   5.26293300e-06   8.92140512e-11
   133       3   6.38284838e-15   0.00000000e+00
   134       1   2.84426695e-02   8.75868706e-03
   134       2   4.62760016e-06   7.57615469e-11
   134       3   5.43262676e-15   0.00000000e+00
   135       1   3.38183363e-02   7.15284540e-03
   135       2   3.97120767e-06   6.26087675e-11
   135       3   4.68030956e-15   0.00000000e+00
   136       1   3.97312715e-02   5.57994074e-03
   136       2   3.28422117e-06   4.97328645e-11
   136       3   3.89302415e-15   0.00000000e+00
   137       1   4.63206026e-02   4.03542400e-03
   137       2   2.55475856e-06   3.70799082e-11
   137       3   3.30960645e-15   0.00000000e+00
   138       1   5.37701120e-02   2.51509880e-03
   138       2   1.76752900e-06   2.46293725e-11
   138       3   2.14619724e-15   0.00000000e+00
   139       1   6.23287689e-02   1.01506643e-03
   139       2   9.02206968e-07   1.23337715e-11
   139       3   1.13998457e-15   0.00000000e+00
   140       1   7.23435416e-02   4.68321760e-04
   140       2   6.91565786e-08   1.76038076e-13
   140       3   1.52806875e-16   0.00000000e+00
   141       1   8.43140490e-02   1.93850616e-03
   141       2   1.18643728e-06   1.18831957e-11
   141       3   1.32552356e-15   0.00000000e+00
   142       1   9.89881664e-02   3.39875583e-03
   142       2   2.50895680e-06   2.38605136e-11
   142       3   2.73137072e-15   0.00000000e+00
   143       1   1.17539547e-01   4.85220157e-03
   143       2   4.12943682e-06   3.57838272e-11
   143       3   4.68035004e-15   0.00000000e+00
   144       1   1.41922631e-01   6.30186589e-03
   144       2   6.20189653e-06   4.76799032e-11
   144       3   7.08735724e-15   0.00000000e+00
   145       1   1.75653625e-01   7.75069047e-03
   145       2   9.00301557e-06   5.95686414e-11
   145       3   1.05176979e-14   0.00000000e+00
   146       1   2.25762896e-01   9.20156180e-03
   146       2   1.30855267e-05   7.14881841e-11
   146       3   1.49011835e-14   0.00000000e+00
   147       1   3.08652006e-01   1.06573354e-02
   147       2   1.97383648e-05   8.34429258e-11
   147       3   2.30057108e-14   0.00000000e+00
   148       1   4.73521063e-01   1.21208591e-02
   148       2   3.28271370e-05   9.54591930e-11
   148       3   3.80952174e-14   0.00000000e+00
   149       1   9.66348484e-01   1.35949960e-02
   149       2   7.16756163e-05   1.07571924e-10
   149       3   8.33138337e-14   0.00000000e+00
   150       1   1.18807357e+04   1.50826467e-02
   150       2   4.82792004e-01   1.19807744e-10
   150       3   5.60508128e-10   0.00000000e+00
   150       4   0.00000000e+00   0.00000000e+00
   151       1   1.00015773e+00   1.65867729e-02
   151       2   8.25826521e-05   1.32176866e-10
   151       3   9.62997550e-14   0.00000000e+00
   152       1   5.07254637e-01   1.81104202e-02
   152       2   4.37309226e-05   1.44713989e-10
   152       3   5.07887109e-14   0.00000000e+00
   153       1   3.42440853e-01   1.96567436e-02
   153       2   3.06643345e-05   1.57433559e-10
   153       3   3.56905754e-14   0.00000000e+00
   154       1   2.59653440e-01   2.12290330e-02
   154       2   2.40463438e-05   1.70384147e-10
   154       3   2.79002329e-14   0.00000000e+00
   155       1   2.09682380e-01   2.28307413e-02
   155       2   2.00099352e-05   1.83579237e-10
   155       3   2.34505178e-14   0.00000000e+00
   156       1   1.76124248e-01   2.44655155e-02
   156       2   1.72660177e-05   1.97043742e-10
   156       3   1.99935049e-14   0.00000000e+00
   157       1   1.51948687e-01   2.61372297e-02
   157       2   1.52620188e-05   2.10837012e-10
   157       3   1.77709584e-14   0.00000000e+00
   158       1   1.33640207e-01   2.78500224e-02
   158       2   1.37215594e-05   2.24954159e-10
   158       3   1.59612553e-14   0.00000000e+00
   159       1   1.19245479e-01   2.96083386e-02
   159       2   1.24910170e-05   2.39468138e-10
   159       3   1.44313479e-14   0.00000000e+00
   160       1   1.07592263e-01   3.14169767e-02
   160       2   1.14781515e-05   2.54397580e-10
   160       3   1.34339148e-14   0.00000000e+00
   161       1   9.79343797e-02   3.32811422e-02
   161       2   1.06242083e-05   2.69797103e-10
   161       3   1.22185535e-14   0.00000000e+00
   162       1   8.97741928e-02   3.52065094e-02
   162       2   9.88996912e-06   2.85705572e-10
   162       3   1.14864004e-14   0.00000000e+00
   163       1   8.27670220e-02   3.71992915e-02
   163       2   9.24824108e-06   3.02183624e-10
   163       3   1.10375075e-14   0.00000000e+00
   164       1   7.66665226e-02   3.92663239e-02
   164       2   8.67956411e-06   3.19278850e-10
   164       3   1.01913887e-14   0.00000000e+00
   165       1   7.12919118e-02   4.14151587e-02
   165       2   8.16963547e-06   3.37068510e-10
   165       3   9.46490241e-15   0.00000000e+00
   166       1   6.65074848e-02   4.36541784e-02
   166       2   7.70769972e-06   3.55615170e-10
   166       3   8.96935462e-15   0.00000000e+00
   167       1   6.22093591e-02   4.59927273e-02
   167       2   7.28550683e-06   3.75000628e-10
   167       3   8.53698195e-15   0.00000000e+00
   168       1   5.83166381e-02   4.84412699e-02
   168       2   6.89661743e-06   3.95311331e-10
   168       3   8.15741268e-15   0.00000000e+00
   169       1   5.47653634e-02   5.10115782e-02
   169       2   6.53592730e-06   4.16647918e-10
   169       3   7.71071940e-15   0.00000000e+00
   170       1   5.15042821e-02   5.37169571e-02
   170       2   6.19933446e-06   4.39117694e-10
   170       3   7.20763504e-15   0.00000000e+00
   171       1   4.84918219e-02   5.65725176e-02
   171       2   5.88350123e-06   4.62857360e-10
   171       3   6.65645333e-15   0.00000000e+00
   172       1   4.56938917e-02   5.95955081e-02
   172       2   5.58568106e-06   4.88010952e-10
   172       3   6.73731923e-15   0.00000000e+00
   173       1   4.30822551e-02   6.28057205e-02
   173       2   5.30359059e-06   5.14742833e-10
   173       3   6.07868911e-15   0.00000000e+00
   174       1   4.06333106e-02   6.62259917e-02
   174       2   5.03531347e-06   5.43260756e-10
   174       3   5.83172121e-15   0.00000000e+00
   175       1   3.83271634e-02   6.98828268e-02
   175       2   4.77922727e-06   5.73776687e-10
   175       3   5.60823468e-15   0.00000000e+00
   176       1   3.61469124e-02   7.38071814e-02
   176       2   4.53394724e-06   6.06552521e-10
   176       3   5.40553882e-15   0.00000000e+00
   177       1   3.40780939e-02   7.80354511e-02
   177       2   4.29828242e-06   6.41912397e-10
   177       3   5.06312806e-15   0.00000000e+00
   178       1   3.21082454e-02   8.26107363e-02
   178       2   4.07120115e-06   6.80224949e-10
   178       3   4.90057985e-15   0.00000000e+00
   179       1   3.02265585e-02   8.75844757e-02
   179       2   3.85180369e-06   7.21941682e-10
   179       3   4.45544109e-15   0.00000000e+00
   180       1   2.84236012e-02   9.30185808e-02
   180       2   3.63930024e-06   7.67563118e-10
   180       3   4.04022935e-15   0.00000000e+00
   181       1   2.66910942e-02   9.89882595e-02
   181       2   3.43299316e-06   8.17788056e-10
   181       3   4.21329076e-15   0.00000000e+00
   182       1   2.50217274e-02   1.05585803e-01
   182       2   3.23226249e-06   8.73363492e-10
   182       3   3.97095088e-15   0.00000000e+00
   183       1   2.34090110e-02   1.12925747e-01
   183       2   3.03655408e-06   9.35330663e-10
   183       3   3.61055789e-15   0.00000000e+00
   184       1   2.18471519e-02   1.21152011e-01
   184       2   2.84536974e-06   1.00492951e-09
   184       3   3.27008105e-15   0.00000000e+00
   185       1   2.03309501e-02   1.30447989e-01
   185       2   2.65825906e-06   1.08375162e-09
   185       3   3.20360571e-15   0.00000000e+00
   186       1   1.88557136e-02   1.41051084e-01
   186       2   2.47481253e-06   1.17389507e-09
   186       3   2.89175064e-15   0.00000000e+00
   187       1   1.74171853e-02   1.53274173e-01
   187       2   2.29465572e-06   1.27812233e-09
   187       3   2.71785226e-15   0.00000000e+00
   188       1   1.60114818e-02   1.67538183e-01
   188       2   2.11744438e-06   1.40016516e-09
   188       3   2.55278013e-15   0.00000000e+00
   189       1   1.46350407e-02   1.84423088e-01
   189       2   1.94286019e-06   1.54519787e-09
   189       3   2.39564283e-15   0.00000000e+00
   190       1   1.32845756e-02   2.04750772e-01
   190       2   1.77060713e-06   1.72059376e-09
   190       3   2.12743973e-15   0.00000000e+00
   191       1   1.19570370e-02   2.29725587e-01
   191       2   1.60040830e-06   1.93724028e-09
   191       3   1.86844908e-15   0.00000000e+00
   192       1   1.06495780e-02   2.61185522e-01
   192       2   1.43200317e-06   2.21189501e-09
   192       3   1.84855353e-15   0.00000000e+00
   193       1   9.35952494e-03   3.02080564e-01
   193       2   1.26514512e-06   2.57174412e-09
   193       3   1.48789409e-15   0.00000000e+00
   194       1   8.08434999e-03   3.57459440e-01
   194       2   1.09959926e-06   3.06387686e-09
   194       3   1.36233882e-15   0.00000000e+00
   195       1   6.82164797e-03   4.36726975e-01
   195       2   9.35140479e-07   3.77735103e-09
   195       3   1.24029280e-15   0.00000000e+00
   196       1   5.56911455e-03   5.59584857e-01
   196       2   7.71551640e-07   4.90243702e-09
   196       3   8.97008305e-16   0.00000000e+00
   197       1   4.32452653e-03   7.75175525e-01
   197       2   6.08621950e-07   6.92614221e-09
   197       3   6.69847285e-16   0.00000000e+00
   198       1   3.08572355e-03   1.24757745e+00
   198       2   4.46145425e-07   1.15356801e-08
   198       3   6.67780619e-16   0.00000000e+00
   199       1   1.85059091e-03   2.99695332e+00
   199       2   2.83919432e-07   2.98806619e-08
   199       3   4.44363346e-16   0.00000000e+00
   200       1   6.17043083e-04   2.62149203e+05
   200       2   1.21743300e-07   3.54734371e-03
   200       3   2.22044605e-16   5.50999556e-13
   201       1   6.16992146e-04   1.00000383e+00
   201       2   4.05830373e-08   2.75576551e-09
   201       3   0.00000000e+00   0.00000000e+00
   202       1   1.85358942e-03   7.49883438e-01
   202       2   2.03260389e-07   4.77541597e-09
   202       3   2.22593384e-16   0.00000000e+00
   203       1   3.09484150e-03   5.55120416e-01
   203       2   3.66491663e-07   3.93709162e-09
   203       3   4.46564386e-16   0.00000000e+00
   204       1   4.34287529e-03   4.36703252e-01
   204       2   5.30483248e-07   3.23331964e-09
   204       3   6.72755282e-16   0.00000000e+00
   205       1   5.59986842e-03   3.58822761e-01
   205       2   6.95446452e-07   2.71916315e-09
   205       3   7.89275845e-16   0.00000000e+00
   206       1   6.86806666e-03   3.03987336e-01
   206       2   8.61599026e-07   2.33754698e-09
   206       3   9.08223953e-16   0.00000000e+00
   207       1   8.14980248e-03   2.63340199e-01
   207       2   1.02916678e-06   2.04553027e-09
   207       3   1.14453107e-15   0.00000000e+00
   208       1   9.44751521e-03   2.32006568e-01
   208       2   1.19838533e-06   1.81555279e-09
   208       3   1.38641119e-15   0.00000000e+00
   209       1   1.07637730e-02   2.07101850e-01
   209       2   1.36950203e-06   1.62993615e-09
   209       3   1.51810998e-15   0.00000000e+00
   210       1   1.21012970e-02   1.86815887e-01
   210       2   1.54277812e-06   1.47697405e-09
   210       3   1.77286005e-15   0.00000000e+00
   211       1   1.34629891e-02   1.69957366e-01
   211       2   1.71849106e-06   1.34870449e-09
   211       3   2.03628829e-15   0.00000000e+00
   212       1   1.48519619e-02   1.55710986e-01
   212       2   1.89693724e-06   1.23951353e-09
   212       3   2.30964809e-15   0.00000000e+00
   213       1   1.62715745e-02   1.43500312e-01
   213       2   2.07843506e-06   1.14536370e-09
   213       3   2.47076297e-15   0.00000000e+00
   214       1   1.77254722e-02   1.32906421e-01
   214       2   2.26332837e-06   1.06326060e-09
   214       3   2.51455272e-15   0.00000000e+00
   215       1   1.92176329e-02   1.23617621e-01
   215       2   2.45199058e-06   9.90968100e-10
   215       3   2.94730072e-15   0.00000000e+00
   216       1   2.07524214e-02   1.15397237e-01
   216       2   2.64482931e-06   9.26754977e-10
   216       3   3.13925884e-15   0.00000000e+00
   217       1   2.23346527e-02   1.08062338e-01
   217       2   2.84229192e-06   8.69265214e-10
   217       3   3.20936397e-15   0.00000000e+00
   218       1   2.39696665e-02   1.01469305e-01
   218       2   3.04487201e-06   8.17455532e-10
   218       3   3.42320974e-15   0.00000000e+00
   219       1   2.56634162e-02   9.55038099e-02
   219       2   3.25311703e-06   7.70453185e-10
   219       3   3.65149156e-15   0.00000000e+00
   220       1   2.74225744e-02   9.00737014e-02
   220       2   3.46763756e-06   7.27566135e-10
   220       3   4.04019738e-15   0.00000000e+00
   221       1   2.92546611e-02   8.51038729e-02
   221       2   3.68911825e-06   6.88239929e-10
   221       3   4.30689009e-15   0.00000000e+00
   222       1   3.11681973e-02   8.05324865e-02
   222       2   3.91833120e-06   6.52002194e-10
   222       3   4.59425244e-15   0.00000000e+00
   223       1   3.31728938e-02   7.63081592e-02
   223       2   4.15615218e-06   6.18456557e-10
   223       3   4.74663736e-15   0.00000000e+00
   224       1   3.52798825e-02   7.23878336e-02
   224       2   4.40358063e-06   5.87265961e-10
   224       3   5.07787908e-15   0.00000000e+00
   225       1   3.75020025e-02   6.87351489e-02
   225       2   4.66176427e-06   5.58181079e-10
   225       3   5.43822983e-15   0.00000000e+00
   226       1   3.98541582e-02   6.53191784e-02
   226       2   4.93202994e-06   5.30940260e-10
   226       3   5.83165483e-15   0.00000000e+00
   227       1   4.23537700e-02   6.21134417e-02
   227       2   5.21592238e-06   5.05343072e-10
   227       3   5.89441521e-15   0.00000000e+00
   228       1   4.50213470e-02   5.90951241e-02
   228       2   5.51525348e-06   4.81220138e-10
   228       3   6.35224812e-15   0.00000000e+00
   229       1   4.78812243e-02   5.62444542e-02
   229       2   5.83216558e-06   4.58394446e-10
   229       3   6.85807068e-15   0.00000000e+00
   230       1   5.09625192e-02   5.35442031e-02
   230       2   6.16921371e-06   4.36766938e-10
   230       3   7.20753077e-15   0.00000000e+00
   231       1   5.43003911e-02   5.09792788e-02
   231       2   6.52947362e-06   4.16198288e-10
   231       3   7.59885289e-15   0.00000000e+00
   232       1   5.79377190e-02   4.85363954e-02
   232       2   6.91668582e-06   3.96598689e-10
   232       3   8.15727893e-15   0.00000000e+00
   233       1   6.19273715e-02   4.62038001e-02
   233       2   7.33545033e-06   3.77866246e-10
   233       3   8.41129092e-15   0.00000000e+00
   234       1   6.63353278e-02   4.39710486e-02
   234       2   7.79149430e-06   3.59913793e-10
   234       3   9.10305523e-15   0.00000000e+00
   235       1   7.12450456e-02   4.18288172e-02
   235       2   8.29204661e-06   3.42687922e-10
   235       3   9.60811722e-15   0.00000000e+00
   236       1   7.67637014e-02   3.97687457e-02
   236       2   8.84637275e-06   3.26100823e-10
   236       3   1.04999920e-14   0.00000000e+00
   237       1   8.30313091e-02   3.77833050e-02
   237       2   9.46655651e-06   3.10110305e-10
   237       3   1.10372503e-14   0.00000000e+00
   238       1   9.02343978e-02   3.58656849e-02
   238       2   1.01686722e-05   2.94651468e-10
   238       3   1.18507484e-14   0.00000000e+00
   239       1   9.86271492e-02   3.40096988e-02
   239       2   1.09745959e-05   2.79681518e-10
   239       3   1.30194110e-14   0.00000000e+00
   240       1   1.08565216e-01   3.22097013e-02
   240       2   1.19149035e-05   2.65162787e-10
   240       3   1.39886113e-14   0.00000000e+00
   241       1   1.20562084e-01   3.04605181e-02
   241       2   1.30336999e-05   2.51042080e-10
   241       3   1.54260951e-14   0.00000000e+00
   242       1   1.35387704e-01   2.87573846e-02
   242       2   1.43970694e-05   2.37275667e-10
   242       3   1.69493677e-14   0.00000000e+00
   243       1   1.54251669e-01   2.70958925e-02
   243       2   1.61087697e-05   2.23851411e-10
   243       3   1.90744327e-14   0.00000000e+00
   244       1   1.79169546e-01   2.54719432e-02
   244       2   1.83416172e-05   2.10713944e-10
   244       3   2.13381634e-14   0.00000000e+00
   245       1   2.13768830e-01   2.38817061e-02
   245       2   2.14065336e-05   1.97851222e-10
   245       3   2.53157314e-14   0.00000000e+00
   246       1   2.65303784e-01   2.23215823e-02
   246       2   2.59251581e-05   1.85221914e-10
   246       3   3.07027749e-14   0.00000000e+00
   247       1   3.50699934e-01   2.07881709e-02
   247       2   3.33476669e-05   1.72801181e-10
   247       3   3.94751582e-14   0.00000000e+00
   248       1   5.20731766e-01   1.92782394e-02
   248       2   4.80239592e-05   1.60575001e-10
   248       3   5.66933417e-14   0.00000000e+00
   249       1   1.02926234e+00   1.77886960e-02
   249       2   9.17005043e-05   1.48501493e-10
   249       3   1.08422132e-13   0.00000000e+00
   250       1   3.48951881e+04   1.63165645e-02
   250       2   7.49357522e-01   1.36556275e-10
   250       3   8.87443863e-10   0.00000000e+00
   250       4   0.00000000e+00   0.00000000e+00
   251       1   1.00011800e+00   1.48589602e-02
   251       2   8.19340564e-05   1.24741708e-10
   251       3   9.69877184e-14   0.00000000e+00
   252       1   4.91496503e-01   1.34130673e-02
   252       2   3.82270348e-05   1.13011744e-10
   252       3   4.53651544e-14   0.00000000e+00
   253       1   3.21378547e-01   1.19761170e-02
   253       2   2.35223133e-05   1.01348782e-10
   253       3   2.78283586e-14   0.00000000e+00
   254       1   2.35869899e-01   1.05453661e-02
   254       2   1.60627717e-05   8.97283367e-11
   254       3   1.90881133e-14   0.00000000e+00
   255       1   1.84191733e-01   9.11807584e-03
   255       2   1.14970339e-05   7.81405857e-11
   255       3   1.37966174e-14   0.00000000e+00
   256       1   1.49416869e-01   7.69148986e-03
   256       2   8.37436751e-06   6.65429975e-11
   256       3   9.99240669e-15   0.00000000e+00
   257       1   1.24289827e-01   6.26281222e-03
   257       2   6.07272924e-06   5.49383527e-11
   257       3   7.32600447e-15   0.00000000e+00
   258       1   1.05181894e-01   4.82918394e-03
   258       2   4.28079490e-06   4.32896637e-11
   258       3   5.28079488e-15   0.00000000e+00
   259       1   9.00761500e-02   3.38765821e-03
   259       2   2.82530278e-06   3.15647085e-11
   259       3   3.47958036e-15   0.00000000e+00
   260       1   7.77614629e-02   1.93517355e-03
   260       2   1.60198797e-06   1.97439841e-11
   260       3   1.98652891e-15   0.00000000e+00
   261       1   6.74661133e-02   4.68524527e-04
   261       2   5.44184474e-07   7.82426112e-12
   261       3   8.55003016e-16   0.00000000e+00
   262       1   5.86745898e-02   1.01567081e-03
   262       2   3.92878662e-07   4.26967224e-12
   262       3   2.68278583e-16   0.00000000e+00
   263       1   5.10289244e-02   2.52100736e-03
   263       2   1.24053886e-06   1.65045882e-11
   263       3   1.40023565e-15   0.00000000e+00
   264       1   4.42722928e-02   4.05133431e-03
   264       2   2.02154136e-06   2.89770832e-11
   264       3   2.18984940e-15   0.00000000e+00
   265       1   3.82151539e-02   5.61080246e-03
   265       2   2.75295095e-06   4.16732119e-11
   265       3   3.15923725e-15   0.00000000e+00
   266       1   3.27140629e-02   7.20391874e-03
   266       2   3.44797974e-06   5.46496570e-11
   266       3   3.96131974e-15   0.00000000e+00
   267       1   2.76579341e-02   8.83560989e-03
   267       2   4.11717877e-06   6.79509007e-11
   267       3   4.62209036e-15   0.00000000e+00
   268       1   2.29588523e-02   1.05112970e-02
   268       2   4.76924280e-06   8.16019156e-11
   268       3   5.37613206e-15   0.00000000e+00
   269       1   1.85457479e-02   1.22369839e-02
   269       2   5.41157294e-06   9.56633464e-11
   269       3   6.33167894e-15   0.00000000e+00
   270       1   1.43599277e-02   1.40193621e-02
   270       2   6.05068459e-06   1.10184722e-10
   270       3   6.86479060e-15   0.00000000e+00
   271       1   1.03518313e-02   1.58659369e-02
   271       2   6.69251549e-06   1.25244029e-10
   271       3   8.02889688e-15   0.00000000e+00
   272       1   6.47861148e-03   1.77851804e-02
   272       2   7.34266954e-06   1.40889119e-10
   272       3   8.59042392e-15   0.00000000e+00
   273       1   2.70227353e-03   1.97867166e-02
   273       2   8.00662098e-06   1.57221258e-10
   273       3   9.38305990e-15   0.00000000e+00
   274       1   1.01180934e-03   2.18815499e-02
   274       2   8.68989665e-06   1.74318411e-10
   274       3   1.00050247e-14   0.00000000e+00
   275       1   4.69613284e-03   2.40823475e-02
   275       2   9.39825012e-06   1.92251537e-10
   275       3   1.06673385e-14   0.00000000e+00
   276       1   8.38214823e-03   2.64037912e-02
   276       2   1.01378401e-05   2.11192803e-10
   276       3   1.15840789e-14   0.00000000e+00
   277       1   1.21012770e-02   2.88630212e-02
   277       2   1.09154252e-05   2.31262835e-10
   277       3   1.23522116e-14   0.00000000e+00
   278       1   1.58859240e-02   3.14802007e-02
   278       2   1.17385869e-05   2.52615225e-10
   278       3   1.36117051e-14   0.00000000e+00
   279       1   1.97705580e-02   3.42792401e-02
   279       2   1.26159990e-05   2.75457820e-10
   279       3   1.45312960e-14   0.00000000e+00
   280       1   2.37929388e-02   3.72887397e-02
   280       2   1.35577609e-05   3.00023049e-10
   280       3   1.55429635e-14   0.00000000e+00
   281       1   2.79955859e-02   4.05432276e-02
   281       2   1.45758249e-05   3.26579957e-10
   281       3   1.70050135e-14   0.00000000e+00
   282       1   3.24276171e-02   4.40848124e-02
   282       2   1.56845546e-05   3.55502610e-10
   282       3   1.83809567e-14   0.00000000e+00
   283       1   3.71471358e-02   4.79654158e-02
   283       2   1.69014731e-05   3.87185309e-10
   283       3   1.96744419e-14   0.00000000e+00
   284       1   4.22244288e-02   5.22498450e-02
   284       2   1.82482830e-05   4.22167299e-10
   284       3   2.12689642e-14   0.00000000e+00
   285       1   4.77463708e-02   5.70200910e-02
   285       2   1.97522896e-05   4.61107393e-10
   285       3   2.30846640e-14   0.00000000e+00
   286       1   5.38226551e-02   6.23814705e-02
   286       2   2.14484280e-05   5.04888414e-10
   286       3   2.51703180e-14   0.00000000e+00
   287       1   6.05948438e-02   6.84716012e-02
   287       2   2.33822205e-05   5.54612766e-10
   287       3   2.74405525e-14   0.00000000e+00
   288       1   6.82498956e-02   7.54738641e-02
   288       2   2.56142103e-05   6.11790912e-10
   288       3   2.99498472e-14   0.00000000e+00
   289       1   7.70410287e-02   8.36382093e-02
   289       2   2.82268077e-05   6.78455934e-10
   289       3   3.31141842e-14   0.00000000e+00
   290       1   8.73210615e-02   9.33144429e-02
   290       2   3.13352419e-05   7.57489582e-10
   290       3   3.65642790e-14   0.00000000e+00
   291       1   9.95979438e-02   1.05007707e-01
   291       2   3.51058103e-05   8.52978961e-10
   291       3   4.12302219e-14   0.00000000e+00
   292       1   1.14631902e-01   1.19475563e-01
   292       2   3.97878109e-05   9.71141224e-10
   292       3   4.64119528e-14   0.00000000e+00
   293       1   1.33615817e-01   1.37908294e-01
   293       2   4.57728426e-05   1.12167244e-09
   293       3   5.35180003e-14   0.00000000e+00
   294       1   1.58535955e-01   1.62289496e-01
   294       2   5.37133993e-05   1.32079538e-09
   294       3   6.28999119e-14   0.00000000e+00
   295       1   1.92965536e-01   1.96189359e-01
   295       2   6.47837679e-05   1.59766318e-09
   295       3   7.59279425e-14   0.00000000e+00
   296       1   2.44048658e-01   2.46747819e-01
   296       2   8.13322472e-05   2.01058612e-09
   296       3   9.54527940e-14   0.00000000e+00
   297       1   3.28452142e-01   3.30623720e-01
   297       2   1.08837697e-04   2.69561130e-09
   297       3   1.27678350e-13   0.00000000e+00
   298       1   4.96173659e-01   4.97789631e-01
   298       2   1.63735039e-04   4.06089922e-09
   298       3   1.91882979e-13   0.00000000e+00
   299       1   9.97211804e-01   9.98065958e-01
   299       2   3.28182657e-04   8.14679623e-09
   299       3   3.84651742e-13   0.00000000e+00
   300       1   1.07914361e+04   4.82355779e+03
   300       2   1.39232673e+00   3.93967685e-05
   300       3   1.63305218e-09   3.77275906e-15
   300       4   0.00000000e+00   0.00000000e+00
   301       1   1.00023625e+00   1.00020735e+00
   301       2   3.29190204e-04   8.17362381e-09
   301       3   3.86159531e-13   0.00000000e+00
   302       1   4.99338514e-01   4.99619864e-01
   302       2   1.64626571e-04   4.08519533e-09
   302       3   1.93256348e-13   0.00000000e+00
   303       1   3.31645178e-01   3.32395789e-01
   303       2   1.09708417e-04   2.71943632e-09
   303       3   1.28882042e-13   0.00000000e+00
   304       1   2.47254148e-01   2.48498888e-01
   304       2   8.21964807e-05   2.03423593e-09
   304       3   9.64664312e-14   0.00000000e+00
   305       1   1.96179656e-01   1.97930002e-01
   305       2   6.56458823e-05   1.62122358e-09
   305       3   7.70094947e-14   0.00000000e+00
   306       1   1.61757839e-01   1.64023722e-01
   306       2   5.45753102e-05   1.34428930e-09
   306       3   6.39556061e-14   0.00000000e+00
   307       1   1.36845632e-01   1.39637862e-01
   307       2   4.66356318e-05   1.14512028e-09
   307       3   5.49469515e-14   0.00000000e+00
   308       1   1.17870268e-01   1.21201289e-01
   308       2   4.06522188e-05   9.94536687e-10
   308       3   4.77863811e-14   0.00000000e+00
   309       1   1.02845722e-01   1.06729955e-01
   309       2   3.59724217e-05   8.76342735e-10
   309       3   4.22578922e-14   0.00000000e+00
   310       1   9.05792672e-02   9.50333375e-02
   310       2   3.22045676e-05   7.80807819e-10
   310       3   3.80583201e-14   0.00000000e+00
   311       1   8.03107909e-02   8.53537342e-02
   311       2   2.90993253e-05   7.01750412e-10
   311       3   3.43165146e-14   0.00000000e+00
   312       1   7.15324432e-02   7.71859179e-02
   312       2   2.64903865e-05   6.35037962e-10
   312       3   3.12253622e-14   0.00000000e+00
   313       1   6.38915010e-02   7.01800254e-02
   313       2   2.42625255e-05   5.77804861e-10
   313       3   2.86344844e-14   0.00000000e+00
   314       1   5.71348442e-02   6.40860665e-02
   314       2   2.23333450e-05   5.28019055e-10
   314       3   2.62959600e-14   0.00000000e+00
   315       1   5.10756187e-02   5.87206302e-02
   315       2   2.06423225e-05   4.84186691e-10
   315       3   2.42861897e-14   0.00000000e+00
   316       1   4.55723775e-02   5.39460749e-02
   316       2   1.91439630e-05   4.45188262e-10
   316       3   2.24156830e-14   0.00000000e+00
   317       1   4.05155553e-02   4.96570638e-02
   317       2   1.78033649e-05   4.10143187e-10
   317       3   2.10190665e-14   0.00000000e+00
   318       1   3.58184213e-02   4.57715880e-02
   318       2   1.65932633e-05   3.78400373e-10
   318       3   1.95595610e-14   0.00000000e+00
   319       1   3.14108515e-02   4.22248240e-02
   319       2   1.54920023e-05   3.49422104e-10
   319       3   1.81465666e-14   0.00000000e+00
   320       1   2.72349279e-02   3.89648338e-02
   320       2   1.44821137e-05   3.22789386e-10
   320       3   1.69864659e-14   0.00000000e+00
   321       1   2.32417447e-02   3.59494933e-02
   321       2   1.35492973e-05   2.98142297e-10
   321       3   1.58327892e-14   0.00000000e+00
   322       1   1.93890255e-02   3.31442581e-02
   322       2   1.26816743e-05   2.75215073e-10
   322       3   1.48879488e-14   0.00000000e+00
   323       1   1.56392908e-02   3.05205116e-02
   323       2   1.18692305e-05   2.53764021e-10
   323       3   1.38178409e-14   0.00000000e+00
   324       1   1.19583965e-02   2.80543261e-02
   324       2   1.11033913e-05   2.33614262e-10
   324       3   1.30321736e-14   0.00000000e+00
   325       1   8.31431581e-03   2.57255206e-02
   325       2   1.03766907e-05   2.14575955e-10
   325       3   1.25136698e-14   0.00000000e+00
   326       1   4.67606927e-03   2.35169355e-02
   326       2   9.68250572e-06   1.96520292e-10
   326       3   1.12301665e-14   0.00000000e+00
   327       1   1.01272601e-03   2.14138687e-02
   327       2   9.01483751e-06   1.79318852e-10
   327       3   1.04029750e-14   0.00000000e+00
   328       1   2.70759341e-03   1.94036314e-02
   328       2   8.36812183e-06   1.62872380e-10
   328       3   1.00221615e-14   0.00000000e+00
   329       1   6.51878080e-03   1.74751961e-02
   329       2   7.73705785e-06   1.47097965e-10
   329       3   9.26409656e-15   0.00000000e+00
   330       1   1.04579476e-02   1.56189138e-02
   330       2   7.11644305e-06   1.31912162e-10
   330       3   8.32093033e-15   0.00000000e+00
   331       1   1.45668702e-02   1.38262857e-02
   331       2   6.50100296e-06   1.17250321e-10
   331       3   7.80903049e-15   0.00000000e+00
   332       1   1.88937990e-02   1.20897777e-02
   332       2   5.88520302e-06   1.03028171e-10
   332       3   6.88140070e-15   0.00000000e+00
   333       1   2.34958076e-02   1.04026675e-02
   333       2   5.26302635e-06   8.92209848e-11
   333       3   5.94263405e-15   0.00000000e+00
   334       1   2.84419391e-02   8.75891769e-03
   334       2   4.62769551e-06   7.57691235e-11
   334       3   5.43260655e-15   0.00000000e+00
   335       1   3.38175406e-02   7.15307127e-03
   335       2   3.97130625e-06   6.26203559e-11
   335       3   4.68028854e-15   0.00000000e+00
   336       1   3.97303936e-02   5.58016252e-03
   336       2   3.28432446e-06   4.97405900e-11
   336       3   4.01465974e-15   0.00000000e+00
   337       1   4.63196205e-02   4.03564230e-03
   337       2   2.55486843e-06   3.70857070e-11
   337       3   3.18229393e-15   0.00000000e+00
   338       1   5.37689962e-02   2.51531418e-03
   338       2   1.76764790e-06   2.46312502e-11
   338       3   2.14618151e-15   0.00000000e+00
   339       1   6.23274792e-02   1.01527942e-03
   339       2   9.02338174e-07   1.23373750e-11
   339       3   1.13997482e-15   0.00000000e+00
   340       1   7.23420211e-02   4.68110658e-04
   340       2   6.90084856e-08   1.75605127e-13
   340       3   0.00000000e+00   0.00000000e+00
   341       1   8.43122142e-02   1.93829648e-03
   341       2   1.18626566e-06   1.18844898e-11
   341       3   1.32550811e-15   0.00000000e+00
   342       1   9.89858900e-02   3.39854711e-03
   342       2   2.50875154e-06   2.38507750e-11
   342       3   2.73133323e-15   0.00000000e+00
   343       1   1.17536624e-01   4.85199339e-03
   343       2   4.12918175e-06   3.57769399e-11
   343       3   4.68027355e-15   0.00000000e+00
   344       1   1.41918709e-01   6.30165782e-03
   344       2   6.20156391e-06   4.76799917e-11
   344       3   7.08721709e-15   0.00000000e+00
   345       1   1.75648044e-01   7.75048210e-03
   345       2   9.00255343e-06   5.95712172e-11
   345       3   1.02442597e-14   0.00000000e+00
   346       1   2.25754259e-01   9.20135272e-03
   346       2   1.30848251e-05   7.14818015e-11
   346       3   1.50681368e-14   0.00000000e+00
   347       1   3.08636760e-01   1.06571252e-02
   347       2   1.97371446e-05   8.34420183e-11
   347       3   2.25665315e-14   0.00000000e+00
   348       1   4.73486931e-01   1.21206474e-02
   348       2   3.28244336e-05   9.54622019e-11
   348       3   3.80926888e-14   0.00000000e+00
   349       1   9.66212376e-01   1.35947823e-02
   349       2   7.16649018e-05   1.07576940e-10
   349       3   8.33025381e-14   0.00000000e+00
   350       1   4.45195308e+03   1.50824307e-02
   350       2   2.59140251e-01   1.19802894e-10
   350       3   3.01250917e-10   0.00000000e+00
   350       4   0.00000000e+00   0.00000000e+00
   351       1   1.00029390e+00   1.65865540e-02
   351       2   8.25933698e-05   1.32179862e-10
   351       3   9.63132950e-14   0.00000000e+00
   352       1   5.07288760e-01   1.81101981e-02
   352       2   4.37336216e-05   1.44710806e-10
   352       3   5.09439533e-14   0.00000000e+00
   353       1   3.42456081e-01   1.96565178e-02
   353       2   3.06655485e-05   1.57441848e-10
   353       3   3.56922952e-14   0.00000000e+00
   354       1   2.59662055e-01   2.12288029e-02
   354       2   2.40470378e-05   1.70385267e-10
   354       3   2.81965040e-14   0.00000000e+00
   355       1   2.09687932e-01   2.28305066e-02
   355       2   2.00103882e-05   1.83579617e-10
   355       3   2.33345375e-14   0.00000000e+00
   356       1   1.76128136e-01   2.44652755e-02
   356       2   1.72663396e-05   1.97042990e-10
   356       3   2.01862509e-14   0.00000000e+00
   357       1   1.51951572e-01   2.61369838e-02
   357       2   1.52622615e-05   2.10833427e-10
   357       3   1.79343786e-14   0.00000000e+00
   358       1   1.33642440e-01   2.78497700e-02
   358       2   1.37217505e-05   2.24953378e-10
   358       3   1.59615558e-14   0.00000000e+00
   359       1   1.19247264e-01   2.96080791e-02
   359       2   1.24911726e-05   2.39459345e-10
   359       3   1.45560006e-14   0.00000000e+00
   360       1   1.07593728e-01   3.14167093e-02
   360       2   1.14782816e-05   2.54392978e-10
   360       3   1.33230926e-14   0.00000000e+00
   361       1   9.79356081e-02   3.32808662e-02
   361       2   1.06243195e-05   2.69787113e-10
   361       3   1.24190290e-14   0.00000000e+00
   362       1   8.97752407e-02   3.52062238e-02
   362       2   9.89006582e-06   2.85707440e-10
   362       3   1.14865456e-14   0.00000000e+00
   363       1   8.27679293e-02   3.71989954e-02
   363       2   9.24832645e-06   3.02181258e-10
   363       3   1.08703993e-14   0.00000000e+00
   364       1   7.66673182e-02   3.92660162e-02
   364       2   8.67964044e-06   3.19273405e-10
   364       3   1.00370820e-14   0.00000000e+00
   365       1   7.12926173e-02   4.14148383e-02
   365       2   8.16970446e-06   3.37070935e-10
   365       3   9.60840643e-15   0.00000000e+00
   366       1   6.65081163e-02   4.36538439e-02
   366       2   7.70776266e-06   3.55616443e-10
   366       3   9.10331077e-15   0.00000000e+00
   367       1   6.22099294e-02   4.59923774e-02
   367       2   7.28556473e-06   3.74995046e-10
   367       3   8.53705665e-15   0.00000000e+00
   368       1   5.83171570e-02   4.84409029e-02
   368       2   6.89667107e-06   3.95310784e-10
   368       3   8.15747956e-15   0.00000000e+00
   369       1   5.47658389e-02   5.10111921e-02
   369       2   6.53597732e-06   4.16648759e-10
   369       3   7.71077874e-15   0.00000000e+00
   370       1   5.15047205e-02   5.37165500e-02
   370       2   6.19938138e-06   4.39118411e-10
   370       3   7.41967798e-15   0.00000000e+00
   371       1   4.84922284e-02   5.65720872e-02
   371       2   5.88354544e-06   4.62862728e-10
   371       3   7.05992280e-15   0.00000000e+00
   372       1   4.56942705e-02   5.95950515e-02
   372       2   5.58572293e-06   4.88002913e-10
   372       3   6.54486634e-15   0.00000000e+00
   373       1   4.30826098e-02   6.28052346e-02
   373       2   5.30363041e-06   5.14751712e-10
   373       3   6.44713345e-15   0.00000000e+00
   374       1   4.06336442e-02   6.62254729e-02
   374       2   5.03535147e-06   5.43254863e-10
   374       3   5.83175440e-15   0.00000000e+00
   375       1   3.83274784e-02   6.98822709e-02
   375       2   4.77926367e-06   5.73770772e-10
   375       3   5.43831735e-15   0.00000000e+00
   376       1   3.61472110e-02   7.38065834e-02
   376       2   4.53398221e-06   6.06553421e-10
   376       3   5.40556614e-15   0.00000000e+00
   377       1   3.40783780e-02   7.80348053e-02
   377       2   4.29831611e-06   6.41916556e-10
   377       3   5.06315216e-15   0.00000000e+00
   378       1   3.21085165e-02   8.26100357e-02
   378       2   4.07123370e-06   6.80220567e-10
   378       3   4.74745800e-15   0.00000000e+00
   379       1   3.02268180e-02   8.75837120e-02
   379       2   3.85183523e-06   7.21931594e-10
   379       3   4.60397518e-15   0.00000000e+00
   380       1   2.84238505e-02   9.30177440e-02
   380       2   3.63933086e-06   7.67562934e-10
   380       3   4.32883428e-15   0.00000000e+00
   381       1   2.66913341e-02   9.89873373e-02
   381       2   3.43302295e-06   8.17775091e-10
   381       3   4.07286284e-15   0.00000000e+00
   382       1   2.50219590e-02   1.05584781e-01
   382       2   3.23229153e-06   8.73360305e-10
   382       3   3.69710503e-15   0.00000000e+00
   383       1   2.34092353e-02   1.12924605e-01
   383       2   3.03658245e-06   9.35323205e-10
   383       3   3.74429440e-15   0.00000000e+00
   384       1   2.18473694e-02   1.21150726e-01
   384       2   2.84539751e-06   1.00491701e-09
   384       3   3.27009092e-15   0.00000000e+00
   385       1   2.03311616e-02   1.30446530e-01
   385       2   2.65828629e-06   1.08373321e-09
   385       3   3.20361469e-15   0.00000000e+00
   386       1   1.88559197e-02   1.41049412e-01
   386       2   2.47483926e-06   1.17388367e-09
   386       3   3.14321537e-15   0.00000000e+00
   387       1   1.74173866e-02   1.53272235e-01
   387       2   2.29468202e-06   1.27810409e-09
   387       3   2.59431972e-15   0.00000000e+00
   388       1   1.60116788e-02   1.67535905e-01
   388       2   2.11747028e-06   1.40014518e-09
   388       3   2.55278571e-15   0.00000000e+00
   389       1   1.46352339e-02   1.84420371e-01
   389       2   1.94288575e-06   1.54517240e-09
   389       3   2.15608284e-15   0.00000000e+00
   390       1   1.32847654e-02   2.04747472e-01
   390       2   1.77063237e-06   1.72056435e-09
   390       3   2.12744356e-15   0.00000000e+00
   391       1   1.19572238e-02   2.29721487e-01
   391       2   1.60043327e-06   1.93720265e-09
   391       3   1.86845209e-15   0.00000000e+00
   392       1   1.06497622e-02   2.61180286e-01
   392       2   1.43202790e-06   2.21186175e-09
   392       3   1.73302141e-15   0.00000000e+00
   393       1   9.35970687e-03   3.02073639e-01
   393       2   1.26516965e-06   2.57169852e-09
   393       3   1.48789594e-15   0.00000000e+00
   394       1   8.08453002e-03   3.57449846e-01
   394       2   1.09962362e-06   3.06379854e-09
   394       3   1.36234027e-15   0.00000000e+00
   395       1   6.82182644e-03   4.36712804e-01
   395       2   9.35164703e-07   3.77721590e-09
   395       3   1.24029389e-15   0.00000000e+00
   396       1   5.56929175e-03   5.59561854e-01
   396       2   7.71575755e-07   4.90222630e-09
   396       3   8.97008935e-16   0.00000000e+00
   397       1   4.32470278e-03   7.75132033e-01
   397       2   6.08645988e-07   6.92572400e-09
   397       3   6.69847636e-16   0.00000000e+00
   398       1   3.08589915e-03   1.24746782e+00
   398       2   4.46169413e-07   1.15345705e-08
   398       3   4.45187235e-16   0.00000000e+00
   399       1   1.85076614e-03   2.99637414e+00
   399       2   2.83943399e-07   2.98743327e-08
   399       3   2.22181712e-16   0.00000000e+00
   400       1   6.17218244e-04   1.31662018e+05
   400       2   1.21767275e-07   1.78456266e-03
   400       3   2.22044604e-16   1.08066709e-11