  TimeWindow  Iteration  ResRel(Mass-Left-Mesh:Displacement-Left)  ResRel(Mass-Left-Mesh:Displacement-Right)
     1       1   1.00000000e+00   1.00000000e+00
     1       2   6.92845244e-08   4.65343569e-09
     1       3   1.11111804e-16   0.00000000e+00
     2       1   2.42253263e-03   7.49798460e-01
     2       2   3.46978226e-07   8.08961715e-09
     2       3   6.68285621e-16   0.00000000e+00
     3       1   4.04679815e-03   5.54958066e-01
     3       2   6.25908399e-07   6.67082808e-09
     3       3   1.11831603e-15   0.00000000e+00
     4       1   5.68267845e-03   4.36440576e-01
     4       2   9.06539139e-07   5.47754712e-09
     4       3   1.79947207e-15   0.00000000e+00
     5       1   7.33394612e-03   3.58448889e-01
     5       2   1.18934900e-06   4.60527430e-09
     5       3   2.26583393e-15   0.00000000e+00
     6       1   9.00452790e-03   3.03496414e-01
     6       2   1.47483556e-06   3.95707897e-09
     6       3   2.74347998e-15   0.00000000e+00
     7       1   1.06985482e-02   2.62728577e-01
     7       2   1.76352042e-06   3.46083766e-09
     7       3   3.46603293e-15   0.00000000e+00
     8       1   1.24203774e-02   2.31271659e-01
     8       2   2.05595472e-06   3.06945360e-09
     8       3   3.97695184e-15   0.00000000e+00
     9       1   1.41746856e-02   2.06241603e-01
     9       2   2.35272531e-06   2.75304136e-09
     9       3   4.50782197e-15   0.00000000e+00
    10       1   1.59665043e-02   1.85828526e-01
    10       2   2.65446179e-06   2.49205592e-09
    10       3   5.18238713e-15   0.00000000e+00
    11       1   1.78012966e-02   1.68841243e-01
    11       2   2.96184461e-06   2.27298163e-09
    11       3   5.76528748e-15   0.00000000e+00
    12       1   1.96850398e-02   1.54464499e-01
    12       2   3.27561444e-06   2.08594958e-09
    12       3   6.37907798e-15   0.00000000e+00
    13       1   2.16243217e-02   1.42121845e-01
    13       2   3.59658327e-06   1.92478122e-09
    13       3   7.02813485e-15   0.00000000e+00
    14       1   2.36264550e-02   1.31394315e-01
    14       2   3.92564740e-06   1.78364881e-09
    14       3   7.84817075e-15   0.00000000e+00
    15       1   2.56996142e-02   1.21970142e-01
    15       2   4.26380310e-06   1.65955421e-09
    15       3   8.31815910e-15   0.00000000e+00
    16       1   2.78530007e-02   1.13612561e-01
    16       2   4.61216544e-06   1.54882480e-09
    16       3   8.96350562e-15   0.00000000e+00
    17       1   3.00970443e-02   1.06138532e-01
    17       2   4.97199111e-06   1.44954813e-09
    17       3   9.65938403e-15   0.00000000e+00
    18       1   3.24436490e-02   9.94043172e-02
    18       2   5.34470651e-06   1.35963306e-09
    18       3   1.04126892e-14   0.00000000e+00
    19       1   3.49064993e-02   9.32954521e-02
    19       2   5.73194238e-06   1.27794677e-09
    19       3   1.12314260e-14   0.00000000e+00
    20       1   3.75014411e-02   8.77196416e-02
    20       2   6.13557702e-06   1.20315582e-09
    20       3   1.19674829e-14   0.00000000e+00
    21       1   4.02469630e-02   8.26016221e-02
    21       2   6.55779087e-06   1.13459506e-09
    21       3   1.31042696e-14   0.00000000e+00
    22       1   4.31648089e-02   7.78793876e-02
    22       2   7.00113575e-06   1.07120097e-09
    22       3   1.38406899e-14   0.00000000e+00
    23       1   4.62807675e-02   7.35013745e-02
    23       2   7.46862411e-06   1.01229268e-09
    23       3   1.44811395e-14   0.00000000e+00
    24       1   4.96256994e-02   6.94243329e-02
    24       2   7.96384514e-06   9.57098381e-10
    24       3   1.57626054e-14   0.00000000e+00
    25       1   5.32368929e-02   6.56116954e-02
    25       2   8.49111778e-06   9.05690825e-10
    25       3   1.67992548e-14   0.00000000e+00
    26       1   5.71598772e-02   6.20323147e-02
    26       2   9.05569527e-06   8.57152248e-10
    26       3   1.77593373e-14   0.00000000e+00
    27       1   6.14508829e-02   5.86594742e-02
    27       2   9.66404264e-06   8.11386061e-10
    27       3   1.92940229e-14   0.00000000e+00
    28       1   6.61802399e-02   5.54701060e-02
    28       2   1.03242197e-05   7.68350822e-10
    28       3   2.04524712e-14   0.00000000e+00
    29       1   7.14371557e-02   5.24441672e-02
    29       2   1.10464194e-05   7.26832241e-10
    29       3   2.17866290e-14   0.00000000e+00
    30       1   7.73365773e-02   4.95641374e-02
    30       2   1.18437408e-05   6.88122923e-10
    30       3   2.33347936e-14   0.00000000e+00
    31       1   8.40292814e-02   4.68146111e-02
    31       2   1.27333250e-05   6.50844828e-10
    31       3   2.49994262e-14   0.00000000e+00
    32       1   9.17171146e-02   4.41819645e-02
    32       2   1.37380713e-05   6.14649215e-10
    32       3   2.71304358e-14   0.00000000e+00
    33       1   1.00676738e-01   4.16540805e-02
    33       2   1.48893094e-05   5.80343383e-10
    33       3   2.95059022e-14   0.00000000e+00
    34       1   1.11297984e-01   3.92201211e-02
    34       2   1.62311166e-05   5.46912754e-10
    34       3   3.19992134e-14   0.00000000e+00
    35       1   1.24148507e-01   3.68703364e-02
    35       2   1.78275929e-05   5.14994983e-10
    35       3   3.53050928e-14   0.00000000e+00
    36       1   1.40088487e-01   3.45959042e-02
    36       2   1.97757684e-05   4.83778507e-10
    36       3   3.91109791e-14   0.00000000e+00
    37       1   1.60487293e-01   3.23887934e-02
    37       2   2.22299814e-05   4.53587218e-10
    37       3   4.39179573e-14   0.00000000e+00
    38       1   1.87666223e-01   3.02416477e-02
    38       2   2.54516924e-05   4.24372601e-10
    38       3   5.02396706e-14   0.00000000e+00
    39       1   2.25900499e-01   2.81476849e-02
    39       2   2.99222185e-05   3.95684986e-10
    39       3   5.94485571e-14   0.00000000e+00
    40       1   2.84024498e-01   2.61006093e-02
    40       2   3.66358377e-05   3.67695879e-10
    40       3   7.26239050e-14   0.00000000e+00
    41       1   3.83721338e-01   2.40945344e-02
    41       2   4.80323872e-05   3.40219844e-10
    41       3   9.53576237e-14   0.00000000e+00
    42       1   5.96235749e-01   2.21239147e-02
    42       2   7.21273299e-05   3.13066236e-10
    42       3   1.43258112e-13   0.00000000e+00
    43       1   1.37283479e+00   2.01834835e-02
    43       2   1.59682332e-04   2.86439517e-10
    43       3   3.17035487e-13   0.00000000e+00
    44       1   4.05214516e+00   1.82681966e-02
    44       2   4.50716547e-04   2.60263461e-10
    44       3   8.97926126e-13   0.00000000e+00
    45       1   7.96228360e-01   1.63731794e-02
    45       2   8.39572117e-05   2.34173041e-10
    45       3   1.67516832e-13   0.00000000e+00
    46       1   4.33319291e-01   1.44936776e-02
    46       2   4.29027668e-05   2.08523074e-10
    46       3   8.57374186e-14   0.00000000e+00
    47       1   2.93017860e-01   1.26250086e-02
    47       2   2.68916431e-05   1.82666228e-10
    47       3   5.38015861e-14   0.00000000e+00
    48       1   2.18171524e-01   1.07625144e-02
    48       2   1.82369456e-05   1.57107036e-10
    48       3   3.67362245e-14   0.00000000e+00
    49       1   1.71358364e-01   8.90151376e-03
    49       2   1.27266929e-05   1.31473359e-10
    49       3   2.56777982e-14   0.00000000e+00
    50       1   1.39104137e-01   7.03725321e-03
    50       2   8.84379801e-06   1.05872489e-10
    50       3   1.80049730e-14   0.00000000e+00
    51       1   1.15366693e-01   5.16485501e-03
    51       2   5.90743213e-06   7.98861655e-11
    51       3   1.20344080e-14   0.00000000e+00
    52       1   9.70315230e-02   3.27926183e-03
    52       2   3.56610975e-06   5.41069324e-11
    52       3   7.19121823e-15   0.00000000e+00
    53       1   8.23290453e-02   1.37517593e-03
    53       2   1.61956963e-06   2.79115623e-11
    53       3   3.66621266e-15   0.00000000e+00
    54       1   7.01783115e-02   5.53008594e-04
    54       2   5.50950346e-08   1.24379424e-12
    54       3   1.36356954e-16   0.00000000e+00
    55       1   5.98806919e-02   2.51128245e-03
    55       2   1.53792639e-06   2.58461645e-11
    55       3   2.82021539e-15   0.00000000e+00
    56       1   5.09635469e-02   4.50610914e-03
    56       2   2.88371794e-06   5.32683329e-11
    56       3   5.23130082e-15   0.00000000e+00
    57       1   4.30946359e-02   6.54452742e-03
    57       2   4.13167539e-06   8.13112575e-11
    57       3   8.03262558e-15   0.00000000e+00
    58       1   3.60325060e-02   8.63427182e-03
    58       2   5.31103491e-06   1.10144596e-10
    58       3   1.00997593e-14   0.00000000e+00
    59       1   2.95963313e-02   1.07839162e-02
    59       2   6.44450022e-06   1.39967306e-10
    59       3   1.24143218e-14   0.00000000e+00
    60       1   2.36468077e-02   1.30030462e-02
    60       2   7.55044503e-06   1.70479140e-10
    60       3   1.46723914e-14   0.00000000e+00
    61       1   1.80735972e-02   1.53024690e-02
    61       2   8.64439045e-06   2.02315716e-10
    61       3   1.67038655e-14   0.00000000e+00
    62       1   1.27867852e-02   1.76944702e-02
    62       2   9.74004608e-06   2.35394579e-10
    62       3   1.91697600e-14   0.00000000e+00
    63       1   7.71085881e-03   2.01931322e-02
    63       2   1.08500868e-05   2.69861212e-10
    63       3   2.12716214e-14   0.00000000e+00
    64       1   2.78029757e-03   2.28147314e-02
    64       2   1.19867738e-05   3.06044846e-10
    64       3   2.34558264e-14   0.00000000e+00
    65       1   2.06380861e-03   2.55782411e-02
    65       2   1.31624929e-05   3.44208254e-10
    65       3   2.55477450e-14   0.00000000e+00
    66       1   6.87650272e-03   2.85059721e-02
    66       2   1.43902653e-05   3.84806250e-10
    66       3   2.79866827e-14   0.00000000e+00
    67       1   1.17113477e-02   3.16244002e-02
    67       2   1.56842775e-05   4.27788478e-10
    67       3   3.06041034e-14   0.00000000e+00
    68       1   1.66226807e-02   3.49652461e-02
    68       2   1.70604761e-05   4.74104221e-10
    68       3   3.34404257e-14   0.00000000e+00
    69       1   2.16679382e-02   3.85669059e-02
    69       2   1.85372820e-05   5.23773279e-10
    69       3   3.65429101e-14   0.00000000e+00
    70       1   2.69102650e-02   4.24763689e-02
    70       2   2.01364913e-05   5.77777048e-10
    70       3   3.95239350e-14   0.00000000e+00
    71       1   3.24216690e-02   4.67518332e-02
    71       2   2.18844581e-05   6.37016363e-10
    71       3   4.28676215e-14   0.00000000e+00
    72       1   3.82870726e-02   5.14663319e-02
    72       2   2.38136998e-05   7.02293778e-10
    72       3   4.66499258e-14   0.00000000e+00
    73       1   4.46097781e-02   5.67128591e-02
    73       2   2.59651354e-05   7.74717552e-10
    73       3   5.08429813e-14   0.00000000e+00
    74       1   5.15191432e-02   6.26117726e-02
    74       2   2.83912958e-05   8.56579242e-10
    74       3   5.56829393e-14   0.00000000e+00
    75       1   5.91817597e-02   6.93217495e-02
    75       2   3.11610533e-05   9.49481612e-10
    75       3   6.11915963e-14   0.00000000e+00
    76       1   6.78183074e-02   7.70564558e-02
    76       2   3.43668016e-05   1.05657386e-09
    76       3   6.74088305e-14   0.00000000e+00
    77       1   7.77299051e-02   8.61107418e-02
    77       2   3.81357232e-05   1.18173434e-09
    77       3   7.48760938e-14   0.00000000e+00
    78       1   8.93409844e-02   9.69033788e-02
    78       2   4.26481606e-05   1.33105099e-09
    78       3   8.39916290e-14   0.00000000e+00
    79       1   1.03272322e-01   1.10049964e-01
    79       2   4.81689411e-05   1.51310658e-09
    79       3   9.47671118e-14   0.00000000e+00
    80       1   1.20472403e-01   1.26494148e-01
    80       2   5.51037532e-05   1.74084549e-09
    80       3   1.08323094e-13   0.00000000e+00
    81       1   1.42469950e-01   1.47759987e-01
    81       2   6.41075497e-05   2.03513177e-09
    81       3   1.26320923e-13   0.00000000e+00
    82       1   1.71901880e-01   1.76479606e-01
    82       2   7.63111995e-05   2.43246343e-09
    82       3   1.50321609e-13   0.00000000e+00
    83       1   2.13745163e-01   2.17624380e-01
    83       2   9.38503312e-05   3.00197932e-09
    83       3   1.84700194e-13   0.00000000e+00
    84       1   2.78660592e-01   2.81846743e-01
    84       2   1.21300753e-04   3.89097515e-09
    84       3   2.39370431e-13   0.00000000e+00
    85       1   3.94362871e-01   3.96842306e-01
    85       2   1.70558865e-04   5.48275992e-09
    85       3   3.35886336e-13   0.00000000e+00
    86       1   6.62483812e-01   6.64160414e-01
    86       2   2.85243682e-04   9.18282232e-09
    86       3   5.62117649e-13   0.00000000e+00
    87       1   1.99837797e+00   1.99773971e+00
    87       2   8.57922237e-04   2.76426143e-08
    87       3   1.69153374e-12   0.00000000e+00
    88       1   1.99914706e+00   2.00000490e+00
    88       2   8.59380674e-04   2.76946197e-08
    88       3   1.69444285e-12   0.00000000e+00
    89       1   6.66296912e-01   6.66416426e-01
    89       2   2.86698433e-04   9.23505287e-09
    89       3   5.65473877e-13   0.00000000e+00
    90       1   3.98422698e-01   3.99096784e-01
    90       2   1.72014613e-04   5.53462675e-09
    90       3   3.39303040e-13   0.00000000e+00
    91       1   2.82792510e-01   2.84099777e-01
    91       2   1.22758432e-04   3.94293056e-09
    91       3   2.42266685e-13   0.00000000e+00
    92       1   2.17911443e-01   2.19875662e-01
    92       2   9.53106951e-05   3.05401739e-09
    92       3   1.88185219e-13   0.00000000e+00
    93       1   1.76090670e-01   1.78728748e-01
    93       2   7.77749819e-05   2.48428345e-09
    93       3   1.53623880e-13   0.00000000e+00
    94       1   1.46677146e-01   1.50006575e-01
    94       2   6.55754965e-05   2.08670416e-09
    94       3   1.29506568e-13   0.00000000e+00
    95       1   1.24696914e-01   1.28737751e-01
    95       2   5.65766348e-05   1.79248718e-09
    95       3   1.11755152e-13   0.00000000e+00
    96       1   1.07514466e-01   1.12290142e-01
    96       2   4.96475604e-05   1.56471941e-09
    96       3   9.80217698e-14   0.00000000e+00
    97       1   9.36018439e-02   9.91396785e-02
    97       2   4.41333604e-05   1.38262990e-09
    97       3   8.72888443e-14   0.00000000e+00
    98       1   8.20110477e-02   8.83426993e-02
    98       2   3.96283942e-05   1.23308875e-09
    98       3   7.83809505e-14   0.00000000e+00
    99       1   7.21216542e-02   7.92835949e-02
    99       2   3.58678904e-05   1.10773667e-09
    99       3   7.11045048e-14   0.00000000e+00
   100       1   6.35095265e-02   7.15435802e-02
   100       2   3.26715724e-05   1.00044772e-09
   100       3   6.46526712e-14   0.00000000e+00
   101       1   5.58738202e-02   6.48277902e-02
   101       2   2.99123336e-05   9.07687495e-10
   101       3   5.92121493e-14   0.00000000e+00
   102       1   4.89941322e-02   5.89225424e-02
   102       2   2.74978690e-05   8.25896722e-10
   102       3   5.45723030e-14   0.00000000e+00
   103       1   4.27041656e-02   5.36691416e-02
   103       2   2.53594093e-05   7.52980262e-10
   103       3   5.01010745e-14   0.00000000e+00
   104       1   3.68748874e-02   4.89472102e-02
   104       2   2.34445435e-05   6.87512589e-10
   104       3   4.63062058e-14   0.00000000e+00
   105       1   3.14033620e-02   4.46637324e-02
   105       2   2.17124919e-05   6.28205921e-10
   105       3   4.28546077e-14   0.00000000e+00
   106       1   2.62050872e-02   4.07456513e-02
   106       2   2.01309007e-05   5.74092880e-10
   106       3   3.97863668e-14   0.00000000e+00
   107       1   2.12085422e-02   3.71347427e-02
   107       2   1.86736075e-05   5.24103960e-10
   107       3   3.68268004e-14   0.00000000e+00
   108       1   1.63511520e-02   3.37839890e-02
   108       2   1.73190422e-05   4.77532705e-10
   108       3   3.45597376e-14   0.00000000e+00
   109       1   1.15761525e-02   3.06549631e-02
   109       2   1.60490524e-05   4.34389700e-10
   109       3   3.18965882e-14   0.00000000e+00
   110       1   6.83000625e-03   2.77159105e-02
   110       2   1.48480112e-05   3.93524281e-10
   110       3   2.94310031e-14   0.00000000e+00
   111       1   2.06010894e-03   2.49403185e-02
   111       2   1.37021171e-05   3.54871517e-10
   111       3   2.73311373e-14   0.00000000e+00
   112       1   2.78742286e-03   2.23058363e-02
   112       2   1.25988145e-05   3.18567444e-10
   112       3   2.51577830e-14   0.00000000e+00
   113       1   7.77008378e-03   1.97934468e-02
   113       2   1.15262869e-05   2.83716627e-10
   113       3   2.30861624e-14   0.00000000e+00
   114       1   1.29516488e-02   1.73868256e-02
   114       2   1.04729756e-05   2.50342089e-10
   114       3   2.10886297e-14   0.00000000e+00
   115       1   1.84054533e-02   1.50718384e-02
   115       2   9.42708236e-06   2.18184561e-10
   115       3   1.89252578e-14   0.00000000e+00
   116       1   2.42186613e-02   1.28361428e-02
   116       2   8.37600560e-06   1.87284063e-10
   116       3   1.67702233e-14   0.00000000e+00
   117       1   3.04980856e-02   1.06688694e-02
   117       2   7.30564439e-06   1.57222692e-10
   117       3   1.49251989e-14   0.00000000e+00
   118       1   3.73784390e-02   8.56036459e-03
   118       2   6.19947529e-06   1.27819156e-10
   118       3   1.24563893e-14   0.00000000e+00
   119       1   4.50344544e-02   6.50198020e-03
   119       2   5.03725036e-06   9.91618293e-11
   119       3   1.03409424e-14   0.00000000e+00
   120       1   5.36993237e-02   4.48590025e-03
   120       2   3.79306378e-06   7.12328717e-11
   120       3   7.81968712e-15   0.00000000e+00
   121       1   6.36938012e-02   2.50499668e-03
   121       2   2.43234133e-06   4.36203935e-11
   121       3   5.04520654e-15   0.00000000e+00
   122       1   7.54740730e-02   5.52707858e-04
   122       2   9.06925323e-07   1.66659096e-11
   122       3   2.19972720e-15   0.00000000e+00
   123       1   8.97143393e-02   1.37706478e-03
   123       2   8.53371502e-07   1.02128854e-11
   123       3   1.27843852e-15   0.00000000e+00
   124       1   1.07457648e-01   3.29004593e-03
   124       2   2.95616207e-06   3.70111262e-11
   124       3   5.66324932e-15   0.00000000e+00
   125       1   1.30411441e-01   5.19166440e-03
   125       2   5.57662356e-06   6.31888067e-11
   125       3   1.06029251e-14   0.00000000e+00
   126       1   1.61580794e-01   7.08712229e-03
   126       2   9.02204329e-06   8.97168483e-11
   126       3   1.73121738e-14   0.00000000e+00
   127       1   2.06795561e-01   8.98145753e-03
   127       2   1.38874507e-05   1.16125928e-10
   127       3   2.69211889e-14   0.00000000e+00
   128       1   2.79056869e-01   1.08796014e-02
   128       2   2.14985297e-05   1.42412688e-10
   128       3   4.12478542e-14   0.00000000e+00
   129       1   4.14474641e-01   1.27864325e-02
   129       2   3.55355792e-05   1.68957509e-10
   129       3   6.87420609e-14   0.00000000e+00
   130       1   7.64711005e-01   1.47068287e-02
   130       2   7.14523959e-05   1.95761191e-10
   130       3   1.38645933e-13   0.00000000e+00
   131       1   3.90892799e+00   1.66457178e-02
   131       2   3.91945475e-04   2.22899955e-10
   131       3   7.63250392e-13   0.00000000e+00
   132       1   1.32744879e+00   1.86081285e-02
   132       2   1.41337405e-04   2.50224879e-10
   132       3   2.76035780e-13   0.00000000e+00
   133       1   5.78523946e-01   2.05992429e-02
   133       2   6.47945909e-05   2.77950024e-10
   133       3   1.26431151e-13   0.00000000e+00
   134       1   3.73508630e-01   2.26244510e-02
   134       2   4.37007547e-05   3.06359318e-10
   134       3   8.54800211e-14   0.00000000e+00
   135       1   2.77300953e-01   2.46894090e-02
   135       2   3.37030603e-05   3.35252887e-10
   135       3   6.60342580e-14   0.00000000e+00
   136       1   2.21191884e-01   2.68001029e-02
   136       2   2.77979818e-05   3.64640111e-10
   136       3   5.45301814e-14   0.00000000e+00
   137       1   1.84268235e-01   2.89629185e-02
   137       2   2.38536630e-05   3.94867812e-10
   137       3   4.65763827e-14   0.00000000e+00
   138       1   1.58008904e-01   3.11847193e-02
   138       2   2.10012980e-05   4.26124369e-10
   138       3   4.12740832e-14   0.00000000e+00
   139       1   1.38290124e-01   3.34729355e-02
   139       2   1.88202809e-05   4.58214850e-10
   139       3   3.70858280e-14   0.00000000e+00
   140       1   1.22872770e-01   3.58356654e-02
   140       2   1.70821072e-05   4.91151285e-10
   140       3   3.34177239e-14   0.00000000e+00
   141       1   1.10435909e-01   3.82817928e-02
   141       2   1.56518730e-05   5.25468758e-10
   141       3   3.08140658e-14   0.00000000e+00
   142       1   1.00149757e-01   4.08211241e-02
   142       2   1.44447500e-05   5.61070160e-10
   142       3   2.84394309e-14   0.00000000e+00
   143       1   9.14667058e-02   4.34645496e-02
   143       2   1.34046849e-05   5.98405258e-10
   143       3   2.64844791e-14   0.00000000e+00
   144       1   8.40106717e-02   4.62242349e-02
   144       2   1.24931218e-05   6.37046489e-10
   144       3   2.45556546e-14   0.00000000e+00
   145       1   7.75147390e-02   4.91138495e-02
   145       2   1.16826448e-05   6.77640091e-10
   145       3   2.30618765e-14   0.00000000e+00
   146       1   7.17841598e-02   5.21488420e-02
   146       2   1.09532063e-05   7.20554802e-10
   146       3   2.16599665e-14   0.00000000e+00
   147       1   6.66734501e-02   5.53467745e-02
   147       2   1.02897914e-05   7.65411098e-10
   147       3   2.03342522e-14   0.00000000e+00
   148       1   6.20716888e-02   5.87277308e-02
   148       2   9.68091858e-06   8.13014734e-10
   148       3   1.90722554e-14   0.00000000e+00
   149       1   5.78927842e-02   6.23148195e-02
   149       2   9.11764695e-06   8.63846287e-10
   149       3   1.77593399e-14   0.00000000e+00
   150       1   5.40688548e-02   6.61347997e-02
   150       2   8.59290058e-06   9.17702939e-10
   150       3   1.71945337e-14   0.00000000e+00
   151       1   5.05456198e-02   7.02188637e-02
   151       2   8.10099805e-06   9.75406534e-10
   151       3   1.61379075e-14   0.00000000e+00
   152       1   4.72791215e-02   7.46036289e-02
   152       2   7.63731766e-06   1.03753583e-09
   152       3   1.51962593e-14   0.00000000e+00
   153       1   4.42333511e-02   7.93324032e-02
   153       2   7.19805482e-06   1.10483651e-09
   153       3   1.41824369e-14   0.00000000e+00
   154       1   4.13785000e-02   8.44568199e-02
   154       2   6.78004320e-06   1.17738929e-09
   154       3   1.34318778e-14   0.00000000e+00
   155       1   3.86896516e-02   9.00389731e-02
   155       2   6.38062087e-06   1.25686205e-09
   155       3   1.25973517e-14   0.00000000e+00
   156       1   3.61457902e-02   9.61542417e-02
   156       2   5.99752879e-06   1.34387177e-09
   156       3   1.18385312e-14   0.00000000e+00
   157       1   3.37290396e-02   1.02895078e-01
   157       2   5.62883266e-06   1.44010461e-09
   157       3   1.11459781e-14   0.00000000e+00
   158       1   3.14240714e-02   1.10376166e-01
   158       2   5.27286229e-06   1.54714151e-09
   158       3   1.03696337e-14   0.00000000e+00
   159       1   2.92176413e-02   1.18741567e-01
   159       2   4.92816383e-06   1.66702958e-09
   159       3   9.65300675e-15   0.00000000e+00
   160       1   2.70982206e-02   1.28174805e-01
   160       2   4.59346185e-06   1.80252065e-09
   160       3   9.25730671e-15   0.00000000e+00
   161       1   2.50557013e-02   1.38913403e-01
   161       2   4.26762896e-06   1.95717805e-09
   161       3   8.50218550e-15   0.00000000e+00
   162       1   2.30811580e-02   1.51270348e-01
   162       2   3.94966115e-06   2.13545405e-09
   162       3   7.92262519e-15   0.00000000e+00
   163       1   2.11666541e-02   1.65666661e-01
   163       2   3.63865773e-06   2.34436536e-09
   163       3   7.12955811e-15   0.00000000e+00
   164       1   1.93050814e-02   1.82682402e-01
   164       2   3.33380469e-06   2.59209115e-09
   164       3   6.74661332e-15   0.00000000e+00
   165       1   1.74900285e-02   2.03139523e-01
   165       2   3.03436092e-06   2.89080939e-09
   165       3   6.02603180e-15   0.00000000e+00
   166       1   1.57156696e-02   2.28242417e-01
   166       2   2.73964667e-06   3.25979241e-09
   166       3   5.45683733e-15   0.00000000e+00
   167       1   1.39766714e-02   2.59829096e-01
   167       2   2.44903371e-06   3.72715474e-09
   167       3   4.79573621e-15   0.00000000e+00
   168       1   1.22681131e-02   3.00849532e-01
   168       2   2.16193695e-06   4.33908617e-09
   168       3   4.27477407e-15   0.00000000e+00
   169       1   1.05854182e-02   3.56352410e-01
   169       2   1.87780714e-06   5.17493625e-09
   169       3   3.88659674e-15   0.00000000e+00
   170       1   8.92429433e-03   4.35742528e-01
   170       2   1.59612457e-06   6.38597802e-09
   170       3   3.17216756e-15   0.00000000e+00
   171       1   7.28068119e-03   5.58721843e-01
   171       2   1.31639338e-06   8.29536164e-09
   171       3   2.69920814e-15   0.00000000e+00
   172       1   5.65070304e-03   7.74434973e-01
   172       2   1.03813649e-06   1.17275341e-08
   172       3   2.12480048e-15   0.00000000e+00
   173       1   4.03062610e-03   1.24697726e+00
   173       2   7.60890975e-07   1.95447471e-08
   173       3   1.55933313e-15   0.00000000e+00
   174       1   2.41681910e-03   2.99676722e+00
   174       2   4.84203725e-07   5.06600735e-08
   174       3   1.00000624e-15   0.00000000e+00
   175       1   8.05716103e-04   6.90707438e+07
   175       2   2.07627348e-07   2.69082426e+00
   175       3   4.44089210e-16   1.90950323e-09
   175       4   0.00000000e+00   0.00000000e+00
   176       1   8.06219214e-04   1.00000001e+00
   176       2   6.92837908e-08   4.65337319e-09
   176       3   1.11111803e-16   0.00000000e+00
   177       1   2.42252854e-03   7.49799124e-01
   177       2   3.46977490e-07   8.08966567e-09
   177       3   6.68285616e-16   0.00000000e+00
   178       1   4.04679404e-03   5.54958460e-01
   178       2   6.25907659e-07   6.67080251e-09
   178       3   1.11831602e-15   0.00000000e+00
   179       1   5.68267431e-03   4.36440825e-01
   179       2   9.06538394e-07   5.47756617e-09
   179       3   1.68700503e-15   0.00000000e+00
   180       1   7.33394194e-03   3.58449060e-01
   180       2   1.18934824e-06   4.60520350e-09
   180       3   2.49241727e-15   0.00000000e+00
   181       1   9.00452366e-03   3.03496538e-01
   181       2   1.47483480e-06   3.95705888e-09
   181       3   2.74347992e-15   0.00000000e+00
   182       1   1.06985439e-02   2.62728671e-01
   182       2   1.76351965e-06   3.46071781e-09
   182       3   3.46603283e-15   0.00000000e+00
   183       1   1.24203730e-02   2.31271733e-01
   183       2   2.05595394e-06   3.06913335e-09
   183       3   4.21089005e-15   0.00000000e+00
   184       1   1.41746812e-02   2.06241662e-01
   184       2   2.35272452e-06   2.75295995e-09
   184       3   4.62644869e-15   0.00000000e+00
   185       1   1.59664997e-02   1.85828575e-01
   185       2   2.65446099e-06   2.49212312e-09
   185       3   5.18238691e-15   0.00000000e+00
   186       1   1.78012919e-02   1.68841285e-01
   186       2   2.96184379e-06   2.27298728e-09
   186       3   5.88795289e-15   0.00000000e+00
   187       1   1.96850350e-02   1.54464534e-01
   187       2   3.27561361e-06   2.08615240e-09
   187       3   6.50415760e-15   0.00000000e+00
   188       1   2.16243168e-02   1.42121875e-01
   188       2   3.59658242e-06   1.92481078e-09
   188       3   7.15591872e-15   0.00000000e+00
   189       1   2.36264499e-02   1.31394341e-01
   189       2   3.92564652e-06   1.78398908e-09
   189       3   7.58656460e-15   0.00000000e+00
   190       1   2.56996089e-02   1.21970166e-01
   190       2   4.26380220e-06   1.65940159e-09
   190       3   8.31815855e-15   0.00000000e+00
   191       1   2.78529952e-02   1.13612582e-01
   191       2   4.61216451e-06   1.54855086e-09
   191       3   8.96350498e-15   0.00000000e+00
   192       1   3.00970385e-02   1.06138551e-01
   192       2   4.97199016e-06   1.44955435e-09
   192       3   9.80143304e-15   0.00000000e+00
   193       1   3.24436430e-02   9.94043341e-02
   193       2   5.34470552e-06   1.35961833e-09
   193       3   1.05593459e-14   0.00000000e+00
   194       1   3.49064930e-02   9.32954674e-02
   194       2   5.73194135e-06   1.27809343e-09
   194       3   1.13832010e-14   0.00000000e+00
   195       1   3.75014344e-02   8.77196557e-02
   195       2   6.13557595e-06   1.20332599e-09
   195       3   1.21249487e-14   0.00000000e+00
   196       1   4.02469559e-02   8.26016350e-02
   196       2   6.55778975e-06   1.13458253e-09
   196       3   1.29404649e-14   0.00000000e+00
   197       1   4.31648014e-02   7.78793995e-02
   197       2   7.00113457e-06   1.07097430e-09
   197       3   1.38406884e-14   0.00000000e+00
   198       1   4.62807595e-02   7.35013856e-02
   198       2   7.46862287e-06   1.01214665e-09
   198       3   1.46599173e-14   0.00000000e+00
   199       1   4.96256907e-02   6.94243432e-02
   199       2   7.96384382e-06   9.57062308e-10
   199       3   1.59502534e-14   0.00000000e+00
   200       1   5.32368836e-02   6.56117051e-02
   200       2   8.49111638e-06   9.05751532e-10
   200       3   1.66016143e-14   0.00000000e+00
   201       1   5.71598670e-02   6.20323238e-02
   201       2   9.05569376e-06   8.57131516e-10
   201       3   1.79682681e-14   0.00000000e+00
   202       1   6.14508718e-02   5.86594828e-02
   202       2   9.66404102e-06   8.11281580e-10
   202       3   1.92940199e-14   0.00000000e+00
   203       1   6.61802276e-02   5.54701141e-02
   203       2   1.03242180e-05   7.68302625e-10
   203       3   2.04524678e-14   0.00000000e+00
   204       1   7.14371420e-02   5.24441749e-02
   204       2   1.10464175e-05   7.27344689e-10
   204       3   2.19132916e-14   0.00000000e+00
   205       1   7.73365618e-02   4.95641448e-02
   205       2   1.18437387e-05   6.88005640e-10
   205       3   2.33347891e-14   0.00000000e+00
   206       1   8.40292638e-02   4.68146181e-02
   206       2   1.27333227e-05   6.50551562e-10
   206       3   2.49994210e-14   0.00000000e+00
   207       1   9.17170942e-02   4.41819712e-02
   207       2   1.37380686e-05   6.14765294e-10
   207       3   2.71304296e-14   0.00000000e+00
   208       1   1.00676715e-01   4.16540870e-02
   208       2   1.48893063e-05   5.80284212e-10
   208       3   2.93281485e-14   0.00000000e+00
   209       1   1.11297956e-01   3.92201274e-02
   209       2   1.62311129e-05   5.47002305e-10
   209       3   3.21967305e-14   0.00000000e+00
   210       1   1.24148472e-01   3.68703425e-02
   210       2   1.78275885e-05   5.14859984e-10
   210       3   3.53050820e-14   0.00000000e+00
   211       1   1.40088443e-01   3.45959100e-02
   211       2   1.97757631e-05   4.83936347e-10
   211       3   3.92375383e-14   0.00000000e+00
   212       1   1.60487236e-01   3.23887990e-02
   212       2   2.22299746e-05   4.53816563e-10
   212       3   4.39179400e-14   0.00000000e+00
   213       1   1.87666146e-01   3.02416532e-02
   213       2   2.54516832e-05   4.24532037e-10
   213       3   5.05885340e-14   0.00000000e+00
   214       1   2.25900387e-01   2.81476903e-02
   214       2   2.99222053e-05   3.95741492e-10
   214       3   5.94485244e-14   0.00000000e+00
   215       1   2.84024318e-01   2.61006146e-02
   215       2   3.66358170e-05   3.67661337e-10
   215       3   7.26238548e-14   0.00000000e+00
   216       1   3.83721007e-01   2.40945396e-02
   216       2   4.80323495e-05   3.40174665e-10
   216       3   9.49776245e-14   0.00000000e+00
   217       1   5.96234935e-01   2.21239198e-02
   217       2   7.21272378e-05   3.13165869e-10
   217       3   1.43409501e-13   0.00000000e+00
   218       1   1.37283038e+00   2.01834885e-02
   218       2   1.59681835e-04   2.86693177e-10
   218       3   3.18652881e-13   0.00000000e+00
   219       1   4.05218483e+00   1.82682015e-02
   219       2   4.50721015e-04   2.60174374e-10
   219       3   8.96012947e-13   0.00000000e+00
   220       1   7.96229951e-01   1.63731843e-02
   220       2   8.39573913e-05   2.34182739e-10
   220       3   1.67517150e-13   0.00000000e+00
   221       1   4.33319784e-01   1.44936824e-02
   221       2   4.29028229e-05   2.08394738e-10
   221       3   8.57375065e-14   0.00000000e+00
   222       1   2.93018098e-01   1.26250133e-02
   222       2   2.68916705e-05   1.82701244e-10
   222       3   5.38016232e-14   0.00000000e+00
   223       1   2.18171665e-01   1.07625191e-02
   223       2   1.82369621e-05   1.57088244e-10
   223       3   3.65960285e-14   0.00000000e+00
   224       1   1.71358457e-01   8.90151853e-03
   224       2   1.27267040e-05   1.31467788e-10
   224       3   2.56778083e-14   0.00000000e+00
   225       1   1.39104204e-01   7.03725798e-03
   225       2   8.84380626e-06   1.05877881e-10
   225       3   1.80049787e-14   0.00000000e+00
   226       1   1.15366744e-01   5.16485980e-03
   226       2   5.90743859e-06   8.00622233e-11
   226       3   1.20344111e-14   0.00000000e+00
   227       1   9.70315630e-02   3.27926666e-03
   227       2   3.56611506e-06   5.42080321e-11
   227       3   7.51082957e-15   0.00000000e+00
   228       1   8.23290781e-02   1.37518081e-03
   228       2   1.61957416e-06   2.78384385e-11
   228       3   3.66621333e-15   0.00000000e+00
   229       1   7.01783390e-02   5.53003658e-04
   229       2   5.50910467e-08   1.29112740e-12
   229       3   2.72713950e-16   0.00000000e+00
   230       1   5.98807156e-02   2.51127744e-03
   230       2   1.53792279e-06   2.57227602e-11
   230       3   2.82021574e-15   0.00000000e+00
   231       1   5.09635677e-02   4.50610404e-03
   231       2   2.88371461e-06   5.32351988e-11
   231       3   5.35295954e-15   0.00000000e+00
   232       1   4.30946545e-02   6.54452220e-03
   232       2   4.13167224e-06   8.13612820e-11
   232       3   7.68338165e-15   0.00000000e+00
   233       1   3.60325229e-02   8.63426647e-03
   233       2   5.31103189e-06   1.10291541e-10
   233       3   1.02119796e-14   0.00000000e+00
   234       1   2.95963469e-02   1.07839107e-02
   234       2   6.44449727e-06   1.39834728e-10
   234       3   1.24143224e-14   0.00000000e+00
   235       1   2.36468223e-02   1.30030405e-02
   235       2   7.55044211e-06   1.70543339e-10
   235       3   1.46723920e-14   0.00000000e+00
   236       1   1.80736111e-02   1.53024631e-02
   236       2   8.64438753e-06   2.02331507e-10
   236       3   1.69126642e-14   0.00000000e+00
   237       1   1.27867984e-02   1.76944641e-02
   237       2   9.74004311e-06   2.35351800e-10
   237       3   1.89636338e-14   0.00000000e+00
   238       1   7.71087169e-03   2.01931258e-02
   238       2   1.08500838e-05   2.69739218e-10
   238       3   2.12716213e-14   0.00000000e+00
   239       1   2.78031023e-03   2.28147247e-02
   239       2   1.19867707e-05   3.05956875e-10
   239       3   2.36597898e-14   0.00000000e+00
   240       1   2.06379603e-03   2.55782340e-02
   240       2   1.31624896e-05   3.44162462e-10
   240       3   2.55477443e-14   0.00000000e+00
   241       1   6.87649006e-03   2.85059646e-02
   241       2   1.43902619e-05   3.84734065e-10
   241       3   2.81924660e-14   0.00000000e+00
   242       1   1.17113348e-02   3.16243922e-02
   242       2   1.56842738e-05   4.28022400e-10
   242       3   3.06041017e-14   0.00000000e+00
   243       1   1.66226675e-02   3.49652375e-02
   243       2   1.70604722e-05   4.74182324e-10
   243       3   3.32287752e-14   0.00000000e+00
   244       1   2.16679244e-02   3.85668966e-02
   244       2   1.85372777e-05   5.23882392e-10
   244       3   3.63266769e-14   0.00000000e+00
   245       1   2.69102505e-02   4.24763588e-02
   245       2   2.01364866e-05   5.77904292e-10
   245       3   3.97459759e-14   0.00000000e+00
   246       1   3.24216536e-02   4.67518221e-02
   246       2   2.18844530e-05   6.37155367e-10
   246       3   4.28676169e-14   0.00000000e+00
   247       1   3.82870561e-02   5.14663196e-02
   247       2   2.38136941e-05   7.02350522e-10
   247       3   4.67689248e-14   0.00000000e+00
   248       1   4.46097600e-02   5.67128454e-02
   248       2   2.59651290e-05   7.74873358e-10
   248       3   5.10915949e-14   0.00000000e+00
   249       1   5.15191232e-02   6.26117572e-02
   249       2   2.83912885e-05   8.56779763e-10
   249       3   5.59443526e-14   0.00000000e+00
   250       1   5.91817373e-02   6.93217318e-02
   250       2   3.11610449e-05   9.49433551e-10
   250       3   6.11915851e-14   0.00000000e+00
   251       1   6.78182818e-02   7.70564354e-02
   251       2   3.43667918e-05   1.05641677e-09
   251       3   6.75566430e-14   0.00000000e+00
   252       1   7.77298754e-02   8.61107176e-02
   252       2   3.81357116e-05   1.18161451e-09
   252       3   7.50353870e-14   0.00000000e+00
   253       1   8.93409490e-02   9.69033498e-02
   253       2   4.26481465e-05   1.33107492e-09
   253       3   8.38180702e-14   0.00000000e+00
   254       1   1.03272279e-01   1.10049928e-01
   254       2   4.81689236e-05   1.51310019e-09
   254       3   9.47670828e-14   0.00000000e+00
   255       1   1.20472348e-01   1.26494102e-01
   255       2   5.51037309e-05   1.74079568e-09
   255       3   1.08537557e-13   0.00000000e+00
   256       1   1.42469879e-01   1.47759928e-01
   256       2   6.41075202e-05   2.03498397e-09
   256       3   1.26198348e-13   0.00000000e+00
   257       1   1.71901783e-01   1.76479523e-01
   257       2   7.63111586e-05   2.43245839e-09
   257       3   1.50177960e-13   0.00000000e+00
   258       1   2.13745018e-01   2.17624258e-01
   258       2   9.38502703e-05   3.00220985e-09
   258       3   1.84874325e-13   0.00000000e+00
   259       1   2.78660355e-01   2.81846542e-01
   259       2   1.21300653e-04   3.89090679e-09
   259       3   2.38924692e-13   0.00000000e+00
   260       1   3.94362411e-01   3.96841914e-01
   260       2   1.70558668e-04   5.48291004e-09
   260       3   3.36041243e-13   0.00000000e+00
   261       1   6.62482540e-01   6.64159328e-01
   261       2   2.85243137e-04   9.18299543e-09
   261       3   5.62245627e-13   0.00000000e+00
   262       1   1.99836653e+00   1.99772996e+00
   262       2   8.57917336e-04   2.76428280e-08
   262       3   1.69133080e-12   0.00000000e+00
   263       1   1.99915845e+00   2.00001466e+00
   263       2   8.59385575e-04   2.76948949e-08
   263       3   1.69445251e-12   0.00000000e+00
   264       1   6.66298182e-01   6.66417511e-01
   264       2   2.86698978e-04   9.23506477e-09
   264       3   5.65474950e-13   0.00000000e+00
   265       1   3.98423158e-01   3.99097176e-01
   265       2   1.72014809e-04   5.53463755e-09
   265       3   3.39614000e-13   0.00000000e+00
   266       1   2.82792747e-01   2.84099978e-01
   266       2   1.22758533e-04   3.94295103e-09
   266       3   2.42378267e-13   0.00000000e+00
   267       1   2.17911587e-01   2.19875784e-01
   267       2   9.53107561e-05   3.05401850e-09
   267       3   1.88185336e-13   0.00000000e+00
   268       1   1.76090768e-01   1.78728831e-01
   268       2   7.77750229e-05   2.48434238e-09
   268       3   1.53623956e-13   0.00000000e+00
   269       1   1.46677217e-01   1.50006635e-01
   269       2   6.55755260e-05   2.08682648e-09
   269       3   1.29506622e-13   0.00000000e+00
   270       1   1.24696969e-01   1.28737797e-01
   270       2   5.65766571e-05   1.79240941e-09
   270       3   1.11755192e-13   0.00000000e+00
   271       1   1.07514509e-01   1.12290178e-01
   271       2   4.96475778e-05   1.56462899e-09
   271       3   9.82132486e-14   0.00000000e+00
   272       1   9.36018794e-02   9.91397075e-02
   272       2   4.41333745e-05   1.38268546e-09
   272       3   8.72888675e-14   0.00000000e+00
   273       1   8.20110776e-02   8.83427235e-02
   273       2   3.96284059e-05   1.23313921e-09
   273       3   7.83809688e-14   0.00000000e+00
   274       1   7.21216799e-02   7.92836154e-02
   274       2   3.58679002e-05   1.10777109e-09
   274       3   7.09566930e-14   0.00000000e+00
   275       1   6.35095489e-02   7.15435979e-02
   275       2   3.26715808e-05   1.00049041e-09
   275       3   6.45142404e-14   0.00000000e+00
   276       1   5.58738402e-02   6.48278057e-02
   276       2   2.99123409e-05   9.07344869e-10
   276       3   5.90814476e-14   0.00000000e+00
   277       1   4.89941503e-02   5.89225560e-02
   277       2   2.74978754e-05   8.25720481e-10
   277       3   5.45723108e-14   0.00000000e+00
   278       1   4.27041822e-02   5.36691538e-02
   278       2   2.53594150e-05   7.53024293e-10
   278       3   5.02200857e-14   0.00000000e+00
   279       1   3.68749027e-02   4.89472213e-02
   279       2   2.34445486e-05   6.87624719e-10
   279       3   4.65354495e-14   0.00000000e+00
   280       1   3.14033764e-02   4.46637425e-02
   280       2   2.17124965e-05   6.28482640e-10
   280       3   4.30766564e-14   0.00000000e+00
   281       1   2.62051009e-02   4.07456606e-02
   281       2   2.01309050e-05   5.74087600e-10
   281       3   3.97863700e-14   0.00000000e+00
   282       1   2.12085554e-02   3.71347513e-02
   282       2   1.86736114e-05   5.23958907e-10
   282       3   3.68268028e-14   0.00000000e+00
   283       1   1.63511648e-02   3.37839970e-02
   283       2   1.73190459e-05   4.77721501e-10
   283       3   3.47679307e-14   0.00000000e+00
   284       1   1.15761651e-02   3.06549707e-02
   284       2   1.60490558e-05   4.34130990e-10
   284       3   3.18965895e-14   0.00000000e+00
   285       1   6.83001873e-03   2.77159176e-02
   285       2   1.48480145e-05   3.93480707e-10
   285       3   2.94310039e-14   0.00000000e+00
   286       1   2.06012148e-03   2.49403253e-02
   286       2   1.37021202e-05   3.55016660e-10
   286       3   2.73311377e-14   0.00000000e+00
   287       1   2.78741012e-03   2.23058427e-02
   287       2   1.25988175e-05   3.18535611e-10
   287       3   2.53623179e-14   0.00000000e+00
   288       1   7.77007069e-03   1.97934529e-02
   288       2   1.15262898e-05   2.83710084e-10
   288       3   2.28800357e-14   0.00000000e+00
   289       1   1.29516352e-02   1.73868315e-02
   289       2   1.04729784e-05   2.50327067e-10
   289       3   2.10886292e-14   0.00000000e+00
   290       1   1.84054390e-02   1.50718441e-02
   290       2   9.42708518e-06   2.18317507e-10
   290       3   1.91379004e-14   0.00000000e+00
   291       1   2.42186460e-02   1.28361483e-02
   291       2   8.37600844e-06   1.87241865e-10
   291       3   1.67702224e-14   0.00000000e+00
   292       1   3.04980691e-02   1.06688748e-02
   292       2   7.30564728e-06   1.57054799e-10
   292       3   1.44763197e-14   0.00000000e+00
   293       1   3.73784208e-02   8.56036985e-03
   293       2   6.19947827e-06   1.27751287e-10
   293       3   1.25728031e-14   0.00000000e+00
   294       1   4.50344341e-02   6.50198535e-03
   294       2   5.03725349e-06   9.93112219e-11
   294       3   1.02192832e-14   0.00000000e+00
   295       1   5.36993006e-02   4.48590531e-03
   295       2   3.79306714e-06   7.13043393e-11
   295       3   7.94787770e-15   0.00000000e+00
   296       1   6.36937744e-02   2.50500166e-03
   296       2   2.43234502e-06   4.38232911e-11
   296       3   5.18156269e-15   0.00000000e+00
   297       1   7.54740412e-02   5.52712787e-04
   297       2   9.06929481e-07   1.65110079e-11
   297       3   2.19972680e-15   0.00000000e+00
   298       1   8.97143004e-02   1.37705989e-03
   298       2   8.53366666e-07   1.02641570e-11
   298       3   1.27843824e-15   0.00000000e+00
   299       1   1.07457599e-01   3.29004107e-03
   299       2   2.95615623e-06   3.68769459e-11
   299       3   5.48627134e-15   0.00000000e+00
   300       1   1.30411377e-01   5.19165956e-03
   300       2   5.57661616e-06   6.31813770e-11
   300       3   1.04028666e-14   0.00000000e+00
   301       1   1.61580704e-01   7.08711745e-03
   301       2   9.02203332e-06   8.97161126e-11
   301       3   1.73121669e-14   0.00000000e+00
   302       1   2.06795425e-01   8.98145268e-03
   302       2   1.38874362e-05   1.16000713e-10
   302       3   2.67809608e-14   0.00000000e+00
   303       1   2.79056639e-01   1.08795965e-02
   303       2   2.14985056e-05   1.42412384e-10
   303       3   4.14271642e-14   0.00000000e+00
   304       1   4.14474165e-01   1.27864276e-02
   304       2   3.55355300e-05   1.68987353e-10
   304       3   6.88688206e-14   0.00000000e+00
   305       1   7.64709469e-01   1.47068238e-02
   305       2   7.14522386e-05   1.95712595e-10
   305       3   1.38645670e-13   0.00000000e+00
   306       1   3.90888963e+00   1.66457128e-02
   306       2   3.91941568e-04   2.22831946e-10
   306       3   7.63242984e-13   0.00000000e+00
   307       1   1.32745305e+00   1.86081234e-02
   307       2   1.41337839e-04   2.50210376e-10
   307       3   2.76036691e-13   0.00000000e+00
   308       1   5.78524730e-01   2.05992378e-02
   308       2   6.47946714e-05   2.78041497e-10
   308       3   1.26582929e-13   0.00000000e+00
   309       1   3.73508949e-01   2.26244457e-02
   309       2   4.37007878e-05   3.06337861e-10
   309       3   8.52901449e-14   0.00000000e+00
   310       1   2.77301126e-01   2.46894036e-02
   310       2   3.37030784e-05   3.35096032e-10
   310       3   6.60343036e-14   0.00000000e+00
   311       1   2.21191993e-01   2.68000974e-02
   311       2   2.77979934e-05   3.64625396e-10
   311       3   5.43163675e-14   0.00000000e+00
   312       1   1.84268310e-01   2.89629128e-02
   312       2   2.38536711e-05   3.94761812e-10
   312       3   4.69252911e-14   0.00000000e+00
   313       1   1.58008959e-01   3.11847135e-02
   313       2   2.10013041e-05   4.25973874e-10
   313       3   4.12740995e-14   0.00000000e+00
   314       1   1.38290167e-01   3.34729295e-02
   314       2   1.88202857e-05   4.58030553e-10
   314       3   3.68326951e-14   0.00000000e+00
   315       1   1.22872804e-01   3.58356591e-02
   315       2   1.70821111e-05   4.91297607e-10
   315       3   3.36397789e-14   0.00000000e+00
   316       1   1.10435936e-01   3.82817863e-02
   316       2   1.56518762e-05   5.25488086e-10
   316       3   3.06165482e-14   0.00000000e+00
   317       1   1.00149781e-01   4.08211173e-02
   317       2   1.44447528e-05   5.60987682e-10
   317       3   2.82616915e-14   0.00000000e+00
   318       1   9.14667255e-02   4.34645426e-02
   318       2   1.34046873e-05   5.98087176e-10
   318       3   2.61615036e-14   0.00000000e+00
   319       1   8.40106888e-02   4.62242275e-02
   319       2   1.24931240e-05   6.37000368e-10
   319       3   2.47035854e-14   0.00000000e+00
   320       1   7.75147540e-02   4.91138417e-02
   320       2   1.16826468e-05   6.77719521e-10
   320       3   2.31983418e-14   0.00000000e+00
   321       1   7.17841731e-02   5.21488339e-02
   321       2   1.09532081e-05   7.20173351e-10
   321       3   2.16599703e-14   0.00000000e+00
   322       1   6.66734621e-02   5.53467659e-02
   322       2   1.02897930e-05   7.65457930e-10
   322       3   2.02160331e-14   0.00000000e+00
   323       1   6.20716997e-02   5.87277217e-02
   323       2   9.68092008e-06   8.12924735e-10
   323       3   1.90722584e-14   0.00000000e+00
   324       1   5.78927941e-02   6.23148098e-02
   324       2   9.11764834e-06   8.63646912e-10
   324       3   1.79682759e-14   0.00000000e+00
   325       1   5.40688639e-02   6.61347893e-02
   325       2   8.59290189e-06   9.17567937e-10
   325       3   1.69968977e-14   0.00000000e+00
   326       1   5.05456282e-02   7.02188526e-02
   326       2   8.10099928e-06   9.75343654e-10
   326       3   1.61379095e-14   0.00000000e+00
   327       1   4.72791294e-02   7.46036169e-02
   327       2   7.63731883e-06   1.03751492e-09
   327       3   1.51962611e-14   0.00000000e+00
   328       1   4.42333585e-02   7.93323902e-02
   328       2   7.19805593e-06   1.10445378e-09
   328       3   1.43533112e-14   0.00000000e+00
   329       1   4.13785069e-02   8.44568059e-02
   329       2   6.78004426e-06   1.17711984e-09
   329       3   1.35956825e-14   0.00000000e+00
   330       1   3.86896581e-02   9.00389578e-02
   330       2   6.38062189e-06   1.25676774e-09
   330       3   1.25973529e-14   0.00000000e+00
   331       1   3.61457964e-02   9.61542248e-02
   331       2   5.99752977e-06   1.34398382e-09
   331       3   1.19903083e-14   0.00000000e+00
   332       1   3.37290455e-02   1.02895059e-01
   332       2   5.62883361e-06   1.43992903e-09
   332       3   1.09993214e-14   0.00000000e+00
   333       1   3.14240771e-02   1.10376145e-01
   333       2   5.27286321e-06   1.54718957e-09
   333       3   1.05116843e-14   0.00000000e+00
   334       1   2.92176468e-02   1.18741544e-01
   334       2   4.92816472e-06   1.66688879e-09
   334       3   9.65300744e-15   0.00000000e+00
   335       1   2.70982258e-02   1.28174779e-01
   335       2   4.59346271e-06   1.80255464e-09
   335       3   8.85481571e-15   0.00000000e+00
   336       1   2.50557063e-02   1.38913373e-01
   336       2   4.26762980e-06   1.95726481e-09
   336       3   8.37138316e-15   0.00000000e+00
   337       1   2.30811629e-02   1.51270313e-01
   337       2   3.94966198e-06   2.13566778e-09
   337       3   7.79484135e-15   0.00000000e+00
   338       1   2.11666588e-02   1.65666620e-01
   338       2   3.63865854e-06   2.34442593e-09
   338       3   7.12955847e-15   0.00000000e+00
   339       1   1.93050860e-02   1.82682353e-01
   339       2   3.33380548e-06   2.59198055e-09
   339       3   6.62394794e-15   0.00000000e+00
   340       1   1.74900330e-02   2.03139463e-01
   340       2   3.03436170e-06   2.89114279e-09
   340       3   6.14655269e-15   0.00000000e+00
   341       1   1.57156740e-02   2.28242344e-01
   341       2   2.73964744e-06   3.25994838e-09
   341       3   5.57546444e-15   0.00000000e+00
   342       1   1.39766757e-02   2.59829002e-01
   342       2   2.44903448e-06   3.72732363e-09
   342       3   5.14664390e-15   0.00000000e+00
   343       1   1.22681174e-02   3.00849408e-01
   343       2   2.16193770e-06   4.33889537e-09
   343       3   4.27477420e-15   0.00000000e+00
   344       1   1.05854224e-02   3.56352237e-01
   344       2   1.87780789e-06   5.17489504e-09
   344       3   3.77228516e-15   0.00000000e+00
   345       1   8.92429849e-03   4.35742273e-01
   345       2   1.59612531e-06   6.38642477e-09
   345       3   3.28545933e-15   0.00000000e+00
   346       1   7.28068532e-03   5.58721429e-01
   346       2   1.31639411e-06   8.29491469e-09
   346       3   2.69920819e-15   0.00000000e+00
   347       1   5.65070713e-03   7.74434190e-01
   347       2   1.03813722e-06   1.17272446e-08
   347       3   2.01296890e-15   0.00000000e+00
   348       1   4.03063017e-03   1.24697528e+00
   348       2   7.60891707e-07   1.95449337e-08
   348       3   1.55933314e-15   0.00000000e+00
   349       1   2.41682317e-03   2.99675668e+00
   349       2   4.84204457e-07   5.06597864e-08
   349       3   1.00000624e-15   0.00000000e+00
   350       1   8.05720166e-04   8.43680727e+08
   350       2   2.07628080e-07   1.05423320e+00
   350       3   6.66133815e-16   2.54902388e-10
   350       4   0.00000000e+00   0.00000000e+00
   351       1   0.00000000e+00   3.38801207e-09
   351       2   0.00000000e+00   0.00000000e+00