  TimeWindow  TotalIterations  Iterations  Convergence
     1       3       3       1
     2       6       3       1
     3       9       3       1
     4      12       3       1
     5      15       3       1
     6      18       3       1
     7      21       3       1
     8      24       3       1
     9      27       3       1
    10      30       3       1
    11      33       3       1
    12      36       3       1
    13      39       3       1
    14      42       3       1
    15      45       3       1
    16      48       3       1
    17      51       3       1
    18      54       3       1
    19      57       3       1
    20      60       3       1
    21      63       3       1
    22      66       3       1
    23      69       3       1
    24      72       3       1
    25      75       3       1
    26      78       3       1
    27      81       3       1
    28      84       3       1
    29      87       3       1
    30      90       3       1
    31      93       3       1
    32      96       3       1
    33      99       3       1
    34     102       3       1
    35     105       3       1
    36     108       3       1
    37     111       3       1
    38     114       3       1
    39     117       3       1
    40     120       3       1
    41     123       3       1
    42     126       3       1
    43     129       3       1
    44     132       3       1
    45     135       3       1
    46     138       3       1
    47     141       3       1
    48     144       3       1
    49     147       3       1
    50     150       3       1
    51     153       3       1
    52     156       3       1
    53     159       3       1
    54     162       3       1
    55     165       3       1
    56     168       3       1
    57     171       3       1
    58     174       3       1
    59     177       3       1
    60     180       3       1
    61     183       3       1
    62     186       3       1
    63     189       3       1
    64     192       3       1
    65     195       3       1
    66     198       3       1
    67     201       3       1
    68     204       3       1
    69     207       3       1
    70     210       3       1
    71     213       3       1
    72     216       3       1
    73     219       3       1
    74     222       3       1
    75     225       3       1
    76     228       3       1
    77     231       3       1
    78     234       3       1
    79     237       3       1
    80     240       3       1
    81     243       3       1
    82     246       3       1
    83     249       3       1
    84     252       3       1
    85     255       3       1
    86     258       3       1
    87     261       3       1
    88     264       3       1
    89     267       3       1
    90     270       3       1
    91     273       3       1
    92     276       3       1
    93     279       3       1
    94     282       3       1
    95     285       3       1
    96     288       3       1
    97     291       3       1
    98     294       3       1
    99     297       3       1
   100     300       3       1
   101     303       3       1
   102     306       3       1
   103     309       3       1
   104     312       3       1
   105     315       3       1
   106     318       3       1
   107     321       3       1
   108     324       3       1
   109     327       3       1
   110     330       3       1
   111     333       3       1
   112     336       3       1
   113     339       3       1
   114     342       3       1
   115     345       3       1
   116     348       3       1
   117     351       3       1
   118     354       3       1
   119     357       3       1
   120     360       3       1
   121     363       3       1
   122     366       3       1
   123     369       3       1
   124     372       3       1
   125     375       3       1
   126     378       3       1
   127     381       3       1
   128     384       3       1
   129     387       3       1
   130     390       3       1
   131     393       3       1
   132     396       3       1
   133     399       3       1
   134     402       3       1
   135     405       3       1
   136     408       3       1
   137     411       3       1
   138     414       3       1
   139     417       3       1
   140     420       3       1
   141     423       3       1
   142     426       3       1
   143     429       3       1
   144     432       3       1
   145     435       3       1
   146     438       3       1
   147     441       3       1
   148     444       3       1
   149     447       3       1
   150     450       3       1
   151     453       3       1
   152     456       3       1
   153     459       3       1
   154     462       3       1
   155     465       3       1
   156     468       3       1
   157     471       3       1
   158     474       3       1
   159     477       3       1
   160     480       3       1
   161     483       3       1
   162     486       3       1
   163     489       3       1
   164     492       3       1
   165     495       3       1
   166     498       3       1
   167     501       3       1
   168     504       3       1
   169     507       3       1
   170     510       3       1
   171     513       3       1
   172     516       3       1
   173     519       3       1
   174     522       3       1
   175     526       4       1
   176     529       3       1
   177     532       3       1
   178     535       3       1
   179     538       3       1
   180     541       3       1
   181     544       3       1
   182     547       3       1
   183     550       3       1
   184     553       3       1
   185     556       3       1
   186     559       3       1
   187     562       3       1
   188     565       3       1
   189     568       3       1
   190     571       3       1
   191     574       3       1
   192     577       3       1
   193     580       3       1
   194     583       3       1
   195     586       3       1
   196     589       3       1
   197     592       3       1
   198     595       3       1
   199     598       3       1
   200     601       3       1
   201     604       3       1
   202     607       3       1
   203     610       3       1
   204     613       3       1
   205     616       3       1
   206     619       3       1
   207     622       3       1
   208     625       3       1
   209     628       3       1
   210     631       3       1
   211     634       3       1
   212     637       3       1
   213     640       3       1
   214     643       3       1
   215     646       3       1
   216     649       3       1
   217     652       3       1
   218     655       3       1
   219     658       3       1
   220     661       3       1
   221     664       3       1
   222     667       3       1
   223     670       3       1
   224     673       3       1
   225     676       3       1
   226     679       3       1
   227     682       3       1
   228     685       3       1
   229     688       3       1
   230     691       3       1
   231     694       3       1
   232     697       3       1
   233     700       3       1
   234     703       3       1
   235     706       3       1
   236     709       3       1
   237     712       3       1
   238     715       3       1
   239     718       3       1
   240     721       3       1
   241     724       3       1
   242     727       3       1
   243     730       3       1
   244     733       3       1
   245     736       3       1
   246     739       3       1
   247     742       3       1
   248     745       3       1
   249     748       3       1
   250     751       3       1
   251     754       3       1
   252     757       3       1
   253     760       3       1
   254     763       3       1
   255     766       3       1
   256     769       3       1
   257     772       3       1
   258     775       3       1
   259     778       3       1
   260     781       3       1
   261     784       3       1
   262     787       3       1
   263     790       3       1
   264     793       3       1
   265     796       3       1
   266     799       3       1
   267     802       3       1
   268     805       3       1
   269     808       3       1
   270     811       3       1
   271     814       3       1
   272     817       3       1
   273     820       3       1
   274     823       3       1
   275     826       3       1
   276     829       3       1
   277     832       3       1
   278     835       3       1
   279     838       3       1
   280     841       3       1
   281     844       3       1
   282     847       3       1
   283     850       3       1
   284     853       3       1
   285     856       3       1
   286     859       3       1
   287     862       3       1
   288     865       3       1
   289     868       3       1
   290     871       3       1
   291     874       3       1
   292     877       3       1
   293     880       3       1
   294     883       3       1
   295     886       3       1
   296     889       3       1
   297     892       3       1
   298     895       3       1
   299     898       3       1
   300     901       3       1
   301     904       3       1
   302     907       3       1
   303     910       3       1
   304     913       3       1
   305     916       3       1
   306     919       3       1
   307     922       3       1
   308     925       3       1
   309     928       3       1
   310     931       3       1
   311     934       3       1
   312     937       3       1
   313     940       3       1
   314     943       3       1
   315     946       3       1
   316     949       3       1
   317     952       3       1
   318     955       3       1
   319     958       3       1
   320     961       3       1
   321     964       3       1
   322     967       3       1
   323     970       3       1
   324     973       3       1
   325     976       3       1
   326     979       3       1
   327     982       3       1
   328     985       3       1
   329     988       3       1
   330     991       3       1
   331     994       3       1
   332     997       3       1
   333    1000       3       1
   334    1003       3       1
   335    1006       3       1
   336    1009       3       1
   337    1012       3       1
   338    1015       3       1
   339    1018       3       1
   340    1021       3       1
   341    1024       3       1
   342    1027       3       1
   343    1030       3       1
   344    1033       3       1
   345    1036       3       1
   346    1039       3       1
   347    1042       3       1
   348    1045       3       1
   349    1048       3       1
   350    1052       4       1
   351    1054       2       1