  TimeWindow  Iteration  ResRel(Mass-Left-Mesh:Displacement-Left)  ResRel(Mass-Left-Mesh:Displacement-Right)
     1       1   1.00000000e+00   1.00000000e+00
     1       2   4.27748313e-06   2.86325406e-07
     1       3   2.75406593e-13   4.67858299e-14
     2       1   1.92921772e-02   7.48413460e-01
     2       2   2.16602195e-05   4.98034227e-07
     2       3   2.38316256e-12   3.34079572e-14
     3       1   3.27510865e-02   5.50834020e-01
     3       2   3.96704808e-05   4.09399500e-07
     3       3   4.56988813e-12   2.05259476e-14
     4       1   4.70115163e-02   4.29086993e-01
     4       2   5.85976315e-05   3.33844823e-07
     4       3   6.87131425e-12   7.27969072e-15
     5       1   6.24298981e-02   3.47608448e-01
     5       2   7.88031095e-05   2.77596500e-07
     5       3   9.33212903e-12   3.47502981e-16
     6       1   7.94790992e-02   2.88987887e-01
     6       2   1.00763053e-04   2.34880189e-07
     6       3   1.20105833e-11   1.15303426e-14
     7       1   9.88219547e-02   2.44394454e-01
     7       2   1.25138341e-04   2.01291469e-07
     7       3   1.49889988e-11   1.12016431e-15
     8       1   1.21440599e-01   2.08955668e-01
     8       2   1.52897670e-04   1.73988386e-07
     8       3   1.83857977e-11   0.00000000e+00
     9       1   1.48881103e-01   1.79776589e-01
     9       2   1.85549935e-04   1.51132712e-07
     9       3   2.23894154e-11   1.61510983e-14
    10       1   1.83757326e-01   1.55028187e-01
    10       2   2.25622000e-04   1.31498792e-07
    10       3   2.73112611e-11   4.09416631e-15
    11       1   2.30906629e-01   1.33493115e-01
    11       2   2.77752953e-04   1.14239022e-07
    11       3   3.37265504e-11   3.01547946e-14
    12       1   3.00456611e-01   1.14322853e-01
    12       2   3.51594593e-04   9.87452075e-08
    12       3   4.28315448e-11   0.00000000e+00
    13       1   4.17900628e-01   9.68996266e-02
    13       2   4.71332899e-04   8.45640927e-08
    13       3   5.76240242e-11   0.00000000e+00
    14       1   6.71391135e-01   8.07533374e-02
    14       2   7.20347124e-04   7.13425214e-08
    14       3   8.84385308e-11   0.00000000e+00
    15       1   1.71374871e+00   6.55086395e-02
    15       2   1.71452970e-03   5.87938704e-08
    15       3   2.11622477e-10   2.11255594e-15
    15       4   0.00000000e+00   0.00000000e+00
    16       1   2.74641404e+00   5.08489035e-02
    16       2   2.49733341e-03   4.66717011e-08
    16       3   3.10552079e-10   0.00000000e+00
    16       4   0.00000000e+00   0.00000000e+00
    17       1   7.11183949e-01   3.64894087e-02
    17       2   5.52980946e-04   3.47500532e-08
    17       3   6.95933895e-11   0.00000000e+00
    18       1   3.80996685e-01   2.21548147e-02
    18       2   2.25904761e-04   2.28065822e-08
    18       3   2.91212351e-11   8.71922771e-16
    19       1   2.39900057e-01   7.55704041e-03
    19       2   7.59058983e-05   1.06058988e-08
    19       3   1.06092794e-11   0.00000000e+00
    20       1   1.57411098e-01   7.63041043e-03
    20       2   2.11981008e-05   2.12273541e-09
    20       3   1.33483258e-12   0.00000000e+00
    21       1   9.98589871e-02   2.38070248e-02
    21       2   9.80620144e-05   1.57129046e-08
    21       3   1.07554002e-11   0.00000000e+00
    22       1   5.43456369e-02   4.14975843e-02
    22       2   1.67999196e-04   3.06060520e-08
    22       3   1.92995396e-11   0.00000000e+00
    23       1   1.44852699e-02   6.14387901e-02
    23       2   2.38691282e-04   4.74239376e-08
    23       3   2.79122441e-11   0.00000000e+00
    24       1   2.37708723e-02   8.47345360e-02
    24       2   3.16510710e-04   6.70996255e-08
    24       3   3.73712275e-11   4.81717269e-15
    25       1   6.38840570e-02   1.13157661e-01
    25       2   4.08899858e-04   9.11354984e-08
    25       3   4.85850922e-11   1.19161626e-15
    26       1   1.09984680e-01   1.49794271e-01
    26       2   5.27109308e-04   1.22145672e-07
    26       3   6.29156857e-11   0.00000000e+00
    27       1   1.68718629e-01   2.00595548e-01
    27       2   6.91680240e-04   1.65175800e-07
    27       3   8.28530850e-11   5.07193749e-15
    28       1   2.53831130e-01   2.78792246e-01
    28       2   9.47410329e-04   2.31442813e-07
    28       3   1.13819690e-10   7.71302857e-15
    28       4   0.00000000e+00   0.00000000e+00
    29       1   4.02525694e-01   4.21078671e-01
    29       2   1.41778816e-03   3.52058995e-07
    29       3   1.70765773e-10   1.60675719e-14
    29       4   0.00000000e+00   0.00000000e+00
    30       1   7.70120517e-01   7.81475801e-01
    30       2   2.62030178e-03   6.57615335e-07
    30       3   3.16330546e-10   1.55324082e-15
    30       4   0.00000000e+00   0.00000000e+00
    31       1   4.02602989e+00   3.97785449e+00
    31       2   1.33478910e-02   3.36777807e-06
    31       3   1.61488659e-09   1.27851378e-13
    31       4   0.00000000e+00   0.00000000e+00
    32       1   1.33275716e+00   1.33383175e+00
    32       2   4.50132705e-03   1.13593784e-06
    32       3   5.45727866e-10   3.68732619e-15
    32       4   0.00000000e+00   0.00000000e+00
    33       1   5.66331005e-01   5.68255282e-01
    33       2   1.93860642e-03   4.86814862e-07
    33       3   2.35520958e-10   2.75413030e-14
    33       4   0.00000000e+00   0.00000000e+00
    34       1   3.48295455e-01   3.55105130e-01
    34       2   1.23140870e-03   3.06077895e-07
    34       3   1.49924720e-10   1.82745702e-14
    34       4   0.00000000e+00   0.00000000e+00
    35       1   2.39826682e-01   2.52363686e-01
    35       2   8.95006741e-04   2.18947012e-07
    35       3   1.09216411e-10   4.60541437e-16
    35       4   0.00000000e+00   0.00000000e+00
    36       1   1.71115378e-01   1.90213400e-01
    36       2   6.94773023e-04   1.66224511e-07
    36       3   8.49954056e-11   2.11332793e-15
    37       1   1.20587587e-01   1.47382035e-01
    37       2   5.59077940e-04   1.29873430e-07
    37       3   6.85921125e-11   0.00000000e+00
    38       1   7.90670574e-02   1.15180487e-01
    38       2   4.58462190e-04   1.02525633e-07
    38       3   5.64426222e-11   0.00000000e+00
    39       1   4.15834071e-02   8.93815119e-02
    39       2   3.78290561e-04   8.05951259e-08
    39       3   4.67763967e-11   1.87882422e-15
    40       1   4.64025901e-03   6.76664428e-02
    40       2   3.10046710e-04   6.21151695e-08
    40       3   3.85682896e-11   1.11471230e-15
    41       1   3.51402768e-02   4.86421095e-02
    41       2   2.47768165e-04   4.59021382e-08
    41       3   3.11018473e-11   1.51498614e-16
    42       1   8.22882749e-02   3.14052008e-02
    42       2   1.85992723e-04   3.11879308e-08
    42       3   2.37286771e-11   0.00000000e+00
    43       1   1.44831740e-01   1.53275195e-02
    43       2   1.17525796e-04   1.74365079e-08
    43       3   1.56021204e-11   0.00000000e+00
    44       1   2.40995539e-01   5.96857260e-05
    44       2   2.83728622e-05   4.24672372e-09
    44       3   5.08889261e-12   0.00000000e+00
    45       1   4.26934696e-01   1.51334949e-02
    45       2   1.22170233e-04   8.70677812e-09
    45       3   1.25543025e-11   0.00000000e+00
    46       1   1.01432124e+00   3.02229655e-02
    46       2   5.56401295e-04   2.17102434e-08
    46       3   6.32055846e-11   0.00000000e+00
    47       1   7.59900876e+00   4.56408665e-02
    47       2   5.59578645e-03   3.50378500e-08
    47       3   6.52729008e-10   1.26414077e-15
    47       4   0.00000000e+00   0.00000000e+00
    48       1   8.93878591e-01   6.17106742e-02
    48       2   7.75579236e-04   4.89770682e-08
    48       3   9.16277129e-11   0.00000000e+00
    49       1   4.90159005e-01   7.87940353e-02
    49       2   4.75515655e-04   6.38518933e-08
    49       3   5.66154245e-11   7.23952732e-16
    50       1   3.40078437e-01   9.73237753e-02
    50       2   3.57299509e-04   8.00549036e-08
    50       3   4.27743393e-11   4.56786100e-15
    51       1   2.59354227e-01   1.17849058e-01
    51       2   2.89280280e-04   9.80887315e-08
    51       3   3.47805068e-11   0.00000000e+00
    52       1   2.07469113e-01   1.41103213e-01
    52       2   2.42434875e-04   1.18629934e-07
    52       3   2.92538122e-11   1.43133628e-14
    53       1   1.70329387e-01   1.68113100e-01
    53       2   2.06609150e-04   1.42634993e-07
    53       3   2.50119167e-11   4.29087824e-15
    54       1   1.41726212e-01   2.00386859e-01
    54       2   1.77287875e-04   1.71522262e-07
    54       3   2.15292171e-11   1.42088682e-15
    55       1   1.18484644e-01   2.40257727e-01
    55       2   1.52131254e-04   2.07508488e-07
    55       3   1.85328925e-11   1.76226622e-15
    56       1   9.88010847e-02   2.91562259e-01
    56       2   1.29786465e-04   2.54281793e-07
    56       3   1.58642213e-11   3.84088015e-15
    57       1   8.15649775e-02   3.61107013e-01
    57       2   1.09401694e-04   3.18479851e-07
    57       3   1.34244425e-11   5.22785057e-15
    58       1   6.60454094e-02   4.62245629e-01
    58       2   9.04007691e-05   4.13355208e-07
    58       3   1.11451169e-11   4.24689156e-15
    59       1   5.17318076e-02   6.25188787e-01
    59       2   7.23679279e-05   5.69576595e-07
    59       3   8.97806399e-12   3.17492206e-14
    60       1   3.82463116e-02   9.35259118e-01
    60       2   5.49838308e-05   8.76480953e-07
    60       3   6.88504495e-12   4.25203525e-14
    61       1   2.52919468e-02   1.75440873e+00
    61       2   3.79871349e-05   1.73110172e-06
    61       3   4.83542086e-12   8.32400754e-14
    62       1   1.26195180e-02   7.96189053e+00
    62       2   2.11493405e-05   9.00020181e-06
    62       3   2.80151809e-12   2.90051985e-13
    63       1   4.34800785e-06   5.80412478e-05
    63       2   4.25645267e-06   2.25932965e-06
    63       3   7.58035527e-13   9.15376141e-14
    64       1   1.27722705e-02   8.88421843e-01
    64       2   1.29063780e-05   5.06460040e-07
    64       3   1.32133072e-12   2.34548554e-14
    65       1   2.59404253e-02   6.36949082e-01
    65       2   3.05699999e-05   4.54625761e-07
    65       3   3.46441464e-12   2.40432082e-14
    66       1   3.97608367e-02   4.83275405e-01
    66       2   4.89988073e-05   3.68891542e-07
    66       3   5.70364527e-12   2.25467374e-14
    67       1   5.45497027e-02   3.84688250e-01
    67       2   6.85140016e-05   3.03679914e-07
    67       3   8.07889801e-12   5.80412242e-15
    68       1   7.07146965e-02   3.16121355e-01
    68       2   8.95277270e-05   2.54866027e-07
    68       3   1.06399222e-11   2.51712618e-15
    69       1   8.88118684e-02   2.65304652e-01
    69       2   1.12597253e-04   2.17152292e-07
    69       3   1.34559206e-11   2.84510845e-15
    70       1   1.09642322e-01   2.25744450e-01
    70       2   1.38517034e-04   1.86987424e-07
    70       3   1.66255370e-11   3.30426090e-15
    71       1   1.34428379e-01   1.93716442e-01
    71       2   1.68486210e-04   1.62092522e-07
    71       3   2.02964460e-11   3.01939358e-15
    72       1   1.65160554e-01   1.66935627e-01
    72       2   2.04437894e-04   1.40973123e-07
    72       3   2.47082008e-11   3.10719565e-15
    73       1   2.05348999e-01   1.43918852e-01
    73       2   2.49751161e-04   1.22614694e-07
    73       3   3.02789775e-11   2.53334409e-15
    74       1   2.61866109e-01   1.23655380e-01
    74       2   3.10994638e-04   1.06302622e-07
    74       3   3.78228740e-11   8.88032892e-16
    75       1   3.50325209e-01   1.05425105e-01
    75       2   4.03011379e-04   9.15146842e-08
    75       3   4.91803215e-11   7.94411858e-16
    76       1   5.15648401e-01   8.86921825e-02
    76       2   5.68348663e-04   7.78523216e-08
    76       3   6.96231659e-11   3.98174524e-15
    77       1   9.62414773e-01   7.30392226e-02
    77       2   1.00028137e-03   6.50004003e-08
    77       3   1.23112378e-10   1.29182250e-14
    77       4   0.00000000e+00   0.00000000e+00
    78       1   8.49152062e+00   5.81240274e-02
    78       2   8.07026915e-03   5.26940862e-08
    78       3   9.99471611e-10   9.48106370e-16
    78       4   0.00000000e+00   0.00000000e+00
    79       1   1.15056712e+00   4.36489080e-02
    79       2   9.75926677e-04   4.06996452e-08
    79       3   1.21988360e-10   1.20896337e-15
    79       4   0.00000000e+00   0.00000000e+00
    80       1   5.03456247e-01   2.93365380e-02
    80       2   3.49274750e-04   2.87952136e-08
    80       3   4.43769241e-11   1.17349653e-15
    81       1   2.99211891e-01   1.49080921e-02
    81       2   1.40551206e-04   1.67544622e-08
    81       3   1.85814892e-11   0.00000000e+00
    82       1   1.94238316e-01   5.98949507e-05
    82       2   2.35387856e-05   4.32663274e-09
    82       3   4.16314706e-12   0.00000000e+00
    83       1   1.26559278e-01   1.55658832e-02
    83       2   6.11146961e-05   8.78555400e-09
    83       3   6.23096802e-12   0.00000000e+00
    84       1   7.60810221e-02   3.24232189e-02
    84       2   1.33351927e-04   2.29631165e-08
    84       3   1.50705221e-11   0.00000000e+00
    85       1   3.39912809e-02   5.11288591e-02
    85       2   2.02851725e-04   3.87254794e-08
    85       3   2.35480796e-11   0.00000000e+00
    86       1   4.62750308e-03   7.25771761e-02
    86       2   2.76295483e-04   5.68281878e-08
    86       3   3.24851996e-11   0.00000000e+00
    87       1   4.33683931e-02   9.81543271e-02
    87       2   3.60311986e-04   7.84447020e-08
    87       3   4.26896724e-11   1.31296889e-15
    88       1   8.58607278e-02   1.30173467e-01
    88       2   4.63810313e-04   1.05535033e-07
    88       3   5.52438258e-11   0.00000000e+00
    89       1   1.37170823e-01   1.72857504e-01
    89       2   6.01669814e-04   1.41677794e-07
    89       3   7.19497521e-11   7.08584622e-15
    90       1   2.06571083e-01   2.34892117e-01
    90       2   8.03506823e-04   1.94237341e-07
    90       3   9.63959876e-11   1.82680811e-14
    91       1   3.15812295e-01   3.37546694e-01
    91       2   1.14105293e-03   2.81245768e-07
    91       3   1.37264176e-10   1.64264997e-15
    91       4   0.00000000e+00   0.00000000e+00
    92       1   5.35384026e-01   5.50635416e-01
    92       2   1.84899742e-03   4.61897757e-07
    92       3   2.22965028e-10   7.48226018e-15
    92       4   0.00000000e+00   0.00000000e+00
    93       1   1.31161499e+00   1.31615698e+00
    93       2   4.41204829e-03   1.11095766e-06
    93       3   5.33218982e-10   6.23146451e-14
    93       4   0.00000000e+00   0.00000000e+00
    94       1   3.95231082e+00   3.99575956e+00
    94       2   1.34378540e-02   3.39293605e-06
    94       3   1.62747422e-09   1.23578224e-13
    94       4   0.00000000e+00   0.00000000e+00
    95       1   7.98899432e-01   7.99119861e-01
    95       2   2.70968170e-03   6.82563728e-07
    95       3   3.28854887e-10   2.30769785e-14
    95       4   0.00000000e+00   0.00000000e+00
    96       1   4.34438564e-01   4.38670671e-01
    96       2   1.50772318e-03   3.76937723e-07
    96       3   1.83366977e-10   8.84344596e-15
    96       4   0.00000000e+00   0.00000000e+00
    97       1   2.86730532e-01   2.96310678e-01
    97       2   1.03828553e-03   2.56218829e-07
    97       3   1.26552953e-10   1.75296814e-16
    97       4   0.00000000e+00   0.00000000e+00
    98       1   2.02314494e-01   2.18013052e-01
    98       2   7.83919082e-04   1.89809633e-07
    98       3   9.57772192e-11   2.71417993e-14
    99       1   1.44302179e-01   1.67080656e-01
    99       2   6.21216337e-04   1.46594204e-07
    99       3   7.61018453e-11   1.54138134e-14
   100       1   9.90675985e-02   1.30279657e-01
   100       2   5.05506304e-04   1.15351474e-07
   100       3   6.21210095e-11   7.14970964e-15
   101       1   6.00554479e-02   1.01655025e-01
   101       2   4.16443011e-04   9.10311627e-08
   101       3   5.13742065e-11   0.00000000e+00
   102       1   2.32453388e-02   7.81157660e-02
   102       2   3.43083839e-04   7.10106788e-08
   102       3   4.25393771e-11   7.73042235e-15
   103       1   1.46572733e-02   5.78828234e-02
   103       2   2.78493931e-04   5.37804458e-08
   103       3   3.47818987e-11   4.18382997e-15
   104       1   5.74161545e-02   3.98443897e-02
   104       2   2.17192185e-04   3.83952911e-08
   104       3   2.74480133e-11   0.00000000e+00
   105       1   1.10874911e-01   2.32536545e-02
   105       2   1.53209518e-04   2.42194333e-08
   105       3   1.98320594e-11   3.48774638e-15
   106       1   1.86750840e-01   7.57284347e-03
   106       2   7.69817620e-05   1.07931511e-08
   106       3   1.08128370e-11   0.00000000e+00
   107       1   3.15558909e-01   7.61437239e-03
   107       2   3.40736197e-05   2.24114096e-09
   107       3   2.24268506e-12   0.00000000e+00
   108       1   6.15555879e-01   2.26565579e-02
   108       2   2.64751970e-04   1.51850816e-08
   108       3   2.92061926e-11   0.00000000e+00
   109       1   2.46593325e+00   3.78710904e-02
   109       2   1.59565901e-03   2.83160078e-08
   109       3   1.84211707e-10   0.00000000e+00
   109       4   0.00000000e+00   0.00000000e+00
   110       1   1.57048809e+00   5.35728015e-02
   110       2   1.26500559e-03   4.19119169e-08
   110       3   1.48636869e-10   0.00000000e+00
   110       4   0.00000000e+00   0.00000000e+00
   111       1   6.31093016e-01   7.01006009e-02
   111       2   5.81949401e-04   5.62748127e-08
   111       3   6.90455247e-11   0.00000000e+00
   112       1   4.01510097e-01   8.78470249e-02
   112       2   4.06601116e-04   7.17590456e-08
   112       3   4.85528641e-11   0.00000000e+00
   113       1   2.94625929e-01   1.07296320e-01
   113       2   3.19576618e-04   8.88055278e-08
   113       3   3.83449240e-11   2.51363426e-15
   114       1   2.30972652e-01   1.29079244e-01
   114       2   2.64049249e-04   1.07994060e-07
   114       3   3.18060253e-11   1.17071319e-14
   115       1   1.87547091e-01   1.54058500e-01
   115       2   2.23500571e-04   1.30124176e-07
   115       3   2.70134130e-11   2.04707831e-15
   116       1   1.55203647e-01   1.83470919e-01
   116       2   1.91313727e-04   1.56353943e-07
   116       3   2.31964019e-11   0.00000000e+00
   117       1   1.29569710e-01   2.19179385e-01
   117       2   1.64289301e-04   1.88443354e-07
   117       3   1.99818010e-11   5.90731055e-16
   118       1   1.08279176e-01   2.64150817e-01
   118       2   1.40669130e-04   2.29227240e-07
   118       3   1.71648570e-11   9.83251535e-15
   119       1   8.99294582e-02   3.23440700e-01
   119       2   1.19390008e-04   2.83599273e-07
   119       3   1.46205418e-11   1.20244442e-14
   120       1   7.36265521e-02   4.06444116e-01
   120       2   9.97572208e-05   3.60796438e-07
   120       3   1.22678802e-11   1.10041980e-14
   121       1   5.87639645e-02   5.32819088e-01
   121       2   8.12851556e-05   4.80535558e-07
   121       3   1.00500759e-11   4.19023041e-14
   122       1   4.49056483e-02   7.51575193e-01
   122       2   6.36122704e-05   6.93276847e-07
   122       3   7.92421730e-12   1.75712815e-14
   123       1   3.17192204e-02   1.22633542e+00
   123       2   4.64519996e-05   1.17388968e-06
   123       3   5.85661249e-12   3.66962735e-14
   124       1   1.89349683e-02   2.97470467e+00
   124       2   2.95620293e-05   3.07887489e-06
   124       3   3.81804107e-12   9.94168853e-14
   125       1   6.31847439e-03   6.58122065e+05
   125       2   1.27231462e-05   1.34237795e+01
   125       3   1.78246307e-12   5.48498025e-07
   125       4   0.00000000e+00   0.00000000e+00