  TimeWindow  Iteration  ResRel(Mass-Left-Mesh:Displacement-Left)  ResRel(Mass-Left-Mesh:Displacement-Right)
     1       1   1.00000000e+00   1.00000000e+00
     1       2   4.06071685e-08   2.72887334e-09
     1       3   0.00000000e+00   0.00000000e+00
     2       1   1.85376530e-03   7.49845717e-01
     2       2   2.03285036e-07   4.74311403e-09
     2       3   2.22593462e-16   0.00000000e+00
     3       1   3.09501817e-03   5.55098226e-01
     3       2   3.66516855e-07   3.91155429e-09
     3       3   3.34923466e-16   0.00000000e+00
     4       1   4.34305305e-03   4.36689232e-01
     4       2   5.30509015e-07   3.21268922e-09
     4       3   6.72755757e-16   0.00000000e+00
     5       1   5.60004756e-03   3.58813186e-01
     5       2   6.95472826e-07   2.70193434e-09
     5       3   7.89276542e-16   0.00000000e+00
     6       1   6.86824748e-03   3.03980400e-01
     6       2   8.61626040e-07   2.32285215e-09
     6       3   1.02175303e-15   0.00000000e+00
     7       1   8.14998531e-03   2.63334946e-01
     7       2   1.02919446e-06   2.03270963e-09
     7       3   1.25898574e-15   0.00000000e+00
     8       1   9.44770037e-03   2.32002450e-01
     8       2   1.19841372e-06   1.80422817e-09
     8       3   1.38641317e-15   0.00000000e+00
     9       1   1.07639608e-02   2.07098533e-01
     9       2   1.36953117e-06   1.61977758e-09
     9       3   1.51811243e-15   0.00000000e+00
    10       1   1.21014879e-02   1.86813156e-01
    10       2   1.54280804e-06   1.46782364e-09
    10       3   1.77286324e-15   0.00000000e+00
    11       1   1.34631834e-02   1.69955075e-01
    11       2   1.71852181e-06   1.34031889e-09
    11       3   2.03629235e-15   0.00000000e+00
    12       1   1.48521600e-02   1.55709035e-01
    12       2   1.89696886e-06   1.23181443e-09
    12       3   2.06653177e-15   0.00000000e+00
    13       1   1.62717769e-02   1.43498628e-01
    13       2   2.07846759e-06   1.13822353e-09
    13       3   2.34723043e-15   0.00000000e+00
    14       1   1.77256794e-02   1.32904951e-01
    14       2   2.26336187e-06   1.05666918e-09
    14       3   2.51455924e-15   0.00000000e+00
    15       1   1.92178453e-02   1.23616325e-01
    15       2   2.45202509e-06   9.84846552e-10
    15       3   2.81916510e-15   0.00000000e+00
    16       1   2.07526397e-02   1.15396084e-01
    16       2   2.64486490e-06   9.20998365e-10
    16       3   3.00846546e-15   0.00000000e+00
    17       1   2.23348775e-02   1.08061304e-01
    17       2   2.84232867e-06   8.63876963e-10
    17       3   3.34309828e-15   0.00000000e+00
    18       1   2.39698984e-02   1.01468372e-01
    18       2   3.04490996e-06   8.12383389e-10
    18       3   3.56015045e-15   0.00000000e+00
    19       1   2.56636560e-02   9.55029613e-02
    19       2   3.25315629e-06   7.65748558e-10
    19       3   3.65150505e-15   0.00000000e+00
    20       1   2.74228231e-02   9.00729256e-02
    20       2   3.46767820e-06   7.23115968e-10
    20       3   4.04021328e-15   0.00000000e+00
    21       1   2.92549195e-02   8.51031598e-02
    21       2   3.68916037e-06   6.83980757e-10
    21       3   4.15839405e-15   0.00000000e+00
    22       1   3.11684666e-02   8.05318278e-02
    22       2   3.91837490e-06   6.47972299e-10
    22       3   4.59427287e-15   0.00000000e+00
    23       1   3.31731753e-02   7.63075479e-02
    23       2   4.15619760e-06   6.14638999e-10
    23       3   4.74665976e-15   0.00000000e+00
    24       1   3.52801775e-02   7.23872639e-02
    24       2   4.40362790e-06   5.83676231e-10
    24       3   4.91410112e-15   0.00000000e+00
    25       1   3.75023127e-02   6.87346158e-02
    25       2   4.66181355e-06   5.54736095e-10
    25       3   5.26831310e-15   0.00000000e+00
    26       1   3.98544856e-02   6.53186777e-02
    26       2   4.93208142e-06   5.27668501e-10
    26       3   5.65496979e-15   0.00000000e+00
    27       1   4.23541168e-02   6.21129697e-02
    27       2   5.21597627e-06   5.02270379e-10
    27       3   5.89445030e-15   0.00000000e+00
    28       1   4.50217160e-02   5.90946777e-02
    28       2   5.51531003e-06   4.78267424e-10
    28       3   6.35228817e-15   0.00000000e+00
    29       1   4.78816185e-02   5.62440305e-02
    29       2   5.83222509e-06   4.55629840e-10
    29       3   6.65640719e-15   0.00000000e+00
    30       1   5.09629425e-02   5.35437998e-02
    30       2   6.16927652e-06   4.34098069e-10
    30       3   7.20758183e-15   0.00000000e+00
    31       1   5.43008481e-02   5.09788939e-02
    31       2   6.52954014e-06   4.13637082e-10
    31       3   7.37541266e-15   0.00000000e+00
    32       1   5.79382152e-02   4.85360269e-02
    32       2   6.91675658e-06   3.94151706e-10
    32       3   7.92089932e-15   0.00000000e+00
    33       1   6.19279140e-02   4.62034464e-02
    33       2   7.33552595e-06   3.75577764e-10
    33       3   8.41136239e-15   0.00000000e+00
    34       1   6.63359253e-02   4.39707082e-02
    34       2   7.79157556e-06   3.57731429e-10
    34       3   8.83539834e-15   0.00000000e+00
    35       1   7.12457093e-02   4.18284888e-02
    35       2   8.29213449e-06   3.40510771e-10
    35       3   9.46480408e-15   0.00000000e+00
    36       1   7.67644457e-02   3.97684281e-02
    36       2   8.84646853e-06   3.24098778e-10
    36       3   1.00368611e-14   0.00000000e+00
    37       1   8.30321529e-02   3.77829971e-02
    37       2   9.46666186e-06   3.08241101e-10
    37       3   1.10373733e-14   0.00000000e+00
    38       1   9.02353667e-02   3.58653858e-02
    38       2   1.01687893e-05   2.92912311e-10
    38       3   1.16685696e-14   0.00000000e+00
    39       1   9.86282782e-02   3.40094075e-02
    39       2   1.09747279e-05   2.77937605e-10
    39       3   1.28192798e-14   0.00000000e+00
    40       1   1.08566555e-01   3.22094170e-02
    40       2   1.19150547e-05   2.63527594e-10
    40       3   1.39888109e-14   0.00000000e+00
    41       1   1.20563706e-01   3.04602401e-02
    41       2   1.30338766e-05   2.49563100e-10
    41       3   1.53019317e-14   0.00000000e+00
    42       1   1.35389721e-01   2.87571121e-02
    42       2   1.43972812e-05   2.35863455e-10
    42       3   1.66671698e-14   0.00000000e+00
    43       1   1.54254260e-01   2.70956249e-02
    43       2   1.61090322e-05   2.22408612e-10
    43       3   1.85857116e-14   0.00000000e+00
    44       1   1.79173021e-01   2.54716798e-02
    44       2   1.83419569e-05   2.09398430e-10
    44       3   2.11464074e-14   0.00000000e+00
    45       1   2.13773769e-01   2.38814464e-02
    45       2   2.14070005e-05   1.96692880e-10
    45       3   2.48497468e-14   0.00000000e+00
    46       1   2.65311414e-01   2.23213258e-02
    46       2   2.59258576e-05   1.84154163e-10
    46       3   3.01133241e-14   0.00000000e+00
    47       1   3.50713374e-01   2.07879170e-02
    47       2   3.33488666e-05   1.71734509e-10
    47       3   3.86793331e-14   0.00000000e+00
    48       1   5.20761791e-01   1.92779875e-02
    48       2   4.80265834e-05   1.59536292e-10
    48       3   5.59389039e-14   0.00000000e+00
    49       1   1.02938188e+00   1.77884457e-02
    49       2   9.17108051e-05   1.47562588e-10
    49       3   1.06743394e-13   0.00000000e+00
    50       1   1.14909372e+04   1.63163153e-02
    50       2   6.35776635e+01   1.35798728e-10
    50       3   7.44096310e-08   0.00000000e+00
    50       4   0.00000000e+00   0.00000000e+00
    51       1   9.99998609e-01   1.48587116e-02
    51       2   8.19237887e-05   1.23980488e-10
    51       3   9.57069921e-14   0.00000000e+00
    52       1   4.91466539e-01   1.34128189e-02
    52       2   3.82244221e-05   1.12260042e-10
    52       3   4.47169583e-14   0.00000000e+00
    53       1   3.21365134e-01   1.19758682e-02
    53       2   2.35211146e-05   1.00683193e-10
    53       3   2.73891704e-14   0.00000000e+00
    54       1   2.35862274e-01   1.05451166e-02
    54       2   1.60620659e-05   8.93077771e-11
    54       3   1.90876443e-14   0.00000000e+00
    55       1   1.84186783e-01   9.11782504e-03
    55       2   1.14965546e-05   7.76785355e-11
    55       3   1.35231669e-14   0.00000000e+00
    56       1   1.49413368e-01   7.69123730e-03
    56       2   8.37400975e-06   6.61835666e-11
    56       3   9.99226294e-15   0.00000000e+00
    57       1   1.24287197e-01   6.26255738e-03
    57       2   6.07244350e-06   5.46342792e-11
    57       3   7.12242326e-15   0.00000000e+00
    58       1   1.05179827e-01   4.82892629e-03
    58       2   4.28055468e-06   4.29754950e-11
    58       3   5.28074696e-15   0.00000000e+00
    59       1   9.00744657e-02   3.38739719e-03
    59       2   2.82509260e-06   3.14495606e-11
    59       3   3.47955523e-15   0.00000000e+00
    60       1   7.77600499e-02   1.93490859e-03
    60       2   1.60179813e-06   1.96120629e-11
    60       3   1.83370856e-15   0.00000000e+00
    61       1   6.74648983e-02   4.68254999e-04
    61       2   5.44008558e-07   7.79179773e-12
    61       3   8.54999264e-16   0.00000000e+00
    62       1   5.86735228e-02   1.01594556e-03
    62       2   3.93045127e-07   4.27111027e-12
    62       3   4.02416565e-16   0.00000000e+00
    63       1   5.10279699e-02   2.52128805e-03
    63       2   1.24069912e-06   1.63583871e-11
    63       3   1.14564477e-15   0.00000000e+00
    64       1   4.42714247e-02   4.05162172e-03
    64       2   2.02169787e-06   2.88801306e-11
    64       3   2.31150460e-15   0.00000000e+00
    65       1   3.82143527e-02   5.61109742e-03
    65       2   2.75310565e-06   4.14224190e-11
    65       3   3.04222692e-15   0.00000000e+00
    66       1   3.27133133e-02   7.20422217e-03
    66       2   3.44813421e-06   5.42785791e-11
    66       3   3.96132080e-15   0.00000000e+00
    67       1   2.76572241e-02   8.83592282e-03
    67       2   4.11733437e-06   6.76598666e-11
    67       3   4.84219473e-15   0.00000000e+00
    68       1   2.29581721e-02   1.05116206e-02
    68       2   4.76940073e-06   8.11154830e-11
    68       3   5.37614116e-15   0.00000000e+00
    69       1   1.85450893e-02   1.22373193e-02
    69       2   5.41173432e-06   9.49753662e-11
    69       3   6.54275037e-15   0.00000000e+00
    70       1   1.43592838e-02   1.40197108e-02
    70       2   6.05085049e-06   1.09510248e-10
    70       3   6.65678673e-15   0.00000000e+00
    71       1   1.03511957e-02   1.58663005e-02
    71       2   6.69268696e-06   1.24418410e-10
    71       3   7.82305636e-15   0.00000000e+00
    72       1   6.47797850e-03   1.77855606e-02
    72       2   7.34284766e-06   1.40018791e-10
    72       3   8.59046082e-15   0.00000000e+00
    73       1   2.70163784e-03   1.97871156e-02
    73       2   8.00680691e-06   1.56202743e-10
    73       3   9.38310619e-15   0.00000000e+00
    74       1   1.01245297e-03   2.18819700e-02
    74       2   8.69009161e-06   1.73225603e-10
    74       3   1.00050805e-14   0.00000000e+00
    75       1   4.69678966e-03   2.40827915e-02
    75       2   9.39845547e-06   1.91055037e-10
    75       3   1.06674050e-14   0.00000000e+00
    76       1   8.38282368e-03   2.64042622e-02
    76       2   1.01380574e-05   2.09937464e-10
    76       3   1.17910188e-14   0.00000000e+00
    77       1   1.21019769e-02   2.88635230e-02
    77       2   1.09156561e-05   2.29809545e-10
    77       3   1.25616665e-14   0.00000000e+00
    78       1   1.58866547e-02   3.14807378e-02
    78       2   1.17388335e-05   2.51052322e-10
    78       3   1.33991335e-14   0.00000000e+00
    79       1   1.97713267e-02   3.42798177e-02
    79       2   1.26162636e-05   2.73808437e-10
    79       3   1.45314277e-14   0.00000000e+00
    80       1   2.37937537e-02   3.72893641e-02
    80       2   1.35580463e-05   2.98140425e-10
    80       3   1.57651613e-14   0.00000000e+00
    81       1   2.79964567e-02   4.05439067e-02
    81       2   1.45761344e-05   3.24577902e-10
    81       3   1.66628090e-14   0.00000000e+00
    82       1   3.24285554e-02   4.40855554e-02
    82       2   1.56848922e-05   3.53312955e-10
    82       3   1.81455141e-14   0.00000000e+00
    83       1   3.71481556e-02   4.79662346e-02
    83       2   1.69018438e-05   3.84807821e-10
    83       3   1.94302836e-14   0.00000000e+00
    84       1   4.22255473e-02   5.22507542e-02
    84       2   1.82486929e-05   4.19583029e-10
    84       3   2.10145333e-14   0.00000000e+00
    85       1   4.77476101e-02   5.70211094e-02
    85       2   1.97527466e-05   4.58259016e-10
    85       3   2.29515676e-14   0.00000000e+00
    86       1   5.38240434e-02   6.23826224e-02
    86       2   2.14489420e-05   5.01746281e-10
    86       3   2.48894878e-14   0.00000000e+00
    87       1   6.05964179e-02   6.84729186e-02
    87       2   2.33828048e-05   5.51239486e-10
    87       3   2.69936286e-14   0.00000000e+00
    88       1   6.82517051e-02   7.54753901e-02
    88       2   2.56148824e-05   6.08009649e-10
    88       3   2.96318051e-14   0.00000000e+00
    89       1   7.70431417e-02   8.36400033e-02
    89       2   2.82275916e-05   6.74324638e-10
    89       3   3.26001505e-14   0.00000000e+00
    90       1   8.73235745e-02   9.33165893e-02
    90       2   3.13361715e-05   7.52870094e-10
    90       3   3.60054720e-14   0.00000000e+00
    91       1   9.96009981e-02   1.05010329e-01
    91       2   3.51069351e-05   8.47773172e-10
    91       3   4.02056557e-14   0.00000000e+00
    92       1   1.14635714e-01   1.19478851e-01
    92       2   3.97892061e-05   9.65286024e-10
    92       3   4.58417436e-14   0.00000000e+00
    93       1   1.33620734e-01   1.37912553e-01
    93       2   4.57746286e-05   1.11479759e-09
    93       3   5.28718880e-14   0.00000000e+00
    94       1   1.58542576e-01   1.62295250e-01
    94       2   5.37157817e-05   1.31272323e-09
    94       3   6.20016686e-14   0.00000000e+00
    95       1   1.92974983e-01   1.96197594e-01
    95       2   6.47871301e-05   1.58786810e-09
    95       3   7.48570669e-14   0.00000000e+00
    96       1   2.44063308e-01   2.46760619e-01
    96       2   8.13373958e-05   1.99830460e-09
    96       3   9.40104499e-14   0.00000000e+00
    97       1   3.28478031e-01   3.30646382e-01
    97       2   1.08846667e-04   2.67926252e-09
    97       3   1.26060894e-13   0.00000000e+00
    98       1   4.96231663e-01   4.97840466e-01
    98       2   1.63754819e-04   4.03633534e-09
    98       3   1.89028103e-13   0.00000000e+00
    99       1   9.97443270e-01   9.98268907e-01
    99       2   3.28260199e-04   8.09836478e-09
    99       3   3.79658858e-13   0.00000000e+00
   100       1   3.08692727e+03   2.30689913e+05
   100       2   6.68827886e+01   1.87604538e-03
   100       3   7.73679608e-08   1.48040904e-14
   100       4   0.00000000e+00   0.00000000e+00
   101       1   1.00000492e+00   1.00000433e+00
   101       2   3.29115650e-04   8.12180258e-09
   101       3   3.80767542e-13   0.00000000e+00
   102       1   4.99280494e-01   4.99569021e-01
   102       2   1.64608297e-04   4.05974179e-09
   102       3   1.90578447e-13   0.00000000e+00
   103       1   3.31619259e-01   3.32373124e-01
   103       2   1.09700452e-04   2.70254677e-09
   103       3   1.26801100e-13   0.00000000e+00
   104       1   2.47239463e-01   2.48486084e-01
   104       2   8.21920849e-05   2.02167792e-09
   104       3   9.51245480e-14   0.00000000e+00
   105       1   1.96170169e-01   1.97921761e-01
   105       2   6.56431212e-05   1.61117592e-09
   105       3   7.59317160e-14   0.00000000e+00
   106       1   1.61751173e-01   1.64017959e-01
   106       2   5.45734274e-05   1.33603833e-09
   106       3   6.32027694e-14   0.00000000e+00
   107       1   1.36840664e-01   1.39633593e-01
   107       2   4.66342727e-05   1.13802956e-09
   107       3   5.40382520e-14   0.00000000e+00
   108       1   1.17866400e-01   1.21197989e-01
   108       2   4.06511957e-05   9.88408880e-10
   108       3   4.70993021e-14   0.00000000e+00
   109       1   1.02842606e-01   1.06727319e-01
   109       2   3.59716262e-05   8.70865304e-10
   109       3   4.16416139e-14   0.00000000e+00
   110       1   9.05766852e-02   9.50311758e-02
   110       2   3.22039330e-05   7.76054769e-10
   110       3   3.73114030e-14   0.00000000e+00
   111       1   8.03086018e-02   8.53519231e-02
   111       2   2.90988080e-05   6.97467576e-10
   111       3   3.38012353e-14   0.00000000e+00
   112       1   7.15305501e-02   7.71843731e-02
   112       2   2.64899573e-05   6.31128752e-10
   112       3   3.05876913e-14   0.00000000e+00
   113       1   6.38898354e-02   7.01786873e-02
   113       2   2.42621638e-05   5.74275531e-10
   113       3   2.81867349e-14   0.00000000e+00
   114       1   5.71333560e-02   6.40848920e-02
   114       2   2.23330359e-05   5.24789176e-10
   114       3   2.58738324e-14   0.00000000e+00
   115       1   5.10742705e-02   5.87195873e-02
   115       2   2.06420552e-05   4.81209188e-10
   115       3   2.38856550e-14   0.00000000e+00
   116       1   4.55711404e-02   5.39451393e-02
   116       2   1.91437290e-05   4.42423150e-10
   116       3   2.22881515e-14   0.00000000e+00
   117       1   4.05144068e-02   4.96562168e-02
   117       2   1.78031580e-05   4.07667067e-10
   117       3   2.06523224e-14   0.00000000e+00
   118       1   3.58173430e-02   4.57708149e-02
   118       2   1.65930785e-05   3.76112160e-10
   118       3   1.92059732e-14   0.00000000e+00
   119       1   3.14098285e-02   4.22241129e-02
   119       2   1.54918356e-05   3.47268727e-10
   119       3   1.80323607e-14   0.00000000e+00
   120       1   2.72339477e-02   3.89641753e-02
   120       2   1.44819619e-05   3.20799510e-10
   120       3   1.66533440e-14   0.00000000e+00
   121       1   2.32407964e-02   3.59488796e-02
   121       2   1.35491577e-05   2.96333020e-10
   121       3   1.58327534e-14   0.00000000e+00
   122       1   1.93880995e-02   3.31436829e-02
   122       2   1.26815448e-05   2.73539902e-10
   122       3   1.46752445e-14   0.00000000e+00
   123       1   1.56383784e-02   3.05199696e-02
   123       2   1.18691091e-05   2.52192450e-10
   123       3   1.36084743e-14   0.00000000e+00
   124       1   1.19574894e-02   2.80538128e-02
   124       2   1.11032763e-05   2.32207187e-10
   124       3   1.28253204e-14   0.00000000e+00
   125       1   8.31340606e-03   2.57250322e-02
   125       2   1.03765807e-05   2.13260681e-10
   125       3   1.18982606e-14   0.00000000e+00
   126       1   4.67514892e-03   2.35164687e-02
   126       2   9.68239950e-06   1.95261685e-10
   126       3   1.12301931e-14   0.00000000e+00
   127       1   1.01178685e-03   2.14134207e-02
   127       2   9.01473377e-06   1.78188206e-10
   127       3   1.04030094e-14   0.00000000e+00
   128       1   2.70856014e-03   1.94031999e-02
   128       2   8.36801939e-06   1.61888188e-10
   128       3   9.81766951e-15   0.00000000e+00
   129       1   6.51978468e-03   1.74747789e-02
   129       2   7.73695555e-06   1.46156292e-10
   129       3   8.85240557e-15   0.00000000e+00
   130       1   1.04589994e-02   1.56185089e-02
   130       2   7.11633967e-06   1.31035523e-10
   130       3   8.32098282e-15   0.00000000e+00
   131       1   1.45679823e-02   1.38258916e-02
   131       2   6.50089722e-06   1.16503468e-10
   131       3   7.59803187e-15   0.00000000e+00
   132       1   1.88949861e-02   1.20893929e-02
   132       2   5.88509350e-06   1.02489708e-10
   132       3   6.88145967e-15   0.00000000e+00
   133       1   2.34970873e-02   1.04022906e-02
   133       2   5.26291144e-06   8.86629599e-11
   133       3   6.16279212e-15   0.00000000e+00
   134       1   2.84433331e-02   8.75854752e-03
   134       2   4.62757331e-06   7.52915646e-11
   134       3   5.54584783e-15   0.00000000e+00
   135       1   3.38190761e-02   7.15270672e-03
   135       2   3.97117447e-06   6.22624521e-11
   135       3   4.68034779e-15   0.00000000e+00
   136       1   3.97321055e-02   5.57980255e-03
   136       2   3.28418021e-06   4.94030434e-11
   136       3   3.89305908e-15   0.00000000e+00
   137       1   4.63215542e-02   4.03528598e-03
   137       2   2.55470803e-06   3.68995095e-11
   137       3   3.05505152e-15   0.00000000e+00
   138       1   5.37712127e-02   2.51496062e-03
   138       2   1.76746647e-06   2.45193261e-11
   138       3   2.14622069e-15   0.00000000e+00
   139       1   6.23300621e-02   1.01492779e-03
   139       2   9.02129072e-07   1.23271215e-11
   139       3   1.28249821e-15   0.00000000e+00
   140       1   7.23450889e-02   4.68461160e-04
   140       2   6.92546067e-08   1.69833264e-13
   140       3   0.00000000e+00   0.00000000e+00
   141       1   8.43159405e-02   1.93864660e-03
   141       2   1.18656244e-06   1.17921029e-11
   141       3   1.32554388e-15   0.00000000e+00
   142       1   9.89905401e-02   3.39889760e-03
   142       2   2.50911981e-06   2.37337070e-11
   142       3   2.73141850e-15   0.00000000e+00
   143       1   1.17542625e-01   4.85234495e-03
   143       2   4.12965496e-06   3.55524676e-11
   143       3   4.68044478e-15   0.00000000e+00
   144       1   1.41926795e-01   6.30201115e-03
   144       2   6.20219955e-06   4.73499774e-11
   144       3   6.97133760e-15   0.00000000e+00
   145       1   1.75659592e-01   7.75083790e-03
   145       2   9.00345936e-06   5.92082219e-11
   145       3   1.03814051e-14   0.00000000e+00
   146       1   2.25772184e-01   9.20171168e-03
   146       2   1.30862298e-05   7.10100297e-11
   146       3   1.49017280e-14   0.00000000e+00
   147       1   3.08668469e-01   1.06574880e-02
   147       2   1.97396287e-05   8.29627006e-11
   147       3   2.25686154e-14   0.00000000e+00
   148       1   4.73558035e-01   1.21210148e-02
   148       2   3.28300057e-05   9.49166979e-11
   148       3   3.77751797e-14   0.00000000e+00
   149       1   9.66496229e-01   1.35951550e-02
   149       2   7.16871665e-05   1.06864147e-10
   149       3   8.20565422e-14   0.00000000e+00
   150       1   1.46222993e+04   1.50828094e-02
   150       2   7.71732754e+00   1.19057125e-10
   150       3   8.84259350e-09   0.00000000e+00
   150       4   0.00000000e+00   0.00000000e+00
   151       1   1.00000987e+00   1.65869396e-02
   151       2   8.25710044e-05   1.31390199e-10
   151       3   9.45933214e-14   0.00000000e+00
   152       1   5.07217609e-01   1.81105913e-02
   152       2   4.37280053e-05   1.43803578e-10
   152       3   5.00268854e-14   0.00000000e+00
   153       1   3.42424355e-01   1.96569195e-02
   153       2   3.06630368e-05   1.56431715e-10
   153       3   3.50906348e-14   0.00000000e+00
   154       1   2.59644129e-01   2.12292140e-02
   154       2   2.40456138e-05   1.69404900e-10
   154       3   2.77515583e-14   0.00000000e+00
   155       1   2.09676396e-01   2.28309280e-02
   155       2   2.00094683e-05   1.82343153e-10
   155       3   2.30998074e-14   0.00000000e+00
   156       1   1.76120071e-01   2.44657083e-02
   156       2   1.72656937e-05   1.95865058e-10
   156       3   1.98007577e-14   0.00000000e+00
   157       1   1.51945601e-01   2.61374290e-02
   157       2   1.52617810e-05   2.09527502e-10
   157       3   1.76075398e-14   0.00000000e+00
   158       1   1.33637829e-01   2.78502288e-02
   158       2   1.37213775e-05   2.23535300e-10
   158       3   1.58197052e-14   0.00000000e+00
   159       1   1.19243586e-01   2.96085528e-02
   159       2   1.24908733e-05   2.37981531e-10
   159       3   1.41822930e-14   0.00000000e+00
   160       1   1.07590717e-01   3.14171993e-02
   160       2   1.14780351e-05   2.52800586e-10
   160       3   1.33226897e-14   0.00000000e+00
   161       1   9.79330907e-02   3.32813739e-02
   161       2   1.06241120e-05   2.68160784e-10
   161       3   1.24186881e-14   0.00000000e+00
   162       1   8.97730991e-02   3.52067509e-02
   162       2   9.88988805e-06   2.83987296e-10
   162       3   1.14862573e-14   0.00000000e+00
   163       1   8.27660803e-02   3.71995439e-02
   163       2   9.24817177e-06   3.00314264e-10
   163       3   1.05356822e-14   0.00000000e+00
   164       1   7.66657014e-02   3.92665879e-02
   164       2   8.67950405e-06   3.17300117e-10
   164       3   1.00368679e-14   0.00000000e+00
   165       1   7.12911878e-02   4.14154356e-02
   165       2   8.16958280e-06   3.35058845e-10
   165       3   9.46481002e-15   0.00000000e+00
   166       1   6.65068401e-02   4.36544692e-02
   166       2   7.70765302e-06   3.53485407e-10
   166       3   9.10314301e-15   0.00000000e+00
   167       1   6.22087802e-02   4.59930335e-02
   167       2   7.28546501e-06   3.72747129e-10
   167       3   8.53690979e-15   0.00000000e+00
   168       1   5.83161142e-02   4.84415930e-02
   168       2   6.89657962e-06   3.92892982e-10
   168       3   7.92090338e-15   0.00000000e+00
   169       1   5.47648860e-02   5.10119198e-02
   169       2   6.53589283e-06   4.14149805e-10
   169       3   7.48716495e-15   0.00000000e+00
   170       1   5.15038443e-02   5.37173192e-02
   170       2   6.19930278e-06   4.36480855e-10
   170       3   7.41957289e-15   0.00000000e+00
   171       1   4.84914180e-02   5.65729024e-02
   171       2   5.88347188e-06   4.60081092e-10
   171       3   6.65641003e-15   0.00000000e+00
   172       1   4.56935172e-02   5.95959182e-02
   172       2   5.58565368e-06   4.85004092e-10
   172       3   6.54478438e-15   0.00000000e+00
   173       1   4.30819061e-02   6.28061587e-02
   173       2   5.30356486e-06   5.11554147e-10
   173       3   6.26285581e-15   0.00000000e+00
   174       1   4.06329837e-02   6.62264614e-02
   174       2   5.03528913e-06   5.39928401e-10
   174       3   5.83168968e-15   0.00000000e+00
   175       1   3.83268561e-02   6.98833319e-02
   175       2   4.77920411e-06   5.70253937e-10
   175       3   5.43826051e-15   0.00000000e+00
   176       1   3.61466223e-02   7.38077267e-02
   176       2   4.53392507e-06   6.02834989e-10
   176       3   5.24170952e-15   0.00000000e+00
   177       1   3.40778190e-02   7.80360419e-02
   177       2   4.29826107e-06   6.38040147e-10
   177       3   4.74666118e-15   0.00000000e+00
   178       1   3.21079840e-02   8.26113791e-02
   178       2   4.07118048e-06   6.76111633e-10
   178       3   4.90055911e-15   0.00000000e+00
   179       1   3.02263090e-02   8.75851783e-02
   179       2   3.85178359e-06   7.17535238e-10
   179       3   4.45542337e-15   0.00000000e+00
   180       1   2.84233625e-02   9.30193526e-02
   180       2   3.63928060e-06   7.62854401e-10
   180       3   4.04021428e-15   0.00000000e+00
   181       1   2.66908649e-02   9.89891119e-02
   181       2   3.43297389e-06   8.12692700e-10
   181       3   3.93239096e-15   0.00000000e+00
   182       1   2.50215066e-02   1.05586751e-01
   182       2   3.23224350e-06   8.67975258e-10
   182       3   3.69708012e-15   0.00000000e+00
   183       1   2.34087979e-02   1.12926806e-01
   183       2   3.03653530e-06   9.29616262e-10
   183       3   3.47682292e-15   0.00000000e+00
   184       1   2.18469455e-02   1.21153205e-01
   184       2   2.84535110e-06   9.98731812e-10
   184       3   3.27007177e-15   0.00000000e+00
   185       1   2.03307499e-02   1.30449347e-01
   185       2   2.65824051e-06   1.07714540e-09
   185       3   3.07545338e-15   0.00000000e+00
   186       1   1.88555188e-02   1.41052642e-01
   186       2   2.47479400e-06   1.16674198e-09
   186       3   2.89174360e-15   0.00000000e+00
   187       1   1.74169954e-02   1.53275983e-01
   187       2   2.29463717e-06   1.27034525e-09
   187       3   2.59430771e-15   0.00000000e+00
   188       1   1.60112962e-02   1.67540310e-01
   188       2   2.11742576e-06   1.39166202e-09
   188       3   2.55277488e-15   0.00000000e+00
   189       1   1.46348589e-02   1.84425628e-01
   189       2   1.94284146e-06   1.53583974e-09
   189       3   2.27585643e-15   0.00000000e+00
   190       1   1.32843972e-02   2.04753861e-01
   190       2   1.77058825e-06   1.71022903e-09
   190       3   2.12743613e-15   0.00000000e+00
   191       1   1.19568615e-02   2.29729425e-01
   191       2   1.60038923e-06   1.92548729e-09
   191       3   1.86844626e-15   0.00000000e+00
   192       1   1.06494051e-02   2.61190426e-01
   192       2   1.43198388e-06   2.19854624e-09
   192       3   1.61748218e-15   0.00000000e+00
   193       1   9.35935420e-03   3.02087052e-01
   193       2   1.26512558e-06   2.55622479e-09
   193       3   1.48789236e-15   0.00000000e+00
   194       1   8.08418110e-03   3.57468431e-01
   194       2   1.09957944e-06   3.04543664e-09
   194       3   1.24880935e-15   0.00000000e+00
   195       1   6.82148060e-03   4.36740258e-01
   195       2   9.35120337e-07   3.75472658e-09
   195       3   1.12753798e-15   0.00000000e+00
   196       1   5.56894839e-03   5.59606420e-01
   196       2   7.71531152e-07   4.87321670e-09
   196       3   8.97007715e-16   0.00000000e+00
   197       1   4.32436128e-03   7.75216295e-01
   197       2   6.08601090e-07   6.88526755e-09
   197       3   6.69846955e-16   0.00000000e+00
   198       1   3.08555893e-03   1.24768022e+00
   198       2   4.46124163e-07   1.14686020e-08
   198       3   5.56483667e-16   0.00000000e+00
   199       1   1.85042664e-03   2.99749610e+00
   199       2   2.83897741e-07   2.97147499e-08
   199       3   4.44363274e-16   0.00000000e+00
   200       1   6.16878884e-04   2.51127280e+07
   200       2   1.21721154e-07   2.53320963e-01
   200       3   2.22044605e-16   7.41677684e-12
   201       1   6.17156546e-04   1.00000005e+00
   201       2   4.06056670e-08   2.72877185e-09
   201       3   0.00000000e+00   0.00000000e+00
   202       1   1.85375429e-03   7.49848040e-01
   202       2   2.03283531e-07   4.74309654e-09
   202       3   1.11296729e-16   0.00000000e+00
   203       1   3.09500711e-03   5.55099602e-01
   203       2   3.66515344e-07   3.91151556e-09
   203       3   4.46564607e-16   0.00000000e+00
   204       1   4.34304192e-03   4.36690103e-01
   204       2   5.30507496e-07   3.21267184e-09
   204       3   4.48503818e-16   0.00000000e+00
   205       1   5.60003635e-03   3.58813782e-01
   205       2   6.95471298e-07   2.70194047e-09
   205       3   7.89276499e-16   0.00000000e+00
   206       1   6.86823616e-03   3.03980832e-01
   206       2   8.61624499e-07   2.32281990e-09
   206       3   9.08224859e-16   0.00000000e+00
   207       1   8.14997386e-03   2.63335273e-01
   207       2   1.02919291e-06   2.03271741e-09
   207       3   1.25898565e-15   0.00000000e+00
   208       1   9.44768877e-03   2.32002707e-01
   208       2   1.19841215e-06   1.80414525e-09
   208       3   1.38641305e-15   0.00000000e+00
   209       1   1.07639490e-02   2.07098739e-01
   209       2   1.36952958e-06   1.61978562e-09
   209       3   1.75166801e-15   0.00000000e+00
   210       1   1.21014759e-02   1.86813326e-01
   210       2   1.54280644e-06   1.46780333e-09
   210       3   1.77286304e-15   0.00000000e+00
   211       1   1.34631712e-02   1.69955218e-01
   211       2   1.71852017e-06   1.34035791e-09
   211       3   1.91651020e-15   0.00000000e+00
   212       1   1.48521476e-02   1.55709157e-01
   212       2   1.89696720e-06   1.23181184e-09
   212       3   2.18809216e-15   0.00000000e+00
   213       1   1.62717642e-02   1.43498733e-01
   213       2   2.07846590e-06   1.13828230e-09
   213       3   2.34723008e-15   0.00000000e+00
   214       1   1.77256663e-02   1.32905043e-01
   214       2   2.26336015e-06   1.05670593e-09
   214       3   2.64028677e-15   0.00000000e+00
   215       1   1.92178319e-02   1.23616406e-01
   215       2   2.45202334e-06   9.84790227e-10
   215       3   2.94730845e-15   0.00000000e+00
   216       1   2.07526259e-02   1.15396155e-01
   216       2   2.64486311e-06   9.21071191e-10
   216       3   3.00846489e-15   0.00000000e+00
   217       1   2.23348632e-02   1.08061368e-01
   217       2   2.84232683e-06   8.63886527e-10
   217       3   3.34309761e-15   0.00000000e+00
   218       1   2.39698837e-02   1.01468429e-01
   218       2   3.04490808e-06   8.12414432e-10
   218       3   3.69707851e-15   0.00000000e+00
   219       1   2.56636408e-02   9.55030137e-02
   219       2   3.25315435e-06   7.65729600e-10
   219       3   3.79194667e-15   0.00000000e+00
   220       1   2.74228072e-02   9.00729735e-02
   220       2   3.46767620e-06   7.23117805e-10
   220       3   4.04021228e-15   0.00000000e+00
   221       1   2.92549030e-02   8.51032037e-02
   221       2   3.68915831e-06   6.83955721e-10
   221       3   4.15839295e-15   0.00000000e+00
   222       1   3.11684493e-02   8.05318683e-02
   222       2   3.91837277e-06   6.47986930e-10
   222       3   4.44112920e-15   0.00000000e+00
   223       1   3.31731572e-02   7.63075853e-02
   223       2   4.15619539e-06   6.14630534e-10
   223       3   4.74665835e-15   0.00000000e+00
   224       1   3.52801584e-02   7.23872987e-02
   224       2   4.40362560e-06   5.83689625e-10
   224       3   5.07790289e-15   0.00000000e+00
   225       1   3.75022926e-02   6.87346483e-02
   225       2   4.66181115e-06   5.54781173e-10
   225       3   5.26831133e-15   0.00000000e+00
   226       1   3.98544643e-02   6.53187081e-02
   226       2   4.93207891e-06   5.27649650e-10
   226       3   5.83168552e-15   0.00000000e+00
   227       1   4.23540942e-02   6.21129983e-02
   227       2   5.21597363e-06   5.02191184e-10
   227       3   6.07864957e-15   0.00000000e+00
   228       1   4.50216918e-02   5.90947046e-02
   228       2   5.51530724e-06   4.78292901e-10
   228       3   6.54477913e-15   0.00000000e+00
   229       1   4.78815925e-02   5.62440560e-02
   229       2   5.83222214e-06   4.55510153e-10
   229       3   6.65640435e-15   0.00000000e+00
   230       1   5.09629144e-02   5.35438239e-02
   230       2   6.16927338e-06   4.34157230e-10
   230       3   7.20757857e-15   0.00000000e+00
   231       1   5.43008176e-02   5.09789168e-02
   231       2   6.52953679e-06   4.13750879e-10
   231       3   7.37540911e-15   0.00000000e+00
   232       1   5.79381819e-02   4.85360487e-02
   232       2   6.91675297e-06   3.94177815e-10
   232       3   8.15733989e-15   0.00000000e+00
   233       1   6.19278774e-02   4.62034673e-02
   233       2   7.33552204e-06   3.75544473e-10
   233       3   8.41135778e-15   0.00000000e+00
   234       1   6.63358847e-02   4.39707282e-02
   234       2   7.79157130e-06   3.57702082e-10
   234       3   9.23700194e-15   0.00000000e+00
   235       1   7.12456640e-02   4.18285080e-02
   235       2   8.29212981e-06   3.40604505e-10
   235       3   9.75161020e-15   0.00000000e+00
   236       1   7.67643945e-02   3.97684466e-02
   236       2   8.84646333e-06   3.24109088e-10
   236       3   1.03456806e-14   0.00000000e+00
   237       1   8.30320945e-02   3.77830149e-02
   237       2   9.46665602e-06   3.08225125e-10
   237       3   1.10373653e-14   0.00000000e+00
   238       1   9.02352992e-02   3.58654030e-02
   238       2   1.01687827e-05   2.92882456e-10
   238       3   1.16685604e-14   0.00000000e+00
   239       1   9.86281991e-02   3.40094242e-02
   239       2   1.09747203e-05   2.77971554e-10
   239       3   1.28192688e-14   0.00000000e+00
   240       1   1.08566460e-01   3.22094332e-02
   240       2   1.19150457e-05   2.63511984e-10
   240       3   1.39887977e-14   0.00000000e+00
   241       1   1.20563590e-01   3.04602558e-02
   241       2   1.30338658e-05   2.49486920e-10
   241       3   1.50531039e-14   0.00000000e+00
   242       1   1.35389577e-01   2.87571274e-02
   242       2   1.43972679e-05   2.35830230e-10
   242       3   1.66671501e-14   0.00000000e+00
   243       1   1.54254074e-01   2.70956398e-02
   243       2   1.61090153e-05   2.22487270e-10
   243       3   1.85856867e-14   0.00000000e+00
   244       1   1.79172770e-01   2.54716944e-02
   244       2   1.83419344e-05   2.09513379e-10
   244       3   2.13386144e-14   0.00000000e+00
   245       1   2.13773411e-01   2.38814608e-02
   245       2   2.14069688e-05   1.96654154e-10
   245       3   2.50830315e-14   0.00000000e+00
   246       1   2.65310858e-01   2.23213398e-02
   246       2   2.59258089e-05   1.84120359e-10
   246       3   3.01132553e-14   0.00000000e+00
   247       1   3.50712390e-01   2.07879308e-02
   247       2   3.33487812e-05   1.71770333e-10
   247       3   3.90779713e-14   0.00000000e+00
   248       1   5.20759587e-01   1.92780011e-02
   248       2   4.80263935e-05   1.59535671e-10
   248       3   5.57870590e-14   0.00000000e+00
   249       1   1.02937309e+00   1.77884591e-02
   249       2   9.17100506e-05   1.47702593e-10
   249       3   1.07357686e-13   0.00000000e+00
   250       1   1.27376027e+04   1.63163286e-02
   250       2   1.19497438e+01   1.35714749e-10
   250       3   1.39320308e-08   0.00000000e+00
   250       4   0.00000000e+00   0.00000000e+00
   251       1   1.00000740e+00   1.48587248e-02
   251       2   8.19245430e-05   1.24031548e-10
   251       3   9.57078044e-14   0.00000000e+00
   252       1   4.91468742e-01   1.34128319e-02
   252       2   3.82246120e-05   1.12349176e-10
   252       3   4.47171441e-14   0.00000000e+00
   253       1   3.21366118e-01   1.19758812e-02
   253       2   2.35212002e-05   1.00709440e-10
   253       3   2.76083584e-14   0.00000000e+00
   254       1   2.35862831e-01   1.05451295e-02
   254       2   1.60621150e-05   8.92794412e-11
   254       3   1.89202462e-14   0.00000000e+00
   255       1   1.84187142e-01   9.11783789e-03
   255       2   1.14965868e-05   7.76200041e-11
   255       3   1.35231876e-14   0.00000000e+00
   256       1   1.49413621e-01   7.69125014e-03
   256       2   8.37403281e-06   6.61317911e-11
   256       3   9.99227530e-15   0.00000000e+00
   257       1   1.24287385e-01   6.26257024e-03
   257       2   6.07246110e-06   5.46109597e-11
   257       3   7.32592856e-15   0.00000000e+00
   258       1   1.05179973e-01   4.82893919e-03
   258       2   4.28056877e-06   4.29898585e-11
   258       3   4.91656174e-15   0.00000000e+00
   259       1   9.00745836e-02   3.38741016e-03
   259       2   2.82510431e-06   3.14512967e-11
   259       3   3.31386454e-15   0.00000000e+00
   260       1   7.77601475e-02   1.93492166e-03
   260       2   1.60180818e-06   1.95989327e-11
   260       3   1.98651885e-15   0.00000000e+00
   261       1   6.74649810e-02   4.68268198e-04
   261       2   5.44017399e-07   7.78905753e-12
   261       3   8.54999722e-16   0.00000000e+00
   262       1   5.86735943e-02   1.01593221e-03
   262       2   3.93037165e-07   4.22072432e-12
   262       3   2.68277833e-16   0.00000000e+00
   263       1   5.10280327e-02   2.52127450e-03
   263       2   1.24069181e-06   1.63689526e-11
   263       3   1.40023305e-15   0.00000000e+00
   264       1   4.42714808e-02   4.05160795e-03
   264       2   2.02169104e-06   2.87579134e-11
   264       3   2.18984719e-15   0.00000000e+00
   265       1   3.82144035e-02   5.61108338e-03
   265       2   2.75309916e-06   4.14349851e-11
   265       3   3.15923654e-15   0.00000000e+00
   266       1   3.27133598e-02   7.20420783e-03
   266       2   3.44812798e-06   5.43165512e-11
   266       3   3.84814110e-15   0.00000000e+00
   267       1   2.76572673e-02   8.83590812e-03
   267       2   4.11732830e-06   6.74323727e-11
   267       3   4.62209584e-15   0.00000000e+00
   268       1   2.29582126e-02   1.05116055e-02
   268       2   4.76939475e-06   8.10802136e-11
   268       3   5.37614195e-15   0.00000000e+00
   269       1   1.85451277e-02   1.22373038e-02
   269       2   5.41172836e-06   9.51046136e-11
   269       3   6.12063810e-15   0.00000000e+00
   270       1   1.43593205e-02   1.40196947e-02
   270       2   6.05084451e-06   1.09554746e-10
   270       3   6.86481180e-15   0.00000000e+00
   271       1   1.03512311e-02   1.58662838e-02
   271       2   6.69268090e-06   1.24547474e-10
   271       3   7.61718672e-15   0.00000000e+00
   272       1   6.47801308e-03   1.77855433e-02
   272       2   7.34284147e-06   1.40074824e-10
   272       3   8.59046082e-15   0.00000000e+00
   273       1   2.70167184e-03   1.97870975e-02
   273       2   8.00680054e-06   1.56233247e-10
   273       3   9.17912531e-15   0.00000000e+00
   274       1   1.01241923e-03   2.18819511e-02
   274       2   8.69008501e-06   1.73215116e-10
   274       3   9.80089449e-15   0.00000000e+00
   275       1   4.69675590e-03   2.40827716e-02
   275       2   9.39844859e-06   1.91007072e-10
   275       3   1.06674039e-14   0.00000000e+00
   276       1   8.38278961e-03   2.64042412e-02
   276       2   1.01380502e-05   2.09860491e-10
   276       3   1.15841572e-14   0.00000000e+00
   277       1   1.21019422e-02   2.88635008e-02
   277       2   1.09156484e-05   2.29999184e-10
   277       3   1.27710254e-14   0.00000000e+00
   278       1   1.58866191e-02   3.14807140e-02
   278       2   1.17388253e-05   2.51055771e-10
   278       3   1.36118154e-14   0.00000000e+00
   279       1   1.97712898e-02   3.42797923e-02
   279       2   1.26162548e-05   2.73780784e-10
   279       3   1.47483111e-14   0.00000000e+00
   280       1   2.37937152e-02   3.72893367e-02
   280       2   1.35580368e-05   2.98163366e-10
   280       3   1.57651569e-14   0.00000000e+00
   281       1   2.79964161e-02   4.05438770e-02
   281       2   1.45761241e-05   3.24513931e-10
   281       3   1.67769325e-14   0.00000000e+00
   282       1   3.24285122e-02   4.40855230e-02
   282       2   1.56848810e-05   3.53267940e-10
   282       3   1.80276796e-14   0.00000000e+00
   283       1   3.71481092e-02   4.79661991e-02
   283       2   1.69018314e-05   3.84849831e-10
   283       3   1.94302758e-14   0.00000000e+00
   284       1   4.22254970e-02   5.22507148e-02
   284       2   1.82486791e-05   4.19566183e-10
   284       3   2.10145238e-14   0.00000000e+00
   285       1   4.77475549e-02   5.70210654e-02
   285       2   1.97527311e-05   4.58303429e-10
   285       3   2.26846774e-14   0.00000000e+00
   286       1   5.38239820e-02   6.23825728e-02
   286       2   2.14489244e-05   5.01763108e-10
   286       3   2.47488553e-14   0.00000000e+00
   287       1   6.05963488e-02   6.84728619e-02
   287       2   2.33827846e-05   5.51194337e-10
   287       3   2.68444757e-14   0.00000000e+00
   288       1   6.82516262e-02   7.54753246e-02
   288       2   2.56148588e-05   6.07985455e-10
   288       3   2.96317843e-14   0.00000000e+00
   289       1   7.70430501e-02   8.36399264e-02
   289       2   2.82275638e-05   6.74279897e-10
   289       3   3.26001249e-14   0.00000000e+00
   290       1   8.73234660e-02   9.33164974e-02
   290       2   3.13361382e-05   7.52833652e-10
   290       3   3.60054401e-14   0.00000000e+00
   291       1   9.96008668e-02   1.05010217e-01
   291       2   3.51068941e-05   8.47787471e-10
   291       3   4.04107459e-14   0.00000000e+00
   292       1   1.14635550e-01   1.19478711e-01
   292       2   3.97891546e-05   9.65153628e-10
   292       3   4.61846461e-14   0.00000000e+00
   293       1   1.33620524e-01   1.37912371e-01
   293       2   4.57745617e-05   1.11481916e-09
   293       3   5.28718173e-14   0.00000000e+00
   294       1   1.58542293e-01   1.62295005e-01
   294       2   5.37156910e-05   1.31274592e-09
   294       3   6.20015705e-14   0.00000000e+00
   295       1   1.92974580e-01   1.96197243e-01
   295       2   6.47869999e-05   1.58789850e-09
   295       3   7.48569232e-14   0.00000000e+00
   296       1   2.44062684e-01   2.46760073e-01
   296       2   8.13371928e-05   1.99834004e-09
   296       3   9.40102223e-14   0.00000000e+00
   297       1   3.28476929e-01   3.30645415e-01
   297       2   1.08846307e-04   2.67921010e-09
   297       3   1.25912526e-13   0.00000000e+00
   298       1   4.96229196e-01   4.97838298e-01
   298       2   1.63754010e-04   4.03639377e-09
   298       3   1.89469863e-13   0.00000000e+00
   299       1   9.97433425e-01   9.98260254e-01
   299       2   3.28256965e-04   8.09838203e-09
   299       3   3.79655129e-13   0.00000000e+00
   300       1   3.18356945e+03   7.69942853e+04
   300       2   2.22944550e+01   6.25356865e-04
   300       3   2.57858000e-08   5.06465820e-15
   300       4   0.00000000e+00   0.00000000e+00
   301       1   1.00001475e+00   1.00001298e+00
   301       2   3.29118884e-04   8.12187920e-09
   301       3   3.80550289e-13   0.00000000e+00
   302       1   4.99282961e-01   4.99571188e-01
   302       2   1.64609107e-04   4.05969474e-09
   302       3   1.90579380e-13   0.00000000e+00
   303       1   3.31620361e-01   3.32374090e-01
   303       2   1.09700812e-04   2.70257090e-09
   303       3   1.26949471e-13   0.00000000e+00
   304       1   2.47240087e-01   2.48486630e-01
   304       2   8.21922880e-05   2.02168824e-09
   304       3   9.52361656e-14   0.00000000e+00
   305       1   1.96170572e-01   1.97922112e-01
   305       2   6.56432515e-05   1.61129168e-09
   305       3   7.61109463e-14   0.00000000e+00
   306       1   1.61751456e-01   1.64018204e-01
   306       2   5.45735182e-05   1.33600361e-09
   306       3   6.32028694e-14   0.00000000e+00
   307       1   1.36840875e-01   1.39633775e-01
   307       2   4.66343397e-05   1.13811976e-09
   307       3   5.40383243e-14   0.00000000e+00
   308       1   1.17866563e-01   1.21198129e-01
   308       2   4.06512473e-05   9.88409119e-10
   308       3   4.70993564e-14   0.00000000e+00
   309       1   1.02842737e-01   1.06727431e-01
   309       2   3.59716672e-05   8.70973622e-10
   309       3   4.18467871e-14   0.00000000e+00
   310       1   9.05767938e-02   9.50312676e-02
   310       2   3.22039664e-05   7.76029209e-10
   310       3   3.73114361e-14   0.00000000e+00
   311       1   8.03086935e-02   8.53520000e-02
   311       2   2.90988358e-05   6.97397383e-10
   311       3   3.36296819e-14   0.00000000e+00
   312       1   7.15306291e-02   7.71844385e-02
   312       2   2.64899809e-05   6.31104758e-10
   312       3   3.07470237e-14   0.00000000e+00
   313       1   6.38899046e-02   7.01787439e-02
   313       2   2.42621840e-05   5.74236763e-10
   313       3   2.81867526e-14   0.00000000e+00
   314       1   5.71334174e-02   6.40849417e-02
   314       2   2.23330535e-05   5.24772494e-10
   314       3   2.58738470e-14   0.00000000e+00
   315       1   5.10743258e-02   5.87196313e-02
   315       2   2.06420707e-05   4.81242247e-10
   315       3   2.40191066e-14   0.00000000e+00
   316       1   4.55711907e-02   5.39451787e-02
   316       2   1.91437428e-05   4.42494968e-10
   316       3   2.22881615e-14   0.00000000e+00
   317       1   4.05144531e-02   4.96562524e-02
   317       2   1.78031704e-05   4.07619640e-10
   317       3   2.07745339e-14   0.00000000e+00
   318       1   3.58173861e-02   4.57708472e-02
   318       2   1.65930897e-05   3.76086844e-10
   318       3   1.90881520e-14   0.00000000e+00
   319       1   3.14098690e-02   4.22241426e-02
   319       2   1.54918458e-05   3.47316174e-10
   319       3   1.80323664e-14   0.00000000e+00
   320       1   2.72339861e-02   3.89642027e-02
   320       2   1.44819713e-05   3.20810736e-10
   320       3   1.67643710e-14   0.00000000e+00
   321       1   2.32408332e-02   3.59489051e-02
   321       2   1.35491664e-05   2.96243694e-10
   321       3   1.56158701e-14   0.00000000e+00
   322       1   1.93881349e-02   3.31437067e-02
   322       2   1.26815529e-05   2.73522391e-10
   322       3   1.51006169e-14   0.00000000e+00
   323       1   1.56384129e-02   3.05199919e-02
   323       2   1.18691167e-05   2.52236483e-10
   323       3   1.36084766e-14   0.00000000e+00
   324       1   1.19575233e-02   2.80538339e-02
   324       2   1.11032835e-05   2.32173924e-10
   324       3   1.28253221e-14   0.00000000e+00
   325       1   8.31343957e-03   2.57250521e-02
   325       2   1.03765875e-05   2.13236423e-10
   325       3   1.18982618e-14   0.00000000e+00
   326       1   4.67518237e-03   2.35164877e-02
   326       2   9.68240600e-06   1.95230026e-10
   326       3   1.10260085e-14   0.00000000e+00
   327       1   1.01182052e-03   2.14134388e-02
   327       2   9.01474004e-06   1.78260502e-10
   327       3   1.04030097e-14   0.00000000e+00
   328       1   2.70852595e-03   1.94032173e-02
   328       2   8.36802546e-06   1.61865918e-10
   328       3   9.81766950e-15   0.00000000e+00
   329       1   6.51974964e-03   1.74747956e-02
   329       2   7.73696147e-06   1.46145985e-10
   329       3   8.85240526e-15   0.00000000e+00
   330       1   1.04589631e-02   1.56185250e-02
   330       2   7.11634549e-06   1.31142427e-10
   330       3   8.52900678e-15   0.00000000e+00
   331       1   1.45679445e-02   1.38259072e-02
   331       2   6.50090299e-06   1.16504999e-10
   331       3   7.38697462e-15   0.00000000e+00
   332       1   1.88949463e-02   1.20894081e-02
   332       2   5.88509928e-06   1.02416941e-10
   332       3   6.88145866e-15   0.00000000e+00
   333       1   2.34970449e-02   1.04023053e-02
   333       2   5.26291728e-06   8.86430685e-11
   333       3   5.94269128e-15   0.00000000e+00
   334       1   2.84432874e-02   8.75856195e-03
   334       2   4.62757927e-06   7.52890667e-11
   334       3   5.54584653e-15   0.00000000e+00
   335       1   3.38190263e-02   7.15272085e-03
   335       2   3.97118063e-06   6.23077576e-11
   335       3   4.79735514e-15   0.00000000e+00
   336       1   3.97320505e-02   5.57981643e-03
   336       2   3.28418667e-06   4.94023183e-11
   336       3   3.89305778e-15   0.00000000e+00
   337       1   4.63214927e-02   4.03529964e-03
   337       2   2.55471491e-06   3.69066021e-11
   337       3   3.05505032e-15   0.00000000e+00
   338       1   5.37711428e-02   2.51497410e-03
   338       2   1.76747391e-06   2.45014240e-11
   338       3   2.14621971e-15   0.00000000e+00
   339       1   6.23299814e-02   1.01494112e-03
   339       2   9.02137282e-07   1.22968339e-11
   339       3   1.13999780e-15   0.00000000e+00
   340       1   7.23449937e-02   4.68447950e-04
   340       2   6.92453392e-08   1.76182166e-13
   340       3   0.00000000e+00   0.00000000e+00
   341       1   8.43158257e-02   1.93863348e-03
   341       2   1.18655170e-06   1.18210171e-11
   341       3   1.15985005e-15   0.00000000e+00
   342       1   9.89903976e-02   3.39888454e-03
   342       2   2.50910696e-06   2.37044028e-11
   342       3   2.73141615e-15   0.00000000e+00
   343       1   1.17542442e-01   4.85233192e-03
   343       2   4.12963899e-06   3.54887646e-11
   343       3   4.68044000e-15   0.00000000e+00
   344       1   1.41926550e-01   6.30199813e-03
   344       2   6.20217873e-06   4.73595084e-11
   344       3   6.97132897e-15   0.00000000e+00
   345       1   1.75659242e-01   7.75082486e-03
   345       2   9.00343043e-06   5.91316438e-11
   345       3   1.01081947e-14   0.00000000e+00
   346       1   2.25771643e-01   9.20169860e-03
   346       2   1.30861858e-05   7.10113651e-11
   346       3   1.49016985e-14   0.00000000e+00
   347       1   3.08667515e-01   1.06574749e-02
   347       2   1.97395523e-05   8.29635957e-11
   347       3   2.25685543e-14   0.00000000e+00
   348       1   4.73555898e-01   1.21210016e-02
   348       2   3.28298364e-05   9.48535086e-11
   348       3   3.71292958e-14   0.00000000e+00
   349       1   9.66487705e-01   1.35951417e-02
   349       2   7.16864955e-05   1.06875423e-10
   349       3   8.17384148e-14   0.00000000e+00
   350       1   1.67794105e+04   1.50827959e-02
   350       2   4.14118136e+00   1.19127918e-10
   350       3   4.74710320e-09   0.00000000e+00
   350       4   0.00000000e+00   0.00000000e+00
   351       1   1.00001839e+00   1.65869259e-02
   351       2   8.25716750e-05   1.31418269e-10
   351       3   9.45941537e-14   0.00000000e+00
   352       1   5.07219745e-01   1.81105774e-02
   352       2   4.37281742e-05   1.43795589e-10
   352       3   5.03303034e-14   0.00000000e+00
   353       1   3.42425308e-01   1.96569054e-02
   353       2   3.06631128e-05   1.56446100e-10
   353       3   3.50907407e-14   0.00000000e+00
   354       1   2.59644668e-01   2.12291996e-02
   354       2   2.40456573e-05   1.69391497e-10
   354       3   2.76040068e-14   0.00000000e+00
   355       1   2.09676743e-01   2.28309133e-02
   355       2   2.00094966e-05   1.82505807e-10
   355       3   2.30998500e-14   0.00000000e+00
   356       1   1.76120315e-01   2.44656933e-02
   356       2   1.72657139e-05   1.95802420e-10
   356       3   1.96085478e-14   0.00000000e+00
   357       1   1.51945782e-01   2.61374136e-02
   357       2   1.52617962e-05   2.09582033e-10
   357       3   1.74445304e-14   0.00000000e+00
   358       1   1.33637969e-01   2.78502131e-02
   358       2   1.37213895e-05   2.23617527e-10
   358       3   1.58197238e-14   0.00000000e+00
   359       1   1.19243697e-01   2.96085365e-02
   359       2   1.24908830e-05   2.37999563e-10
   359       3   1.44311204e-14   0.00000000e+00
   360       1   1.07590809e-01   3.14171825e-02
   360       2   1.14780432e-05   2.52811234e-10
   360       3   1.33227023e-14   0.00000000e+00
   361       1   9.79331676e-02   3.32813567e-02
   361       2   1.06241189e-05   2.68145513e-10
   361       3   1.22183972e-14   0.00000000e+00
   362       1   8.97731647e-02   3.52067331e-02
   362       2   9.88989410e-06   2.83924107e-10
   362       3   1.11216230e-14   0.00000000e+00
   363       1   8.27661370e-02   3.71995254e-02
   363       2   9.24817711e-06   3.00314599e-10
   363       3   1.07029231e-14   0.00000000e+00
   364       1   7.66657512e-02   3.92665687e-02
   364       2   8.67950883e-06   3.17374078e-10
   364       3   9.88246121e-15   0.00000000e+00
   365       1   7.12912319e-02   4.14154156e-02
   365       2   8.16958712e-06   3.34992537e-10
   365       3   9.46481597e-15   0.00000000e+00
   366       1   6.65068797e-02   4.36544483e-02
   366       2   7.70765696e-06   3.53462240e-10
   366       3   8.83540869e-15   0.00000000e+00
   367       1   6.22088159e-02   4.59930116e-02
   367       2   7.28546863e-06   3.72706096e-10
   367       3   8.28582874e-15   0.00000000e+00
   368       1   5.83161467e-02   4.84415700e-02
   368       2   6.89658298e-06   3.92915594e-10
   368       3   7.92090745e-15   0.00000000e+00
   369       1   5.47649158e-02   5.10118956e-02
   369       2   6.53589596e-06   4.14075739e-10
   369       3   7.48716855e-15   0.00000000e+00
   370       1   5.15038717e-02   5.37172937e-02
   370       2   6.19930572e-06   4.36404916e-10
   370       3   6.99560046e-15   0.00000000e+00
   371       1   4.84914435e-02   5.65728755e-02
   371       2   5.88347464e-06   4.60036456e-10
   371       3   6.85812234e-15   0.00000000e+00
   372       1   4.56935409e-02   5.95958896e-02
   372       2   5.58565630e-06   4.85061692e-10
   372       3   6.54478701e-15   0.00000000e+00
   373       1   4.30819283e-02   6.28061283e-02
   373       2   5.30356735e-06   5.11549893e-10
   373       3   6.26285818e-15   0.00000000e+00
   374       1   4.06330046e-02   6.62264289e-02
   374       2   5.03529151e-06   5.39917141e-10
   374       3   5.83169175e-15   0.00000000e+00
   375       1   3.83268758e-02   6.98832972e-02
   375       2   4.77920639e-06   5.70276340e-10
   375       3   5.60820803e-15   0.00000000e+00
   376       1   3.61466410e-02   7.38076892e-02
   376       2   4.53392725e-06   6.02844712e-10
   376       3   5.24171118e-15   0.00000000e+00
   377       1   3.40778368e-02   7.80360015e-02
   377       2   4.29826317e-06   6.38013568e-10
   377       3   4.90488468e-15   0.00000000e+00
   378       1   3.21080009e-02   8.26113353e-02
   378       2   4.07118252e-06   6.76017539e-10
   378       3   4.74741797e-15   0.00000000e+00
   379       1   3.02263253e-02   8.75851305e-02
   379       2   3.85178557e-06   7.17474128e-10
   379       3   4.60393870e-15   0.00000000e+00
   380       1   2.84233781e-02   9.30193003e-02
   380       2   3.63928252e-06   7.62854823e-10
   380       3   4.32880208e-15   0.00000000e+00
   381       1   2.66908799e-02   9.89890542e-02
   381       2   3.43297575e-06   8.12809858e-10
   381       3   4.07283445e-15   0.00000000e+00
   382       1   2.50215211e-02   1.05586687e-01
   382       2   3.23224531e-06   8.68022513e-10
   382       3   3.83400984e-15   0.00000000e+00
   383       1   2.34088119e-02   1.12926735e-01
   383       2   3.03653707e-06   9.29601466e-10
   383       3   3.47682363e-15   0.00000000e+00
   384       1   2.18469592e-02   1.21153125e-01
   384       2   2.84535284e-06   9.98809833e-10
   384       3   3.27007238e-15   0.00000000e+00
   385       1   2.03307631e-02   1.30449255e-01
   385       2   2.65824221e-06   1.07719795e-09
   385       3   3.07545392e-15   0.00000000e+00
   386       1   1.88555317e-02   1.41052538e-01
   386       2   2.47479567e-06   1.16679220e-09
   386       3   2.89174407e-15   0.00000000e+00
   387       1   1.74170080e-02   1.53275861e-01
   387       2   2.29463881e-06   1.27030267e-09
   387       3   2.84138506e-15   0.00000000e+00
   388       1   1.60113085e-02   1.67540168e-01
   388       2   2.11742738e-06   1.39164344e-09
   388       3   2.55277523e-15   0.00000000e+00
   389       1   1.46348710e-02   1.84425457e-01
   389       2   1.94284306e-06   1.53585962e-09
   389       3   2.15607479e-15   0.00000000e+00
   390       1   1.32844091e-02   2.04753654e-01
   390       2   1.77058983e-06   1.71012000e-09
   390       3   2.00924546e-15   0.00000000e+00
   391       1   1.19568732e-02   2.29729169e-01
   391       2   1.60039080e-06   1.92556107e-09
   391       3   1.86844645e-15   0.00000000e+00
   392       1   1.06494166e-02   2.61190098e-01
   392       2   1.43198543e-06   2.19854134e-09
   392       3   1.73301678e-15   0.00000000e+00
   393       1   9.35936558e-03   3.02086618e-01
   393       2   1.26512711e-06   2.55626116e-09
   393       3   1.48789248e-15   0.00000000e+00
   394       1   8.08419236e-03   3.57467830e-01
   394       2   1.09958096e-06   3.04549128e-09
   394       3   1.36233756e-15   0.00000000e+00
   395       1   6.82149177e-03   4.36739369e-01
   395       2   9.35121851e-07   3.75463293e-09
   395       3   1.12753804e-15   0.00000000e+00
   396       1   5.56895948e-03   5.59604976e-01
   396       2   7.71532660e-07   4.87319714e-09
   396       3   8.97007755e-16   0.00000000e+00
   397       1   4.32437231e-03   7.75213561e-01
   397       2   6.08602593e-07   6.88518750e-09
   397       3   7.81488140e-16   0.00000000e+00
   398       1   3.08556992e-03   1.24767331e+00
   398       2   4.46125663e-07   1.14687037e-08
   398       3   4.45186943e-16   0.00000000e+00
   399       1   1.85043760e-03   2.99745936e+00
   399       2   2.83899240e-07   2.97141237e-08
   399       3   4.44363279e-16   0.00000000e+00
   400       1   6.16889846e-04   8.87377804e+06
   400       2   1.21722653e-07   1.07047587e-01
   400       3   2.22044605e-16   1.04469079e-12