  TimeWindow  Iteration  ResRel(Mass-Left-Mesh:Displacement-Left)  ResRel(Mass-Left-Mesh:Displacement-Right)
     1       1   1.00000000e+00   1.00000000e+00
     1       2   6.92845117e-08   4.65550795e-09
     1       3   0.00000000e+00   0.00000000e+00
     2       1   2.42253263e-03   7.49798460e-01
     2       2   3.46978163e-07   8.09195996e-09
     2       3   6.68285621e-16   0.00000000e+00
     3       1   4.04679815e-03   5.54958066e-01
     3       2   6.25908286e-07   6.67252238e-09
     3       3   1.11831603e-15   0.00000000e+00
     4       1   5.68267845e-03   4.36440576e-01
     4       2   9.06538975e-07   5.47906263e-09
     4       3   1.68700506e-15   0.00000000e+00
     5       1   7.33394612e-03   3.58448889e-01
     5       2   1.18934878e-06   4.60646516e-09
     5       3   2.49241732e-15   0.00000000e+00
     6       1   9.00452791e-03   3.03496414e-01
     6       2   1.47483529e-06   3.95817351e-09
     6       3   2.97210332e-15   0.00000000e+00
     7       1   1.06985482e-02   2.62728577e-01
     7       2   1.76352010e-06   3.46158774e-09
     7       3   3.35049850e-15   0.00000000e+00
     8       1   1.24203774e-02   2.31271659e-01
     8       2   2.05595435e-06   3.07018832e-09
     8       3   4.09392101e-15   0.00000000e+00
     9       1   1.41746857e-02   2.06241603e-01
     9       2   2.35272489e-06   2.75381112e-09
     9       3   4.62644887e-15   0.00000000e+00
    10       1   1.59665043e-02   1.85828527e-01
    10       2   2.65446132e-06   2.49283961e-09
    10       3   5.06186650e-15   0.00000000e+00
    11       1   1.78012966e-02   1.68841244e-01
    11       2   2.96184409e-06   2.27365492e-09
    11       3   5.76528748e-15   0.00000000e+00
    12       1   1.96850399e-02   1.54464499e-01
    12       2   3.27561387e-06   2.08676202e-09
    12       3   6.50415794e-15   0.00000000e+00
    13       1   2.16243218e-02   1.42121846e-01
    13       2   3.59658265e-06   1.92533966e-09
    13       3   7.02813486e-15   0.00000000e+00
    14       1   2.36264551e-02   1.31394315e-01
    14       2   3.92564672e-06   1.78427428e-09
    14       3   7.84817076e-15   0.00000000e+00
    15       1   2.56996143e-02   1.21970143e-01
    15       2   4.26380238e-06   1.65994301e-09
    15       3   8.31815911e-15   0.00000000e+00
    16       1   2.78530010e-02   1.13612562e-01
    16       2   4.61216466e-06   1.54912996e-09
    16       3   9.10140572e-15   0.00000000e+00
    17       1   3.00970446e-02   1.06138533e-01
    17       2   4.97199028e-06   1.44983042e-09
    17       3   9.80143381e-15   0.00000000e+00
    18       1   3.24436494e-02   9.94043180e-02
    18       2   5.34470564e-06   1.35995624e-09
    18       3   1.05593468e-14   0.00000000e+00
    19       1   3.49064998e-02   9.32954529e-02
    19       2   5.73194145e-06   1.27836917e-09
    19       3   1.13832021e-14   0.00000000e+00
    20       1   3.75014417e-02   8.77196425e-02
    20       2   6.13557605e-06   1.20359652e-09
    20       3   1.21249499e-14   0.00000000e+00
    21       1   4.02469637e-02   8.26016230e-02
    21       2   6.55778985e-06   1.13497458e-09
    21       3   1.29404663e-14   0.00000000e+00
    22       1   4.31648098e-02   7.78793886e-02
    22       2   7.00113468e-06   1.07144694e-09
    22       3   1.38406900e-14   0.00000000e+00
    23       1   4.62807685e-02   7.35013756e-02
    23       2   7.46862299e-06   1.01238864e-09
    23       3   1.46599191e-14   0.00000000e+00
    24       1   4.96257006e-02   6.94243340e-02
    24       2   7.96384398e-06   9.57305022e-10
    24       3   1.57626055e-14   0.00000000e+00
    25       1   5.32368944e-02   6.56116966e-02
    25       2   8.49111659e-06   9.05908128e-10
    25       3   1.66016166e-14   0.00000000e+00
    26       1   5.71598790e-02   6.20323160e-02
    26       2   9.05569404e-06   8.57372801e-10
    26       3   1.79682709e-14   0.00000000e+00
    27       1   6.14508851e-02   5.86594755e-02
    27       2   9.66404138e-06   8.11713745e-10
    27       3   1.92940231e-14   0.00000000e+00
    28       1   6.61802426e-02   5.54701074e-02
    28       2   1.03242184e-05   7.68405671e-10
    28       3   2.02160267e-14   0.00000000e+00
    29       1   7.14371589e-02   5.24441686e-02
    29       2   1.10464182e-05   7.27341212e-10
    29       3   2.17866294e-14   0.00000000e+00
    30       1   7.73365813e-02   4.95641389e-02
    30       2   1.18437395e-05   6.88174776e-10
    30       3   2.31983333e-14   0.00000000e+00
    31       1   8.40292863e-02   4.68146127e-02
    31       2   1.27333238e-05   6.50746640e-10
    31       3   2.52952781e-14   0.00000000e+00
    32       1   9.17171207e-02   4.41819661e-02
    32       2   1.37380701e-05   6.14985685e-10
    32       3   2.74534181e-14   0.00000000e+00
    33       1   1.00676746e-01   4.16540822e-02
    33       2   1.48893083e-05   5.80429106e-10
    33       3   2.95059033e-14   0.00000000e+00
    34       1   1.11297994e-01   3.92201229e-02
    34       2   1.62311156e-05   5.47107907e-10
    34       3   3.18016889e-14   0.00000000e+00
    35       1   1.24148519e-01   3.68703383e-02
    35       2   1.78275921e-05   5.15167646e-10
    35       3   3.53050949e-14   0.00000000e+00
    36       1   1.40088503e-01   3.45959062e-02
    36       2   1.97757680e-05   4.84067135e-10
    36       3   3.91109820e-14   0.00000000e+00
    37       1   1.60487316e-01   3.23887954e-02
    37       2   2.22299816e-05   4.53927717e-10
    37       3   4.40648442e-14   0.00000000e+00
    38       1   1.87666256e-01   3.02416499e-02
    38       2   2.54516936e-05   4.24446606e-10
    38       3   5.04141200e-14   0.00000000e+00
    39       1   2.25900548e-01   2.81476872e-02
    39       2   2.99222214e-05   3.95807960e-10
    39       3   5.94485666e-14   0.00000000e+00
    40       1   2.84024578e-01   2.61006117e-02
    40       2   3.66358439e-05   3.67787542e-10
    40       3   7.27612065e-14   0.00000000e+00
    41       1   3.83721491e-01   2.40945369e-02
    41       2   4.80324015e-05   3.40237838e-10
    41       3   9.55476110e-14   0.00000000e+00
    42       1   5.96236133e-01   2.21239173e-02
    42       2   7.21273698e-05   3.13251695e-10
    42       3   1.43561386e-13   0.00000000e+00
    43       1   1.37283691e+00   2.01834862e-02
    43       2   1.59682566e-04   2.86631101e-10
    43       3   3.17755263e-13   0.00000000e+00
    44       1   4.05212600e+00   1.82681994e-02
    44       2   4.50714388e-04   2.60302886e-10
    44       3   8.97921806e-13   0.00000000e+00
    45       1   7.96227594e-01   1.63731824e-02
    45       2   8.39571275e-05   2.34275780e-10
    45       3   1.67516656e-13   0.00000000e+00
    46       1   4.33319056e-01   1.44936807e-02
    46       2   4.29027430e-05   2.08429758e-10
    46       3   8.57373641e-14   0.00000000e+00
    47       1   2.93017750e-01   1.26250118e-02
    47       2   2.68916336e-05   1.82772177e-10
    47       3   5.36222218e-14   0.00000000e+00
    48       1   2.18171461e-01   1.07625177e-02
    48       2   1.82369417e-05   1.57102170e-10
    48       3   3.65959953e-14   0.00000000e+00
    49       1   1.71358324e-01   8.90151729e-03
    49       2   1.27266917e-05   1.31470733e-10
    49       3   2.54454110e-14   0.00000000e+00
    50       1   1.39104110e-01   7.03725691e-03
    50       2   8.84379854e-06   1.05876142e-10
    50       3   1.82050224e-14   0.00000000e+00
    51       1   1.15366674e-01   5.16485889e-03
    51       2   5.90743377e-06   8.01278711e-11
    51       3   1.20344044e-14   0.00000000e+00
    52       1   9.70315098e-02   3.27926591e-03
    52       2   3.56611221e-06   5.40444007e-11
    52       3   7.35102100e-15   0.00000000e+00
    53       1   8.23290361e-02   1.37518022e-03
    53       2   1.61957274e-06   2.78677194e-11
    53       3   3.51956319e-15   0.00000000e+00
    54       1   7.01783051e-02   5.53004077e-04
    54       2   5.50913934e-08   1.16096131e-12
    54       3   2.72713836e-16   0.00000000e+00
    55       1   5.98806879e-02   2.51127769e-03
    55       2   1.53792228e-06   2.57398337e-11
    55       3   2.82021465e-15   0.00000000e+00
    56       1   5.09635447e-02   4.50610412e-03
    56       2   2.88371339e-06   5.32645588e-11
    56       3   5.23129946e-15   0.00000000e+00
    57       1   4.30946353e-02   6.54452211e-03
    57       2   4.13167041e-06   8.13984428e-11
    57       3   7.91620867e-15   0.00000000e+00
    58       1   3.60325067e-02   8.63426619e-03
    58       2   5.31102952e-06   1.10248618e-10
    58       3   1.02119762e-14   0.00000000e+00
    59       1   2.95963331e-02   1.07839102e-02
    59       2   6.44449441e-06   1.39903190e-10
    59       3   1.24143185e-14   0.00000000e+00
    60       1   2.36468106e-02   1.30030398e-02
    60       2   7.55043879e-06   1.70625534e-10
    60       3   1.48850309e-14   0.00000000e+00
    61       1   1.80736012e-02   1.53024622e-02
    61       2   8.64438376e-06   2.02316340e-10
    61       3   1.64950628e-14   0.00000000e+00
    62       1   1.27867901e-02   1.76944630e-02
    62       2   9.74003891e-06   2.35391311e-10
    62       3   1.87575020e-14   0.00000000e+00
    63       1   7.71086471e-03   2.01931244e-02
    63       2   1.08500791e-05   2.69918869e-10
    63       3   2.10670807e-14   0.00000000e+00
    64       1   2.78030448e-03   2.28147231e-02
    64       2   1.19867656e-05   3.06237702e-10
    64       3   2.32518561e-14   0.00000000e+00
    65       1   2.06380066e-03   2.55782321e-02
    65       2   1.31624841e-05   3.44335047e-10
    65       3   2.57521194e-14   0.00000000e+00
    66       1   6.87649365e-03   2.85059624e-02
    66       2   1.43902559e-05   3.84840615e-10
    66       3   2.81924586e-14   0.00000000e+00
    67       1   1.17113374e-02   3.16243896e-02
    67       2   1.56842673e-05   4.27990708e-10
    67       3   3.08122849e-14   0.00000000e+00
    68       1   1.66226691e-02   3.49652346e-02
    68       2   1.70604651e-05   4.74173921e-10
    68       3   3.34404149e-14   0.00000000e+00
    69       1   2.16679251e-02   3.85668932e-02
    69       2   1.85372700e-05   5.23967587e-10
    69       3   3.63266676e-14   0.00000000e+00
    70       1   2.69102502e-02   4.24763549e-02
    70       2   2.01364782e-05   5.78057851e-10
    70       3   3.97459656e-14   0.00000000e+00
    71       1   3.24216523e-02   4.67518176e-02
    71       2   2.18844439e-05   6.37235651e-10
    71       3   4.29822250e-14   0.00000000e+00
    72       1   3.82870537e-02   5.14663144e-02
    72       2   2.38136841e-05   7.02467725e-10
    72       3   4.67689126e-14   0.00000000e+00
    73       1   4.46097564e-02   5.67128394e-02
    73       2   2.59651180e-05   7.75097568e-10
    73       3   5.09672710e-14   0.00000000e+00
    74       1   5.15191183e-02   6.26117501e-02
    74       2   2.83912764e-05   8.56651433e-10
    74       3   5.58136264e-14   0.00000000e+00
    75       1   5.91817307e-02   6.93217235e-02
    75       2   3.11610315e-05   9.49658778e-10
    75       3   6.13300107e-14   0.00000000e+00
    76       1   6.78182734e-02   7.70564255e-02
    76       2   3.43667767e-05   1.05663800e-09
    76       3   6.77044501e-14   0.00000000e+00
    77       1   7.77298646e-02   8.61107058e-02
    77       2   3.81356945e-05   1.18203101e-09
    77       3   7.50353650e-14   0.00000000e+00
    78       1   8.93409353e-02   9.69033353e-02
    78       2   4.26481269e-05   1.33148075e-09
    78       3   8.39915809e-14   0.00000000e+00
    79       1   1.03272261e-01   1.10049910e-01
    79       2   4.81689008e-05   1.51341046e-09
    79       3   9.47670523e-14   0.00000000e+00
    80       1   1.20472325e-01   1.26494079e-01
    80       2   5.51037037e-05   1.74107988e-09
    80       3   1.08752021e-13   0.00000000e+00
    81       1   1.42469847e-01   1.47759897e-01
    81       2   6.41074869e-05   2.03544799e-09
    81       3   1.26198301e-13   0.00000000e+00
    82       1   1.71901738e-01   1.76479480e-01
    82       2   7.63111162e-05   2.43320040e-09
    82       3   1.50608620e-13   0.00000000e+00
    83       1   2.13744952e-01   2.17624194e-01
    83       2   9.38502132e-05   3.00283708e-09
    83       3   1.84874239e-13   0.00000000e+00
    84       1   2.78660245e-01   2.81846437e-01
    84       2   1.21300569e-04   3.89205973e-09
    84       3   2.39035948e-13   0.00000000e+00
    85       1   3.94362196e-01   3.96841708e-01
    85       2   1.70558524e-04   5.48422137e-09
    85       3   3.36506868e-13   0.00000000e+00
    86       1   6.62481943e-01   6.64158757e-01
    86       2   2.85242794e-04   9.18546220e-09
    86       3   5.62503118e-13   0.00000000e+00
    87       1   1.99836116e+00   1.99772482e+00
    87       2   8.57914773e-04   2.76497172e-08
    87       3   1.69248574e-12   0.00000000e+00
    88       1   1.99916381e+00   2.00001979e+00
    88       2   8.59387618e-04   2.77022543e-08
    88       3   1.69561656e-12   0.00000000e+00
    89       1   6.66298780e-01   6.66418083e-01
    89       2   2.86699148e-04   9.23748270e-09
    89       3   5.65733447e-13   0.00000000e+00
    90       1   3.98423374e-01   3.99097383e-01
    90       2   1.72014849e-04   5.53618466e-09
    90       3   3.39458835e-13   0.00000000e+00
    91       1   2.82792859e-01   2.84100084e-01
    91       2   1.22758543e-04   3.94400676e-09
    91       3   2.42378316e-13   0.00000000e+00
    92       1   2.17911656e-01   2.19875849e-01
    92       2   9.53107558e-05   3.05468829e-09
    92       3   1.88185358e-13   0.00000000e+00
    93       1   1.76090815e-01   1.78728874e-01
    93       2   7.77750185e-05   2.48501543e-09
    93       3   1.53767539e-13   0.00000000e+00
    94       1   1.46677252e-01   1.50006667e-01
    94       2   6.55755199e-05   2.08735111e-09
    94       3   1.29506624e-13   0.00000000e+00
    95       1   1.24696996e-01   1.28737821e-01
    95       2   5.65766503e-05   1.79281590e-09
    95       3   1.11755191e-13   0.00000000e+00
    96       1   1.07514532e-01   1.12290197e-01
    96       2   4.96475708e-05   1.56509878e-09
    96       3   9.82132448e-14   0.00000000e+00
    97       1   9.36018985e-02   9.91397233e-02
    97       2   4.41333676e-05   1.38295692e-09
    97       3   8.72888624e-14   0.00000000e+00
    98       1   8.20110944e-02   8.83427367e-02
    98       2   3.96283991e-05   1.23348476e-09
    98       3   7.85402737e-14   0.00000000e+00
    99       1   7.21216951e-02   7.92836268e-02
    99       2   3.58678938e-05   1.10801190e-09
    99       3   7.09566863e-14   0.00000000e+00
   100       1   6.35095630e-02   7.15436079e-02
   100       2   3.26715746e-05   1.00082500e-09
   100       3   6.46526759e-14   0.00000000e+00
   101       1   5.58738536e-02   6.48278146e-02
   101       2   2.99123350e-05   9.07825396e-10
   101       3   5.92121515e-14   0.00000000e+00
   102       1   4.89941632e-02   5.89225641e-02
   102       2   2.74978699e-05   8.26006489e-10
   102       3   5.44479928e-14   0.00000000e+00
   103       1   4.27041949e-02   5.36691612e-02
   103       2   2.53594098e-05   7.53235811e-10
   103       3   5.02200782e-14   0.00000000e+00
   104       1   3.68749154e-02   4.89472281e-02
   104       2   2.34445437e-05   6.87856018e-10
   104       3   4.65354420e-14   0.00000000e+00
   105       1   3.14033892e-02   4.46637489e-02
   105       2   2.17124919e-05   6.28469247e-10
   105       3   4.30766488e-14   0.00000000e+00
   106       1   2.62051140e-02   4.07456667e-02
   106       2   2.01309007e-05   5.74245822e-10
   106       3   3.97863624e-14   0.00000000e+00
   107       1   2.12085690e-02   3.71347572e-02
   107       2   1.86736074e-05   5.24214703e-10
   107       3   3.72500918e-14   0.00000000e+00
   108       1   1.63511790e-02   3.37840026e-02
   108       2   1.73190421e-05   4.77657949e-10
   108       3   3.45597319e-14   0.00000000e+00
   109       1   1.15761801e-02   3.06549761e-02
   109       2   1.60490523e-05   4.34400449e-10
   109       3   3.18965821e-14   0.00000000e+00
   110       1   6.83003471e-03   2.77159229e-02
   110       2   1.48480113e-05   3.93625091e-10
   110       3   2.94309966e-14   0.00000000e+00
   111       1   2.06013864e-03   2.49403304e-02
   111       2   1.37021173e-05   3.55156460e-10
   111       3   2.73311305e-14   0.00000000e+00
   112       1   2.78739153e-03   2.23058478e-02
   112       2   1.25988149e-05   3.18565274e-10
   112       3   2.51577759e-14   0.00000000e+00
   113       1   7.77005039e-03   1.97934580e-02
   113       2   1.15262875e-05   2.83745554e-10
   113       3   2.26739023e-14   0.00000000e+00
   114       1   1.29516129e-02   1.73868365e-02
   114       2   1.04729765e-05   2.50394126e-10
   114       3   2.08798241e-14   0.00000000e+00
   115       1   1.84054141e-02   1.50718492e-02
   115       2   9.42708372e-06   2.18278860e-10
   115       3   1.87126072e-14   0.00000000e+00
   116       1   2.42186181e-02   1.28361534e-02
   116       2   8.37600742e-06   1.87220412e-10
   116       3   1.67702161e-14   0.00000000e+00
   117       1   3.04980375e-02   1.06688799e-02
   117       2   7.30564675e-06   1.57124601e-10
   117       3   1.48129723e-14   0.00000000e+00
   118       1   3.73783846e-02   8.56037497e-03
   118       2   6.19947832e-06   1.27864955e-10
   118       3   1.25727975e-14   0.00000000e+00
   119       1   4.50343921e-02   6.50199053e-03
   119       2   5.03725424e-06   9.92685072e-11
   119       3   1.02192782e-14   0.00000000e+00
   120       1   5.36992512e-02   4.48591057e-03
   120       2   3.79306874e-06   7.12476352e-11
   120       3   7.81968197e-15   0.00000000e+00
   121       1   6.36937152e-02   2.50500702e-03
   121       2   2.43234769e-06   4.36817285e-11
   121       3   5.18155964e-15   0.00000000e+00
   122       1   7.54739689e-02   5.52718245e-04
   122       2   9.06933553e-07   1.66125463e-11
   122       3   2.19972536e-15   0.00000000e+00
   123       1   8.97142099e-02   1.37705431e-03
   123       2   8.53360691e-07   1.02364277e-11
   123       3   1.27843730e-15   0.00000000e+00
   124       1   1.07457482e-01   3.29003536e-03
   124       2   2.95614755e-06   3.68355066e-11
   124       3   5.30929037e-15   0.00000000e+00
   125       1   1.30411220e-01   5.19165370e-03
   125       2   5.57660342e-06   6.33187338e-11
   125       3   1.08029663e-14   0.00000000e+00
   126       1   1.61580483e-01   7.08711143e-03
   126       2   9.02201401e-06   8.96697651e-11
   126       3   1.73121466e-14   0.00000000e+00
   127       1   2.06795088e-01   8.98144649e-03
   127       2   1.38874052e-05   1.16066877e-10
   127       3   2.66407076e-14   0.00000000e+00
   128       1   2.79056064e-01   1.08795901e-02
   128       2   2.14984505e-05   1.42541658e-10
   128       3   4.17857615e-14   0.00000000e+00
   129       1   4.14472966e-01   1.27864210e-02
   129       2   3.55354118e-05   1.69093884e-10
   129       3   6.89954613e-14   0.00000000e+00
   130       1   7.64705585e-01   1.47068170e-02
   130       2   7.14518483e-05   1.95888192e-10
   130       3   1.38980686e-13   0.00000000e+00
   131       1   3.90879246e+00   1.66457057e-02
   131       2   3.91931692e-04   2.22892291e-10
   131       3   7.63773189e-13   0.00000000e+00
   132       1   1.32746384e+00   1.86081161e-02
   132       2   1.41338943e-04   2.50316107e-10
   132       3   2.76218795e-13   0.00000000e+00
   133       1   5.78526717e-01   2.05992301e-02
   133       2   6.47948743e-05   2.78105529e-10
   133       3   1.26583375e-13   0.00000000e+00
   134       1   3.73509756e-01   2.26244378e-02
   134       2   4.37008696e-05   3.06401843e-10
   134       3   8.54802919e-14   0.00000000e+00
   135       1   2.77301561e-01   2.46893953e-02
   135       2   3.37031221e-05   3.35247415e-10
   135       3   6.58971260e-14   0.00000000e+00
   136       1   2.21192265e-01   2.68000888e-02
   136       2   2.77980203e-05   3.64768768e-10
   136       3   5.43164374e-14   0.00000000e+00
   137       1   1.84268497e-01   2.89629038e-02
   137       2   2.38536892e-05   3.95013501e-10
   137       3   4.69253407e-14   0.00000000e+00
   138       1   1.58009095e-01   3.11847040e-02
   138       2   2.10013170e-05   4.26095565e-10
   138       3   4.12741365e-14   0.00000000e+00
   139       1   1.38290270e-01   3.34729196e-02
   139       2   1.88202953e-05   4.58197727e-10
   139       3   3.69592966e-14   0.00000000e+00
   140       1   1.22872886e-01   3.58356487e-02
   140       2   1.70821185e-05   4.91252700e-10
   140       3   3.34177570e-14   0.00000000e+00
   141       1   1.10436003e-01   3.82817753e-02
   141       2   1.56518821e-05   5.25626421e-10
   141       3   3.08140931e-14   0.00000000e+00
   142       1   1.00149836e-01   4.08211058e-02
   142       2   1.44447575e-05   5.61278030e-10
   142       3   2.86172002e-14   0.00000000e+00
   143       1   9.14667721e-02   4.34645303e-02
   143       2   1.34046912e-05   5.98337730e-10
   143       3   2.63230074e-14   0.00000000e+00
   144       1   8.40107289e-02   4.62242146e-02
   144       2   1.24931272e-05   6.37164791e-10
   144       3   2.45556708e-14   0.00000000e+00
   145       1   7.75147889e-02   4.91138280e-02
   145       2   1.16826495e-05   6.77741942e-10
   145       3   2.29254296e-14   0.00000000e+00
   146       1   7.17842038e-02   5.21488192e-02
   146       2   1.09532104e-05   7.20565349e-10
   146       3   2.15333120e-14   0.00000000e+00
   147       1   6.66734894e-02   5.53467503e-02
   147       2   1.02897951e-05   7.65579971e-10
   147       3   2.03342627e-14   0.00000000e+00
   148       1   6.20717241e-02   5.87277050e-02
   148       2   9.68092189e-06   8.13220378e-10
   148       3   1.90722646e-14   0.00000000e+00
   149       1   5.78928162e-02   6.23147919e-02
   149       2   9.11764996e-06   8.63947917e-10
   149       3   1.81772148e-14   0.00000000e+00
   150       1   5.40688841e-02   6.61347700e-02
   150       2   8.59290335e-06   9.17889814e-10
   150       3   1.67992641e-14   0.00000000e+00
   151       1   5.05456467e-02   7.02188318e-02
   151       2   8.10100062e-06   9.75702302e-10
   151       3   1.59502636e-14   0.00000000e+00
   152       1   4.72791464e-02   7.46035943e-02
   152       2   7.63732006e-06   1.03775163e-09
   152       3   1.51962648e-14   0.00000000e+00
   153       1   4.42333743e-02   7.93323657e-02
   153       2   7.19805709e-06   1.10488394e-09
   153       3   1.40115689e-14   0.00000000e+00
   154       1   4.13785217e-02   8.44567790e-02
   154       2   6.78004535e-06   1.17772177e-09
   154       3   1.34318820e-14   0.00000000e+00
   155       1   3.86896720e-02   9.00389283e-02
   155       2   6.38062294e-06   1.25712022e-09
   155       3   1.27548223e-14   0.00000000e+00
   156       1   3.61458095e-02   9.61541922e-02
   156       2   5.99753078e-06   1.34425277e-09
   156       3   1.19903105e-14   0.00000000e+00
   157       1   3.37290579e-02   1.02895023e-01
   157       2   5.62883459e-06   1.44039936e-09
   157       3   1.11459809e-14   0.00000000e+00
   158       1   3.14240889e-02   1.10376104e-01
   158       2   5.27286418e-06   1.54742265e-09
   158       3   1.05116859e-14   0.00000000e+00
   159       1   2.92176580e-02   1.18741498e-01
   159       2   4.92816568e-06   1.66733503e-09
   159       3   9.65300885e-15   0.00000000e+00
   160       1   2.70982366e-02   1.28174727e-01
   160       2   4.59346367e-06   1.80292377e-09
   160       3   8.98898080e-15   0.00000000e+00
   161       1   2.50557167e-02   1.38913313e-01
   161       2   4.26763076e-06   1.95757963e-09
   161       3   8.50218709e-15   0.00000000e+00
   162       1   2.30811730e-02   1.51270243e-01
   162       2   3.94966295e-06   2.13620273e-09
   162       3   7.79484224e-15   0.00000000e+00
   163       1   2.11666685e-02   1.65666538e-01
   163       2   3.63865953e-06   2.34491029e-09
   163       3   7.25463921e-15   0.00000000e+00
   164       1   1.93050955e-02   1.82682256e-01
   164       2   3.33380649e-06   2.59256508e-09
   164       3   6.62394856e-15   0.00000000e+00
   165       1   1.74900422e-02   2.03139345e-01
   165       2   3.03436273e-06   2.89178335e-09
   165       3   6.02603257e-15   0.00000000e+00
   166       1   1.57156830e-02   2.28242197e-01
   166       2   2.73964850e-06   3.26083525e-09
   166       3   5.33821104e-15   0.00000000e+00
   167       1   1.39766846e-02   2.59828815e-01
   167       2   2.44903556e-06   3.72822528e-09
   167       3   4.91270588e-15   0.00000000e+00
   168       1   1.22681261e-02   3.00849160e-01
   168       2   2.16193882e-06   4.34014907e-09
   168       3   4.27477445e-15   0.00000000e+00
   169       1   1.05854309e-02   3.56351894e-01
   169       2   1.87780904e-06   5.17632426e-09
   169       3   3.77228535e-15   0.00000000e+00
   170       1   8.92430694e-03   4.35741766e-01
   170       2   1.59612650e-06   6.38772353e-09
   170       3   3.17216776e-15   0.00000000e+00
   171       1   7.28069368e-03   5.58720605e-01
   171       2   1.31639535e-06   8.29705580e-09
   171       3   2.69920828e-15   0.00000000e+00
   172       1   5.65071544e-03   7.74432630e-01
   172       2   1.03813850e-06   1.17306817e-08
   172       3   2.12480056e-15   0.00000000e+00
   173       1   4.03063843e-03   1.24697134e+00
   173       2   7.60893030e-07   1.95498571e-08
   173       3   1.67071411e-15   0.00000000e+00
   174       1   2.41683141e-03   2.99673573e+00
   174       2   4.84205827e-07   5.06723740e-08
   174       3   1.00000625e-15   0.00000000e+00
   175       1   8.05728401e-04   2.44213651e+07
   175       2   2.07629501e-07   3.60125093e-01
   175       3   4.44089210e-16   8.24177506e-12
   176       1   8.06206896e-04   1.00000006e+00
   176       2   6.92815833e-08   4.65531397e-09
   176       3   1.11111802e-16   4.54303768e-15
   177       1   2.42251618e-03   7.49801116e-01
   177       2   3.46975224e-07   8.09198957e-09
   177       3   5.56904666e-16   0.00000000e+00
   178       1   4.04678161e-03   5.54959640e-01
   178       2   6.25905332e-07   6.67256706e-09
   178       3   1.23014757e-15   0.00000000e+00
   179       1   5.68266177e-03   4.36441573e-01
   179       2   9.06536001e-07   5.47909198e-09
   179       3   1.68700495e-15   0.00000000e+00
   180       1   7.33392927e-03   3.58449571e-01
   180       2   1.18934578e-06   4.60647519e-09
   180       3   2.26583374e-15   0.00000000e+00
   181       1   9.00451084e-03   3.03496909e-01
   181       2   1.47483226e-06   3.95823714e-09
   181       3   2.85779136e-15   0.00000000e+00
   182       1   1.06985309e-02   2.62728953e-01
   182       2   1.76351704e-06   3.46160162e-09
   182       3   3.46603253e-15   0.00000000e+00
   183       1   1.24203598e-02   2.31271954e-01
   183       2   2.05595125e-06   3.07012630e-09
   183       3   3.97695131e-15   0.00000000e+00
   184       1   1.41746677e-02   2.06241841e-01
   184       2   2.35272174e-06   2.75378349e-09
   184       3   4.62644816e-15   0.00000000e+00
   185       1   1.59664859e-02   1.85828722e-01
   185       2   2.65445812e-06   2.49279144e-09
   185       3   5.18238625e-15   0.00000000e+00
   186       1   1.78012778e-02   1.68841408e-01
   186       2   2.96184082e-06   2.27363304e-09
   186       3   5.88795206e-15   0.00000000e+00
   187       1   1.96850205e-02   1.54464639e-01
   187       2   3.27561054e-06   2.08675328e-09
   187       3   6.50415659e-15   0.00000000e+00
   188       1   2.16243019e-02   1.42121967e-01
   188       2   3.59657923e-06   1.92535172e-09
   188       3   7.15591750e-15   0.00000000e+00
   189       1   2.36264345e-02   1.31394421e-01
   189       2   3.92564322e-06   1.78430186e-09
   189       3   7.71736600e-15   0.00000000e+00
   190       1   2.56995930e-02   1.21970236e-01
   190       2   4.26379878e-06   1.65991470e-09
   190       3   8.31815688e-15   0.00000000e+00
   191       1   2.78529788e-02   1.13612645e-01
   191       2   4.61216095e-06   1.54910987e-09
   191       3   9.10140308e-15   0.00000000e+00
   192       1   3.00970214e-02   1.06138608e-01
   192       2   4.97198646e-06   1.44980291e-09
   192       3   9.65938103e-15   1.61165014e-15
   193       1   3.24436251e-02   9.94043855e-02
   193       2   5.34470167e-06   1.36003753e-09
   193       3   1.05593432e-14   0.00000000e+00
   194       1   3.49064743e-02   9.32955143e-02
   194       2   5.73193732e-06   1.27834005e-09
   194       3   1.13831980e-14   0.00000000e+00
   195       1   3.75014148e-02   8.77196986e-02
   195       2   6.13557175e-06   1.20361651e-09
   195       3   1.19674784e-14   0.00000000e+00
   196       1   4.02469352e-02   8.26016747e-02
   196       2   6.55778535e-06   1.13489760e-09
   196       3   1.29404610e-14   0.00000000e+00
   197       1   4.31647795e-02   7.78794363e-02
   197       2   7.00112995e-06   1.07144844e-09
   197       3   1.38406839e-14   0.00000000e+00
   198       1   4.62807361e-02   7.35014200e-02
   198       2   7.46861801e-06   1.01241165e-09
   198       3   1.50174710e-14   0.00000000e+00
   199       1   4.96256657e-02   6.94243754e-02
   199       2   7.96383870e-06   9.57379640e-10
   199       3   1.57625975e-14   0.00000000e+00
   200       1   5.32368567e-02   6.56117354e-02
   200       2   8.49111096e-06   9.05838725e-10
   200       3   1.66016076e-14   0.00000000e+00
   201       1   5.71598379e-02   6.20323524e-02
   201       2   9.05568801e-06   8.57387031e-10
   201       3   1.77593272e-14   0.00000000e+00
   202       1   6.14508400e-02   5.86595098e-02
   202       2   9.66403488e-06   8.11761501e-10
   202       3   1.90722408e-14   0.00000000e+00
   203       1   6.61801928e-02   5.54701399e-02
   203       2   1.03242114e-05   7.68475181e-10
   203       3   2.05706801e-14   0.00000000e+00
   204       1   7.14371034e-02   5.24441995e-02
   204       2   1.10464104e-05   7.27254849e-10
   204       3   2.19132800e-14   0.00000000e+00
   205       1   7.73365187e-02   4.95641683e-02
   205       2   1.18437310e-05   6.88230201e-10
   205       3   2.34712365e-14   0.00000000e+00
   206       1   8.40292149e-02   4.68146408e-02
   206       2   1.27333142e-05   6.50773090e-10
   206       3   2.49994057e-14   0.00000000e+00
   207       1   9.17170383e-02   4.41819931e-02
   207       2   1.37380592e-05   6.14882733e-10
   207       3   2.72919022e-14   0.00000000e+00
   208       1   1.00676649e-01   4.16541081e-02
   208       2   1.48892957e-05   5.80462201e-10
   208       3   2.95058735e-14   0.00000000e+00
   209       1   1.11297879e-01   3.92201479e-02
   209       2   1.62311009e-05   5.47179689e-10
   209       3   3.19991793e-14   0.00000000e+00
   210       1   1.24148378e-01   3.68703624e-02
   210       2   1.78275745e-05   5.15208562e-10
   210       3   3.53050511e-14   0.00000000e+00
   211       1   1.40088326e-01   3.45959295e-02
   211       2   1.97757463e-05   4.83994263e-10
   211       3   3.92375000e-14   0.00000000e+00
   212       1   1.60487085e-01   3.23888181e-02
   212       2   2.22299538e-05   4.53866652e-10
   212       3   4.40647740e-14   0.00000000e+00
   213       1   1.87665941e-01   3.02416719e-02
   213       2   2.54516563e-05   4.24540117e-10
   213       3   5.05884693e-14   0.00000000e+00
   214       1   2.25900092e-01   2.81477087e-02
   214       2   2.99221681e-05   3.95810701e-10
   214       3   5.92345907e-14   0.00000000e+00
   215       1   2.84023852e-01   2.61006327e-02
   215       2   3.66357602e-05   3.67777428e-10
   215       3   7.27610030e-14   0.00000000e+00
   216       1   3.83720150e-01   2.40945575e-02
   216       2   4.80322484e-05   3.40263351e-10
   216       3   9.53572964e-14   0.00000000e+00
   217       1   5.96232837e-01   2.21239376e-02
   217       2   7.21269967e-05   3.13238931e-10
   217       3   1.43408954e-13   0.00000000e+00
   218       1   1.37281901e+00   2.01835062e-02
   218       2   1.59680550e-04   2.86586580e-10
   218       3   3.18290490e-13   0.00000000e+00
   219       1   4.05228680e+00   1.82682191e-02
   219       2   4.50732498e-04   2.60383283e-10
   219       3   8.98780808e-13   0.00000000e+00
   220       1   7.96234041e-01   1.63732018e-02
   220       2   8.39578552e-05   2.34308110e-10
   220       3   1.67406042e-13   0.00000000e+00
   221       1   4.33321054e-01   1.44937000e-02
   221       2   4.29029702e-05   2.08359330e-10
   221       3   8.54840592e-14   0.00000000e+00
   222       1   2.93018714e-01   1.26250310e-02
   222       2   2.68917446e-05   1.82752004e-10
   222       3   5.39810500e-14   0.00000000e+00
   223       1   2.18172030e-01   1.07625369e-02
   223       2   1.82370084e-05   1.57087388e-10
   223       3   3.65960711e-14   0.00000000e+00
   224       1   1.71358702e-01   8.90153644e-03
   224       2   1.27267370e-05   1.31534555e-10
   224       3   2.56778307e-14   0.00000000e+00
   225       1   1.39104381e-01   7.03727609e-03
   225       2   8.84383189e-06   1.05837843e-10
   225       3   1.80049907e-14   0.00000000e+00
   226       1   1.15366879e-01   5.16487816e-03
   226       2   5.90745988e-06   8.00658577e-11
   226       3   1.18574405e-14   0.00000000e+00
   227       1   9.70316719e-02   3.27928532e-03
   227       2   3.56613362e-06   5.41258599e-11
   227       3   7.19122260e-15   0.00000000e+00
   228       1   8.23291685e-02   1.37519982e-03
   228       2   1.61959098e-06   2.78442107e-11
   228       3   3.66621439e-15   0.00000000e+00
   229       1   7.01784164e-02   5.52984228e-04
   229       2   5.50753596e-08   1.32734893e-12
   229       3   2.72714007e-16   0.00000000e+00
   230       1   5.98807835e-02   2.51125752e-03
   230       2   1.53790780e-06   2.57547343e-11
   230       3   2.69202448e-15   0.00000000e+00
   231       1   5.09636286e-02   4.50608357e-03
   231       2   2.88370001e-06   5.32218318e-11
   231       3   5.35295992e-15   0.00000000e+00
   232       1   4.30947102e-02   6.54450111e-03
   232       2   4.13165781e-06   8.13643561e-11
   232       3   7.79979663e-15   0.00000000e+00
   233       1   3.60325747e-02   8.63424465e-03
   233       2   5.31101743e-06   1.10244773e-10
   233       3   1.02119792e-14   0.00000000e+00
   234       1   2.95963959e-02   1.07838880e-02
   234       2   6.44448263e-06   1.39895421e-10
   234       3   1.26321164e-14   0.00000000e+00
   235       1   2.36468692e-02   1.30030169e-02
   235       2   7.55042715e-06   1.70570977e-10
   235       3   1.44597466e-14   0.00000000e+00
   236       1   1.80736567e-02   1.53024385e-02
   236       2   8.64437211e-06   2.02266922e-10
   236       3   1.69126611e-14   0.00000000e+00
   237       1   1.27868433e-02   1.76944383e-02
   237       2   9.74002711e-06   2.35388149e-10
   237       3   1.87575030e-14   0.00000000e+00
   238       1   7.71091637e-03   2.01930986e-02
   238       2   1.08500671e-05   2.69924707e-10
   238       3   2.10670807e-14   0.00000000e+00
   239       1   2.78035520e-03   2.28146959e-02
   239       2   1.19867531e-05   3.06109937e-10
   239       3   2.34558185e-14   0.00000000e+00
   240       1   2.06375030e-03   2.55782035e-02
   240       2   1.31624711e-05   3.44387745e-10
   240       3   2.57521168e-14   0.00000000e+00
   241       1   6.87644308e-03   2.85059320e-02
   241       2   1.43902421e-05   3.84845145e-10
   241       3   2.81924543e-14   0.00000000e+00
   242       1   1.17112860e-02   3.16243572e-02
   242       2   1.56842527e-05   4.28015564e-10
   242       3   3.08122787e-14   0.00000000e+00
   243       1   1.66226164e-02   3.49651998e-02
   243       2   1.70604494e-05   4.74197787e-10
   243       3   3.34404064e-14   0.00000000e+00
   244       1   2.16678704e-02   3.85668557e-02
   244       2   1.85372531e-05   5.23971577e-10
   244       3   3.61104263e-14   0.00000000e+00
   245       1   2.69101927e-02   4.24763140e-02
   245       2   2.01364598e-05   5.78006367e-10
   245       3   3.95239068e-14   0.00000000e+00
   246       1   3.24215912e-02   4.67517728e-02
   246       2   2.18844236e-05   6.37231820e-10
   246       3   4.28675876e-14   0.00000000e+00
   247       1   3.82869880e-02   5.14662649e-02
   247       2   2.38136616e-05   7.02478513e-10
   247       3   4.67688899e-14   0.00000000e+00
   248       1   4.46096848e-02   5.67127840e-02
   248       2   2.59650927e-05   7.75141941e-10
   248       3   5.09672427e-14   0.00000000e+00
   249       1   5.15190391e-02   6.26116876e-02
   249       2   2.83912477e-05   8.56732878e-10
   249       3   5.59443023e-14   0.00000000e+00
   250       1   5.91816419e-02   6.93216521e-02
   250       2   3.11609984e-05   9.49659434e-10
   250       3   6.13299670e-14   0.00000000e+00
   251       1   6.78181721e-02   7.70563426e-02
   251       2   3.43667380e-05   1.05680553e-09
   251       3   6.75565692e-14   0.00000000e+00
   252       1   7.77297468e-02   8.61106080e-02
   252       2   3.81356487e-05   1.18196153e-09
   252       3   7.50352962e-14   0.00000000e+00
   253       1   8.93407953e-02   9.69032177e-02
   253       2   4.26480714e-05   1.33147812e-09
   253       3   8.41650292e-14   0.00000000e+00
   254       1   1.03272091e-01   1.10049766e-01
   254       2   4.81688320e-05   1.51342039e-09
   254       3   9.47669385e-14   0.00000000e+00
   255       1   1.20472111e-01   1.26493895e-01
   255       2   5.51036160e-05   1.74114760e-09
   255       3   1.08751869e-13   0.00000000e+00
   256       1   1.42469567e-01   1.47759655e-01
   256       2   6.41073708e-05   2.03553635e-09
   256       3   1.26320617e-13   0.00000000e+00
   257       1   1.71901353e-01   1.76479146e-01
   257       2   7.63109548e-05   2.43322172e-09
   257       3   1.50321177e-13   0.00000000e+00
   258       1   2.13744383e-01   2.17623698e-01
   258       2   9.38499730e-05   3.00278610e-09
   258       3   1.84873789e-13   0.00000000e+00
   259       1   2.78659314e-01   2.81845622e-01
   259       2   1.21300173e-04   3.89207414e-09
   259       3   2.39035192e-13   0.00000000e+00
   260       1   3.94360384e-01   3.96840119e-01
   260       2   1.70557750e-04   5.48421529e-09
   260       3   3.36350080e-13   0.00000000e+00
   261       1   6.62476932e-01   6.64154357e-01
   261       2   2.85240647e-04   9.18541674e-09
   261       3   5.62369870e-13   0.00000000e+00
   262       1   1.99831612e+00   1.99768529e+00
   262       2   8.57895465e-04   2.76493682e-08
   262       3   1.69244770e-12   0.00000000e+00
   263       1   1.99920871e+00   2.00005932e+00
   263       2   8.59406931e-04   2.77028030e-08
   263       3   1.69526807e-12   0.00000000e+00
   264       1   6.66303788e-01   6.66422482e-01
   264       2   2.86701295e-04   9.23757789e-09
   264       3   5.65737676e-13   0.00000000e+00
   265       1   3.98425187e-01   3.99098971e-01
   265       2   1.72015624e-04   5.53623356e-09
   265       3   3.39770926e-13   0.00000000e+00
   266       1   2.82793791e-01   2.84100899e-01
   266       2   1.22758939e-04   3.94399138e-09
   266       3   2.42379083e-13   0.00000000e+00
   267       1   2.17912225e-01   2.19876344e-01
   267       2   9.53109963e-05   3.05471947e-09
   267       3   1.88185816e-13   0.00000000e+00
   268       1   1.76091201e-01   1.78729209e-01
   268       2   7.77751801e-05   2.48503145e-09
   268       3   1.53624268e-13   0.00000000e+00
   269       1   1.46677533e-01   1.50006908e-01
   269       2   6.55756362e-05   2.08730536e-09
   269       3   1.29751882e-13   0.00000000e+00
   270       1   1.24697211e-01   1.28738004e-01
   270       2   5.65767382e-05   1.79282953e-09
   270       3   1.11969848e-13   0.00000000e+00
   271       1   1.07514703e-01   1.12290342e-01
   271       2   4.96476397e-05   1.56510255e-09
   271       3   9.82133627e-14   0.00000000e+00
   272       1   9.36020387e-02   9.91398409e-02
   272       2   4.41334231e-05   1.38295708e-09
   272       3   8.72889537e-14   0.00000000e+00
   273       1   8.20112124e-02   8.83428345e-02
   273       2   3.96284451e-05   1.23347399e-09
   273       3   7.85403457e-14   0.00000000e+00
   274       1   7.21217965e-02   7.92837097e-02
   274       2   3.58679325e-05   1.10801007e-09
   274       3   7.11045702e-14   0.00000000e+00
   275       1   6.35096519e-02   7.15436793e-02
   275       2   3.26716077e-05   1.00078317e-09
   275       3   6.45142794e-14   0.00000000e+00
   276       1   5.58739327e-02   6.48278771e-02
   276       2   2.99123638e-05   9.07857993e-10
   276       3   5.92121888e-14   0.00000000e+00
   277       1   4.89942348e-02   5.89226195e-02
   277       2   2.74978952e-05   8.26009612e-10
   277       3   5.44480230e-14   0.00000000e+00
   278       1   4.27042605e-02   5.36692108e-02
   278       2   2.53594323e-05   7.53202317e-10
   278       3   5.02201025e-14   0.00000000e+00
   279       1   3.68749763e-02   4.89472730e-02
   279       2   2.34445639e-05   6.87858625e-10
   279       3   4.65354616e-14   0.00000000e+00
   280       1   3.14034465e-02   4.46637898e-02
   280       2   2.17125103e-05   6.28467328e-10
   280       3   4.30766644e-14   0.00000000e+00
   281       1   2.62051685e-02   4.07457043e-02
   281       2   2.01309175e-05   5.74200891e-10
   281       3   3.97863747e-14   0.00000000e+00
   282       1   2.12086214e-02   3.71347920e-02
   282       2   1.86736229e-05   5.24270650e-10
   282       3   3.70384530e-14   0.00000000e+00
   283       1   1.63512300e-02   3.37840350e-02
   283       2   1.73190566e-05   4.77703472e-10
   283       3   3.43515477e-14   0.00000000e+00
   284       1   1.15762303e-02   3.06550065e-02
   284       2   1.60490659e-05   4.34425827e-10
   284       3   3.18965869e-14   0.00000000e+00
   285       1   6.83008459e-03   2.77159516e-02
   285       2   1.48480242e-05   3.93625191e-10
   285       3   2.96353815e-14   0.00000000e+00
   286       1   2.06018880e-03   2.49403577e-02
   286       2   1.37021296e-05   3.55102953e-10
   286       3   2.73311318e-14   0.00000000e+00
   287       1   2.78734053e-03   2.23058737e-02
   287       2   1.25988267e-05   3.18557057e-10
   287       3   2.53623107e-14   0.00000000e+00
   288       1   7.76999792e-03   1.97934828e-02
   288       2   1.15262990e-05   2.83766208e-10
   288       3   2.28800275e-14   0.00000000e+00
   289       1   1.29515583e-02   1.73868604e-02
   289       2   1.04729878e-05   2.50305970e-10
   289       3   2.10886201e-14   0.00000000e+00
   290       1   1.84053565e-02   1.50718722e-02
   290       2   9.42709494e-06   2.18278888e-10
   290       3   1.89252474e-14   0.00000000e+00
   291       1   2.42185566e-02   1.28361757e-02
   291       2   8.37601870e-06   1.87180615e-10
   291       3   1.67702123e-14   0.00000000e+00
   292       1   3.04979709e-02   1.06689015e-02
   292       2   7.30565826e-06   1.57129335e-10
   292       3   1.45885291e-14   0.00000000e+00
   293       1   3.73783113e-02   8.56039614e-03
   293       2   6.19949024e-06   1.27868620e-10
   293       3   1.24563783e-14   0.00000000e+00
   294       1   4.50343102e-02   6.50201126e-03
   294       2   5.03726678e-06   9.92262222e-11
   294       3   1.03409318e-14   0.00000000e+00
   295       1   5.36991580e-02   4.48593093e-03
   295       2   3.79308222e-06   7.12011972e-11
   295       3   7.94786930e-15   0.00000000e+00
   296       1   6.36936070e-02   2.50502708e-03
   296       2   2.43236250e-06   4.37638400e-11
   296       3   5.18155640e-15   0.00000000e+00
   297       1   7.54738402e-02   5.52738071e-04
   297       2   9.06950262e-07   1.66059115e-11
   297       3   2.19972371e-15   0.00000000e+00
   298       1   8.97140526e-02   1.37703466e-03
   298       2   8.53341230e-07   1.01935324e-11
   298       3   1.27843616e-15   0.00000000e+00
   299       1   1.07457283e-01   3.29001583e-03
   299       2   2.95612401e-06   3.68941898e-11
   299       3   5.48626084e-15   0.00000000e+00
   300       1   1.30410958e-01   5.19163423e-03
   300       2   5.57657355e-06   6.33002306e-11
   300       3   1.04028429e-14   0.00000000e+00
   301       1   1.61580117e-01   7.08709198e-03
   301       2   9.02197375e-06   8.97316581e-11
   301       3   1.74283073e-14   0.00000000e+00
   302       1   2.06794538e-01   8.98142700e-03
   302       2   1.38873462e-05   1.16059315e-10
   302       3   2.67808664e-14   0.00000000e+00
   303       1   2.79055132e-01   1.08795706e-02
   303       2   2.14983528e-05   1.42479100e-10
   303       3   4.10682943e-14   0.00000000e+00
   304       1   4.14471036e-01   1.27864013e-02
   304       2   3.55352124e-05   1.69102495e-10
   304       3   6.88683445e-14   0.00000000e+00
   305       1   7.64699361e-01   1.47067971e-02
   305       2   7.14512113e-05   1.95870936e-10
   305       3   1.38979617e-13   0.00000000e+00
   306       1   3.90863706e+00   1.66456856e-02
   306       2   3.91915864e-04   2.22942581e-10
   306       3   7.63880412e-13   0.00000000e+00
   307       1   1.32748110e+00   1.86080957e-02
   307       2   1.41340705e-04   2.50346464e-10
   307       3   2.76402321e-13   0.00000000e+00
   308       1   5.78529896e-01   2.05992094e-02
   308       2   6.47952005e-05   2.78071337e-10
   308       3   1.26584113e-13   0.00000000e+00
   309       1   3.73511049e-01   2.26244166e-02
   309       2   4.37010036e-05   3.06368527e-10
   309       3   8.52906569e-14   0.00000000e+00
   310       1   2.77302261e-01   2.46893737e-02
   310       2   3.37031956e-05   3.35155027e-10
   310       3   6.58973103e-14   0.00000000e+00
   311       1   2.21192706e-01   2.68000666e-02
   311       2   2.77980673e-05   3.64725471e-10
   311       3   5.45304033e-14   0.00000000e+00
   312       1   1.84268801e-01   2.89628811e-02
   312       2   2.38537221e-05   3.94979190e-10
   312       3   4.67509840e-14   0.00000000e+00
   313       1   1.58009318e-01   3.11846806e-02
   313       2   2.10013417e-05   4.26160165e-10
   313       3   4.11273190e-14   0.00000000e+00
   314       1   1.38290442e-01   3.34728954e-02
   314       2   1.88203147e-05   4.58158444e-10
   314       3   3.69593482e-14   0.00000000e+00
   315       1   1.22873023e-01   3.58356237e-02
   315       2   1.70821342e-05   4.91278921e-10
   315       3   3.37508661e-14   0.00000000e+00
   316       1   1.10436115e-01   3.82817494e-02
   316       2   1.56518953e-05   5.25603724e-10
   316       3   3.10116538e-14   0.00000000e+00
   317       1   1.00149929e-01   4.08210787e-02
   317       2   1.44447688e-05   5.61215754e-10
   317       3   2.84394823e-14   0.00000000e+00
   318       1   9.14668520e-02   4.34645022e-02
   318       2   1.34047011e-05   5.98386606e-10
   318       3   2.63230317e-14   0.00000000e+00
   319       1   8.40107980e-02   4.62241851e-02
   319       2   1.24931359e-05   6.37098516e-10
   319       3   2.45556916e-14   0.00000000e+00
   320       1   7.75148496e-02   4.91137971e-02
   320       2   1.16826573e-05   6.77705572e-10
   320       3   2.29254475e-14   0.00000000e+00
   321       1   7.17842577e-02   5.21487867e-02
   321       2   1.09532175e-05   7.20511538e-10
   321       3   2.15333276e-14   0.00000000e+00
   322       1   6.66735377e-02   5.53467159e-02
   322       2   1.02898016e-05   7.65550039e-10
   322       3   2.03342763e-14   0.00000000e+00
   323       1   6.20717679e-02   5.87276685e-02
   323       2   9.68092790e-06   8.13267116e-10
   323       3   1.92940472e-14   0.00000000e+00
   324       1   5.78928562e-02   6.23147532e-02
   324       2   9.11765555e-06   8.63931228e-10
   324       3   1.77593581e-14   0.00000000e+00
   325       1   5.40689208e-02   6.61347286e-02
   325       2   8.59290858e-06   9.17836805e-10
   325       3   1.66016347e-14   0.00000000e+00
   326       1   5.05456807e-02   7.02187874e-02
   326       2   8.10100555e-06   9.75747286e-10
   326       3   1.59502717e-14   0.00000000e+00
   327       1   4.72791781e-02   7.46035466e-02
   327       2   7.63732474e-06   1.03777245e-09
   327       3   1.51962720e-14   0.00000000e+00
   328       1   4.42334039e-02   7.93323140e-02
   328       2   7.19806153e-06   1.10488281e-09
   328       3   1.41824480e-14   0.00000000e+00
   329       1   4.13785495e-02   8.44567229e-02
   329       2   6.78004960e-06   1.17759759e-09
   329       3   1.32680840e-14   0.00000000e+00
   330       1   3.86896983e-02   9.00388669e-02
   330       2   6.38062701e-06   1.25709058e-09
   330       3   1.25973602e-14   0.00000000e+00
   331       1   3.61458345e-02   9.61541248e-02
   331       2   5.99753470e-06   1.34417601e-09
   331       3   1.19903148e-14   0.00000000e+00
   332       1   3.37290817e-02   1.02894948e-01
   332       2   5.62883837e-06   1.44040536e-09
   332       3   1.11459846e-14   0.00000000e+00
   333       1   3.14241116e-02   1.10376021e-01
   333       2   5.27286784e-06   1.54751290e-09
   333       3   1.03696393e-14   0.00000000e+00
   334       1   2.92176799e-02   1.18741405e-01
   334       2   4.92816923e-06   1.66735046e-09
   334       3   9.79091181e-15   0.00000000e+00
   335       1   2.70982576e-02   1.28174621e-01
   335       2   4.59346713e-06   1.80294192e-09
   335       3   9.12314713e-15   0.00000000e+00
   336       1   2.50557370e-02   1.38913192e-01
   336       2   4.26763414e-06   1.95761228e-09
   336       3   8.50218918e-15   0.00000000e+00
   337       1   2.30811926e-02   1.51270103e-01
   337       2   3.94966626e-06   2.13599978e-09
   337       3   7.92262834e-15   0.00000000e+00
   338       1   2.11666876e-02   1.65666374e-01
   338       2   3.63866277e-06   2.34488642e-09
   338       3   7.12956070e-15   0.00000000e+00
   339       1   1.93051141e-02   1.82682060e-01
   339       2   3.33380967e-06   2.59253949e-09
   339       3   6.50128407e-15   0.00000000e+00
   340       1   1.74900604e-02   2.03139108e-01
   340       2   3.03436586e-06   2.89174466e-09
   340       3   6.02603359e-15   0.00000000e+00
   341       1   1.57157008e-02   2.28241902e-01
   341       2   2.73965158e-06   3.26080114e-09
   341       3   5.33821185e-15   0.00000000e+00
   342       1   1.39767020e-02   2.59828438e-01
   342       2   2.44903861e-06   3.72829741e-09
   342       3   4.91270653e-15   0.00000000e+00
   343       1   1.22681433e-02   3.00848662e-01
   343       2   2.16194183e-06   4.34016475e-09
   343       3   4.15924049e-15   0.00000000e+00
   344       1   1.05854479e-02   3.56351205e-01
   344       2   1.87781202e-06   5.17636026e-09
   344       3   3.77228573e-15   0.00000000e+00
   345       1   8.92432370e-03   4.35740748e-01
   345       2   1.59612946e-06   6.38772426e-09
   345       3   3.17216802e-15   0.00000000e+00
   346       1   7.28071029e-03   5.58718952e-01
   346       2   1.31639829e-06   8.29716829e-09
   346       3   2.81167547e-15   0.00000000e+00
   347       1   5.65073193e-03   7.74429501e-01
   347       2   1.03814143e-06   1.17305221e-08
   347       3   2.23663228e-15   0.00000000e+00
   348       1   4.03065485e-03   1.24696343e+00
   348       2   7.60895954e-07   1.95495954e-08
   348       3   1.55933322e-15   0.00000000e+00
   349       1   2.41684778e-03   2.99669366e+00
   349       2   4.84208749e-07   5.06712414e-08
   349       3   1.00000626e-15   0.00000000e+00
   350       1   8.05744762e-04   1.01047145e+07
   350       2   2.07632424e-07   1.88883422e-01
   350       3   4.44089210e-16   5.51146629e-11
   351       1   0.00000000e+00   2.42274273e-09
   351       2   0.00000000e+00   0.00000000e+00