  TimeWindow  Iteration  ResRel(Mass-Left-Mesh:Displacement-Left)  ResRel(Mass-Left-Mesh:Displacement-Right)
     1       1   1.00000000e+00   1.00000000e+00
     1       2   1.04729335e-05   6.99819447e-07
     1       3   1.64937286e-12   4.51882041e-14
     2       1   3.04536395e-02   7.47514485e-01
     2       2   5.34181039e-05   1.21751417e-06
     2       3   1.43701725e-11   1.15317950e-13
     3       1   5.22638769e-02   5.48140179e-01
     3       2   9.88401634e-05   9.98777241e-07
     3       3   2.78558757e-11   8.91259487e-14
     4       1   7.61884465e-02   4.24244306e-01
     4       2   1.48032932e-04   8.10654005e-07
     4       3   4.24950979e-11   6.25506877e-14
     5       1   1.03359804e-01   3.40397364e-01
     5       2   2.02806740e-04   6.68935080e-07
     5       3   5.88344523e-11   4.69125232e-14
     6       1   1.35512925e-01   2.79219307e-01
     6       2   2.65908191e-04   5.59711972e-07
     6       3   7.77045544e-11   7.00503701e-14
     7       1   1.75552259e-01   2.31871893e-01
     7       2   3.41881122e-04   4.72276076e-07
     7       3   1.00483583e-10   4.14555661e-14
     7       4   0.00000000e+00   0.00000000e+00
     8       1   2.28865064e-01   1.93455020e-01
     8       2   4.39057205e-04   3.99663334e-07
     8       3   1.29700612e-10   2.64756673e-14
     8       4   0.00000000e+00   0.00000000e+00
     9       1   3.06876998e-01   1.61030271e-01
     9       2   5.74934573e-04   3.37315065e-07
     9       3   1.70670092e-10   1.68309513e-14
     9       4   0.00000000e+00   0.00000000e+00
    10       1   4.39133320e-01   1.32708542e-01
    10       2   7.94424181e-04   2.82125797e-07
    10       3   2.37040368e-10   1.13203832e-14
    10       4   0.00000000e+00   0.00000000e+00
    11       1   7.33732698e-01   1.07191850e-01
    11       2   1.26099076e-03   2.31867198e-07
    11       3   3.78497782e-10   9.92961349e-15
    11       4   0.00000000e+00   0.00000000e+00
    12       1   2.16521662e+00   8.35233207e-02
    12       2   3.44110135e-03   1.84835270e-07
    12       3   1.04083179e-09   1.43004047e-14
    12       4   0.00000000e+00   0.00000000e+00
    13       1   2.06176489e+00   6.09375193e-02
    13       2   2.92395505e-03   1.39620985e-07
    13       3   8.94548845e-10   4.73066045e-15
    13       4   0.00000000e+00   0.00000000e+00
    14       1   6.40393734e-01   3.87588531e-02
    14       2   7.33382249e-04   9.49417460e-08
    14       3   2.29124665e-10   6.89430120e-15
    14       4   0.00000000e+00   0.00000000e+00
    15       1   3.42572654e-01   1.63183559e-02
    15       2   2.44912191e-04   4.94920734e-08
    15       3   8.11953645e-11   1.24092459e-14
    16       1   2.03847162e-01   7.13368937e-03
    16       2   9.78211438e-06   1.77655025e-09
    16       3   4.42335109e-12   0.00000000e+00
    17       1   1.16014230e-01   3.25457205e-02
    17       2   1.97555917e-04   5.01264965e-08
    17       3   5.18802031e-11   1.50052549e-16
    18       1   4.85264442e-02   6.12589590e-02
    18       2   3.69088570e-04   1.08960388e-07
    18       3   1.03067097e-10   1.09878794e-14
    18       4   0.00000000e+00   0.00000000e+00
    19       1   1.19262176e-02   9.53766658e-02
    19       2   5.51871637e-04   1.79050291e-07
    19       3   1.57405850e-10   9.41937563e-15
    19       4   0.00000000e+00   0.00000000e+00
    20       1   7.42341402e-02   1.38561438e-01
    20       2   7.72571047e-04   2.67947742e-07
    20       3   2.22841584e-10   2.99889936e-14
    20       4   0.00000000e+00   0.00000000e+00
    21       1   1.48395324e-01   1.98015568e-01
    21       2   1.07273630e-03   3.90521607e-07
    21       3   3.11686971e-10   2.67670245e-14
    21       4   0.00000000e+00   0.00000000e+00
    22       1   2.52791347e-01   2.90409999e-01
    22       2   1.54182023e-03   5.81205217e-07
    22       3   4.50392474e-10   4.83566387e-14
    22       4   0.00000000e+00   0.00000000e+00
    23       1   4.38672999e-01   4.65586820e-01
    23       2   2.44219543e-03   9.42964444e-07
    23       3   7.16492034e-10   6.11964762e-14
    23       4   0.00000000e+00   0.00000000e+00
    24       1   9.58637511e-01   9.72453992e-01
    24       2   5.07870691e-03   1.99003071e-06
    24       3   1.49553872e-09   2.03028196e-13
    24       4   1.11384465e-16   0.00000000e+00
    25       1   1.91843003e+02   5.11176644e+04
    25       2   2.63111965e+02   1.18076573e-01
    25       3   7.77360850e-05   8.97486860e-09
    25       4   0.00000000e+00   0.00000000e+00
    26       1   1.00001989e+00   1.00001750e+00
    26       2   5.29665589e-03   2.08508369e-06
    26       3   1.57011099e-09   1.56436957e-13
    26       4   0.00000000e+00   0.00000000e+00
    27       1   4.88207614e-01   4.93026812e-01
    27       2   2.66188871e-03   1.03763779e-06
    27       3   7.91668870e-10   1.02145828e-13
    27       4   0.00000000e+00   0.00000000e+00
    28       1   3.04445923e-01   3.17683834e-01
    28       2   1.76482710e-03   6.75313954e-07
    28       3   5.26704182e-10   3.66900283e-14
    28       4   0.00000000e+00   0.00000000e+00
    29       1   2.01591682e-01   2.25055103e-01
    29       2   1.30082327e-03   4.83824973e-07
    29       3   3.89737803e-10   4.16378986e-14
    29       4   0.00000000e+00   0.00000000e+00
    30       1   1.29164864e-01   1.65288090e-01
    30       2   1.00801527e-03   3.60173017e-07
    30       3   3.03410483e-10   2.97905463e-14
    30       4   0.00000000e+00   0.00000000e+00
    31       1   6.91293409e-02   1.21700044e-01
    31       2   7.97841253e-04   2.69884930e-07
    31       3   2.41576070e-10   1.41291154e-14
    31       4   0.00000000e+00   0.00000000e+00
    32       1   1.18650028e-02   8.70731284e-02
    32       2   6.30337710e-04   1.98038729e-07
    32       3   1.92466625e-10   3.34414540e-14
    32       4   0.00000000e+00   0.00000000e+00
    33       1   5.08805308e-02   5.77238677e-02
    33       2   4.81876198e-04   1.37010916e-07
    33       3   1.49175580e-10   6.75237419e-15
    33       4   0.00000000e+00   0.00000000e+00
    34       1   1.31085080e-01   3.15207524e-02
    34       2   3.31515546e-04   8.23786430e-08
    34       3   1.05674809e-10   5.81291888e-16
    34       4   0.00000000e+00   0.00000000e+00
    35       1   2.55863744e-01   7.08398813e-03
    35       2   1.45654342e-04   3.12658485e-08
    35       3   5.24584509e-11   5.77174005e-16
    36       1   5.20966741e-01   1.65882413e-02
    36       2   1.79877015e-04   1.84333982e-08
    36       3   3.97118595e-11   7.33435397e-16
    37       1   1.78296164e+00   4.03208303e-02
    37       2   1.54901483e-03   6.84737150e-08
    37       3   4.24036289e-10   1.37341471e-15
    37       4   0.00000000e+00   0.00000000e+00
    38       1   1.93701475e+00   6.48909685e-02
    38       2   2.34553952e-03   1.20534207e-07
    38       3   6.65905043e-10   1.18628009e-14
    38       4   0.00000000e+00   0.00000000e+00
    39       1   6.83302271e-01   9.11342454e-02
    39       2   9.86642834e-04   1.76449166e-07
    39       3   2.84607359e-10   2.05684059e-14
    39       4   0.00000000e+00   0.00000000e+00
    40       1   4.22881356e-01   1.20060327e-01
    40       2   6.82997493e-04   2.38470655e-07
    40       3   1.98905436e-10   6.79219693e-14
    40       4   1.11024093e-16   0.00000000e+00
    41       1   3.04957943e-01   1.53013590e-01
    41       2   5.32336498e-04   3.09639202e-07
    41       3   1.56088998e-10   3.13717894e-14
    41       4   0.00000000e+00   0.00000000e+00
    42       1   2.34710903e-01   1.91936472e-01
    42       2   4.33870879e-04   3.94406816e-07
    42       3   1.27922422e-10   2.77037173e-14
    42       4   0.00000000e+00   0.00000000e+00
    43       1   1.86177814e-01   2.39854339e-01
    43       2   3.59765856e-04   4.99799108e-07
    43       3   1.06601140e-10   4.12859914e-14
    43       4   0.00000000e+00   0.00000000e+00
    44       1   1.49300647e-01   3.01863305e-01
    44       2   2.99073353e-04   6.37819151e-07
    44       3   8.90508489e-11   3.87695913e-14
    45       1   1.19324540e-01   3.87380377e-01
    45       2   2.46499436e-04   8.31014718e-07
    45       3   7.37833915e-11   5.73027857e-14
    46       1   9.36747801e-02   5.16057569e-01
    46       2   1.99087294e-04   1.12740346e-06
    46       3   5.99634773e-11   8.45577687e-14
    47       1   7.08019238e-02   7.36835123e-01
    47       2   1.54984504e-04   1.64978024e-06
    47       3   4.70659726e-11   1.14070415e-13
    48       1   4.96821192e-02   1.21304370e+00
    48       2   1.12904656e-04   2.82362962e-06
    48       3   3.47241542e-11   2.36415366e-13
    49       1   2.95722227e-02   2.96045026e+00
    49       2   7.18587994e-05   7.46361385e-06
    49       3   2.26532721e-11   6.25093845e-13
    50       1   9.87440835e-03   2.97748929e+05
    50       2   3.10019322e-05   3.77441683e+01
    50       3   1.06075149e-11   2.99612882e-06
    50       4   0.00000000e+00   0.00000000e+00
    51       1   9.95071723e-03   1.00000009e+00
    51       2   1.04713675e-05   6.99716404e-07
    51       3   1.64869894e-12   3.39487842e-14
    52       1   3.04528870e-02   7.47523965e-01
    52       2   5.34164676e-05   1.21752082e-06
    52       3   1.43695742e-11   8.87179413e-14
    53       1   5.22630655e-02   5.48145903e-01
    53       2   9.88384168e-05   9.98785209e-07
    53       3   2.78554495e-11   7.74589572e-14
    54       1   7.61875432e-02   4.24248022e-01
    54       2   1.48031022e-04   8.10660110e-07
    54       3   4.24944453e-11   7.73788846e-14
    55       1   1.03358761e-01   3.40399986e-01
    55       2   2.02804588e-04   6.68939698e-07
    55       3   5.88337847e-11   4.30928753e-14
    56       1   1.35511666e-01   2.79221281e-01
    56       2   2.65905676e-04   5.59715588e-07
    56       3   7.77038309e-11   6.03585273e-14
    57       1   1.75550650e-01   2.31873459e-01
    57       2   3.41878034e-04   4.72279034e-07
    57       3   1.00482933e-10   3.80717777e-14
    57       4   0.00000000e+00   0.00000000e+00
    58       1   2.28862844e-01   1.93456315e-01
    58       2   4.39053141e-04   3.99665890e-07
    58       3   1.29699540e-10   1.70591887e-14
    58       4   0.00000000e+00   0.00000000e+00
    59       1   3.06873573e-01   1.61031382e-01
    59       2   5.74928622e-04   3.37317151e-07
    59       3   1.70668390e-10   2.41588571e-14
    59       4   0.00000000e+00   0.00000000e+00
    60       1   4.39126979e-01   1.32709526e-01
    60       2   7.94413739e-04   2.82127642e-07
    60       3   2.37037191e-10   3.27696893e-14
    60       4   0.00000000e+00   0.00000000e+00
    61       1   7.33715804e-01   1.07192747e-01
    61       2   1.26096427e-03   2.31868933e-07
    61       3   3.78489477e-10   2.71292269e-14
    61       4   1.92235636e-16   0.00000000e+00
    62       1   2.16506756e+00   8.35241620e-02
    62       2   3.44087608e-03   1.84836949e-07
    62       3   1.04076336e-09   7.96274865e-15
    62       4   0.00000000e+00   0.00000000e+00
    63       1   2.06191196e+00   6.09383308e-02
    63       2   2.92417980e-03   1.39622573e-07
    63       3   8.94616412e-10   3.26568848e-14
    63       4   0.00000000e+00   0.00000000e+00
    64       1   6.40410628e-01   3.87596586e-02
    64       2   7.33409117e-04   9.49434280e-08
    64       3   2.29133062e-10   5.28074783e-15
    64       4   0.00000000e+00   0.00000000e+00
    65       1   3.42579160e-01   1.63191802e-02
    65       2   2.44923591e-04   4.94938080e-08
    65       3   8.11993879e-11   1.47179486e-14
    66       1   2.03850880e-01   7.13281691e-03
    66       2   9.77458498e-06   1.77827758e-09
    66       3   4.42556467e-12   0.00000000e+00
    67       1   1.16016896e-01   3.25447611e-02
    67       2   1.97549500e-04   5.01246124e-08
    67       3   5.18783899e-11   6.45225052e-15
    68       1   4.85287035e-02   6.12578552e-02
    68       2   3.69082070e-04   1.08958114e-07
    68       3   1.03065255e-10   5.89203686e-15
    68       4   0.00000000e+00   0.00000000e+00
    69       1   1.19240058e-02   9.53753234e-02
    69       2   5.51864133e-04   1.79047473e-07
    69       3   1.57403644e-10   2.44205138e-15
    69       4   0.00000000e+00   0.00000000e+00
    70       1   7.42316533e-02   1.38559685e-01
    70       2   7.72561343e-04   2.67944155e-07
    70       3   2.22839029e-10   2.22433760e-14
    70       4   0.00000000e+00   0.00000000e+00
    71       1   1.48392081e-01   1.98013044e-01
    71       2   1.07272217e-03   3.90516425e-07
    71       3   3.11683038e-10   3.97338701e-14
    71       4   1.27359065e-16   0.00000000e+00
    72       1   2.52786266e-01   2.90405798e-01
    72       2   1.54179620e-03   5.81196541e-07
    72       3   4.50385457e-10   4.92771964e-14
    72       4   1.59307688e-16   0.00000000e+00
    73       1   4.38662460e-01   4.65577807e-01
    73       2   2.44214283e-03   9.42945872e-07
    73       3   7.16476758e-10   6.74949847e-14
    73       4   0.00000000e+00   0.00000000e+00
    74       1   9.58597037e-01   9.72418986e-01
    74       2   5.07849941e-03   1.98995845e-06
    74       3   1.49547729e-09   1.94145954e-13
    74       4   1.11380114e-16   0.00000000e+00
    75       1   1.93319063e+02   1.83368199e+04
    75       2   8.76640193e+01   3.93746942e-02
    75       3   2.59015557e-05   2.95421283e-09
    75       4   9.28170102e-13   0.00000000e+00
    76       1   1.00005969e+00   1.00005247e+00
    76       2   5.29686413e-03   2.08515591e-06
    76       3   1.57017254e-09   1.81517506e-13
    76       4   1.11393165e-16   0.00000000e+00
    77       1   4.88218112e-01   4.93035810e-01
    77       2   2.66194161e-03   1.03765643e-06
    77       3   7.91684743e-10   7.73981327e-14
    77       4   0.00000000e+00   0.00000000e+00
    78       1   3.04450998e-01   3.17688030e-01
    78       2   1.76485124e-03   6.75322578e-07
    78       3   5.26711266e-10   4.57478830e-14
    78       4   0.00000000e+00   0.00000000e+00
    79       1   2.01594912e-01   2.25057626e-01
    79       2   1.30083740e-03   4.83830252e-07
    79       3   3.89742049e-10   3.40243604e-14
    79       4   0.00000000e+00   0.00000000e+00
    80       1   1.29167320e-01   1.65289848e-01
    80       2   1.00802485e-03   3.60176660e-07
    80       3   3.03413289e-10   3.27697717e-14
    80       4   1.11022666e-16   0.00000000e+00
    81       1   6.91314937e-02   1.21701396e-01
    81       2   7.97848481e-04   2.69887664e-07
    81       3   2.41578253e-10   1.56990747e-14
    81       4   0.00000000e+00   0.00000000e+00
    82       1   1.18671615e-02   8.70742472e-02
    82       2   6.30343723e-04   1.98040992e-07
    82       3   1.92468263e-10   1.25803873e-14
    82       4   0.00000000e+00   0.00000000e+00
    83       1   5.08780360e-02   5.77248478e-02
    83       2   4.81881776e-04   1.37012883e-07
    83       3   1.49176733e-10   4.20148318e-15
    83       4   0.00000000e+00   0.00000000e+00
    84       1   1.31081669e-01   3.15216523e-02
    84       2   3.31521556e-04   8.23805130e-08
    84       3   1.05676310e-10   4.65033732e-15
    84       4   0.00000000e+00   0.00000000e+00
    85       1   2.55857876e-01   7.08484818e-03
    85       2   1.45662573e-04   3.12675790e-08
    85       3   5.24605221e-11   1.28421166e-14
    86       1   5.20951676e-01   1.65873896e-02
    86       2   1.79859333e-04   1.84316325e-08
    86       3   3.97072343e-11   0.00000000e+00
    87       1   1.78283057e+00   4.03199587e-02
    87       2   1.54887516e-03   6.84718511e-08
    87       3   4.23996631e-10   7.47746465e-15
    87       4   0.00000000e+00   0.00000000e+00
    88       1   1.93714467e+00   6.48900484e-02
    88       2   2.34567831e-03   1.20532255e-07
    88       3   6.65943517e-10   9.42521147e-15
    88       4   0.00000000e+00   0.00000000e+00
    89       1   6.83317127e-01   9.11332440e-02
    89       2   9.86659631e-04   1.76447066e-07
    89       3   2.84612167e-10   8.15640544e-15
    89       4   0.00000000e+00   0.00000000e+00
    90       1   4.22886970e-01   1.20059202e-01
    90       2   6.83004450e-04   2.38468165e-07
    90       3   1.98906809e-10   3.07831993e-14
    90       4   0.00000000e+00   0.00000000e+00
    91       1   3.04961002e-01   1.53012283e-01
    91       2   5.32340688e-04   3.09636375e-07
    91       3   1.56090541e-10   9.04509682e-15
    91       4   0.00000000e+00   0.00000000e+00
    92       1   2.34712906e-01   1.91934894e-01
    92       2   4.33873898e-04   3.94403390e-07
    92       3   1.27923360e-10   2.18352826e-14
    92       4   0.00000000e+00   0.00000000e+00
    93       1   1.86179283e-01   2.39852349e-01
    93       2   3.59768266e-04   4.99794769e-07
    93       3   1.06601829e-10   1.87815746e-14
    93       4   0.00000000e+00   0.00000000e+00
    94       1   1.49301811e-01   3.01860653e-01
    94       2   2.99075406e-04   6.37813224e-07
    94       3   8.90517940e-11   3.74474905e-14
    95       1   1.19325516e-01   3.87376579e-01
    95       2   2.46501265e-04   8.31006063e-07
    95       3   7.37838300e-11   7.38049776e-14
    96       1   9.36756366e-02   5.16051550e-01
    96       2   1.99088979e-04   1.12738945e-06
    96       3   5.99640523e-11   8.84945130e-14
    97       1   7.08027034e-02   7.36823928e-01
    97       2   1.54986097e-04   1.64975328e-06
    97       3   4.70666843e-11   1.47865493e-13
    98       1   4.96828518e-02   1.21301572e+00
    98       2   1.12906197e-04   2.82355926e-06
    98       3   3.47245508e-11   2.26055539e-13
    99       1   2.95729312e-02   2.96030212e+00
    99       2   7.18603192e-05   7.46320577e-06
    99       3   2.26537367e-11   6.93591140e-13
   100       1   9.87511231e-03   3.05809128e+05
   100       2   3.10034605e-05   1.91848438e+01
   100       3   1.06081810e-11   1.68716961e-06
   100       4   0.00000000e+00   0.00000000e+00