  TimeWindow  TotalIterations  Iterations  Convergence
     1       6       6       1
     2      10       4       1
     3      13       3       1
     4      17       4       1
     5      20       3       1
     6      24       4       1
     7      27       3       1
     8      31       4       1
     9      35       4       1
    10      39       4       1
    11      43       4       1
    12      47       4       1
    13      51       4       1
    14      55       4       1
    15      57       2       1
    16      61       4       1
    17      64       3       1
    18      68       4       1
    19      71       3       1
    20      74       3       1
    21      77       3       1
    22      79       2       1
    23      82       3       1
    24      85       3       1
    25      88       3       1
    26      90       2       1
    27      93       3       1
    28      96       3       1
    29      99       3       1
    30     102       3       1
    31     104       2       1
    32     106       2       1
    33     108       2       1
    34     111       3       1
    35     115       4       1
    36     118       3       1
    37     121       3       1
    38     124       3       1
    39     127       3       1
    40     129       2       1
    41     132       3       1
    42     135       3       1
    43     137       2       1
    44     140       3       1
    45     142       2       1
    46     144       2       1
    47     146       2       1
    48     148       2       1
    49     151       3       1
    50     153       2       1
    51     155       2       1
    52     157       2       1
    53     160       3       1
    54     162       2       1
    55     165       3       1
    56     167       2       1
    57     169       2       1
    58     171       2       1
    59     173       2       1
    60     175       2       1
    61     177       2       1
    62     179       2       1
    63     181       2       1
    64     183       2       1
    65     185       2       1
    66     188       3       1
    67     191       3       1
    68     193       2       1
    69     198       5       1
    70     200       2       1
    71     202       2       1
    72     204       2       1
    73     206       2       1
    74     208       2       1
    75     210       2       1
    76     212       2       1
    77     214       2       1
    78     216       2       1
    79     218       2       1
    80     220       2       1
    81     222       2       1
    82     224       2       1
    83     226       2       1
    84     228       2       1
    85     230       2       1
    86     232       2       1
    87     234       2       1
    88     236       2       1
    89     238       2       1
    90     240       2       1
    91     242       2       1
    92     247       5       1
    93     249       2       1
    94     251       2       1
    95     253       2       1
    96     255       2       1
    97     257       2       1
    98     260       3       1
    99     262       2       1
   100     264       2       1
   101     266       2       1
   102     268       2       1
   103     270       2       1
   104     273       3       1
   105     275       2       1
   106     277       2       1
   107     279       2       1
   108     281       2       1
   109     283       2       1
   110     285       2       1
   111     287       2       1
   112     289       2       1
   113     291       2       1
   114     293       2       1
   115     295       2       1
   116     297       2       1
   117     299       2       1
   118     301       2       1
   119     303       2       1
   120     305       2       1
   121     307       2       1
   122     309       2       1
   123     311       2       1
   124     313       2       1
   125     315       2       1
   126     317       2       1
   127     319       2       1
   128     321       2       1
   129     323       2       1
   130     325       2       1
   131     327       2       1
   132     329       2       1
   133     331       2       1
   134     333       2       1
   135     335       2       1
   136     337       2       1
   137     339       2       1
   138     341       2       1
   139     343       2       1
   140     345       2       1
   141     347       2       1
   142     349       2       1
   143     351       2       1
   144     353       2       1
   145     355       2       1
   146     357       2       1
   147     359       2       1
   148     361       2       1
   149     363       2       1
   150     365       2       1
   151     367       2       1
   152     369       2       1
   153     371       2       1
   154     373       2       1
   155     375       2       1
   156     377       2       1
   157     379       2       1
   158     381       2       1
   159     383       2       1
   160     385       2       1
   161     387       2       1
   162     389       2       1
   163     391       2       1
   164     393       2       1
   165     395       2       1
   166     397       2       1
   167     399       2       1
   168     401       2       1
   169     403       2       1
   170     405       2       1
   171     407       2       1
   172     409       2       1
   173     411       2       1
   174     413       2       1
   175     415       2       1
   176     417       2       1
   177     419       2       1
   178     421       2       1
   179     423       2       1
   180     425       2       1
   181     427       2       1
   182     429       2       1
   183     431       2       1
   184     433       2       1
   185     435       2       1
   186     437       2       1
   187     439       2       1
   188     441       2       1
   189     443       2       1
   190     445       2       1
   191     447       2       1
   192     449       2       1
   193     451       2       1
   194     453       2       1
   195     455       2       1
   196     457       2       1
   197     459       2       1
   198     461       2       1
   199     463       2       1
   200     465       2       1
   201     467       2       1
   202     469       2       1
   203     471       2       1
   204     473       2       1
   205     475       2       1
   206     477       2       1
   207     479       2       1
   208     481       2       1
   209     483       2       1
   210     485       2       1
   211     487       2       1
   212     489       2       1
   213     491       2       1
   214     493       2       1
   215     495       2       1
   216     497       2       1
   217     499       2       1
   218     501       2       1
   219     503       2       1
   220     505       2       1
   221     507       2       1
   222     509       2       1
   223     511       2       1
   224     513       2       1
   225     515       2       1
   226     517       2       1
   227     519       2       1
   228     521       2       1
   229     523       2       1
   230     525       2       1
   231     527       2       1
   232     529       2       1
   233     531       2       1
   234     533       2       1
   235     535       2       1
   236     537       2       1
   237     539       2       1
   238     541       2       1
   239     543       2       1
   240     544       1       1
   241     550       6       1
   242     552       2       1
   243     554       2       1
   244     556       2       1
   245     558       2       1
   246     560       2       1
   247     562       2       1
   248     564       2       1
   249     566       2       1
   250     568       2       1
   251     570       2       1
   252     572       2       1
   253     574       2       1
   254     576       2       1
   255     578       2       1
   256     580       2       1
   257     582       2       1
   258     584       2       1
   259     586       2       1
   260     588       2       1
   261     590       2       1
   262     592       2       1
   263     594       2       1
   264     596       2       1
   265     598       2       1
   266     600       2       1
   267     602       2       1
   268     604       2       1
   269     606       2       1
   270     608       2       1
   271     610       2       1
   272     612       2       1
   273     614       2       1
   274     616       2       1
   275     618       2       1
   276     620       2       1
   277     622       2       1
   278     624       2       1
   279     626       2       1
   280     628       2       1
   281     630       2       1
   282     632       2       1
   283     634       2       1
   284     636       2       1
   285     638       2       1
   286     640       2       1
   287     642       2       1
   288     644       2       1
   289     646       2       1
   290     648       2       1
   291     650       2       1
   292     652       2       1
   293     654       2       1
   294     656       2       1
   295     658       2       1
   296     660       2       1
   297     662       2       1
   298     664       2       1
   299     666       2       1
   300     668       2       1
   301     670       2       1
   302     672       2       1
   303     674       2       1
   304     676       2       1
   305     678       2       1
   306     680       2       1
   307     682       2       1
   308     684       2       1
   309     686       2       1
   310     688       2       1
   311     690       2       1
   312     692       2       1
   313     694       2       1
   314     696       2       1
   315     698       2       1
   316     700       2       1
   317     702       2       1
   318     704       2       1
   319     706       2       1
   320     708       2       1
   321     710       2       1
   322     712       2       1
   323     714       2       1
   324     716       2       1
   325     718       2       1
   326     720       2       1
   327     722       2       1
   328     724       2       1
   329     726       2       1
   330     728       2       1
   331     730       2       1
   332     732       2       1
   333     734       2       1
   334     738       4       1