  TimeWindow  Iteration  ResRel(Solid-Mesh:Displacement)  ResRel(Solid-Mesh:Force)
     1       1   1.00000000e+00   1.00000000e+00
     1       2   5.22041133e-01   4.95905344e-01
     1       3   4.51477765e-01   1.37787031e-02
     1       4   4.07631111e-01   1.05592597e-02
     1       5   9.56134112e-03   2.49258060e-03
     1       6   1.89405505e-04   5.18647706e-05
     2       1   6.29129690e-01   3.34289781e-01
     2       2   1.26092222e-01   7.01337043e-02
     2       3   4.06802843e-03   1.59537147e-02
     2       4   1.64015034e-04   9.85732790e-05
     3       1   4.38512636e-01   1.02950425e-01
     3       2   2.39381729e-03   8.43825158e-02
     3       3   3.39625842e-03   1.10748848e-03
     4       1   3.75953202e-01   4.64603916e-02
     4       2   1.45100308e-03   4.96725301e-02
     4       3   1.58125567e-03   4.05139107e-02
     4       4   1.64174686e-04   8.19368588e-04
     5       1   2.94474463e-01   3.36234167e-02
     5       2   1.36894518e-03   1.49899059e-02
     5       3   1.13032172e-04   3.21907263e-03
     6       1   2.35054376e-01   3.38954084e-02
     6       2   7.53673429e-04   1.08656137e-02
     6       3   1.40167542e-04   1.00763922e-02
     6       4   1.62550401e-06   1.09276131e-04
     7       1   1.94870275e-01   3.96430710e-02
     7       2   1.22367841e-04   1.55358455e-02
     7       3   1.68804936e-04   2.56784557e-03
     8       1   1.71533621e-01   5.10202556e-02
     8       2   5.48306594e-05   6.00364918e-02
     8       3   1.30568282e-04   2.52168752e-02
     8       4   2.88180889e-06   2.95798661e-04
     9       1   1.41707210e-01   5.35664506e-02
     9       2   3.05540319e-05   6.89729015e-02
     9       3   9.19875157e-05   3.08985894e-02
     9       4   1.84730701e-06   1.46482456e-04
    10       1   1.25758251e-01   4.45851862e-02
    10       2   7.14424596e-05   1.26065469e-02
    10       3   6.59249432e-05   1.48458113e-02
    10       4   6.82750523e-06   2.48445685e-04
    11       1   1.13496665e-01   4.74632123e-02
    11       2   1.77200748e-04   1.00777587e-02
    11       3   1.08792575e-04   6.15101225e-03
    11       4   4.53821881e-07   1.37758830e-04
    12       1   1.03909830e-01   5.17383049e-02
    12       2   1.49001618e-04   1.96091276e-02
    12       3   1.55677302e-04   1.06407664e-02
    12       4   2.88015664e-07   2.07621500e-04
    13       1   9.06504060e-02   4.39390419e-02
    13       2   1.34192394e-04   2.20845373e-02
    13       3   6.35509219e-05   1.03120663e-02
    13       4   2.77166828e-06   7.29131003e-04
    14       1   8.25910748e-02   4.32339650e-02
    14       2   5.78490863e-05   2.36542310e-02
    14       3   7.48232320e-05   2.61942137e-02
    14       4   1.33694329e-06   2.10422626e-04
    15       1   7.59479441e-02   4.83644469e-02
    15       2   6.00805672e-05   3.71190185e-03
    16       1   6.16152166e-02   4.56095265e-02
    16       2   6.32684111e-05   9.84208439e-03
    16       3   1.01871302e-05   5.31766610e-03
    16       4   3.88723061e-06   3.18731791e-03
    17       1   4.92381465e-02   3.60134962e-02
    17       2   6.37481444e-05   1.89201105e-02
    17       3   1.57852373e-05   4.16811785e-03
    18       1   4.19938382e-02   3.54039968e-02
    18       2   7.65308820e-05   2.33250176e-02
    18       3   2.05101050e-05   7.51848785e-03
    18       4   5.75516305e-07   6.86764065e-05
    19       1   3.62318889e-02   3.09042198e-02
    19       2   4.40637703e-05   9.56944523e-03
    19       3   3.89897570e-06   1.98724487e-03
    20       1   2.65888987e-02   2.16395256e-02
    20       2   4.87974175e-05   1.59869485e-02
    20       3   1.35072990e-05   2.16628471e-03
    21       1   1.99597695e-02   1.19935765e-02
    21       2   1.55640352e-05   8.66522339e-03
    21       3   8.48496249e-06   1.08295250e-03
    22       1   1.75114025e-02   1.16340348e-02
    22       2   2.52721361e-05   4.98891059e-03
    23       1   1.46077392e-02   1.20697062e-02
    23       2   2.25384639e-05   8.68836969e-03
    23       3   8.24081960e-06   1.33173727e-03
    24       1   1.13729508e-02   1.17731505e-02
    24       2   2.69516345e-05   9.76178899e-03
    24       3   2.10974663e-06   1.28906796e-03
    25       1   9.29148437e-03   9.66699611e-03
    25       2   2.99890584e-05   1.01134772e-02
    25       3   7.47307599e-06   1.95862875e-03
    26       1   1.57219018e-02   7.57420859e-03
    26       2   9.46490169e-06   4.25160431e-03
    27       1   2.61438468e-02   1.51857300e-02
    27       2   2.18296712e-05   7.31039711e-03
    27       3   3.24489236e-06   5.29514246e-04
    28       1   3.77339110e-02   2.63885503e-02
    28       2   1.65436074e-05   5.60540724e-03
    28       3   8.69482803e-06   2.98158011e-03
    29       1   4.02938903e-02   2.77240621e-02
    29       2   2.99843354e-05   8.07608212e-03
    29       3   1.62779630e-05   4.62574064e-03
    30       1   4.63772682e-02   3.09536898e-02
    30       2   2.30166433e-05   5.53247516e-03
    30       3   1.73097548e-05   4.26308961e-03
    31       1   5.54982811e-02   4.07907080e-02
    31       2   5.52251254e-06   1.00074366e-03
    32       1   6.21124187e-02   4.36714200e-02
    32       2   1.43484816e-05   3.36687180e-03
    33       1   6.93319194e-02   3.84889268e-02
    33       2   1.26300851e-05   2.91812815e-03
    34       1   8.14164688e-02   4.15330337e-02
    34       2   3.41745351e-05   7.30375446e-03
    34       3   1.04829666e-05   2.62827204e-03
    35       1   9.73488863e-02   4.73762732e-02
    35       2   3.12186742e-05   6.71783764e-03
    35       3   2.92545939e-05   6.09676339e-03
    35       4   1.38149793e-05   2.58722890e-03
    36       1   1.09178553e-01   4.73089731e-02
    36       2   5.16105857e-05   8.48878440e-03
    36       3   2.23345403e-05   3.79999705e-03
    37       1   1.26958768e-01   4.48599715e-02
    37       2   4.37462720e-05   6.38655057e-03
    37       3   2.93767060e-05   4.27854433e-03
    38       1   1.48582880e-01   5.25303929e-02
    38       2   4.54320756e-05   5.40480387e-03
    38       3   1.63847643e-05   2.30868945e-03
    39       1   1.63834436e-01   5.52909748e-02
    39       2   4.84696271e-05   5.35522116e-03
    39       3   2.39778902e-05   2.87312830e-03
    40       1   1.72816941e-01   4.78842463e-02
    40       2   3.67102930e-05   3.86596693e-03
    41       1   1.99302047e-01   4.36816764e-02
    41       2   5.89568319e-05   5.25004662e-03
    41       3   1.27857147e-05   2.12756067e-03
    42       1   2.34754811e-01   4.65852237e-02
    42       2   9.34616746e-05   5.57877750e-03
    42       3   3.92278612e-05   2.28965099e-03
    43       1   2.66083568e-01   3.78875712e-02
    43       2   6.09518539e-05   3.26144164e-03
    44       1   3.10154048e-01   2.98326463e-02
    44       2   1.37298051e-04   5.70323668e-03
    44       3   4.04369952e-05   8.02039262e-04
    45       1   4.47164833e-01   2.94438515e-02
    45       2   6.87279360e-05   2.89869115e-03
    46       1   6.47091344e-01   3.19143319e-02
    46       2   7.74132822e-05   1.18758984e-03
    47       1   8.77671879e-01   2.46885303e-02
    47       2   4.79595093e-04   4.95312349e-03
    48       1   9.64558652e-01   1.85812961e-02
    48       2   3.19683087e-04   3.36004476e-03
    49       1   8.84184491e-01   1.81639934e-02
    49       2   9.87806396e-04   5.49680382e-03
    49       3   4.41875504e-04   2.23212594e-03
    50       1   9.67115751e-01   1.15062235e-02
    50       2   8.20432840e-04   2.73347019e-03
    51       1   2.29726648e+00   6.47638561e-03
    51       2   1.13406301e-03   1.38374280e-03
    52       1   8.36921180e-01   9.70329944e-03
    52       2   1.12701232e-03   4.68308989e-03
    53       1   5.70123325e-01   9.96651575e-03
    53       2   8.08801282e-04   7.15780002e-03
    53       3   3.73959051e-04   3.09689661e-03
    54       1   4.95417477e-01   2.00092034e-02
    54       2   8.06613020e-05   1.03989641e-03
    55       1   3.99585919e-01   2.52124870e-02
    55       2   2.41687412e-04   5.03380985e-03
    55       3   4.45523332e-05   9.33988863e-04
    56       1   3.21249798e-01   2.21910092e-02
    56       2   5.79896077e-05   2.27098131e-03
    57       1   2.73966272e-01   2.34774717e-02
    57       2   7.20283184e-05   3.21563610e-03
    58       1   2.50849048e-01   3.33597661e-02
    58       2   3.57816692e-05   1.98615465e-03
    59       1   2.17777552e-01   3.63522709e-02
    59       2   9.05497852e-06   1.29283283e-03
    60       1   1.88242835e-01   3.70843815e-02
    60       2   2.51746026e-05   3.02777679e-03
    61       1   1.70080517e-01   4.30059274e-02
    61       2   8.65983498e-06   3.20098025e-03
    62       1   1.44412395e-01   5.02541504e-02
    62       2   3.98940976e-05   4.78392506e-03
    63       1   1.22518991e-01   4.54606237e-02
    63       2   3.58908110e-05   4.76553666e-03
    64       1   1.09189065e-01   4.28710422e-02
    64       2   1.15041911e-05   2.47812560e-03
    65       1   1.01760685e-01   4.62862887e-02
    65       2   1.45064090e-05   3.24256914e-03
    66       1   8.88660802e-02   4.40420442e-02
    66       2   2.81255367e-05   5.28570656e-03
    66       3   1.11252393e-05   2.36744077e-03
    67       1   7.99642697e-02   3.67023113e-02
    67       2   3.29235914e-05   7.15607456e-03
    67       3   1.24209927e-05   1.94022457e-03
    68       1   7.51769721e-02   3.80039818e-02
    68       2   8.26497221e-06   3.10749971e-03
    69       1   6.95525055e-02   4.23404867e-02
    69       2   1.69740549e-05   6.18652168e-03
    69       3   1.95864607e-05   6.75635413e-03
    69       4   1.33553687e-05   5.57417909e-03
    69       5   9.88144746e-06   4.73730370e-03
    70       1   5.68168282e-02   3.73137406e-02
    70       2   1.87301074e-05   4.78514799e-03
    71       1   4.66072985e-02   3.18414517e-02
    71       2   6.51363374e-06   1.26873914e-03
    72       1   3.99108647e-02   3.25601160e-02
    72       2   1.11449821e-05   2.82587481e-03
    73       1   3.15908247e-02   2.89432623e-02
    73       2   1.00786724e-05   2.53642946e-03
    74       1   2.51744187e-02   1.66339939e-02
    74       2   9.62885540e-06   3.63346438e-03
    75       1   1.81830498e-02   1.27204626e-02
    75       2   3.91987135e-06   2.14972692e-03
    76       1   1.46914379e-02   1.11134947e-02
    76       2   1.66329411e-05   4.72000716e-03
    77       1   9.29349657e-03   7.90522078e-03
    77       2   3.12347428e-06   1.61392956e-03
    78       1   1.08656426e-02   1.06661330e-02
    78       2   1.03872343e-05   3.85721340e-03
    79       1   1.20182531e-02   5.69516198e-03
    79       2   9.98463261e-06   2.77429014e-03
    80       1   1.39660661e-02   6.63769879e-03
    80       2   8.67748276e-06   2.22832722e-03
    81       1   2.49457383e-02   1.42097810e-02
    81       2   5.69696820e-06   1.30633887e-03
    82       1   3.23216764e-02   2.08259959e-02
    82       2   4.81734755e-06   1.35860748e-03
    83       1   3.91041642e-02   2.14541612e-02
    83       2   9.42830593e-06   1.30832753e-03
    84       1   4.57991719e-02   2.80655497e-02
    84       2   9.99364824e-06   1.62666810e-03
    85       1   5.29484456e-02   3.71050484e-02
    85       2   3.28525284e-06   9.74718966e-04
    86       1   5.61524588e-02   3.59718293e-02
    86       2   3.37403844e-06   1.34354723e-03
    87       1   6.38132307e-02   3.40991132e-02
    87       2   7.72975713e-06   1.85004619e-03
    88       1   7.45236086e-02   3.89542896e-02
    88       2   1.53216162e-05   2.66290258e-03
    89       1   8.39345699e-02   4.11000797e-02
    89       2   8.19648944e-06   1.37285787e-03
    90       1   9.36952998e-02   3.69374800e-02
    90       2   2.01015143e-05   3.61356767e-03
    91       1   1.10491865e-01   3.88366225e-02
    91       2   7.01017956e-06   2.76711156e-03
    92       1   1.29752871e-01   4.55135239e-02
    92       2   3.81716139e-05   5.85816293e-03
    92       3   3.75025008e-05   5.93726343e-03
    92       4   3.72375742e-05   5.80047521e-03
    92       5   3.28864629e-05   4.66291467e-03
    93       1   1.36135146e-01   4.54799655e-02
    93       2   3.06854338e-05   2.93691225e-03
    94       1   1.43767652e-01   4.00779907e-02
    94       2   2.11842630e-05   3.61494056e-03
    95       1   1.58897126e-01   4.16547125e-02
    95       2   1.31675334e-05   1.58771097e-03
    96       1   1.73696041e-01   4.04230593e-02
    96       2   1.27061634e-05   1.01186337e-03
    97       1   1.80315459e-01   3.14830025e-02
    97       2   4.19274690e-05   2.60635641e-03
    98       1   1.96671708e-01   2.53302761e-02
    98       2   7.39278153e-05   5.10557126e-03
    98       3   1.67582272e-05   9.91815462e-04
    99       1   2.30793056e-01   2.67310863e-02
    99       2   5.91358762e-06   9.22588440e-04
   100       1   2.54653280e-01   2.40856762e-02
   100       2   4.69855395e-05   2.01356472e-03
   101       1   2.62412971e-01   1.88450590e-02
   101       2   1.74025834e-05   1.61868746e-03
   102       1   2.65205801e-01   1.67068073e-02
   102       2   6.79013512e-05   1.27813222e-03
   103       1   1.88446554e-01   1.69951192e-02
   103       2   1.38553224e-04   2.76048717e-03
   104       1   1.08170402e-01   7.46180043e-03
   104       2   2.24937631e-04   5.13670907e-03
   104       3   9.37530464e-05   1.33322755e-03
   105       1   1.66556059e-01   5.03217033e-03
   105       2   1.00052810e-04   1.76636982e-03
   106       1   1.72527569e-01   7.44624583e-03
   106       2   2.77191399e-05   8.15224356e-04
   107       1   1.69847510e-01   9.99230014e-03
   107       2   7.74229202e-05   3.76255461e-03
   108       1   1.83945891e-01   1.93394050e-02
   108       2   5.01013550e-05   1.96006610e-03
   109       1   1.75809732e-01   2.15487868e-02
   109       2   8.58280970e-05   2.84312477e-03
   110       1   1.77759528e-01   1.91041651e-02
   110       2   5.63605943e-05   3.03644854e-03
   111       1   1.73930736e-01   2.41980489e-02
   111       2   3.55198364e-05   2.59001969e-03
   112       1   1.66667332e-01   2.89256217e-02
   112       2   1.69816508e-05   1.33693221e-03
   113       1   1.53605920e-01   2.86262919e-02
   113       2   3.67078833e-05   2.86206312e-03
   114       1   1.48133443e-01   3.06229349e-02
   114       2   1.40736532e-05   2.06237641e-03
   115       1   1.40074426e-01   3.90562220e-02
   115       2   1.76359368e-05   2.39338281e-03
   116       1   1.20929458e-01   4.16335294e-02
   116       2   1.64552709e-05   2.93387783e-03
   117       1   1.03771529e-01   3.85142399e-02
   117       2   1.84236100e-05   2.81355660e-03
   118       1   9.53630443e-02   3.96210699e-02
   118       2   1.02275314e-05   1.78261225e-03
   119       1   8.69713648e-02   4.23543844e-02
   119       2   2.18951250e-05   3.94081950e-03
   120       1   7.68096564e-02   3.60946211e-02
   120       2   1.73843660e-05   4.20103439e-03
   121       1   6.94928267e-02   3.15176793e-02
   121       2   1.12659686e-05   2.10308243e-03
   122       1   6.69371344e-02   3.38648930e-02
   122       2   6.47049847e-06   2.21577636e-03
   123       1   6.03062217e-02   3.46245698e-02
   123       2   4.57932345e-06   1.92243801e-03
   124       1   5.22099743e-02   2.95957297e-02
   124       2   5.85885731e-06   1.63563784e-03
   125       1   4.47024214e-02   2.82307801e-02
   125       2   9.63883181e-06   2.50826156e-03
   126       1   3.72243447e-02   2.99043237e-02
   126       2   9.41615667e-06   2.50450068e-03
   127       1   2.77188836e-02   2.29618207e-02
   127       2   1.24903112e-05   4.16282613e-03
   128       1   2.26684903e-02   1.51064276e-02
   128       2   9.61671956e-06   3.46379790e-03
   129       1   1.79301710e-02   1.32050138e-02
   129       2   1.07197328e-05   3.47339812e-03
   130       1   1.10126715e-02   9.92445077e-03
   130       2   1.21986524e-05   3.93387942e-03
   131       1   6.42910943e-03   6.05666990e-03
   131       2   3.72543171e-06   1.84769754e-03
   132       1   8.30940649e-03   6.87721465e-03
   132       2   4.46797263e-06   1.32547466e-03
   133       1   1.33885696e-02   5.38978376e-03
   133       2   1.14785611e-05   3.10130064e-03
   134       1   1.45581593e-02   8.21354023e-03
   134       2   9.22005981e-06   3.02075498e-03
   135       1   2.14108597e-02   1.41584893e-02
   135       2   4.39485300e-06   1.62404903e-03
   136       1   2.80592757e-02   1.51772622e-02
   136       2   6.30081929e-06   1.50506283e-03
   137       1   3.62176248e-02   1.76331841e-02
   137       2   8.98251798e-06   3.16176261e-03
   138       1   4.55864137e-02   2.55739042e-02
   138       2   2.06211229e-05   4.95002754e-03
   139       1   4.89641804e-02   3.18092344e-02
   139       2   5.39342418e-06   1.18350026e-03
   140       1   5.19891888e-02   2.97807225e-02
   140       2   5.14059220e-06   6.89597585e-04
   141       1   5.86019849e-02   3.16699960e-02
   141       2   1.25208382e-05   2.22941156e-03
   142       1   6.76021622e-02   3.65602881e-02
   142       2   3.10751718e-06   7.57192966e-04
   143       1   7.26996978e-02   3.41815093e-02
   143       2   3.00804707e-06   9.35516321e-04
   144       1   8.10244511e-02   3.07170207e-02
   144       2   9.29922672e-06   1.15966564e-03
   145       1   9.55730906e-02   3.42125576e-02
   145       2   2.67280732e-05   4.88928600e-03
   146       1   1.08815312e-01   3.84836510e-02
   146       2   8.28960646e-06   1.71582229e-03
   147       1   1.14909692e-01   3.62305694e-02
   147       2   6.44531160e-06   8.37945333e-04
   148       1   1.21917675e-01   3.52101502e-02
   148       2   1.37324595e-05   9.38691742e-04
   149       1   1.30475117e-01   3.78246992e-02
   149       2   1.98061715e-05   1.27733815e-03
   150       1   1.30194714e-01   3.46613230e-02
   150       2   3.73523642e-05   3.23119022e-03
   151       1   1.33214677e-01   2.63816411e-02
   151       2   2.90776065e-05   2.89502686e-03
   152       1   1.38546681e-01   2.43264683e-02
   152       2   1.10227507e-05   9.47442491e-04
   153       1   1.43380200e-01   2.30143092e-02
   153       2   2.02775542e-05   1.02294055e-03
   154       1   1.37012258e-01   1.76976767e-02
   154       2   4.93894461e-05   3.66543478e-03
   155       1   1.42366023e-01   1.42317699e-02
   155       2   5.06772589e-05   2.26993056e-03
   156       1   1.44593620e-01   1.53900804e-02
   156       2   1.62816637e-05   4.93896956e-04
   157       1   9.33396620e-02   1.35263406e-02
   157       2   8.85086067e-05   3.94893819e-03
   158       1   4.04803190e-02   5.92954832e-03
   158       2   2.86414305e-05   2.37757936e-03
   159       1   5.19291333e-02   3.96329171e-03
   159       2   4.53247898e-05   1.09269893e-03
   160       1   9.21799554e-02   5.62097729e-03
   160       2   1.12423176e-05   1.67523108e-03
   161       1   1.12105644e-01   1.01046459e-02
   161       2   2.72539634e-05   3.30466124e-03
   162       1   1.12727551e-01   1.75845027e-02
   162       2   2.62154013e-05   1.88038113e-03
   163       1   1.08416574e-01   1.72351620e-02
   163       2   1.18180891e-05   1.24182652e-03
   164       1   1.17131209e-01   1.85472421e-02
   164       2   1.27817548e-05   1.29820085e-03
   165       1   1.23781583e-01   2.38472894e-02
   165       2   4.03810451e-05   3.58665141e-03
   166       1   1.18264157e-01   2.48459986e-02
   166       2   1.14078437e-05   8.73195159e-04
   167       1   1.14972697e-01   2.28260362e-02
   167       2   7.56224278e-06   1.06986674e-03
   168       1   1.17101483e-01   2.69593728e-02
   168       2   6.70752969e-06   1.53896017e-03
   169       1   1.14718204e-01   3.34014497e-02
   169       2   7.82834236e-06   1.49008022e-03
   170       1   1.01489816e-01   3.39693084e-02
   170       2   1.57634729e-05   3.10452786e-03
   171       1   9.09324112e-02   3.30388316e-02
   171       2   5.31478435e-06   2.16077390e-03
   172       1   8.33597921e-02   3.69698496e-02
   172       2   1.13254501e-05   1.86573565e-03
   173       1   7.44677013e-02   3.65632952e-02
   173       2   1.20736028e-05   2.24463534e-03
   174       1   6.66101238e-02   3.06351068e-02
   174       2   1.06650237e-05   2.47419673e-03
   175       1   6.16214041e-02   2.86155570e-02
   175       2   1.18499674e-05   2.32302883e-03
   176       1   5.76107397e-02   3.01719721e-02
   176       2   7.06042402e-06   1.53540458e-03
   177       1   5.17217069e-02   2.71117275e-02
   177       2   4.91992835e-06   2.24787570e-03
   178       1   4.69788550e-02   2.39960510e-02
   178       2   5.37594531e-06   1.72086493e-03
   179       1   4.29632401e-02   2.52071170e-02
   179       2   5.23916365e-06   2.22798168e-03
   180       1   3.41437313e-02   2.53616529e-02
   180       2   3.05651390e-06   1.65081092e-03
   181       1   2.49798606e-02   1.85337868e-02
   181       2   3.69668390e-06   3.68395976e-03
   182       1   1.98692197e-02   1.42568329e-02
   182       2   5.69666117e-06   1.53795125e-03
   183       1   1.68251637e-02   1.39931920e-02
   183       2   2.87468995e-06   1.24789020e-03
   184       1   1.07132944e-02   7.23095390e-03
   184       2   5.11135389e-06   2.77780662e-03
   185       1   5.51646093e-03   4.12779553e-03
   185       2   7.64073034e-06   2.54853852e-03
   186       1   5.81897856e-03   3.92510090e-03
   186       2   3.44417063e-06   1.35885392e-03
   187       1   1.16350680e-02   5.19337401e-03
   187       2   5.80834699e-06   1.29937789e-03
   188       1   1.53436040e-02   1.04625516e-02
   188       2   2.57775672e-06   1.90778223e-03
   189       1   1.89582839e-02   1.23558141e-02
   189       2   4.23674725e-06   1.29697159e-03
   190       1   2.42574150e-02   1.13791560e-02
   190       2   1.84533085e-06   6.00081867e-04
   191       1   3.34554513e-02   1.49633501e-02
   191       2   9.66354803e-06   4.41778071e-03
   192       1   4.25403543e-02   2.28945188e-02
   192       2   9.63865596e-06   4.99975534e-03
   193       1   4.57202879e-02   2.57071299e-02
   193       2   1.47737925e-05   1.93684157e-03
   194       1   4.85702370e-02   2.55919919e-02
   194       2   6.70952070e-06   1.16449038e-03
   195       1   5.46931257e-02   2.97446673e-02
   195       2   1.81452980e-05   3.66890809e-03
   196       1   5.98683718e-02   3.26678990e-02
   196       2   8.22030367e-06   9.67708653e-04
   197       1   6.42046122e-02   2.86468260e-02
   197       2   1.32131642e-05   2.55071765e-03
   198       1   7.08132712e-02   2.73074598e-02
   198       2   6.92806550e-06   1.68464639e-03
   199       1   8.15651135e-02   3.05722304e-02
   199       2   2.99946068e-05   2.56563128e-03
   200       1   8.92864987e-02   3.10631500e-02
   200       2   6.46809711e-06   1.40128823e-03
   201       1   9.69319088e-02   2.91435023e-02
   201       2   1.43716064e-05   1.23889753e-03
   202       1   1.05284538e-01   3.10121760e-02
   202       2   2.12629141e-05   1.51717187e-03
   203       1   1.07239456e-01   3.33396626e-02
   203       2   4.03785008e-06   9.43433380e-04
   204       1   1.01879874e-01   2.85619343e-02
   204       2   2.81318251e-05   2.09854504e-03
   205       1   1.01839559e-01   2.38736241e-02
   205       2   1.85404113e-05   1.82562525e-03
   206       1   1.04378651e-01   2.31621392e-02
   206       2   1.21395785e-05   4.86981630e-04
   207       1   9.65815006e-02   1.94464895e-02
   207       2   1.97167389e-05   2.22812048e-03
   208       1   8.76910180e-02   1.29655804e-02
   208       2   6.13529498e-06   2.29959757e-03
   209       1   8.85331024e-02   1.14506429e-02
   209       2   1.81774500e-05   1.44792810e-03
   210       1   9.12030189e-02   1.28040107e-02
   210       2   2.28049097e-05   1.25184733e-03
   211       1   6.23283919e-02   1.02400725e-02
   211       2   1.91738435e-05   2.36899025e-03
   212       1   2.79958194e-02   5.49163981e-03
   212       2   3.86431463e-05   1.90462961e-03
   213       1   2.07694022e-02   4.06486171e-03
   213       2   1.58962674e-05   7.04704556e-04
   214       1   5.50678263e-02   3.95812710e-03
   214       2   1.17879663e-05   1.33363990e-03
   215       1   8.35183425e-02   9.54480063e-03
   215       2   6.84075600e-05   2.31860394e-03
   216       1   8.06686504e-02   1.43529370e-02
   216       2   2.97650787e-05   1.37694175e-03
   217       1   7.91638157e-02   1.43715330e-02
   217       2   7.91812704e-06   4.69908592e-04
   218       1   8.59591376e-02   1.81821115e-02
   218       2   3.25225287e-05   1.76796080e-03
   219       1   9.17662550e-02   2.25934241e-02
   219       2   2.53797092e-05   1.78357311e-03
   220       1   8.99386759e-02   2.07031410e-02
   220       2   6.57606872e-06   5.76297535e-04
   221       1   8.97791324e-02   1.99204244e-02
   221       2   1.12414335e-05   8.68389244e-04
   222       1   9.34472067e-02   2.41531296e-02
   222       2   1.25024119e-05   2.39782257e-03
   223       1   9.18171735e-02   2.75783166e-02
   223       2   4.86488233e-06   6.23600891e-04
   224       1   8.62728932e-02   2.72481447e-02
   224       2   7.74257812e-06   1.08316186e-03
   225       1   8.07657693e-02   2.92877411e-02
   225       2   2.33995433e-06   1.54582713e-03
   226       1   7.35858738e-02   3.29369987e-02
   226       2   1.07676574e-05   2.26405816e-03
   227       1   6.39566850e-02   3.09680146e-02
   227       2   5.26433666e-06   1.68410333e-03
   228       1   5.84109745e-02   2.68298677e-02
   228       2   7.25279002e-06   2.47255433e-03
   229       1   5.46286011e-02   2.71430702e-02
   229       2   2.26584311e-06   8.41078984e-04
   230       1   4.94865844e-02   2.59645986e-02
   230       2   2.28259991e-06   6.89569522e-04
   231       1   4.40960609e-02   2.13669620e-02
   231       2   7.92785472e-06   2.86568795e-03
   232       1   4.19229222e-02   1.98955870e-02
   232       2   3.62675415e-06   1.46708304e-03
   233       1   3.94077169e-02   2.20393317e-02
   233       2   6.95737534e-06   2.18835131e-03
   234       1   3.15753233e-02   2.03960390e-02
   234       2   2.55186554e-06   9.09611560e-04
   235       1   2.33575226e-02   1.55445031e-02
   235       2   3.64922415e-06   2.37864931e-03
   236       1   1.80883348e-02   1.40320754e-02
   236       2   3.73268713e-06   7.07135650e-04
   237       1   1.43938573e-02   1.26479307e-02
   237       2   3.88277398e-06   1.34186149e-03
   238       1   1.17454561e-02   5.48487147e-03
   238       2   1.12318750e-05   4.62730722e-03
   239       1   6.71230112e-03   3.47690826e-03
   239       2   4.89091310e-06   2.83197777e-03
   240       1   4.10403901e-03   2.05194264e-03
   241       1   8.95581602e-03   2.66615377e-03
   241       2   4.73668789e-05   8.77550123e-03
   241       3   3.61365320e-05   7.89922457e-03
   241       4   2.66678167e-05   9.56593747e-03
   241       5   2.92449739e-05   7.52016937e-03
   241       6   1.63724205e-05   4.89086755e-03
   242       1   1.48450518e-02   1.06988065e-02
   242       2   9.66699254e-06   4.20967334e-03
   243       1   1.77628437e-02   1.05577508e-02
   243       2   8.27005661e-06   1.24614794e-03
   244       1   2.18639308e-02   9.56227236e-03
   244       2   1.18057325e-05   1.54390119e-03
   245       1   2.99439781e-02   1.37598025e-02
   245       2   1.32873174e-05   1.57264598e-03
   246       1   3.77674585e-02   1.90799597e-02
   246       2   2.16404100e-05   1.91111892e-03
   247       1   4.19626953e-02   2.05080154e-02
   247       2   2.49710487e-05   8.04116918e-04
   248       1   4.63340022e-02   2.24161199e-02
   248       2   1.11982400e-05   9.93550892e-04
   249       1   5.06288597e-02   2.74073576e-02
   249       2   1.81034863e-05   7.22862609e-04
   250       1   5.29064217e-02   2.78752339e-02
   250       2   3.10324147e-05   5.45033505e-04
   251       1   5.67293554e-02   2.48742832e-02
   251       2   1.20529283e-06   3.01961922e-04
   252       1   6.27391257e-02   2.54816110e-02
   252       2   1.74346197e-05   9.19324082e-04
   253       1   6.84858347e-02   2.68993754e-02
   253       2   1.33672354e-05   5.27528127e-04
   254       1   7.32470333e-02   2.46678276e-02
   254       2   1.38585654e-05   8.06126498e-04
   255       1   8.11650723e-02   2.40555469e-02
   255       2   1.67407650e-06   1.04257188e-03
   256       1   8.98941799e-02   2.71588337e-02
   256       2   2.65617329e-06   1.08235388e-03
   257       1   8.84882664e-02   2.78244706e-02
   257       2   4.10668023e-06   7.99872587e-04
   258       1   8.28085134e-02   2.38573097e-02
   258       2   7.87652425e-06   1.05913824e-03
   259       1   8.09743801e-02   2.21267207e-02
   259       2   8.28488603e-06   1.00160252e-03
   260       1   7.93893980e-02   2.16155420e-02
   260       2   1.50182405e-05   1.44627593e-03
   261       1   7.13371324e-02   1.58530322e-02
   261       2   1.08196587e-05   5.83555720e-04
   262       1   6.21816077e-02   1.07057086e-02
   262       2   5.32256765e-06   1.01697120e-03
   263       1   5.95671984e-02   9.89354285e-03
   263       2   7.79743032e-06   6.68165994e-04
   264       1   5.55405505e-02   9.72814641e-03
   264       2   7.87573002e-06   3.46790292e-04
   265       1   4.60310439e-02   7.57216936e-03
   265       2   7.79363495e-06   6.23981306e-04
   266       1   3.06815023e-02   5.18306803e-03
   266       2   2.16207332e-05   1.30800181e-03
   267       1   1.59020211e-02   4.37897583e-03
   267       2   2.46106219e-05   9.31397813e-04
   268       1   3.52164988e-02   2.29797093e-03
   268       2   2.18069686e-05   1.06195285e-03
   269       1   5.88153313e-02   8.22630255e-03
   269       2   3.39841477e-05   1.23746326e-03
   270       1   6.30148493e-02   1.09636506e-02
   270       2   2.15980591e-05   6.10184995e-04
   271       1   6.41872975e-02   1.26720070e-02
   271       2   3.41048435e-06   8.09751368e-04
   272       1   6.84985684e-02   1.75635927e-02
   272       2   1.33725802e-05   5.20407954e-04
   273       1   6.95582192e-02   1.98656080e-02
   273       2   8.69903487e-06   5.26010006e-04
   274       1   7.11769908e-02   1.78504601e-02
   274       2   1.05607802e-05   6.97192123e-04
   275       1   7.27297044e-02   1.87138396e-02
   275       2   1.11793874e-05   8.05035344e-04
   276       1   7.44980885e-02   2.17287570e-02
   276       2   2.49008432e-06   4.88004004e-04
   277       1   7.32276151e-02   2.19592089e-02
   277       2   2.25347807e-06   4.32311800e-04
   278       1   7.28557741e-02   2.22590879e-02
   278       2   3.66510920e-06   8.75057307e-04
   279       1   7.16643708e-02   2.58046034e-02
   279       2   3.33093248e-06   4.23489470e-04
   280       1   6.45418644e-02   2.82914436e-02
   280       2   3.40041899e-06   5.02049824e-04
   281       1   5.60902812e-02   2.58513789e-02
   281       2   2.91654863e-06   6.53072643e-04
   282       1   5.14041455e-02   2.45281717e-02
   282       2   3.59230624e-06   9.96127981e-04
   283       1   4.81395046e-02   2.51353821e-02
   283       2   3.92307828e-06   7.23944387e-04
   284       1   4.26726587e-02   2.20148269e-02
   284       2   1.03972652e-06   2.53109226e-04
   285       1   3.82518152e-02   1.75357168e-02
   285       2   4.75932919e-06   1.04838372e-03
   286       1   3.65699943e-02   1.73145336e-02
   286       2   2.67192877e-06   7.42917516e-04
   287       1   3.43693285e-02   1.82190733e-02
   287       2   3.50566782e-06   6.17487909e-04
   288       1   2.88236686e-02   1.59681868e-02
   288       2   2.44270414e-06   3.16147532e-04
   289       1   2.29157018e-02   1.34309235e-02
   289       2   3.83994652e-06   6.97451798e-04
   290       1   1.71438186e-02   1.32898728e-02
   290       2   1.90863196e-06   4.67174474e-04
   291       1   1.15419500e-02   1.04251996e-02
   291       2   2.00052330e-06   8.05499402e-04
   292       1   1.10847862e-02   4.68854806e-03
   292       2   4.18896059e-06   1.09791782e-03
   293       1   8.44462783e-03   3.63469547e-03
   293       2   2.46101621e-06   1.03946475e-03
   294       1   5.19060621e-03   2.56730596e-03
   294       2   2.34125307e-06   5.90242555e-04
   295       1   7.80717646e-03   5.89839276e-03
   295       2   1.35362196e-06   4.09648006e-04
   296       1   1.29623996e-02   9.86032366e-03
   296       2   2.37495649e-06   1.02991156e-03
   297       1   1.71446726e-02   8.71937122e-03
   297       2   1.60743042e-06   3.58294126e-04
   298       1   2.04623879e-02   9.43031368e-03
   298       2   3.43048750e-06   9.87032264e-04
   299       1   2.64496461e-02   1.28468390e-02
   299       2   5.09663457e-06   1.47170248e-03
   300       1   3.21216574e-02   1.51625312e-02
   300       2   4.73857550e-06   1.38215961e-03
   301       1   3.80531337e-02   1.63380811e-02
   301       2   1.91357507e-06   1.89935571e-04
   302       1   4.39059070e-02   1.99533435e-02
   302       2   1.60436857e-06   3.69160485e-04
   303       1   4.66636232e-02   2.39962452e-02
   303       2   7.07920207e-06   8.52541558e-04
   304       1   4.70842332e-02   2.34531242e-02
   304       2   3.33032356e-06   5.05540001e-04
   305       1   5.04178720e-02   2.23843381e-02
   305       2   9.71319274e-06   1.53887694e-03
   306       1   5.52854031e-02   2.40080851e-02
   306       2   3.59086515e-06   5.44217106e-04
   307       1   5.78692332e-02   2.30993669e-02
   307       2   3.10882821e-06   3.56797028e-04
   308       1   6.07105244e-02   2.01204645e-02
   308       2   4.30600344e-06   3.26977000e-04
   309       1   6.77146878e-02   2.05232948e-02
   309       2   3.30832089e-06   6.68773185e-04
   310       1   7.43073374e-02   2.30664348e-02
   310       2   4.60812074e-06   7.89311103e-04
   311       1   7.35007149e-02   2.23700297e-02
   311       2   5.18059267e-06   7.73913090e-04
   312       1   6.98485576e-02   2.03124910e-02
   312       2   9.81728402e-06   1.00620684e-03
   313       1   6.67475317e-02   2.05364319e-02
   313       2   1.02426585e-05   9.26160514e-04
   314       1   6.07061798e-02   1.89116504e-02
   314       2   2.30951275e-06   1.94982569e-04
   315       1   5.51424395e-02   1.33694312e-02
   315       2   8.09027462e-06   7.20060663e-04
   316       1   4.82359039e-02   1.00916667e-02
   316       2   1.70291098e-05   1.11071259e-03
   317       1   4.12988980e-02   9.03964449e-03
   317       2   3.84933248e-06   4.88351728e-04
   318       1   3.32322201e-02   6.51785549e-03
   318       2   6.40043826e-06   7.20623826e-04
   319       1   3.19755150e-02   5.40302618e-03
   319       2   1.28224502e-05   7.50679978e-04
   320       1   3.08989400e-02   4.65074908e-03
   320       2   9.71631223e-06   6.86739287e-04
   321       1   1.79154996e-02   4.27176921e-03
   321       2   7.55462634e-06   4.83273783e-04
   322       1   2.33405470e-02   2.68455872e-03
   322       2   5.78149436e-06   4.32581261e-04
   323       1   3.92831882e-02   6.07025549e-03
   323       2   1.21110156e-05   1.53430572e-03
   324       1   4.95402387e-02   8.24398887e-03
   324       2   6.61606338e-06   8.71781769e-04
   325       1   5.56399498e-02   1.13772412e-02
   325       2   1.61690788e-05   1.67776422e-03
   326       1   5.67880759e-02   1.60653594e-02
   326       2   1.09030014e-05   5.05844024e-04
   327       1   5.49730431e-02   1.67391047e-02
   327       2   7.76451090e-06   9.02016569e-04
   328       1   5.72862921e-02   1.61268121e-02
   328       2   9.94349235e-06   6.33026083e-04
   329       1   6.02491694e-02   1.81496167e-02
   329       2   7.03457824e-06   4.27968129e-04
   330       1   5.99370292e-02   1.90913786e-02
   330       2   5.17243073e-06   8.61546256e-04
   331       1   5.91938032e-02   1.76535399e-02
   331       2   7.63924200e-06   7.27146019e-04
   332       1   6.11035926e-02   1.87522652e-02
   332       2   7.35408200e-06   6.63370278e-04
   333       1   6.19966188e-02   2.23264621e-02
   333       2   2.97338841e-06   3.11563799e-04
   334       1   2.00585454e-02   4.44622273e-02
   334       2   1.58869216e-04   2.65987137e-02
   334       3   1.04250058e-04   1.45002399e-02
   334       4   8.93281231e-06   3.40267879e-03