  TimeWindow  Iteration  ResRel(Mass-Left-Mesh:Displacement-Left)  ResRel(Mass-Left-Mesh:Displacement-Right)
     1       1   1.00000000e+00   1.00000000e+00
     1       2   4.27748466e-06   2.86294696e-07
     1       3   2.75518320e-13   2.01247799e-14
     2       1   1.92921772e-02   7.48413459e-01
     2       2   2.16602272e-05   4.97999705e-07
     2       3   2.38270704e-12   3.77353994e-14
     3       1   3.27510864e-02   5.50834019e-01
     3       2   3.96704947e-05   4.09372227e-07
     3       3   4.56918250e-12   2.79899187e-15
     4       1   4.70115160e-02   4.29086992e-01
     4       2   5.85976518e-05   3.33822946e-07
     4       3   6.87057549e-12   0.00000000e+00
     5       1   6.24298974e-02   3.47608446e-01
     5       2   7.88031363e-05   2.77578622e-07
     5       3   9.33095179e-12   4.28586862e-15
     6       1   7.94790978e-02   2.88987884e-01
     6       2   1.00763086e-04   2.34865007e-07
     6       3   1.20093126e-11   6.91820322e-15
     7       1   9.88219522e-02   2.44394450e-01
     7       2   1.25138381e-04   2.01278357e-07
     7       3   1.49866720e-11   2.36479053e-15
     8       1   1.21440594e-01   2.08955664e-01
     8       2   1.52897716e-04   1.73977198e-07
     8       3   1.83837104e-11   0.00000000e+00
     9       1   1.48881095e-01   1.79776583e-01
     9       2   1.85549988e-04   1.51123312e-07
     9       3   2.23862184e-11   0.00000000e+00
    10       1   1.83757313e-01   1.55028181e-01
    10       2   2.25622057e-04   1.31490178e-07
    10       3   2.73072408e-11   1.76049096e-14
    11       1   2.30906605e-01   1.33493108e-01
    11       2   2.77753012e-04   1.14231817e-07
    11       3   3.37221844e-11   2.64889094e-14
    12       1   3.00456564e-01   1.14322844e-01
    12       2   3.51594644e-04   9.87386875e-08
    12       3   4.28251110e-11   0.00000000e+00
    13       1   4.17900525e-01   9.68996167e-02
    13       2   4.71332918e-04   8.45588493e-08
    13       3   5.76161083e-11   5.08873372e-14
    14       1   6.71390838e-01   8.07533261e-02
    14       2   7.20346991e-04   7.13379471e-08
    14       3   8.84260787e-11   0.00000000e+00
    15       1   1.71374655e+00   6.55086266e-02
    15       2   1.71452792e-03   5.87903854e-08
    15       3   2.11594800e-10   0.00000000e+00
    15       4   0.00000000e+00   0.00000000e+00
    16       1   2.74642021e+00   5.08488887e-02
    16       2   2.49733939e-03   4.66690667e-08
    16       3   3.10515537e-10   0.00000000e+00
    16       4   0.00000000e+00   0.00000000e+00
    17       1   7.11184404e-01   3.64893918e-02
    17       2   5.52981310e-04   3.47478728e-08
    17       3   6.95817895e-11   0.00000000e+00
    18       1   3.80996825e-01   2.21547952e-02
    18       2   2.25904781e-04   2.28051297e-08
    18       3   2.91174538e-11   0.00000000e+00
    19       1   2.39900113e-01   7.55701788e-03
    19       2   7.59058069e-05   1.06053485e-08
    19       3   1.06088519e-11   0.00000000e+00
    20       1   1.57411118e-01   7.63043673e-03
    20       2   2.11982581e-05   2.12297689e-09
    20       3   1.33604985e-12   0.00000000e+00
    21       1   9.98589845e-02   2.38070559e-02
    21       2   9.80622267e-05   1.57117351e-08
    21       3   1.07538728e-11   0.00000000e+00
    22       1   5.43456174e-02   4.14976216e-02
    22       2   1.67999465e-04   3.06040420e-08
    22       3   1.92970652e-11   6.19826200e-14
    23       1   1.44852346e-02   6.14388358e-02
    23       2   2.38691617e-04   4.74212073e-08
    23       3   2.79087917e-11   0.00000000e+00
    24       1   2.37709255e-02   8.47345935e-02
    24       2   3.16511128e-04   6.70954906e-08
    24       3   3.73666571e-11   1.58788285e-14
    25       1   6.38841337e-02   1.13157736e-01
    25       2   4.08900391e-04   9.11293279e-08
    25       3   4.85782424e-11   7.74550624e-15
    26       1   1.09984792e-01   1.49794375e-01
    26       2   5.27110012e-04   1.22138027e-07
    26       3   6.29062515e-11   6.39386504e-15
    27       1   1.68718801e-01   2.00595702e-01
    27       2   6.91681226e-04   1.65165523e-07
    27       3   8.28416546e-11   4.11238294e-16
    28       1   2.53831420e-01   2.78792502e-01
    28       2   9.47411852e-04   2.31428032e-07
    28       3   1.13803245e-10   6.48595901e-15
    28       4   0.00000000e+00   0.00000000e+00
    29       1   4.02526291e-01   4.21079193e-01
    29       2   1.41779097e-03   3.52036701e-07
    29       3   1.70742322e-10   2.61565348e-15
    29       4   0.00000000e+00   0.00000000e+00
    30       1   7.70122429e-01   7.81477467e-01
    30       2   2.62030967e-03   6.57575683e-07
    30       3   3.16289395e-10   3.92748739e-14
    30       4   0.00000000e+00   0.00000000e+00
    31       1   4.02607837e+00   3.97789580e+00
    31       2   1.33480572e-02   3.36759971e-06
    31       3   1.61468635e-09   6.66877309e-14
    31       4   0.00000000e+00   0.00000000e+00
    32       1   1.33275193e+00   1.33382714e+00
    32       2   4.50131208e-03   1.13586235e-06
    32       3   5.45651505e-10   9.12609856e-14
    32       4   0.00000000e+00   0.00000000e+00
    33       1   5.66330014e-01   5.68254423e-01
    33       2   1.93860431e-03   4.86783326e-07
    33       3   2.35488082e-10   1.25766429e-14
    33       4   0.00000000e+00   0.00000000e+00
    34       1   3.48295029e-01   3.55104771e-01
    34       2   1.23140809e-03   3.06058401e-07
    34       3   1.49904522e-10   0.00000000e+00
    34       4   0.00000000e+00   0.00000000e+00
    35       1   2.39826429e-01   2.52363484e-01
    35       2   8.95006545e-04   2.18932776e-07
    35       3   1.09200605e-10   1.55048814e-14
    35       4   0.00000000e+00   0.00000000e+00
    36       1   1.71115196e-01   1.90213265e-01
    36       2   6.94772974e-04   1.66213933e-07
    36       3   8.49833727e-11   0.00000000e+00
    37       1   1.20587436e-01   1.47381935e-01
    37       2   5.59077949e-04   1.29865983e-07
    37       3   6.85845601e-11   0.00000000e+00
    38       1   7.90669165e-02   1.15180406e-01
    38       2   4.58462220e-04   1.02518945e-07
    38       3   5.64353505e-11   0.00000000e+00
    39       1   4.15832619e-02   8.93814428e-02
    39       2   3.78290591e-04   8.05902025e-08
    39       3   4.67704572e-11   1.70802129e-15
    40       1   4.64009559e-03   6.76663806e-02
    40       2   3.10046726e-04   6.21110259e-08
    40       3   3.85625837e-11   0.00000000e+00
    41       1   3.51404773e-02   4.86420513e-02
    41       2   2.47768152e-04   4.58992918e-08
    41       3   3.10980583e-11   0.00000000e+00
    42       1   8.22885443e-02   3.14051445e-02
    42       2   1.85992659e-04   3.11858787e-08
    42       3   2.37251472e-11   0.00000000e+00
    43       1   1.44832145e-01   1.53274635e-02
    43       2   1.17525636e-04   1.74350855e-08
    43       3   1.55991228e-11   3.61228908e-15
    44       1   2.40996248e-01   5.97427440e-05
    44       2   2.83724899e-05   4.24649804e-09
    44       3   5.08808798e-12   0.00000000e+00
    45       1   4.26936329e-01   1.51335542e-02
    45       2   1.22171245e-04   8.70665516e-09
    45       3   1.25538761e-11   0.00000000e+00
    46       1   1.01432867e+00   3.02230283e-02
    46       2   5.56406361e-04   2.17086297e-08
    46       3   6.31953677e-11   0.00000000e+00
    47       1   7.59864860e+00   4.56409342e-02
    47       2   5.59552599e-03   3.50355213e-08
    47       3   6.52602546e-10   5.92566018e-14
    47       4   3.88036064e-16   0.00000000e+00
    48       1   8.93874059e-01   6.17107482e-02
    48       2   7.75575942e-04   4.89741814e-08
    48       3   9.16155140e-11   0.00000000e+00
    49       1   4.90157712e-01   7.87941177e-02
    49       2   4.75514722e-04   6.38476822e-08
    49       3   5.66068538e-11   0.00000000e+00
    50       1   3.40077823e-01   9.73238686e-02
    50       2   3.57299074e-04   8.00496354e-08
    50       3   4.27673734e-11   0.00000000e+00
    51       1   2.59353863e-01   1.17849166e-01
    51       2   2.89280027e-04   9.80828694e-08
    51       3   3.47760152e-11   0.00000000e+00
    52       1   2.07468867e-01   1.41103340e-01
    52       2   2.42434707e-04   1.18622428e-07
    52       3   2.92496062e-11   0.00000000e+00
    53       1   1.70329206e-01   1.68113252e-01
    53       2   2.06609027e-04   1.42625798e-07
    53       3   2.50082146e-11   1.92349834e-15
    54       1   1.41726071e-01   2.00387046e-01
    54       2   1.77287776e-04   1.71512364e-07
    54       3   2.15267858e-11   7.45966162e-15
    55       1   1.18484528e-01   2.40257966e-01
    55       2   1.52131169e-04   2.07495520e-07
    55       3   1.85300964e-11   0.00000000e+00
    56       1   9.88009852e-02   2.91562577e-01
    56       2   1.29786389e-04   2.54266148e-07
    56       3   1.58622940e-11   0.00000000e+00
    57       1   8.15648898e-02   3.61107461e-01
    57       2   1.09401622e-04   3.18460865e-07
    57       3   1.34225385e-11   2.26540542e-14
    58       1   6.60453299e-02   4.62246313e-01
    58       2   9.04006975e-05   4.13330291e-07
    58       3   1.11437200e-11   1.65629104e-14
    59       1   5.17317337e-02   6.25189962e-01
    59       2   7.23678550e-05   5.69542166e-07
    59       3   8.97674045e-12   8.51249548e-15
    60       1   3.82462414e-02   9.35261606e-01
    60       2   5.49837550e-05   8.76430506e-07
    60       3   6.88411950e-12   1.00624485e-13
    61       1   2.52918788e-02   1.75441692e+00
    61       2   3.79870547e-05   1.73100721e-06
    61       3   4.83474467e-12   5.07415427e-14
    62       1   1.26194509e-02   7.96202255e+00
    62       2   2.11492546e-05   8.99984542e-06
    62       3   2.80118440e-12   3.64075528e-14
    63       1   4.28062592e-06   1.37205185e-05
    63       2   4.25636000e-06   2.25914960e-06
    63       3   7.57924354e-13   8.75856067e-14
    64       1   1.27723394e-02   8.88420183e-01
    64       2   1.29064788e-05   5.06423008e-07
    64       3   1.32121824e-12   1.04242997e-14
    65       1   2.59404968e-02   6.36947998e-01
    65       2   3.05701103e-05   4.54594804e-07
    65       3   3.46383756e-12   1.78096996e-15
    66       1   3.97609123e-02   4.83274737e-01
    66       2   4.89989289e-05   3.68866835e-07
    66       3   5.70292593e-12   6.44190281e-15
    67       1   5.45497840e-02   3.84687801e-01
    67       2   6.85141365e-05   3.03659799e-07
    67       3   8.07738060e-12   8.77694183e-15
    68       1   7.07147857e-02   3.16121030e-01
    68       2   8.95278777e-05   2.54848998e-07
    68       3   1.06381635e-11   6.97048770e-14
    69       1   8.88119687e-02   2.65304403e-01
    69       2   1.12597423e-04   2.17138161e-07
    69       3   1.34541556e-11   0.00000000e+00
    70       1   1.09642438e-01   2.25744250e-01
    70       2   1.38517229e-04   1.86975113e-07
    70       3   1.66232537e-11   0.00000000e+00
    71       1   1.34428517e-01   1.93716276e-01
    71       2   1.68486436e-04   1.62082349e-07
    71       3   2.02938595e-11   1.74058910e-14
    72       1   1.65160726e-01   1.66935485e-01
    72       2   2.04438165e-04   1.40964082e-07
    72       3   2.47047593e-11   1.19848824e-14
    73       1   2.05349225e-01   1.43918726e-01
    73       2   2.49751497e-04   1.22607473e-07
    73       3   3.02752277e-11   0.00000000e+00
    74       1   2.61866434e-01   1.23655267e-01
    74       2   3.10995084e-04   1.06295919e-07
    74       3   3.78178240e-11   0.00000000e+00
    75       1   3.50325738e-01   1.05425001e-01
    75       2   4.03012038e-04   9.15091555e-08
    75       3   4.91748542e-11   0.00000000e+00
    76       1   5.15649481e-01   8.86920838e-02
    76       2   5.68349872e-04   7.78471318e-08
    76       3   6.96129073e-11   5.24866018e-15
    77       1   9.62418470e-01   7.30391275e-02
    77       2   1.00028510e-03   6.49961430e-08
    77       3   1.23095268e-10   0.00000000e+00
    77       4   0.00000000e+00   0.00000000e+00
    78       1   8.49181758e+00   5.81239340e-02
    78       2   8.07054657e-03   5.26909131e-08
    78       3   9.99390102e-10   2.05422932e-15
    78       4   0.00000000e+00   0.00000000e+00
    79       1   1.15056114e+00   4.36488145e-02
    79       2   9.75920921e-04   4.06971179e-08
    79       3   1.21971682e-10   0.00000000e+00
    79       4   0.00000000e+00   0.00000000e+00
    80       1   5.03454892e-01   2.93364425e-02
    80       2   3.49273293e-04   2.87938351e-08
    80       3   4.43748743e-11   1.61355715e-15
    81       1   2.99211267e-01   1.49079927e-02
    81       2   1.40550392e-04   1.67537050e-08
    81       3   1.85800087e-11   0.00000000e+00
    82       1   1.94237926e-01   5.97893292e-05
    82       2   2.35381466e-05   4.32631461e-09
    82       3   4.16209587e-12   0.00000000e+00
    83       1   1.26558984e-01   1.55659980e-02
    83       2   6.11152958e-05   8.78552954e-09
    83       3   6.23211441e-12   0.00000000e+00
    84       1   7.60807694e-02   3.24233469e-02
    84       2   1.33352551e-04   2.29614638e-08
    84       3   1.50675618e-11   0.00000000e+00
    85       1   3.39910392e-02   5.11290057e-02
    85       2   2.02852420e-04   3.87225950e-08
    85       3   2.35442064e-11   1.59244523e-16
    86       1   4.62775569e-03   7.25773498e-02
    86       2   2.76296297e-04   5.68240263e-08
    86       3   3.24794737e-11   0.00000000e+00
    87       1   4.33686792e-02   9.81545414e-02
    87       2   3.60312984e-04   7.84395636e-08
    87       3   4.26828620e-11   0.00000000e+00
    88       1   8.58610785e-02   1.30173746e-01
    88       2   4.63811602e-04   1.05528357e-07
    88       3   5.52354150e-11   0.00000000e+00
    89       1   1.37171292e-01   1.72857891e-01
    89       2   6.01671589e-04   1.41668618e-07
    89       3   7.19395750e-11   0.00000000e+00
    90       1   2.06571787e-01   2.34892712e-01
    90       2   8.03509500e-04   1.94224881e-07
    90       3   9.63823576e-11   3.83783844e-15
    91       1   3.15813539e-01   3.37547763e-01
    91       2   1.14105761e-03   2.81228660e-07
    91       3   1.37245788e-10   0.00000000e+00
    91       4   0.00000000e+00   0.00000000e+00
    92       1   5.35386993e-01   5.50637990e-01
    92       2   1.84900827e-03   4.61869660e-07
    92       3   2.22933467e-10   1.95813142e-14
    92       4   0.00000000e+00   0.00000000e+00
    93       1   1.31163092e+00   1.31617080e+00
    93       2   4.41210369e-03   1.11090018e-06
    93       3   5.33155451e-10   7.19022368e-15
    93       4   0.00000000e+00   0.00000000e+00
    94       1   3.95217291e+00   3.99563564e+00
    94       2   1.34373869e-02   3.39261667e-06
    94       3   1.62719520e-09   2.66892993e-13
    94       4   1.38093898e-16   0.00000000e+00
    95       1   7.98893708e-01   7.99114859e-01
    95       2   2.70966420e-03   6.82516701e-07
    95       3   3.28808370e-10   2.61833270e-14
    95       4   0.00000000e+00   0.00000000e+00
    96       1   4.34436725e-01   4.38669092e-01
    96       2   1.50771811e-03   3.76912774e-07
    96       3   1.83341748e-10   6.32740053e-14
    96       4   0.00000000e+00   0.00000000e+00
    97       1   2.86729592e-01   2.96309894e-01
    97       2   1.03828325e-03   2.56202244e-07
    97       3   1.26536112e-10   1.03424863e-14
    97       4   0.00000000e+00   0.00000000e+00
    98       1   2.02313889e-01   2.18012570e-01
    98       2   7.83917811e-04   1.89797390e-07
    98       3   9.57640018e-11   9.45848816e-15
    99       1   1.44301727e-01   1.67080319e-01
    99       2   6.21215532e-04   1.46585039e-07
    99       3   7.60924236e-11   0.00000000e+00
   100       1   9.90672198e-02   1.30279400e-01
   100       2   5.05505740e-04   1.15343879e-07
   100       3   6.21119931e-11   0.00000000e+00
   101       1   6.00550974e-02   1.01654816e-01
   101       2   4.16442577e-04   9.10249124e-08
   101       3   5.13666894e-11   0.00000000e+00
   102       1   2.32449832e-02   7.81155867e-02
   102       2   3.43083470e-04   7.10060114e-08
   102       3   4.25338839e-11   1.15133865e-15
   103       1   1.46576678e-02   5.78826631e-02
   103       2   2.78493579e-04   5.37767621e-08
   103       3   3.47767480e-11   0.00000000e+00
   104       1   5.74166354e-02   3.98442413e-02
   104       2   2.17191803e-04   3.83927656e-08
   104       3   2.74441042e-11   4.76103821e-15
   105       1   1.10875564e-01   2.32535130e-02
   105       2   1.53209037e-04   2.42181667e-08
   105       3   1.98306349e-11   0.00000000e+00
   106       1   1.86751858e-01   7.57270491e-03
   106       2   7.69810413e-05   1.07921136e-08
   106       3   1.08096891e-11   0.00000000e+00
   107       1   3.15560865e-01   7.61451125e-03
   107       2   3.40749849e-05   2.24123689e-09
   107       3   2.24402394e-12   0.00000000e+00
   108       1   6.15561550e-01   2.26567000e-02
   108       2   2.64755937e-04   1.51836797e-08
   108       3   2.91973653e-11   0.00000000e+00
   109       1   2.46600885e+00   3.78712387e-02
   109       2   1.59571237e-03   2.83144535e-08
   109       3   1.84201993e-10   0.00000000e+00
   109       4   0.00000000e+00   0.00000000e+00
   110       1   1.57046093e+00   5.35729592e-02
   110       2   1.26498598e-03   4.19093182e-08
   110       3   1.48612177e-10   1.78754642e-15
   110       4   0.00000000e+00   0.00000000e+00
   111       1   6.31088928e-01   7.01007717e-02
   111       2   5.81946392e-04   5.62718969e-08
   111       3   6.90378682e-11   3.99960573e-15
   112       1   4.01508487e-01   8.78472133e-02
   112       2   4.06599903e-04   7.17550338e-08
   112       3   4.85478229e-11   0.00000000e+00
   113       1   2.94625052e-01   1.07296532e-01
   113       2   3.19575939e-04   8.88002243e-08
   113       3   3.83393159e-11   2.30416696e-15
   114       1   2.30972089e-01   1.29079488e-01
   114       2   2.64048798e-04   1.07987682e-07
   114       3   3.18020182e-11   0.00000000e+00
   115       1   1.87546689e-01   1.54058785e-01
   115       2   2.23500237e-04   1.30115898e-07
   115       3   2.70092214e-11   3.68474620e-15
   116       1   1.55203339e-01   1.83471264e-01
   116       2   1.91313459e-04   1.56344746e-07
   116       3   2.31935671e-11   0.00000000e+00
   117       1   1.29569461e-01   2.19179814e-01
   117       2   1.64289074e-04   1.88431746e-07
   117       3   1.99793392e-11   0.00000000e+00
   118       1   1.08278966e-01   2.64151373e-01
   118       2   1.40668928e-04   2.29214502e-07
   118       3   1.71626663e-11   3.36048835e-15
   119       1   8.99292742e-02   3.23441456e-01
   119       2   1.19389822e-04   2.83582326e-07
   119       3   1.46188344e-11   2.63550273e-15
   120       1   7.36263868e-02   4.06445215e-01
   120       2   9.97570445e-05   3.60774853e-07
   120       3   1.22661709e-11   1.62167755e-15
   121       1   5.87638122e-02   5.32820852e-01
   121       2   8.12849840e-05   4.80507032e-07
   121       3   1.00487158e-11   1.77553026e-16
   122       1   4.49055049e-02   7.51578501e-01
   122       2   6.36121001e-05   6.93238066e-07
   122       3   7.92327318e-12   2.03703872e-14
   123       1   3.17190827e-02   1.22634374e+00
   123       2   4.64518277e-05   1.17382670e-06
   123       3   5.85569986e-12   1.29996200e-13
   124       1   1.89348335e-02   2.97474879e+00
   124       2   2.95618532e-05   3.07874362e-06
   124       3   3.81759365e-12   7.17261975e-14
   125       1   6.31834019e-03   6.42265449e+05
   125       2   1.27229636e-05   9.89390130e+00
   125       3   1.78235205e-12   3.68552327e-07
   125       4   0.00000000e+00   0.00000000e+00