  TimeWindow  Iteration  ResRel(Mass-Left-Mesh:Displacement-Left)  ResRel(Mass-Left-Mesh:Displacement-Right)
     1       1   1.00000000e+00   1.00000000e+00
     1       2   4.06071451e-08   2.73408298e-09
     1       3   0.00000000e+00   0.00000000e+00
     2       1   1.85376530e-03   7.49845719e-01
     2       2   2.03284923e-07   4.74898456e-09
     2       3   2.22593462e-16   0.00000000e+00
     3       1   3.09501817e-03   5.55098227e-01
     3       2   3.66516651e-07   3.91616905e-09
     3       3   5.58205777e-16   0.00000000e+00
     4       1   4.34305305e-03   4.36689233e-01
     4       2   5.30508720e-07   3.21640194e-09
     4       3   6.72755757e-16   0.00000000e+00
     5       1   5.60004757e-03   3.58813187e-01
     5       2   6.95472442e-07   2.70509104e-09
     5       3   7.89276542e-16   0.00000000e+00
     6       1   6.86824750e-03   3.03980401e-01
     6       2   8.61625564e-07   2.32550774e-09
     6       3   1.02175303e-15   0.00000000e+00
     7       1   8.14998534e-03   2.63334946e-01
     7       2   1.02919390e-06   2.03505277e-09
     7       3   1.03007925e-15   0.00000000e+00
     8       1   9.44770041e-03   2.32002451e-01
     8       2   1.19841306e-06   1.80624467e-09
     8       3   1.38641317e-15   0.00000000e+00
     9       1   1.07639609e-02   2.07098534e-01
     9       2   1.36953042e-06   1.62160736e-09
     9       3   1.51811243e-15   0.00000000e+00
    10       1   1.21014880e-02   1.86813157e-01
    10       2   1.54280720e-06   1.46948794e-09
    10       3   1.77286325e-15   0.00000000e+00
    11       1   1.34631835e-02   1.69955076e-01
    11       2   1.71852087e-06   1.34186959e-09
    11       3   1.91651044e-15   0.00000000e+00
    12       1   1.48521602e-02   1.55709036e-01
    12       2   1.89696783e-06   1.23319625e-09
    12       3   2.18809246e-15   0.00000000e+00
    13       1   1.62717771e-02   1.43498629e-01
    13       2   2.07846647e-06   1.13955340e-09
    13       3   2.34723043e-15   0.00000000e+00
    14       1   1.77256796e-02   1.32904953e-01
    14       2   2.26336066e-06   1.05786642e-09
    14       3   2.76601517e-15   0.00000000e+00
    15       1   1.92178457e-02   1.23616327e-01
    15       2   2.45202379e-06   9.85929215e-10
    15       3   2.81916511e-15   0.00000000e+00
    16       1   2.07526401e-02   1.15396085e-01
    16       2   2.64486351e-06   9.22061295e-10
    16       3   3.00846546e-15   0.00000000e+00
    17       1   2.23348780e-02   1.08061306e-01
    17       2   2.84232718e-06   8.64885184e-10
    17       3   3.47682222e-15   0.00000000e+00
    18       1   2.39698991e-02   1.01468373e-01
    18       2   3.04490839e-06   8.13316247e-10
    18       3   3.69707932e-15   0.00000000e+00
    19       1   2.56636568e-02   9.55029632e-02
    19       2   3.25315462e-06   7.66540280e-10
    19       3   3.65150506e-15   0.00000000e+00
    20       1   2.74228240e-02   9.00729277e-02
    20       2   3.46767644e-06   7.23903168e-10
    20       3   3.89591996e-15   0.00000000e+00
    21       1   2.92549206e-02   8.51031620e-02
    21       2   3.68915852e-06   6.84770317e-10
    21       3   4.30690815e-15   0.00000000e+00
    22       1   3.11684679e-02   8.05318301e-02
    22       2   3.91837297e-06   6.48697640e-10
    22       3   4.59427290e-15   0.00000000e+00
    23       1   3.31731768e-02   7.63075503e-02
    23       2   4.15619558e-06   6.15344974e-10
    23       3   4.58843781e-15   0.00000000e+00
    24       1   3.52801793e-02   7.23872665e-02
    24       2   4.40362580e-06   5.84305666e-10
    24       3   5.07790455e-15   0.00000000e+00
    25       1   3.75023149e-02   6.87346185e-02
    25       2   4.66181136e-06   5.55370479e-10
    25       3   5.26831316e-15   0.00000000e+00
    26       1   3.98544882e-02   6.53186805e-02
    26       2   4.93207915e-06   5.28268737e-10
    26       3   5.65496988e-15   0.00000000e+00
    27       1   4.23541199e-02   6.21129727e-02
    27       2   5.21597393e-06   5.02791074e-10
    27       3   5.89445040e-15   0.00000000e+00
    28       1   4.50217196e-02   5.90946808e-02
    28       2   5.51530761e-06   4.78790007e-10
    28       3   6.35228831e-15   0.00000000e+00
    29       1   4.78816228e-02   5.62440338e-02
    29       2   5.83222260e-06   4.56100036e-10
    29       3   6.65640736e-15   0.00000000e+00
    30       1   5.09629476e-02   5.35438032e-02
    30       2   6.16927398e-06   4.34563643e-10
    30       3   6.99559434e-15   0.00000000e+00
    31       1   5.43008541e-02   5.09788974e-02
    31       2   6.52953756e-06   4.14105744e-10
    31       3   7.71065897e-15   0.00000000e+00
    32       1   5.79382223e-02   4.85360306e-02
    32       2   6.91675396e-06   3.94592707e-10
    32       3   8.03912204e-15   0.00000000e+00
    33       1   6.19279225e-02   4.62034502e-02
    33       2   7.33552331e-06   3.75964674e-10
    33       3   8.41136281e-15   0.00000000e+00
    34       1   6.63359354e-02   4.39707122e-02
    34       2   7.79157292e-06   3.58109661e-10
    34       3   8.96926855e-15   0.00000000e+00
    35       1   7.12457214e-02   4.18284930e-02
    35       2   8.29213189e-06   3.40971909e-10
    35       3   9.60821088e-15   0.00000000e+00
    36       1   7.67644603e-02   3.97684325e-02
    36       2   8.84646599e-06   3.24467610e-10
    36       3   1.03456885e-14   0.00000000e+00
    37       1   8.30321707e-02   3.77830016e-02
    37       2   9.46665944e-06   3.08570435e-10
    37       3   1.10373744e-14   0.00000000e+00
    38       1   9.02353884e-02   3.58653905e-02
    38       2   1.01687871e-05   2.93178208e-10
    38       3   1.18508924e-14   0.00000000e+00
    39       1   9.86283052e-02   3.40094124e-02
    39       2   1.09747260e-05   2.78285980e-10
    39       3   1.28192817e-14   0.00000000e+00
    40       1   1.08566589e-01   3.22094221e-02
    40       2   1.19150532e-05   2.63825222e-10
    40       3   1.37667687e-14   0.00000000e+00
    41       1   1.20563749e-01   3.04602454e-02
    41       2   1.30338757e-05   2.49795240e-10
    41       3   1.50531230e-14   0.00000000e+00
    42       1   1.35389778e-01   2.87571176e-02
    42       2   1.43972813e-05   2.36099575e-10
    42       3   1.66671742e-14   0.00000000e+00
    43       1   1.54254336e-01   2.70956306e-02
    43       2   1.61090337e-05   2.22736400e-10
    43       3   1.85857177e-14   0.00000000e+00
    44       1   1.79173128e-01   2.54716857e-02
    44       2   1.83419608e-05   2.09633462e-10
    44       3   2.15308966e-14   0.00000000e+00
    45       1   2.13773926e-01   2.38814526e-02
    45       2   2.14070085e-05   1.96827966e-10
    45       3   2.48497605e-14   0.00000000e+00
    46       1   2.65311664e-01   2.23213322e-02
    46       2   2.59258732e-05   1.84293337e-10
    46       3   2.99657322e-14   0.00000000e+00
    47       1   3.50713826e-01   2.07879236e-02
    47       2   3.33488992e-05   1.71935573e-10
    47       3   3.88787532e-14   0.00000000e+00
    48       1   5.20762822e-01   1.92779944e-02
    48       2   4.80266650e-05   1.59765488e-10
    48       3   5.59390024e-14   0.00000000e+00
    49       1   1.02938605e+00   1.77884529e-02
    49       2   9.17111536e-05   1.47773656e-10
    49       3   1.06897611e-13   0.00000000e+00
    50       1   1.09789524e+04   1.63163228e-02
    50       2   1.58489152e+01   1.35875245e-10
    50       3   1.85349283e-08   0.00000000e+00
    50       4   0.00000000e+00   0.00000000e+00
    51       1   9.99994422e-01   1.48587194e-02
    51       2   8.19234337e-05   1.24121291e-10
    51       3   9.58652835e-14   0.00000000e+00
    52       1   4.91465496e-01   1.34128269e-02
    52       2   3.82243380e-05   1.12435881e-10
    52       3   4.48782837e-14   0.00000000e+00
    53       1   3.21364675e-01   1.19758766e-02
    53       2   2.35210812e-05   1.00851947e-10
    53       3   2.76082362e-14   0.00000000e+00
    54       1   2.35862020e-01   1.05451253e-02
    54       2   1.60620505e-05   8.92857300e-11
    54       3   1.90876178e-14   0.00000000e+00
    55       1   1.84186624e-01   9.11783412e-03
    55       2   1.14965477e-05   7.77665181e-11
    55       3   1.35231507e-14   0.00000000e+00
    56       1   1.49413261e-01   7.69124675e-03
    56       2   8.37400763e-06   6.62246616e-11
    56       3   9.75987426e-15   0.00000000e+00
    57       1   1.24287122e-01   6.26256723e-03
    57       2   6.07244443e-06   5.46615560e-11
    57       3   7.32591384e-15   0.00000000e+00
    58       1   1.05179772e-01   4.82893656e-03
    58       2   4.28055772e-06   4.30757483e-11
    58       3   5.09864752e-15   0.00000000e+00
    59       1   9.00744259e-02   3.38740791e-03
    59       2   2.82509722e-06   3.14338119e-11
    59       3   3.47955216e-15   0.00000000e+00
    60       1   7.77600206e-02   1.93491978e-03
    60       2   1.60180400e-06   1.96527595e-11
    60       3   1.98651592e-15   0.00000000e+00
    61       1   6.74648770e-02   4.68266702e-04
    61       2   5.44015473e-07   7.80636678e-12
    61       3   8.54998557e-16   0.00000000e+00
    62       1   5.86735078e-02   1.01593332e-03
    62       2   3.93037296e-07   4.24324758e-12
    62       3   2.68277492e-16   0.00000000e+00
    63       1   5.10279600e-02   2.52127523e-03
    63       2   1.24069046e-06   1.64038386e-11
    63       3   1.27293761e-15   0.00000000e+00
    64       1   4.42714190e-02   4.05160828e-03
    64       2   2.02168843e-06   2.88234620e-11
    64       3   2.18984472e-15   0.00000000e+00
    65       1   3.82143506e-02   5.61108330e-03
    65       2   2.75309545e-06   4.14580865e-11
    65       3   3.04222451e-15   0.00000000e+00
    66       1   3.27133144e-02   7.20420733e-03
    66       2   3.44812328e-06   5.43845685e-11
    66       3   3.96131765e-15   0.00000000e+00
    67       1   2.76572281e-02   8.83590720e-03
    67       2   4.11732269e-06   6.75798435e-11
    67       3   4.40199169e-15   0.00000000e+00
    68       1   2.29581787e-02   1.05116041e-02
    68       2   4.76938829e-06   8.11959264e-11
    68       3   5.59118231e-15   0.00000000e+00
    69       1   1.85450984e-02   1.22373019e-02
    69       2   5.41172110e-06   9.51670659e-11
    69       3   6.33168875e-15   0.00000000e+00
    70       1   1.43592952e-02   1.40196924e-02
    70       2   6.05083645e-06   1.09625316e-10
    70       3   6.65678123e-15   0.00000000e+00
    71       1   1.03512094e-02   1.58662810e-02
    71       2   6.69267205e-06   1.24596950e-10
    71       3   7.61718006e-15   0.00000000e+00
    72       1   6.47799457e-03   1.77855399e-02
    72       2   7.34283184e-06   1.40176141e-10
    72       3   8.18138426e-15   0.00000000e+00
    73       1   2.70165626e-03   1.97870935e-02
    73       2   8.00679011e-06   1.56439530e-10
    73       3   8.97513720e-15   0.00000000e+00
    74       1   1.01243211e-03   2.18819465e-02
    74       2   8.69007375e-06   1.73432886e-10
    74       3   1.02092566e-14   0.00000000e+00
    75       1   4.69676624e-03   2.40827663e-02
    75       2   9.39843646e-06   1.91272575e-10
    75       3   1.08725374e-14   0.00000000e+00
    76       1   8.38279753e-03   2.64042351e-02
    76       2   1.01380372e-05   2.10122715e-10
    76       3   1.15841479e-14   0.00000000e+00
    77       1   1.21019478e-02   2.88634939e-02
    77       2   1.09156344e-05   2.30102613e-10
    77       3   1.23522933e-14   0.00000000e+00
    78       1   1.58866224e-02   3.14807062e-02
    78       2   1.17388103e-05   2.51371084e-10
    78       3   1.33991200e-14   0.00000000e+00
    79       1   1.97712908e-02   3.42797835e-02
    79       2   1.26162387e-05   2.74065168e-10
    79       3   1.45314126e-14   0.00000000e+00
    80       1   2.37937139e-02   3.72893267e-02
    80       2   1.35580194e-05   2.98502444e-10
    80       3   1.57651443e-14   0.00000000e+00
    81       1   2.79964123e-02   4.05438656e-02
    81       2   1.45761053e-05   3.24952932e-10
    81       3   1.68910477e-14   0.00000000e+00
    82       1   3.24285058e-02   4.40855102e-02
    82       2   1.56848607e-05   3.53729098e-10
    82       3   1.81454929e-14   0.00000000e+00
    83       1   3.71481000e-02   4.79661844e-02
    83       2   1.69018094e-05   3.85226945e-10
    83       3   1.94302599e-14   0.00000000e+00
    84       1   4.22254847e-02   5.22506981e-02
    84       2   1.82486552e-05   4.20060073e-10
    84       3   2.11418670e-14   0.00000000e+00
    85       1   4.77475391e-02   5.70210463e-02
    85       2   1.97527049e-05   4.58789511e-10
    85       3   2.28180974e-14   0.00000000e+00
    86       1   5.38239621e-02   6.23825506e-02
    86       2   2.14488956e-05   5.02352847e-10
    86       3   2.48894523e-14   0.00000000e+00
    87       1   6.05963242e-02   6.84728361e-02
    87       2   2.33827527e-05   5.51828014e-10
    87       3   2.69935877e-14   0.00000000e+00
    88       1   6.82515958e-02   7.54752942e-02
    88       2   2.56148233e-05   6.08711463e-10
    88       3   2.96317571e-14   0.00000000e+00
    89       1   7.70430124e-02   8.36398902e-02
    89       2   2.82275237e-05   6.75069434e-10
    89       3   3.27716733e-14   0.00000000e+00
    90       1   8.73234191e-02   9.33164536e-02
    90       2   3.13360924e-05   7.53682468e-10
    90       3   3.65650737e-14   0.00000000e+00
    91       1   9.96008077e-02   1.05010163e-01
    91       2   3.51068411e-05   8.48710708e-10
    91       3   4.06158340e-14   0.00000000e+00
    92       1   1.14635474e-01   1.19478642e-01
    92       2   3.97890919e-05   9.66264283e-10
    92       3   4.59559579e-14   0.00000000e+00
    93       1   1.33620424e-01   1.37912282e-01
    93       2   4.57744857e-05   1.11608316e-09
    93       3   5.30013412e-14   0.00000000e+00
    94       1   1.58542156e-01   1.62294884e-01
    94       2   5.37155958e-05   1.31419766e-09
    94       3   6.21516131e-14   0.00000000e+00
    95       1   1.92974382e-01   1.96197069e-01
    95       2   6.47868747e-05   1.58966846e-09
    95       3   7.48568117e-14   0.00000000e+00
    96       1   2.44062375e-01   2.46759803e-01
    96       2   8.13370159e-05   2.00058515e-09
    96       3   9.43442179e-14   0.00000000e+00
    97       1   3.28476380e-01   3.30644936e-01
    97       2   1.08846026e-04   2.68224396e-09
    97       3   1.26060213e-13   0.00000000e+00
    98       1   4.96227960e-01   4.97837223e-01
    98       2   1.63753453e-04   4.04089903e-09
    98       3   1.89690642e-13   0.00000000e+00
    99       1   9.97428487e-01   9.98255957e-01
    99       2   3.28255040e-04   8.10736170e-09
    99       3   3.80757988e-13   0.00000000e+00
   100       1   3.23438511e+03   5.78517155e+04
   100       2   1.67057297e+01   4.70336561e-04
   100       3   1.93611579e-08   1.36585378e-14
   100       4   0.00000000e+00   0.00000000e+00
   101       1   1.00001969e+00   1.00001728e+00
   101       2   3.29120203e-04   8.13103532e-09
   101       3   3.81877933e-13   0.00000000e+00
   102       1   4.99284199e-01   4.99572265e-01
   102       2   1.64609360e-04   4.06428355e-09
   102       3   1.91022443e-13   0.00000000e+00
   103       1   3.31620915e-01   3.32374570e-01
   103       2   1.09700891e-04   2.70560553e-09
   103       3   1.27245532e-13   0.00000000e+00
   104       1   2.47240402e-01   2.48486901e-01
   104       2   8.21923138e-05   2.02392012e-09
   104       3   9.55703937e-14   0.00000000e+00
   105       1   1.96170776e-01   1.97922287e-01
   105       2   6.56432560e-05   1.61300760e-09
   105       3   7.61109796e-14   0.00000000e+00
   106       1   1.61751601e-01   1.64018327e-01
   106       2   5.45735131e-05   1.33751078e-09
   106       3   6.33530118e-14   0.00000000e+00
   107       1   1.36840984e-01   1.39633866e-01
   107       2   4.66343300e-05   1.13935388e-09
   107       3   5.41679201e-14   0.00000000e+00
   108       1   1.17866649e-01   1.21198200e-01
   108       2   4.06512353e-05   9.89519222e-10
   108       3   4.72136772e-14   0.00000000e+00
   109       1   1.02842808e-01   1.06727488e-01
   109       2   3.59716542e-05   8.71920161e-10
   109       3   4.18467855e-14   0.00000000e+00
   110       1   9.05768538e-02   9.50313146e-02
   110       2   3.22039530e-05   7.76870468e-10
   110       3   3.73114322e-14   0.00000000e+00
   111       1   8.03087459e-02   8.53520397e-02
   111       2   2.90988225e-05   6.98207390e-10
   111       3   3.38012565e-14   0.00000000e+00
   112       1   7.15306758e-02   7.71844728e-02
   112       2   2.64899678e-05   6.31856663e-10
   112       3   3.07470172e-14   0.00000000e+00
   113       1   6.38899472e-02   7.01787739e-02
   113       2   2.42621714e-05   5.74909180e-10
   113       3   2.81867454e-14   0.00000000e+00
   114       1   5.71334571e-02   6.40849684e-02
   114       2   2.23330413e-05   5.25360249e-10
   114       3   2.60144579e-14   0.00000000e+00
   115       1   5.10743633e-02   5.87196554e-02
   115       2   2.06420590e-05   4.81762271e-10
   115       3   2.41525379e-14   0.00000000e+00
   116       1   4.55712267e-02   5.39452007e-02
   116       2   1.91437316e-05   4.42944569e-10
   116       3   2.21607923e-14   0.00000000e+00
   117       1   4.05144882e-02   4.96562726e-02
   117       2   1.78031597e-05   4.08096644e-10
   117       3   2.07745253e-14   0.00000000e+00
   118       1   3.58174207e-02   4.57708661e-02
   118       2   1.65930795e-05   3.76506939e-10
   118       3   1.92059714e-14   0.00000000e+00
   119       1   3.14099035e-02   4.22241603e-02
   119       2   1.54918362e-05   3.47668506e-10
   119       3   1.80323577e-14   0.00000000e+00
   120       1   2.72340209e-02   3.89642194e-02
   120       2   1.44819622e-05   3.21155881e-10
   120       3   1.70974290e-14   0.00000000e+00
   121       1   2.32408686e-02   3.59489211e-02
   121       2   1.35491578e-05   2.96647644e-10
   121       3   1.58327484e-14   0.00000000e+00
   122       1   1.93881713e-02   3.31437220e-02
   122       2   1.26815447e-05   2.73829453e-10
   122       3   1.48879234e-14   0.00000000e+00
   123       1   1.56384505e-02   3.05200067e-02
   123       2   1.18691090e-05   2.52513345e-10
   123       3   1.38178291e-14   0.00000000e+00
   124       1   1.19575625e-02   2.80538482e-02
   124       2   1.11032764e-05   2.32452777e-10
   124       3   1.28253135e-14   0.00000000e+00
   125       1   8.31348082e-03   2.57250661e-02
   125       2   1.03765809e-05   2.13486341e-10
   125       3   1.18982533e-14   0.00000000e+00
   126       1   4.67522599e-03   2.35165014e-02
   126       2   9.68239992e-06   1.95573793e-10
   126       3   1.12301854e-14   0.00000000e+00
   127       1   1.01186697e-03   2.14134524e-02
   127       2   9.01473449e-06   1.78423624e-10
   127       3   1.04030014e-14   0.00000000e+00
   128       1   2.70847617e-03   1.94032307e-02
   128       2   8.36802048e-06   1.62028733e-10
   128       3   9.81766113e-15   0.00000000e+00
   129       1   6.51969596e-03   1.74748089e-02
   129       2   7.73695707e-06   1.46350070e-10
   129       3   9.05826694e-15   0.00000000e+00
   130       1   1.04589049e-02   1.56185383e-02
   130       2   7.11634172e-06   1.31261688e-10
   130       3   8.32097420e-15   0.00000000e+00
   131       1   1.45678808e-02   1.38259205e-02
   131       2   6.50089990e-06   1.16619263e-10
   131       3   7.80907944e-15   0.00000000e+00
   132       1   1.88948761e-02   1.20894214e-02
   132       2   5.88509693e-06   1.02501608e-10
   132       3   7.09649647e-15   0.00000000e+00
   133       1   2.34969671e-02   1.04023187e-02
   133       2   5.26291575e-06   8.87911455e-11
   133       3   6.60298258e-15   0.00000000e+00
   134       1   2.84432004e-02   8.75857542e-03
   134       2   4.62757868e-06   7.53916840e-11
   134       3   5.31947877e-15   0.00000000e+00
   135       1   3.38189282e-02   7.15273444e-03
   135       2   3.97118111e-06   6.23035396e-11
   135       3   4.68034015e-15   0.00000000e+00
   136       1   3.97319387e-02   5.57983018e-03
   136       2   3.28418840e-06   4.94981012e-11
   136       3   3.89305210e-15   0.00000000e+00
   137       1   4.63213639e-02   4.03531358e-03
   137       2   2.55471814e-06   3.69141392e-11
   137       3   3.05504549e-15   0.00000000e+00
   138       1   5.37709926e-02   2.51498825e-03
   138       2   1.76747897e-06   2.45030189e-11
   138       3   2.14621601e-15   0.00000000e+00
   139       1   6.23298036e-02   1.01495551e-03
   139       2   9.02144648e-07   1.22948180e-11
   139       3   1.13999564e-15   0.00000000e+00
   140       1   7.23447796e-02   4.68433287e-04
   140       2   6.92350060e-08   1.83541173e-13
   140       3   1.52808536e-16   0.00000000e+00
   141       1   8.43155624e-02   1.93861852e-03
   141       2   1.18653742e-06   1.18179839e-11
   141       3   1.15984734e-15   0.00000000e+00
   142       1   9.89900656e-02   3.39886925e-03
   142       2   2.50908722e-06   2.37575016e-11
   142       3   2.73140895e-15   0.00000000e+00
   143       1   1.17542010e-01   4.85231628e-03
   143       2   4.12961135e-06   3.55915385e-11
   143       3   4.68042585e-15   0.00000000e+00
   144       1   1.41925963e-01   6.30198210e-03
   144       2   6.20213897e-06   4.74154051e-11
   144       3   7.31986953e-15   0.00000000e+00
   145       1   1.75658399e-01   7.75080842e-03
   145       2   9.00337063e-06   5.92500610e-11
   145       3   1.01081517e-14   0.00000000e+00
   146       1   2.25770327e-01   9.20168171e-03
   146       2   1.30860892e-05   7.10967095e-11
   146       3   1.47341852e-14   0.00000000e+00
   147       1   3.08665178e-01   1.06574575e-02
   147       2   1.97393760e-05   8.30561825e-11
   147       3   2.25683938e-14   0.00000000e+00
   148       1   4.73550643e-01   1.21209837e-02
   148       2   3.28294322e-05   9.49748384e-11
   148       3   3.76131893e-14   0.00000000e+00
   149       1   9.66466689e-01   1.35951232e-02
   149       2   7.16848572e-05   1.07012941e-10
   149       3   8.20540925e-14   0.00000000e+00
   150       1   2.63916860e+04   1.50827769e-02
   150       2   1.93146117e+00   1.19240189e-10
   150       3   2.21894503e-09   0.00000000e+00
   150       4   0.00000000e+00   0.00000000e+00
   151       1   1.00003942e+00   1.65869063e-02
   151       2   8.25733326e-05   1.31513726e-10
   151       3   9.47499878e-14   0.00000000e+00
   152       1   5.07225011e-01   1.81105571e-02
   152       2   4.37285884e-05   1.43999051e-10
   152       3   5.03308399e-14   0.00000000e+00
   153       1   3.42427653e-01   1.96568843e-02
   153       2   3.06632962e-05   1.56655381e-10
   153       3   3.50909896e-14   0.00000000e+00
   154       1   2.59645991e-01   2.12291778e-02
   154       2   2.40457598e-05   1.69511810e-10
   154       3   2.78993848e-14   0.00000000e+00
   155       1   2.09677592e-01   2.28308907e-02
   155       2   2.00095616e-05   1.82652229e-10
   155       3   2.29832814e-14   0.00000000e+00
   156       1   1.76120906e-01   2.44656697e-02
   156       2   1.72657585e-05   1.96087000e-10
   156       3   1.99930994e-14   0.00000000e+00
   157       1   1.51946218e-01   2.61373891e-02
   157       2   1.52618285e-05   2.09794353e-10
   157       3   1.74445828e-14   0.00000000e+00
   158       1   1.33638305e-01   2.78501875e-02
   158       2   1.37214139e-05   2.23841739e-10
   158       3   1.59610131e-14   0.00000000e+00
   159       1   1.19243964e-01   2.96085099e-02
   159       2   1.24909020e-05   2.38274694e-10
   159       3   1.44311537e-14   0.00000000e+00
   160       1   1.07591026e-01   3.14171548e-02
   160       2   1.14780584e-05   2.53107910e-10
   160       3   1.33227299e-14   0.00000000e+00
   161       1   9.79333484e-02   3.32813276e-02
   161       2   1.06241312e-05   2.68437690e-10
   161       3   1.24187220e-14   0.00000000e+00
   162       1   8.97733178e-02   3.52067026e-02
   162       2   9.88990426e-06   2.84268198e-10
   162       3   1.13039639e-14   0.00000000e+00
   163       1   8.27662685e-02   3.71994934e-02
   163       2   9.24818562e-06   3.00667733e-10
   163       3   1.07029397e-14   0.00000000e+00
   164       1   7.66658655e-02   3.92665351e-02
   164       2   8.67951606e-06   3.17687025e-10
   164       3   1.01913027e-14   0.00000000e+00
   165       1   7.12913325e-02   4.14153802e-02
   165       2   8.16959333e-06   3.35400826e-10
   165       3   9.46482849e-15   0.00000000e+00
   166       1   6.65069690e-02   4.36544111e-02
   166       2   7.70766236e-06   3.53816660e-10
   166       3   8.83541954e-15   0.00000000e+00
   167       1   6.22088959e-02   4.59929723e-02
   167       2   7.28547337e-06   3.73128347e-10
   167       3   8.41138121e-15   0.00000000e+00
   168       1   5.83162189e-02   4.84415284e-02
   168       2   6.89658718e-06   3.93308335e-10
   168       3   7.92091589e-15   0.00000000e+00
   169       1   5.47649815e-02   5.10118514e-02
   169       2   6.53589972e-06   4.14560500e-10
   169       3   7.59892491e-15   0.00000000e+00
   170       1   5.15039318e-02   5.37172468e-02
   170       2   6.19930912e-06   4.36934137e-10
   170       3   6.99560699e-15   0.00000000e+00
   171       1   4.84914988e-02   5.65728255e-02
   171       2   5.88347774e-06   4.60521021e-10
   171       3   7.05983800e-15   0.00000000e+00
   172       1   4.56935920e-02   5.95958361e-02
   172       2   5.58565915e-06   4.85586955e-10
   172       3   6.54479238e-15   0.00000000e+00
   173       1   4.30819759e-02   6.28060711e-02
   173       2   5.30357000e-06   5.12164409e-10
   173       3   6.26286301e-15   0.00000000e+00
   174       1   4.06330491e-02   6.62263674e-02
   174       2   5.03529399e-06   5.40554686e-10
   174       3   5.83169598e-15   0.00000000e+00
   175       1   3.83269175e-02   6.98832309e-02
   175       2   4.77920874e-06   5.70912662e-10
   175       3   5.77815767e-15   0.00000000e+00
   176       1   3.61466803e-02   7.38076176e-02
   176       2   4.53392950e-06   6.03522239e-10
   176       3   5.24171454e-15   0.00000000e+00
   177       1   3.40778740e-02   7.80359237e-02
   177       2   4.29826533e-06   6.38728257e-10
   177       3   4.90488763e-15   0.00000000e+00
   178       1   3.21080362e-02   8.26112505e-02
   178       2   4.07118461e-06   6.76817582e-10
   178       3   4.74742065e-15   0.00000000e+00
   179       1   3.02263589e-02   8.75850377e-02
   179       2   3.85178761e-06   7.18356921e-10
   179       3   4.60394115e-15   0.00000000e+00
   180       1   2.84234102e-02   9.30191982e-02
   180       2   3.63928453e-06   7.63752449e-10
   180       3   4.04021729e-15   0.00000000e+00
   181       1   2.66909107e-02   9.89889414e-02
   181       2   3.43297774e-06   8.13695188e-10
   181       3   3.93239371e-15   0.00000000e+00
   182       1   2.50215508e-02   1.05586561e-01
   182       2   3.23224729e-06   8.69016673e-10
   182       3   3.69708253e-15   0.00000000e+00
   183       1   2.34088405e-02   1.12926594e-01
   183       2   3.03653905e-06   9.30674971e-10
   183       3   3.61054908e-15   0.00000000e+00
   184       1   2.18469868e-02   1.21152966e-01
   184       2   2.84535483e-06   9.99919031e-10
   184       3   3.27007362e-15   0.00000000e+00
   185       1   2.03307899e-02   1.30449075e-01
   185       2   2.65824422e-06   1.07836364e-09
   185       3   3.07545500e-15   0.00000000e+00
   186       1   1.88555577e-02   1.41052331e-01
   186       2   2.47479771e-06   1.16803121e-09
   186       3   2.89174501e-15   0.00000000e+00
   187       1   1.74170333e-02   1.53275621e-01
   187       2   2.29464088e-06   1.27177679e-09
   187       3   2.71784739e-15   0.00000000e+00
   188       1   1.60113333e-02   1.67539884e-01
   188       2   2.11742949e-06   1.39319420e-09
   188       3   2.67433669e-15   0.00000000e+00
   189       1   1.46348953e-02   1.84425119e-01
   189       2   1.94284521e-06   1.53752536e-09
   189       3   2.15607532e-15   0.00000000e+00
   190       1   1.32844329e-02   2.04753242e-01
   190       2   1.77059203e-06   1.71204967e-09
   190       3   2.00924592e-15   0.00000000e+00
   191       1   1.19568966e-02   2.29728657e-01
   191       2   1.60039305e-06   1.92765648e-09
   191       3   1.98522475e-15   0.00000000e+00
   192       1   1.06494397e-02   2.61189444e-01
   192       2   1.43198774e-06   2.20096465e-09
   192       3   1.73301708e-15   0.00000000e+00
   193       1   9.35938834e-03   3.02085753e-01
   193       2   1.26512949e-06   2.55906892e-09
   193       3   1.48789271e-15   0.00000000e+00
   194       1   8.08421487e-03   3.57466630e-01
   194       2   1.09958340e-06   3.04881468e-09
   194       3   1.24880959e-15   0.00000000e+00
   195       1   6.82151407e-03   4.36737596e-01
   195       2   9.35124365e-07   3.75884918e-09
   195       3   1.01478435e-15   0.00000000e+00
   196       1   5.56898162e-03   5.59602096e-01
   196       2   7.71535249e-07   4.87858966e-09
   196       3   8.97007833e-16   0.00000000e+00
   197       1   4.32439432e-03   7.75208113e-01
   197       2   6.08605261e-07   6.89272635e-09
   197       3   7.81488191e-16   0.00000000e+00
   198       1   3.08559185e-03   1.24765956e+00
   198       2   4.46128415e-07   1.14809365e-08
   198       3   5.56483704e-16   0.00000000e+00
   199       1   1.85045948e-03   2.99738653e+00
   199       2   2.83902079e-07   2.97446553e-08
   199       3   4.44363289e-16   0.00000000e+00
   200       1   6.16911716e-04   2.17113037e+06
   200       2   1.21725582e-07   2.85214821e-02
   200       3   2.22044605e-16   1.11228014e-12
   201       1   6.17123674e-04   1.00000047e+00
   201       2   4.06011417e-08   2.73368260e-09
   201       3   0.00000000e+00   0.00000000e+00
   202       1   1.85372132e-03   7.49855055e-01
   202       2   2.03278903e-07   4.74901095e-09
   202       3   2.22593442e-16   0.00000000e+00
   203       1   3.09497400e-03   5.55103743e-01
   203       2   3.66510608e-07   3.91618181e-09
   203       3   4.46564563e-16   0.00000000e+00
   204       1   4.34300860e-03   4.36692723e-01
   204       2   5.30502647e-07   3.21644319e-09
   204       3   5.60629698e-16   0.00000000e+00
   205       1   5.60000277e-03   3.58815573e-01
   205       2   6.95466329e-07   2.70508692e-09
   205       3   7.89276368e-16   0.00000000e+00
   206       1   6.86820227e-03   3.03982130e-01
   206       2   8.61619405e-07   2.32550571e-09
   206       3   1.02175276e-15   0.00000000e+00
   207       1   8.14993960e-03   2.63336256e-01
   207       2   1.02918768e-06   2.03501783e-09
   207       3   1.14453214e-15   0.00000000e+00
   208       1   9.44765407e-03   2.32003478e-01
   208       2   1.19840679e-06   1.80627240e-09
   208       3   1.38641268e-15   0.00000000e+00
   209       1   1.07639138e-02   2.07099361e-01
   209       2   1.36952407e-06   1.62162612e-09
   209       3   1.51811182e-15   0.00000000e+00
   210       1   1.21014401e-02   1.86813838e-01
   210       2   1.54280077e-06   1.46942811e-09
   210       3   1.77286245e-15   0.00000000e+00
   211       1   1.34631348e-02   1.69955647e-01
   211       2   1.71851435e-06   1.34185135e-09
   211       3   1.91650949e-15   0.00000000e+00
   212       1   1.48521105e-02   1.55709522e-01
   212       2   1.89696121e-06   1.23319900e-09
   212       3   2.18809126e-15   0.00000000e+00
   213       1   1.62717263e-02   1.43499048e-01
   213       2   2.07845973e-06   1.13955019e-09
   213       3   2.34722903e-15   0.00000000e+00
   214       1   1.77256275e-02   1.32905318e-01
   214       2   2.26335379e-06   1.05787343e-09
   214       3   2.64028549e-15   0.00000000e+00
   215       1   1.92177921e-02   1.23616649e-01
   215       2   2.45201679e-06   9.85951140e-10
   215       3   2.81916313e-15   0.00000000e+00
   216       1   2.07525850e-02   1.15396372e-01
   216       2   2.64485635e-06   9.22069044e-10
   216       3   3.00846319e-15   0.00000000e+00
   217       1   2.23348211e-02   1.08061562e-01
   217       2   2.84231985e-06   8.64874676e-10
   217       3   3.47681940e-15   0.00000000e+00
   218       1   2.39698403e-02   1.01468604e-01
   218       2   3.04490087e-06   8.13328281e-10
   218       3   3.42321862e-15   0.00000000e+00
   219       1   2.56635958e-02   9.55031728e-02
   219       2   3.25314689e-06   7.66571762e-10
   219       3   3.65150167e-15   0.00000000e+00
   220       1   2.74227607e-02   9.00731189e-02
   220       2   3.46766847e-06   7.23908989e-10
   220       3   4.04020930e-15   0.00000000e+00
   221       1   2.92548546e-02   8.51033374e-02
   221       2   3.68915030e-06   6.84775308e-10
   221       3   4.45541753e-15   0.00000000e+00
   222       1   3.11683989e-02   8.05319918e-02
   222       2   3.91836446e-06   6.48700762e-10
   222       3   4.74741002e-15   0.00000000e+00
   223       1   3.31731045e-02   7.63077000e-02
   223       2   4.15618675e-06   6.15346739e-10
   223       3   4.74665415e-15   0.00000000e+00
   224       1   3.52801033e-02   7.23874056e-02
   224       2   4.40361661e-06   5.84313863e-10
   224       3   5.07789813e-15   0.00000000e+00
   225       1   3.75022346e-02   6.87347484e-02
   225       2   4.66180178e-06   5.55354678e-10
   225       3   5.26830609e-15   0.00000000e+00
   226       1   3.98544031e-02   6.53188021e-02
   226       2   4.93206912e-06   5.28263703e-10
   226       3   5.65496183e-15   0.00000000e+00
   227       1   4.23540293e-02   6.21130869e-02
   227       2   5.21596338e-06   5.02803573e-10
   227       3   5.89444150e-15   0.00000000e+00
   228       1   4.50216228e-02   5.90947884e-02
   228       2   5.51529649e-06   4.78768562e-10
   228       3   6.54477140e-15   0.00000000e+00
   229       1   4.78815188e-02   5.62441356e-02
   229       2   5.83221083e-06   4.56082950e-10
   229       3   6.65639603e-15   0.00000000e+00
   230       1   5.09628354e-02   5.35438997e-02
   230       2   6.16926144e-06   4.34583859e-10
   230       3   7.20756901e-15   0.00000000e+00
   231       1   5.43007323e-02   5.09789892e-02
   231       2   6.52952415e-06   4.14085305e-10
   231       3   7.71064413e-15   0.00000000e+00
   232       1   5.79380893e-02   4.85361180e-02
   232       2   6.91673954e-06   3.94616077e-10
   232       3   8.03910556e-15   0.00000000e+00
   233       1   6.19277762e-02   4.62035338e-02
   233       2   7.33550770e-06   3.75984067e-10
   233       3   8.53688687e-15   0.00000000e+00
   234       1   6.63357733e-02   4.39707923e-02
   234       2   7.79155590e-06   3.58132400e-10
   234       3   8.96924756e-15   0.00000000e+00
   235       1   7.12455403e-02   4.18285699e-02
   235       2   8.29211316e-06   3.40968387e-10
   235       3   9.60818678e-15   0.00000000e+00
   236       1   7.67642559e-02   3.97685064e-02
   236       2   8.84644521e-06   3.24454123e-10
   236       3   1.00368349e-14   0.00000000e+00
   237       1   8.30319375e-02   3.77830729e-02
   237       2   9.46663612e-06   3.08563378e-10
   237       3   1.08701098e-14   0.00000000e+00
   238       1   9.02351189e-02   3.58654594e-02
   238       2   1.01687606e-05   2.93183062e-10
   238       3   1.20331758e-14   0.00000000e+00
   239       1   9.86279891e-02   3.40094791e-02
   239       2   1.09746954e-05   2.78291053e-10
   239       3   1.28192375e-14   0.00000000e+00
   240       1   1.08566211e-01   3.22094868e-02
   240       2   1.19150173e-05   2.63825341e-10
   240       3   1.39887604e-14   0.00000000e+00
   241       1   1.20563289e-01   3.04603082e-02
   241       2   1.30338326e-05   2.49781083e-10
   241       3   1.51774652e-14   0.00000000e+00
   242       1   1.35389203e-01   2.87571788e-02
   242       2   1.43972282e-05   2.36084493e-10
   242       3   1.66670958e-14   0.00000000e+00
   243       1   1.54253593e-01   2.70956903e-02
   243       2   1.61089661e-05   2.22724799e-10
   243       3   1.85856183e-14   0.00000000e+00
   244       1   1.79172126e-01   2.54717441e-02
   244       2   1.83418710e-05   2.09652280e-10
   244       3   2.15307632e-14   0.00000000e+00
   245       1   2.13772495e-01   2.38815098e-02
   245       2   2.14068817e-05   1.96832469e-10
   245       3   2.48495772e-14   0.00000000e+00
   246       1   2.65309443e-01   2.23213883e-02
   246       2   2.59256787e-05   1.84271155e-10
   246       3   2.99654585e-14   0.00000000e+00
   247       1   3.50709899e-01   2.07879788e-02
   247       2   3.33485584e-05   1.71955260e-10
   247       3   3.88782851e-14   0.00000000e+00
   248       1   5.20754023e-01   1.92780487e-02
   248       2   4.80259066e-05   1.59758779e-10
   248       3   5.59380053e-14   0.00000000e+00
   249       1   1.02935094e+00   1.77885065e-02
   249       2   9.17081413e-05   1.47769126e-10
   249       3   1.07201465e-13   0.00000000e+00
   250       1   1.75199554e+04   1.63163758e-02
   250       2   2.99573779e+00   1.35891186e-10
   250       3   3.50343486e-09   0.00000000e+00
   250       4   0.00000000e+00   0.00000000e+00
   251       1   1.00002951e+00   1.48587718e-02
   251       2   8.19264451e-05   1.24107904e-10
   251       3   9.58685318e-14   0.00000000e+00
   252       1   4.91474293e-01   1.34128789e-02
   252       2   3.82250965e-05   1.12421442e-10
   252       3   4.48790280e-14   0.00000000e+00
   253       1   3.21368603e-01   1.19759283e-02
   253       2   2.35214227e-05   1.00831639e-10
   253       3   2.76085343e-14   0.00000000e+00
   254       1   2.35864244e-01   1.05451768e-02
   254       2   1.60622463e-05   8.92715939e-11
   254       3   1.87528952e-14   0.00000000e+00
   255       1   1.84188061e-01   9.11788546e-03
   255       2   1.14966762e-05   7.77641806e-11
   255       3   1.36598318e-14   0.00000000e+00
   256       1   1.49414270e-01   7.69129806e-03
   256       2   8.37409973e-06   6.61840494e-11
   256       3   9.87611203e-15   0.00000000e+00
   257       1   1.24287873e-01   6.26261862e-03
   257       2   6.07251471e-06   5.46684209e-11
   257       3   7.12244531e-15   0.00000000e+00
   258       1   1.05180357e-01   4.82898812e-03
   258       2   4.28061397e-06   4.30700995e-11
   258       3   5.28076017e-15   0.00000000e+00
   259       1   9.00748969e-02   3.38745975e-03
   259       2   2.82514399e-06   3.13960830e-11
   259       3   3.31386884e-15   0.00000000e+00
   260       1   7.77604106e-02   1.93497202e-03
   260       2   1.60184412e-06   1.96608419e-11
   260       3   2.13933016e-15   0.00000000e+00
   261       1   6.74652075e-02   4.68319444e-04
   261       2   5.44050801e-07   7.77016644e-12
   261       3   7.12500317e-16   0.00000000e+00
   262       1   5.86737934e-02   1.01587995e-03
   262       2   3.93005476e-07   4.25277612e-12
   262       3   2.68277983e-16   0.00000000e+00
   263       1   5.10282111e-02   2.52122109e-03
   263       2   1.24066123e-06   1.64184560e-11
   263       3   1.40023357e-15   0.00000000e+00
   264       1   4.42716432e-02   4.05155324e-03
   264       2   2.02166111e-06   2.88077637e-11
   264       3   2.31150584e-15   0.00000000e+00
   265       1   3.82145536e-02   5.61102722e-03
   265       2   2.75306953e-06   4.14450730e-11
   265       3   3.04222791e-15   0.00000000e+00
   266       1   3.27135004e-02   7.20415003e-03
   266       2   3.44809834e-06   5.43704256e-11
   266       3   3.84814072e-15   0.00000000e+00
   267       1   2.76574007e-02   8.83584850e-03
   267       2   4.11729840e-06   6.76093738e-11
   267       3   4.62209474e-15   0.00000000e+00
   268       1   2.29583405e-02   1.05115438e-02
   268       2   4.76936437e-06   8.11931971e-11
   268       3   5.37613997e-15   0.00000000e+00
   269       1   1.85452518e-02   1.22372398e-02
   269       2   5.41169729e-06   9.51863167e-11
   269       3   6.12063508e-15   0.00000000e+00
   270       1   1.43594419e-02   1.40196282e-02
   270       2   6.05081253e-06   1.09646211e-10
   270       3   6.65678309e-15   0.00000000e+00
   271       1   1.03513512e-02   1.58662145e-02
   271       2   6.69264782e-06   1.24607679e-10
   271       3   7.82305085e-15   0.00000000e+00
   272       1   6.47813277e-03   1.77854708e-02
   272       2   7.34280709e-06   1.40188477e-10
   272       3   8.59045344e-15   0.00000000e+00
   273       1   2.70179219e-03   1.97870213e-02
   273       2   8.00676463e-06   1.56451441e-10
   273       3   8.97513595e-15   0.00000000e+00
   274       1   1.01229724e-03   2.18818709e-02
   274       2   8.69004734e-06   1.73425620e-10
   274       3   1.02092538e-14   0.00000000e+00
   275       1   4.69663128e-03   2.40826868e-02
   275       2   9.39840890e-06   1.91305726e-10
   275       3   1.08725329e-14   0.00000000e+00
   276       1   8.38266132e-03   2.64041512e-02
   276       2   1.01380082e-05   2.10101068e-10
   276       3   1.17910012e-14   0.00000000e+00
   277       1   1.21018092e-02   2.88634049e-02
   277       2   1.09156038e-05   2.30103998e-10
   277       3   1.25616457e-14   0.00000000e+00
   278       1   1.58864801e-02   3.14806114e-02
   278       2   1.17387776e-05   2.51353039e-10
   278       3   1.36117933e-14   0.00000000e+00
   279       1   1.97711434e-02   3.42796819e-02
   279       2   1.26162037e-05   2.74067715e-10
   279       3   1.49651716e-14   0.00000000e+00
   280       1   2.37935599e-02   3.72892174e-02
   280       2   1.35579817e-05   2.98507023e-10
   280       3   1.55430827e-14   0.00000000e+00
   281       1   2.79962501e-02   4.05437472e-02
   281       2   1.45760643e-05   3.24938216e-10
   281       3   1.67768977e-14   0.00000000e+00
   282       1   3.24283332e-02   4.40853810e-02
   282       2   1.56848157e-05   3.53690797e-10
   282       3   1.80276391e-14   0.00000000e+00
   283       1   3.71479145e-02   4.79660425e-02
   283       2   1.69017597e-05   3.85231391e-10
   283       3   1.95524311e-14   0.00000000e+00
   284       1   4.22252833e-02   5.22505410e-02
   284       2   1.82485999e-05   4.20038015e-10
   284       3   2.12691891e-14   0.00000000e+00
   285       1   4.77473180e-02   5.70208706e-02
   285       2   1.97526428e-05   4.58787470e-10
   285       3   2.29514901e-14   0.00000000e+00
   286       1   5.38237165e-02   6.23823524e-02
   286       2   2.14488251e-05   5.02363647e-10
   286       3   2.47487780e-14   0.00000000e+00
   287       1   6.05960477e-02   6.84726099e-02
   287       2   2.33826717e-05   5.51823989e-10
   287       3   2.71426552e-14   0.00000000e+00
   288       1   6.82512800e-02   7.54750326e-02
   288       2   2.56147291e-05   6.08729669e-10
   288       3   2.96316738e-14   0.00000000e+00
   289       1   7.70426457e-02   8.36395831e-02
   289       2   2.82274126e-05   6.75055661e-10
   289       3   3.24284122e-14   0.00000000e+00
   290       1   8.73229850e-02   9.33160867e-02
   290       2   3.13359589e-05   7.53705669e-10
   290       3   3.61918322e-14   0.00000000e+00
   291       1   9.96002820e-02   1.05009715e-01
   291       2   3.51066773e-05   8.48696760e-10
   291       3   4.06156703e-14   0.00000000e+00
   292       1   1.14634820e-01   1.19478081e-01
   292       2   3.97888858e-05   9.66259263e-10
   292       3   4.62986991e-14   0.00000000e+00
   293       1   1.33619582e-01   1.37911556e-01
   293       2   4.57742178e-05   1.11605337e-09
   293       3   5.28714703e-14   0.00000000e+00
   294       1   1.58541025e-01   1.62293903e-01
   294       2   5.37152325e-05   1.31419577e-09
   294       3   6.21512194e-14   0.00000000e+00
   295       1   1.92972771e-01   1.96195667e-01
   295       2   6.47863533e-05   1.58966637e-09
   295       3   7.52144003e-14   0.00000000e+00
   296       1   2.44059878e-01   2.46757623e-01
   296       2   8.13362034e-05   2.00057647e-09
   296       3   9.41205331e-14   0.00000000e+00
   297       1   3.28471970e-01   3.30641078e-01
   297       2   1.08844585e-04   2.68220188e-09
   297       3   1.26206529e-13   0.00000000e+00
   298       1   4.96218083e-01   4.97828569e-01
   298       2   1.63750214e-04   4.04077303e-09
   298       3   1.89465585e-13   0.00000000e+00
   299       1   9.97389077e-01   9.98221406e-01
   299       2   3.28242096e-04   8.10713023e-09
   299       3   3.80522038e-13   0.00000000e+00
   300       1   3.70634615e+03   1.92916396e+04
   300       2   5.56867637e+00   1.56792650e-04
   300       3   6.45757615e-09   4.55324473e-15
   300       4   0.00000000e+00   0.00000000e+00
   301       1   1.00005906e+00   1.00005183e+00
   301       2   3.29133151e-04   8.13131447e-09
   301       3   3.81892951e-13   0.00000000e+00
   302       1   4.99294075e-01   4.99580918e-01
   302       2   1.64612601e-04   4.06437590e-09
   302       3   1.91026188e-13   0.00000000e+00
   303       1   3.31625326e-01   3.32378427e-01
   303       2   1.09702333e-04   2.70565172e-09
   303       3   1.27247187e-13   0.00000000e+00
   304       1   2.47242900e-01   2.48489080e-01
   304       2   8.21931269e-05   2.02392722e-09
   304       3   9.55713197e-14   0.00000000e+00
   305       1   1.96172389e-01   1.97923689e-01
   305       2   6.56437779e-05   1.61303032e-09
   305       3   7.59324784e-14   0.00000000e+00
   306       1   1.61752733e-01   1.64019307e-01
   306       2   5.45738768e-05   1.33749019e-09
   306       3   6.33534130e-14   0.00000000e+00
   307       1   1.36841827e-01   1.39634592e-01
   307       2   4.66345983e-05   1.13935715e-09
   307       3   5.41682103e-14   0.00000000e+00
   308       1   1.17867304e-01   1.21198761e-01
   308       2   4.06514417e-05   9.89547063e-10
   308       3   4.72138951e-14   0.00000000e+00
   309       1   1.02843334e-01   1.06727936e-01
   309       2   3.59718182e-05   8.71918718e-10
   309       3   4.14366898e-14   0.00000000e+00
   310       1   9.05772886e-02   9.50316814e-02
   310       2   3.22040867e-05   7.76900450e-10
   310       3   3.73115647e-14   0.00000000e+00
   311       1   8.03091131e-02   8.53523466e-02
   311       2   2.90989338e-05   6.98213744e-10
   311       3   3.38013630e-14   0.00000000e+00
   312       1   7.15309920e-02   7.71847343e-02
   312       2   2.64900621e-05   6.31834065e-10
   312       3   3.07471037e-14   0.00000000e+00
   313       1   6.38902239e-02   7.01790001e-02
   313       2   2.42622524e-05   5.74908835e-10
   313       3   2.81868163e-14   0.00000000e+00
   314       1   5.71337028e-02   6.40851665e-02
   314       2   2.23331119e-05   5.25359918e-10
   314       3   2.58738976e-14   0.00000000e+00
   315       1   5.10745844e-02   5.87198310e-02
   315       2   2.06421211e-05   4.81772027e-10
   315       3   2.40191470e-14   0.00000000e+00
   316       1   4.55714281e-02   5.39453579e-02
   316       2   1.91437869e-05   4.42958221e-10
   316       3   2.22881935e-14   0.00000000e+00
   317       1   4.05146736e-02   4.96564146e-02
   317       2   1.78032094e-05   4.08101959e-10
   317       3   2.06523556e-14   0.00000000e+00
   318       1   3.58175932e-02   4.57709953e-02
   318       2   1.65931244e-05   3.76517224e-10
   318       3   1.93238273e-14   0.00000000e+00
   319       1   3.14100655e-02   4.22242788e-02
   319       2   1.54918771e-05   3.47671061e-10
   319       3   1.79182516e-14   0.00000000e+00
   320       1   2.72341745e-02   3.89643289e-02
   320       2   1.44819998e-05   3.21156693e-10
   320       3   1.68754033e-14   0.00000000e+00
   321       1   2.32410155e-02   3.59490227e-02
   321       2   1.35491926e-05   2.96646464e-10
   321       3   1.56158764e-14   0.00000000e+00
   322       1   1.93883130e-02   3.31438169e-02
   322       2   1.26815772e-05   2.73830862e-10
   322       3   1.44625660e-14   0.00000000e+00
   323       1   1.56385884e-02   3.05200958e-02
   323       2   1.18691394e-05   2.52471601e-10
   323       3   1.40271996e-14   0.00000000e+00
   324       1   1.19576979e-02   2.80539323e-02
   324       2   1.11033051e-05   2.32447058e-10
   324       3   1.30321805e-14   0.00000000e+00
   325       1   8.31361479e-03   2.57251458e-02
   325       2   1.03766082e-05   2.13494675e-10
   325       3   1.23085429e-14   0.00000000e+00
   326       1   4.67535972e-03   2.35165772e-02
   326       2   9.68242596e-06   1.95539588e-10
   326       3   1.12301884e-14   0.00000000e+00
   327       1   1.01200158e-03   2.14135248e-02
   327       2   9.01475954e-06   1.78406531e-10
   327       3   1.06069833e-14   0.00000000e+00
   328       1   2.70833948e-03   1.94033001e-02
   328       2   8.36804474e-06   1.62059566e-10
   328       3   9.61312654e-15   0.00000000e+00
   329       1   6.51955592e-03   1.74748757e-02
   329       2   7.73698075e-06   1.46381598e-10
   329       3   9.26413536e-15   0.00000000e+00
   330       1   1.04587601e-02   1.56186028e-02
   330       2   7.11636501e-06   1.31257284e-10
   330       3   8.32097187e-15   0.00000000e+00
   331       1   1.45677297e-02   1.38259829e-02
   331       2   6.50092299e-06   1.16611868e-10
   331       3   7.59801997e-15   0.00000000e+00
   332       1   1.88947169e-02   1.20894820e-02
   332       2   5.88512003e-06   1.02538707e-10
   332       3   6.88144709e-15   0.00000000e+00
   333       1   2.34967975e-02   1.04023778e-02
   333       2   5.26293910e-06   8.87833011e-11
   333       3   6.16277911e-15   0.00000000e+00
   334       1   2.84430179e-02   8.75863308e-03
   334       2   4.62760253e-06   7.53961171e-11
   334       3   5.43265412e-15   0.00000000e+00
   335       1   3.38187293e-02   7.15279092e-03
   335       2   3.97120576e-06   6.22985817e-11
   335       3   4.68033490e-15   0.00000000e+00
   336       1   3.97317193e-02   5.57988563e-03
   336       2   3.28421423e-06   4.95129300e-11
   336       3   3.89304691e-15   0.00000000e+00
   337       1   4.63211184e-02   4.03536816e-03
   337       2   2.55474561e-06   3.68843259e-11
   337       3   3.05504070e-15   0.00000000e+00
   338       1   5.37707137e-02   2.51504210e-03
   338       2   1.76750870e-06   2.44904588e-11
   338       3   2.14621207e-15   0.00000000e+00
   339       1   6.23294812e-02   1.01500877e-03
   339       2   9.02177456e-07   1.22747701e-11
   339       3   1.13999321e-15   0.00000000e+00
   340       1   7.23443995e-02   4.68380503e-04
   340       2   6.91979762e-08   1.75893607e-13
   340       3   0.00000000e+00   0.00000000e+00
   341       1   8.43151037e-02   1.93856609e-03
   341       2   1.18649451e-06   1.18107534e-11
   341       3   9.94151969e-16   0.00000000e+00
   342       1   9.89894965e-02   3.39881706e-03
   342       2   2.50903590e-06   2.37434255e-11
   342       3   2.73139958e-15   0.00000000e+00
   343       1   1.17541279e-01   4.85226422e-03
   343       2   4.12954757e-06   3.55884684e-11
   343       3   4.88390267e-15   0.00000000e+00
   344       1   1.41924982e-01   6.30193008e-03
   344       2   6.20205581e-06   4.74244853e-11
   344       3   6.85508203e-15   0.00000000e+00
   345       1   1.75657004e-01   7.75075631e-03
   345       2   9.00325509e-06   5.92770916e-11
   345       3   1.02446856e-14   0.00000000e+00
   346       1   2.25768168e-01   9.20162943e-03
   346       2   1.30859138e-05   7.11220418e-11
   346       3   1.49015015e-14   0.00000000e+00
   347       1   3.08661367e-01   1.06574049e-02
   347       2   1.97390709e-05   8.30186015e-11
   347       3   2.27872582e-14   0.00000000e+00
   348       1   4.73542110e-01   1.21209307e-02
   348       2   3.28287563e-05   9.49891342e-11
   348       3   3.77739925e-14   0.00000000e+00
   349       1   9.66432656e-01   1.35950698e-02
   349       2   7.16821780e-05   1.07061913e-10
   349       3   8.22100178e-14   0.00000000e+00
   350       1   3.59205204e+05   1.50827229e-02
   350       2   1.03673428e+00   1.19193798e-10
   350       3   1.18895409e-09   0.00000000e+00
   350       4   0.00000000e+00   0.00000000e+00
   351       1   1.00007345e+00   1.65868515e-02
   351       2   8.25760106e-05   1.31528163e-10
   351       3   9.50609577e-14   0.00000000e+00
   352       1   5.07233539e-01   1.81105016e-02
   352       2   4.37292629e-05   1.44012271e-10
   352       3   5.03317374e-14   0.00000000e+00
   353       1   3.42431459e-01   1.96568279e-02
   353       2   3.06635996e-05   1.56660064e-10
   353       3   3.50914122e-14   0.00000000e+00
   354       1   2.59648144e-01   2.12291203e-02
   354       2   2.40459332e-05   1.69507775e-10
   354       3   2.77520226e-14   0.00000000e+00
   355       1   2.09678980e-01   2.28308320e-02
   355       2   2.00096748e-05   1.82653623e-10
   355       3   2.31001183e-14   0.00000000e+00
   356       1   1.76121878e-01   2.44656097e-02
   356       2   1.72658389e-05   1.96061812e-10
   356       3   1.98009808e-14   0.00000000e+00
   357       1   1.51946939e-01   2.61373277e-02
   357       2   1.52618892e-05   2.09791775e-10
   357       3   1.76077105e-14   0.00000000e+00
   358       1   1.33638863e-01   2.78501245e-02
   358       2   1.37214616e-05   2.23826537e-10
   358       3   1.58198396e-14   0.00000000e+00
   359       1   1.19244410e-01   2.96084450e-02
   359       2   1.24909409e-05   2.38263447e-10
   359       3   1.43068073e-14   0.00000000e+00
   360       1   1.07591392e-01   3.14170879e-02
   360       2   1.14780909e-05   2.53116741e-10
   360       3   1.33227804e-14   0.00000000e+00
   361       1   9.79336554e-02   3.32812586e-02
   361       2   1.06241590e-05   2.68424420e-10
   361       3   1.24187648e-14   0.00000000e+00
   362       1   8.97735797e-02   3.52066312e-02
   362       2   9.88992843e-06   2.84286936e-10
   362       3   1.14863222e-14   0.00000000e+00
   363       1   8.27664953e-02   3.71994194e-02
   363       2   9.24820696e-06   3.00667089e-10
   363       3   1.05357370e-14   0.00000000e+00
   364       1   7.66660644e-02   3.92664582e-02
   364       2   8.67953514e-06   3.17669723e-10
   364       3   1.00369161e-14   0.00000000e+00
   365       1   7.12915089e-02   4.14153001e-02
   365       2   8.16961057e-06   3.35388140e-10
   365       3   9.32144538e-15   0.00000000e+00
   366       1   6.65071269e-02   4.36543274e-02
   366       2   7.70767809e-06   3.53805501e-10
   366       3   8.83544021e-15   0.00000000e+00
   367       1   6.22090385e-02   4.59928848e-02
   367       2   7.28548784e-06   3.73138377e-10
   367       3   8.53694289e-15   0.00000000e+00
   368       1   5.83163486e-02   4.84414366e-02
   368       2   6.89660059e-06   3.93333006e-10
   368       3   7.92093213e-15   0.00000000e+00
   369       1   5.47651003e-02   5.10117549e-02
   369       2   6.53591223e-06   4.14593561e-10
   369       3   7.48719042e-15   0.00000000e+00
   370       1   5.15040414e-02   5.37171449e-02
   370       2   6.19932084e-06   4.36906964e-10
   370       3   6.99561964e-15   0.00000000e+00
   371       1   4.84916004e-02   5.65727178e-02
   371       2   5.88348880e-06   4.60532508e-10
   371       3   6.65643001e-15   0.00000000e+00
   372       1   4.56936867e-02   5.95957219e-02
   372       2   5.58566962e-06   4.85547472e-10
   372       3   6.35230867e-15   0.00000000e+00
   373       1   4.30820645e-02   6.28059495e-02
   373       2   5.30357996e-06   5.12156024e-10
   373       3   5.89446820e-15   0.00000000e+00
   374       1   4.06331325e-02   6.62262376e-02
   374       2   5.03530349e-06   5.40522109e-10
   374       3   6.18514090e-15   0.00000000e+00
   375       1   3.83269963e-02   6.98830918e-02
   375       2   4.77921784e-06   5.70900113e-10
   375       3   5.77816542e-15   0.00000000e+00
   376       1   3.61467549e-02   7.38074680e-02
   376       2   4.53393824e-06   6.03527869e-10
   376       3   5.24172117e-15   0.00000000e+00
   377       1   3.40779450e-02   7.80357622e-02
   377       2   4.29827376e-06   6.38701848e-10
   377       3   4.90489347e-15   0.00000000e+00
   378       1   3.21081040e-02   8.26110752e-02
   378       2   4.07119275e-06   6.76819517e-10
   378       3   4.59428320e-15   0.00000000e+00
   379       1   3.02264238e-02   8.75848467e-02
   379       2   3.85179550e-06   7.18330573e-10
   379       3   4.45543161e-15   0.00000000e+00
   380       1   2.84234725e-02   9.30189889e-02
   380       2   3.63929218e-06   7.63734269e-10
   380       3   4.32880852e-15   0.00000000e+00
   381       1   2.66909707e-02   9.89887107e-02
   381       2   3.43298519e-06   8.13715093e-10
   381       3   4.07284012e-15   0.00000000e+00
   382       1   2.50216087e-02   1.05586305e-01
   382       2   3.23225455e-06   8.68994957e-10
   382       3   3.97094395e-15   0.00000000e+00
   383       1   2.34088966e-02   1.12926309e-01
   383       2   3.03654614e-06   9.30649258e-10
   383       3   3.74427616e-15   0.00000000e+00
   384       1   2.18470412e-02   1.21152645e-01
   384       2   2.84536177e-06   9.99900983e-10
   384       3   3.27007609e-15   0.00000000e+00
   385       1   2.03308428e-02   1.30448710e-01
   385       2   2.65825102e-06   1.07833683e-09
   385       3   2.94731311e-15   0.00000000e+00
   386       1   1.88556093e-02   1.41051912e-01
   386       2   2.47480439e-06   1.16804845e-09
   386       3   2.89174688e-15   0.00000000e+00
   387       1   1.74170837e-02   1.53275136e-01
   387       2   2.29464745e-06   1.27177739e-09
   387       3   2.71784901e-15   0.00000000e+00
   388       1   1.60113825e-02   1.67539314e-01
   388       2   2.11743596e-06   1.39317118e-09
   388       3   2.43121650e-15   0.00000000e+00
   389       1   1.46349436e-02   1.84424439e-01
   389       2   1.94285160e-06   1.53752816e-09
   389       3   2.27585842e-15   0.00000000e+00
   390       1   1.32844803e-02   2.04752416e-01
   390       2   1.77059834e-06   1.71203268e-09
   390       3   2.24562880e-15   0.00000000e+00
   391       1   1.19569433e-02   2.29727630e-01
   391       2   1.60039929e-06   1.92765698e-09
   391       3   1.86844757e-15   0.00000000e+00
   392       1   1.06494857e-02   2.61188133e-01
   392       2   1.43199392e-06   2.20096763e-09
   392       3   1.61748319e-15   0.00000000e+00
   393       1   9.35943382e-03   3.02084018e-01
   393       2   1.26513562e-06   2.55904756e-09
   393       3   1.60234649e-15   0.00000000e+00
   394       1   8.08425988e-03   3.57464226e-01
   394       2   1.09958949e-06   3.04876878e-09
   394       3   1.24880993e-15   0.00000000e+00
   395       1   6.82155869e-03   4.36734044e-01
   395       2   9.35130421e-07   3.75881517e-09
   395       3   1.01478457e-15   0.00000000e+00
   396       1   5.56902592e-03   5.59596328e-01
   396       2   7.71541278e-07   4.87848806e-09
   396       3   8.97007991e-16   0.00000000e+00
   397       1   4.32443839e-03   7.75197197e-01
   397       2   6.08611271e-07   6.89257465e-09
   397       3   7.81488294e-16   0.00000000e+00
   398       1   3.08563575e-03   1.24763200e+00
   398       2   4.46134412e-07   1.14806301e-08
   398       3   5.56483752e-16   0.00000000e+00
   399       1   1.85050329e-03   2.99724024e+00
   399       2   2.83908071e-07   2.97430949e-08
   399       3   4.44363308e-16   0.00000000e+00
   400       1   6.16955509e-04   1.05994864e+06
   400       2   1.21731577e-07   1.41300863e-02
   400       3   0.00000000e+00   0.00000000e+00