  TimeWindow  Iteration  ResRel(Mass-Left-Mesh:Displacement-Left)  ResRel(Mass-Left-Mesh:Displacement-Right)
     1       1   1.00000000e+00   1.00000000e+00
     1       2   6.19429784e-09   4.16351452e-10
     1       3   0.00000000e+00   0.00000000e+00
     2       1   7.23361389e-04   7.49939750e-01
     2       2   3.09863235e-08   7.23687263e-10
     2       3   0.00000000e+00   0.00000000e+00
     3       1   1.20642493e-03   5.55377007e-01
     3       2   5.58112523e-08   5.96920186e-10
     3       3   0.00000000e+00   0.00000000e+00
     4       1   1.69051539e-03   4.37183568e-01
     4       2   8.06811637e-08   4.90500900e-10
     4       3   0.00000000e+00   0.00000000e+00
     5       1   2.17595494e-03   3.59536987e-01
     5       2   1.05608249e-07   4.12841637e-10
     5       3   1.11694032e-16   0.00000000e+00
     6       1   2.66306974e-03   3.04941326e-01
     6       2   1.30604846e-07   3.55218769e-10
     6       3   0.00000000e+00   0.00000000e+00
     7       1   3.15219084e-03   2.64537879e-01
     7       2   1.55683471e-07   3.11217385e-10
     7       3   0.00000000e+00   0.00000000e+00
     8       1   3.64365529e-03   2.33450888e-01
     8       2   1.80856853e-07   2.76686547e-10
     8       3   0.00000000e+00   0.00000000e+00
     9       1   4.13780719e-03   2.08795237e-01
     9       2   2.06137973e-07   2.48828990e-10
     9       3   0.00000000e+00   0.00000000e+00
    10       1   4.63499876e-03   1.88760491e-01
    10       2   2.31540098e-07   2.25908381e-10
    10       3   0.00000000e+00   0.00000000e+00
    11       1   5.13559160e-03   1.72155192e-01
    11       2   2.57076824e-07   2.06791280e-10
    11       3   0.00000000e+00   0.00000000e+00
    12       1   5.63995783e-03   1.58163988e-01
    12       2   2.82762117e-07   1.90542073e-10
    12       3   0.00000000e+00   0.00000000e+00
    13       1   6.14848148e-03   1.46210443e-01
    13       2   3.08610355e-07   1.76590036e-10
    13       3   1.15680849e-16   0.00000000e+00
    14       1   6.66155983e-03   1.35875677e-01
    14       2   3.34636378e-07   1.64435679e-10
    14       3   0.00000000e+00   0.00000000e+00
    15       1   7.17960494e-03   1.26848064e-01
    15       2   3.60855537e-07   1.53869451e-10
    15       3   1.17287458e-16   0.00000000e+00
    16       1   7.70304523e-03   1.18891018e-01
    16       2   3.87283748e-07   1.44357297e-10
    16       3   0.00000000e+00   0.00000000e+00
    17       1   8.23232720e-03   1.11821714e-01
    17       2   4.13937553e-07   1.36002224e-10
    17       3   0.00000000e+00   0.00000000e+00
    18       1   8.76791731e-03   1.05496651e-01
    18       2   4.40834176e-07   1.28441884e-10
    18       3   0.00000000e+00   0.00000000e+00
    19       1   9.31030397e-03   9.98016311e-02
    19       2   4.67991599e-07   1.21638256e-10
    19       3   0.00000000e+00   0.00000000e+00
    20       1   9.85999977e-03   9.46446440e-02
    20       2   4.95428630e-07   1.15530088e-10
    20       3   1.22523937e-16   0.00000000e+00
    21       1   1.04175438e-02   8.99507328e-02
    21       2   5.23164988e-07   1.09914438e-10
    21       3   0.00000000e+00   0.00000000e+00
    22       1   1.09835045e-02   8.56582197e-02
    22       2   5.51221385e-07   1.04737131e-10
    22       3   0.00000000e+00   0.00000000e+00
    23       1   1.15584822e-02   8.17158901e-02
    23       2   5.79619631e-07   9.99858339e-11
    23       3   1.26606549e-16   0.00000000e+00
    24       1   1.21431123e-02   7.80808647e-02
    24       2   6.08382731e-07   9.55906203e-11
    24       3   1.28143868e-16   0.00000000e+00
    25       1   1.27380694e-02   7.47169701e-02
    25       2   6.37535009e-07   9.15714247e-11
    25       3   1.29776091e-16   0.00000000e+00
    26       1   1.33440700e-02   7.15934764e-02
    26       2   6.67102233e-07   8.78339739e-11
    26       3   0.00000000e+00   0.00000000e+00
    27       1   1.39618781e-02   6.86841108e-02
    27       2   6.97111757e-07   8.43123923e-11
    27       3   0.00000000e+00   0.00000000e+00
    28       1   1.45923087e-02   6.59662763e-02
    28       2   7.27592685e-07   8.09741600e-11
    28       3   1.35289441e-16   0.00000000e+00
    29       1   1.52362340e-02   6.34204309e-02
    29       2   7.58576043e-07   7.78945079e-11
    29       3   1.37350639e-16   0.00000000e+00
    30       1   1.58945888e-02   6.10295871e-02
    30       2   7.90094975e-07   7.50110483e-11
    30       3   1.39533660e-16   0.00000000e+00
    31       1   1.65683776e-02   5.87789073e-02
    31       2   8.22184971e-07   7.23499772e-11
    31       3   1.41845390e-16   0.00000000e+00
    32       1   1.72586813e-02   5.66553733e-02
    32       2   8.54884104e-07   6.96733094e-11
    32       3   0.00000000e+00   0.00000000e+00
    33       1   1.79666662e-02   5.46475155e-02
    33       2   8.88233317e-07   6.72498926e-11
    33       3   1.46885671e-16   0.00000000e+00
    34       1   1.86935933e-02   5.27451882e-02
    34       2   9.22276732e-07   6.49448717e-11
    34       3   1.49631354e-16   0.00000000e+00
    35       1   1.94408288e-02   5.09393838e-02
    35       2   9.57062006e-07   6.27908911e-11
    35       3   1.52540165e-16   0.00000000e+00
    36       1   2.02098562e-02   4.92220763e-02
    36       2   9.92640736e-07   6.07087457e-11
    36       3   1.55622826e-16   0.00000000e+00
    37       1   2.10022905e-02   4.75860913e-02
    37       2   1.02906891e-06   5.86803355e-11
    37       3   1.58891098e-16   0.00000000e+00
    38       1   2.18198935e-02   4.60249946e-02
    38       2   1.06640745e-06   5.67356068e-11
    38       3   1.62357912e-16   0.00000000e+00
    39       1   2.26645921e-02   4.45329990e-02
    39       2   1.10472278e-06   5.49867833e-11
    39       3   1.66037504e-16   0.00000000e+00
    40       1   2.35384989e-02   4.31048844e-02
    40       2   1.14408753e-06   5.31885216e-11
    40       3   3.39891167e-16   0.00000000e+00
    41       1   2.44439364e-02   4.17359289e-02
    41       2   1.18458133e-06   5.14874256e-11
    41       3   1.74099516e-16   0.00000000e+00
    42       1   2.53834643e-02   4.04218507e-02
    42       2   1.22629175e-06   4.98955265e-11
    42       3   3.57037092e-16   0.00000000e+00
    43       1   2.63599119e-02   3.91587570e-02
    43       2   1.26931529e-06   4.83772182e-11
    43       3   1.83224047e-16   0.00000000e+00
    44       1   2.73764156e-02   3.79431003e-02
    44       2   1.31375872e-06   4.69568132e-11
    44       3   1.88239817e-16   0.00000000e+00
    45       1   2.84364630e-02   3.67716404e-02
    45       2   1.35974046e-06   4.54827442e-11
    45       3   1.93592428e-16   0.00000000e+00
    46       1   2.95439440e-02   3.56414112e-02
    46       2   1.40739230e-06   4.40892464e-11
    46       3   1.99311632e-16   0.00000000e+00
    47       1   3.07032125e-02   3.45496916e-02
    47       2   1.45686147e-06   4.27616035e-11
    47       3   2.05430840e-16   0.00000000e+00
    48       1   3.19191585e-02   3.34939803e-02
    48       2   1.50831295e-06   4.15046681e-11
    48       3   2.11987700e-16   0.00000000e+00
    49       1   3.31972948e-02   3.24719730e-02
    49       2   1.56193242e-06   4.02067944e-11
    49       3   2.19024776e-16   0.00000000e+00
    50       1   3.45438603e-02   3.14815433e-02
    50       2   1.61792959e-06   3.90523416e-11
    50       3   2.26590370e-16   0.00000000e+00
    51       1   3.59659461e-02   3.05207249e-02
    51       2   1.67654243e-06   3.77862913e-11
    51       3   3.52109271e-16   0.00000000e+00
    52       1   3.74716467e-02   2.95876960e-02
    52       2   1.73804213e-06   3.66856035e-11
    52       3   2.43535167e-16   0.00000000e+00
    53       1   3.90702461e-02   2.86807660e-02
    53       2   1.80273925e-06   3.55806286e-11
    53       3   3.79574534e-16   0.00000000e+00
    54       1   4.07724467e-02   2.77983631e-02
    54       2   1.87099127e-06   3.44518817e-11
    54       3   2.63366652e-16   0.00000000e+00
    55       1   4.25906525e-02   2.69390232e-02
    55       2   1.94321194e-06   3.33925328e-11
    55       3   2.74583076e-16   0.00000000e+00
    56       1   4.45393237e-02   2.61013805e-02
    56       2   2.01988300e-06   3.24220934e-11
    56       3   2.86812241e-16   0.00000000e+00
    57       1   4.66354234e-02   2.52841582e-02
    57       2   2.10156887e-06   3.14160225e-11
    57       3   3.00187220e-16   0.00000000e+00
    58       1   4.88989864e-02   2.44861612e-02
    58       2   2.18893547e-06   3.04113936e-11
    58       3   4.72298072e-16   0.00000000e+00
    59       1   5.13538499e-02   2.37062685e-02
    59       2   2.28277430e-06   2.94050956e-11
    59       3   3.31034176e-16   0.00000000e+00
    60       1   5.40286045e-02   2.29434273e-02
    60       2   2.38403381e-06   2.85465871e-11
    60       3   6.97837317e-16   0.00000000e+00
    61       1   5.69578442e-02   2.21966466e-02
    61       2   2.49386063e-06   2.75823763e-11
    61       3   3.68791393e-16   0.00000000e+00
    62       1   6.01838337e-02   2.14649924e-02
    62       2   2.61365456e-06   2.67061665e-11
    62       3   3.90985651e-16   0.00000000e+00
    63       1   6.37587644e-02   2.07475828e-02
    63       2   2.74514300e-06   2.57836333e-11
    63       3   4.15913271e-16   0.00000000e+00
    64       1   6.77478556e-02   2.00435833e-02
    64       2   2.89048318e-06   2.49595985e-11
    64       3   6.66133830e-16   0.00000000e+00
    65       1   7.22336965e-02   1.93522035e-02
    65       2   3.05240540e-06   2.41374992e-11
    65       3   4.76165972e-16   0.00000000e+00
    66       1   7.73224493e-02   1.86726928e-02
    66       2   3.23441758e-06   2.31871925e-11
    66       3   5.12982633e-16   0.00000000e+00
    67       1   8.31529150e-02   1.80043373e-02
    67       2   3.44110422e-06   2.24219484e-11
    67       3   6.94545902e-16   0.00000000e+00
    68       1   8.99101314e-02   1.73464570e-02
    68       2   3.67857482e-06   2.16495853e-11
    68       3   6.05591865e-16   0.00000000e+00
    69       1   9.78463892e-02   1.66984023e-02
    69       2   3.95515696e-06   2.08127630e-11
    69       3   4.98633159e-16   0.00000000e+00
    70       1   1.07314857e-01   1.60595522e-02
    70       2   4.28250506e-06   2.00898899e-11
    70       3   5.52141541e-16   0.00000000e+00
    71       1   1.18825623e-01   1.54293112e-02
    71       2   4.67744847e-06   1.93779588e-11
    71       3   8.23662952e-16   0.00000000e+00
    72       1   1.33143769e-01   1.48071072e-02
    72       2   5.16522549e-06   1.85466919e-11
    72       3   9.33323722e-16   0.00000000e+00
    73       1   1.51471505e-01   1.41923898e-02
    73       2   5.78548947e-06   1.77717710e-11
    73       3   1.07468945e-15   0.00000000e+00
    74       1   1.75812444e-01   1.35846278e-02
    74       2   6.60432084e-06   1.70207196e-11
    74       3   1.26362489e-15   0.00000000e+00
    75       1   2.09773005e-01   1.29833074e-02
    75       2   7.74065380e-06   1.62468864e-11
    75       3   1.33760151e-15   0.00000000e+00
    76       1   2.60565930e-01   1.23879309e-02
    76       2   9.43234264e-06   1.55842779e-11
    76       3   1.68611899e-15   0.00000000e+00
    77       1   3.45020891e-01   1.17980146e-02
    77       2   1.22343611e-05   1.47932499e-11
    77       3   2.26783752e-15   0.00000000e+00
    78       1   5.13627201e-01   1.12130873e-02
    78       2   1.78115994e-05   1.40654897e-11
    78       3   2.94222807e-15   0.00000000e+00
    79       1   1.01883775e+00   1.06326888e-02
    79       2   3.44884483e-05   1.33627241e-11
    79       3   6.06341949e-15   0.00000000e+00
    80       1   2.95632270e+04   1.00563688e-02
    80       2   3.88193070e+01   1.26714318e-11
    80       3   6.91904241e-09   0.00000000e+00
    80       4   0.00000000e+00   0.00000000e+00
    81       1   9.99999134e-01   9.48368490e-03
    81       2   3.20487758e-05   1.19400655e-11
    81       3   5.67886054e-15   0.00000000e+00
    82       1   4.94828957e-01   8.91420162e-03
    82       2   1.53705097e-05   1.12298869e-11
    82       3   2.55008000e-15   0.00000000e+00
    83       1   3.26213264e-01   8.34748904e-03
    83       2   9.79084273e-06   1.05663309e-11
    83       3   1.54640421e-15   0.00000000e+00
    84       1   2.41735057e-01   7.78312143e-03
    84       2   6.98540928e-06   9.86775530e-12
    84       3   1.43316836e-15   0.00000000e+00
    85       1   1.90909396e-01   7.22067596e-03
    85       2   5.28931610e-06   9.11430449e-12
    85       3   8.43323044e-16   0.00000000e+00
    86       1   1.56907636e-01   6.65973145e-03
    86       2   4.14758180e-06   8.41109654e-12
    86       3   8.88752709e-16   0.00000000e+00
    87       1   1.32517326e-01   6.09986705e-03
    87       2   3.32234182e-06   7.77872667e-12
    87       3   6.16784110e-16   0.00000000e+00
    88       1   1.14132106e-01   5.54066097e-03
    88       2   2.69464949e-06   7.05815021e-12
    88       3   5.46390713e-16   0.00000000e+00
    89       1   9.97483223e-02   4.98168914e-03
    89       2   2.19840973e-06   6.40169094e-12
    89       3   3.68917678e-16   0.00000000e+00
    90       1   8.81636730e-02   4.42252388e-03
    90       2   1.79395235e-06   5.66286679e-12
    90       3   4.48524192e-16   0.00000000e+00
    91       1   7.86129502e-02   3.86273250e-03
    91       2   1.45601994e-06   5.00805667e-12
    91       3   2.06632492e-16   0.00000000e+00
    92       1   7.05859116e-02   3.30187586e-03
    92       2   1.16776167e-06   4.31982007e-12
    92       3   1.92047373e-16   0.00000000e+00
    93       1   6.37292109e-02   2.73950693e-03
    93       2   9.17499175e-07   3.61637669e-12
    93       3   1.79808511e-16   0.00000000e+00
    94       1   5.77903563e-02   2.17516915e-03
    94       2   6.96878360e-07   2.89988708e-12
    94       3   3.38834862e-16   0.00000000e+00
    95       1   5.25840861e-02   1.60839485e-03
    95       2   4.99760467e-07   2.23540560e-12
    95       3   1.60508850e-16   0.00000000e+00
    96       1   4.79713520e-02   1.03870349e-03
    96       2   3.21528871e-07   1.50974118e-12
    96       3   1.52809073e-16   0.00000000e+00
    97       1   4.38457199e-02   4.65599779e-04
    97       2   1.58640474e-07   8.13435508e-13
    97       3   1.46109072e-16   0.00000000e+00
    98       1   4.01243027e-02   1.11428255e-04
    98       2   8.32654980e-09   8.56798815e-14
    98       3   0.00000000e+00   0.00000000e+00
    99       1   3.67415561e-02   6.92911423e-04
    99       2   1.31612034e-07   6.72201494e-13
    99       3   0.00000000e+00   0.00000000e+00
   100       1   3.36449349e-02   1.27940166e-03
   100       2   2.62948253e-07   1.33759594e-12
   100       3   0.00000000e+00   0.00000000e+00
   101       1   3.07917890e-02   1.87147449e-03
   101       2   3.87131484e-07   2.12576948e-12
   101       3   1.26528535e-16   0.00000000e+00
   102       1   2.81471059e-02   2.46973174e-03
   102       2   5.05362194e-07   2.84866555e-12
   102       3   0.00000000e+00   0.00000000e+00
   103       1   2.56818406e-02   3.07480448e-03
   103       2   6.18647271e-07   3.53490728e-12
   103       3   1.19808966e-16   0.00000000e+00
   104       1   2.33716625e-02   3.68735622e-03
   104       2   7.27841635e-07   4.29909177e-12
   104       3   0.00000000e+00   0.00000000e+00
   105       1   2.11960016e-02   4.30808646e-03
   105       2   8.33680006e-07   5.02840867e-12
   105       3   1.14528533e-16   0.00000000e+00
   106       1   1.91373139e-02   4.93773459e-03
   106       2   9.36801486e-07   5.84733678e-12
   106       3   1.12336660e-16   0.00000000e+00
   107       1   1.71805088e-02   5.57708415e-03
   107       2   1.03776883e-06   6.68203535e-12
   107       3   4.41626177e-16   0.00000000e+00
   108       1   1.53124975e-02   6.22696764e-03
   108       2   1.13708378e-06   7.45685314e-12
   108       3   2.17431641e-16   0.00000000e+00
   109       1   1.35218340e-02   6.88827178e-03
   109       2   1.23519940e-06   8.29456278e-12
   109       3   2.14491302e-16   0.00000000e+00
   110       1   1.17984257e-02   7.56194346e-03
   110       2   1.33253014e-06   9.06236886e-12
   110       3   2.11960360e-16   0.00000000e+00
   111       1   1.01332981e-02   8.24899626e-03
   111       2   1.42946025e-06   9.98968444e-12
   111       3   2.09812202e-16   0.00000000e+00
   112       1   8.51840239e-03   8.95051794e-03
   112       2   1.52635081e-06   1.08086809e-11
   112       3   4.16049240e-16   0.00000000e+00
   113       1   6.94645465e-03   9.66767869e-03
   113       2   1.62354578e-06   1.17132597e-11
   113       3   2.06579251e-16   0.00000000e+00
   114       1   5.41080189e-03   1.04017405e-02
   114       2   1.72137736e-06   1.26277917e-11
   114       3   2.05461138e-16   0.00000000e+00
   115       1   3.90530765e-03   1.11540679e-02
   115       2   1.82017070e-06   1.35573094e-11
   115       3   4.09316753e-16   0.00000000e+00
   116       1   2.42425370e-03   1.19261398e-02
   116       2   1.92024832e-06   1.44730164e-11
   116       3   4.08323681e-16   0.00000000e+00
   117       1   9.62254040e-04   1.27195632e-02
   117       2   2.02193425e-06   1.55193854e-11
   117       3   2.03964973e-16   0.00000000e+00
   118       1   4.85821625e-04   1.35360890e-02
   118       2   2.12555801e-06   1.64877280e-11
   118       3   4.08127259e-16   0.00000000e+00
   119       1   1.92491729e-03   1.43776298e-02
   119       2   2.23145860e-06   1.74941228e-11
   119       3   4.08911958e-16   0.00000000e+00
   120       1   3.35985499e-03   1.52462802e-02
   120       2   2.33998860e-06   1.85991846e-11
   120       3   2.05142441e-16   0.00000000e+00
   121       1   4.79539590e-03   1.61443410e-02
   121       2   2.45151841e-06   1.97516776e-11
   121       3   6.18377025e-16   0.00000000e+00
   122       1   6.23629973e-03   1.70743461e-02
   122       2   2.56644084e-06   2.08469773e-11
   122       3   6.22231813e-16   0.00000000e+00
   123       1   7.68738423e-03   1.80390947e-02
   123       2   2.68517611e-06   2.20414337e-11
   123       3   6.27013464e-16   0.00000000e+00
   124       1   9.15358607e-03   1.90416882e-02
   124       2   2.80817737e-06   2.33443161e-11
   124       3   4.21834073e-16   0.00000000e+00
   125       1   1.06400250e-02   2.00855741e-02
   125       2   2.93593700e-06   2.46635587e-11
   125       3   4.26321146e-16   0.00000000e+00
   126       1   1.21520729e-02   2.11745965e-02
   126       2   3.06899372e-06   2.59998795e-11
   126       3   4.31500508e-16   0.00000000e+00
   127       1   1.36954301e-02   2.23130571e-02
   127       2   3.20794093e-06   2.74819218e-11
   127       3   4.37408689e-16   0.00000000e+00
   128       1   1.52762103e-02   2.35057867e-02
   128       2   3.35343630e-06   2.88315555e-11
   128       3   8.88178295e-16   0.00000000e+00
   129       1   1.69010389e-02   2.47582308e-02
   129       2   3.50621324e-06   3.03798049e-11
   129       3   6.77389698e-16   0.00000000e+00
   130       1   1.85771658e-02   2.60765526e-02
   130       2   3.66709437e-06   3.21236295e-11
   130       3   5.74975957e-16   0.00000000e+00
   131       1   2.03125991e-02   2.74677565e-02
   131       2   3.83700780e-06   3.36788627e-11
   131       3   4.69322370e-16   0.00000000e+00
   132       1   2.21162636e-02   2.89398389e-02
   132       2   4.01700672e-06   3.55642093e-11
   132       3   7.19550150e-16   0.00000000e+00
   133       1   2.39981922e-02   3.05019724e-02
   133       2   4.20829330e-06   3.74203479e-11
   133       3   7.36814952e-16   0.00000000e+00
   134       1   2.59697590e-02   3.21647316e-02
   134       2   4.41224794e-06   3.95686602e-11
   134       3   8.81937610e-16   0.00000000e+00
   135       1   2.80439656e-02   3.39403742e-02
   135       2   4.63046557e-06   4.17623854e-11
   135       3   9.06666440e-16   0.00000000e+00
   136       1   3.02357977e-02   3.58431919e-02
   136       2   4.86480090e-06   4.41270713e-11
   136       3   8.00636296e-16   0.00000000e+00
   137       1   3.25626713e-02   3.78899527e-02
   137       2   5.11742539e-06   4.66674764e-11
   137       3   8.26702922e-16   0.00000000e+00
   138       1   3.50450010e-02   4.01004637e-02
   138       2   5.39089975e-06   4.94244738e-11
   138       3   9.98281800e-16   0.00000000e+00
   139       1   3.77069270e-02   4.24982953e-02
   139       2   5.68826707e-06   5.23645409e-11
   139       3   8.87929754e-16   0.00000000e+00
   140       1   4.05772598e-02   4.51117221e-02
   140       2   6.01317385e-06   5.55999939e-11
   140       3   9.23953954e-16   0.00000000e+00
   141       1   4.36907217e-02   4.79749612e-02
   141       2   6.37002919e-06   5.91291733e-11
   141       3   1.28575470e-15   0.00000000e+00
   142       1   4.70896006e-02   5.11298228e-02
   142       2   6.76421702e-06   6.30744006e-11
   142       3   1.17800486e-15   0.00000000e+00
   143       1   5.08259859e-02   5.46279439e-02
   143       2   7.20238318e-06   6.74086773e-11
   143       3   1.23786920e-15   0.00000000e+00
   144       1   5.49648426e-02   5.85338594e-02
   144       2   7.69283012e-06   7.22750290e-11
   144       3   1.30589844e-15   0.00000000e+00
   145       1   5.95883132e-02   6.29293017e-02
   145       2   8.24606940e-06   7.76736715e-11
   145       3   1.38370332e-15   0.00000000e+00
   146       1   6.48018619e-02   6.79193426e-02
   146       2   8.87561104e-06   8.38658666e-11
   146       3   1.68383634e-15   0.00000000e+00
   147       1   7.07432548e-02   7.36413705e-02
   147       2   9.59911706e-06   9.09466647e-11
   147       3   1.69025540e-15   0.00000000e+00
   148       1   7.75960274e-02   8.02785558e-02
   148       2   1.04401318e-05   9.92315139e-11
   148       3   1.82139349e-15   0.00000000e+00
   149       1   8.56102989e-02   8.80806609e-02
   149       2   1.14307559e-05   1.08843923e-10
   149       3   2.10912099e-15   0.00000000e+00
   150       1   9.51360726e-02   9.73973367e-02
   150       2   1.26159249e-05   1.20368116e-10
   150       3   2.16538625e-15   0.00000000e+00
   151       1   1.06678737e-01   1.08733616e-01
   151       2   1.40605400e-05   1.34534316e-10
   151       3   2.55611011e-15   0.00000000e+00
   152       1   1.20996190e-01   1.22847029e-01
   152       2   1.58619467e-05   1.51910040e-10
   152       3   2.86534424e-15   0.00000000e+00
   153       1   1.39279220e-01   1.40927955e-01
   153       2   1.81731097e-05   1.74279478e-10
   153       3   3.26436783e-15   0.00000000e+00
   154       1   1.63512254e-01   1.64960334e-01
   154       2   2.12489627e-05   2.04145326e-10
   154       3   3.67936216e-15   0.00000000e+00
   155       1   1.97267038e-01   1.98515226e-01
   155       2   2.55483772e-05   2.45642168e-10
   155       3   4.54716541e-15   0.00000000e+00
   156       1   2.47686847e-01   2.48734709e-01
   156       2   3.19890854e-05   3.07903478e-10
   156       3   5.67325699e-15   0.00000000e+00
   157       1   3.31439301e-01   3.32283573e-01
   157       2   4.27124473e-05   4.11347697e-10
   157       3   7.55327468e-15   0.00000000e+00
   158       1   4.98528725e-01   4.99156063e-01
   158       2   6.41425154e-05   6.18156845e-10
   158       3   1.13180731e-14   0.00000000e+00
   159       1   9.99000606e-01   9.99322715e-01
   159       2   1.28399434e-04   1.23783696e-09
   159       3   2.26219299e-14   0.00000000e+00
   160       1   7.97547056e+03   3.74629112e+05
   160       2   4.13523603e+01   4.64323781e-04
   160       3   7.32213479e-09   5.05326908e-16
   160       4   0.00000000e+00   0.00000000e+00
   161       1   1.00000311e+00   1.00000267e+00
   161       2   1.28530281e-04   1.23911505e-09
   161       3   2.26220704e-14   0.00000000e+00
   162       1   4.99719496e-01   4.99831957e-01
   162       2   6.42727905e-05   6.19467351e-10
   162       3   1.11412627e-14   0.00000000e+00
   163       1   3.32665268e-01   3.32958633e-01
   163       2   4.28426563e-05   4.12744337e-10
   163       3   7.43527012e-15   0.00000000e+00
   164       1   2.48925525e-01   2.49409379e-01
   164       2   3.21193186e-05   3.09212034e-10
   164       3   5.67326575e-15   0.00000000e+00
   165       1   1.98512030e-01   1.99189608e-01
   165       2   2.56786735e-05   2.47054320e-10
   165       3   4.68927010e-15   0.00000000e+00
   166       1   1.64761136e-01   1.65634446e-01
   166       2   2.13793487e-05   2.05433300e-10
   166       3   3.67936592e-15   0.00000000e+00
   167       1   1.40530929e-01   1.41601784e-01
   167       2   1.83036078e-05   1.75657957e-10
   167       3   3.26437068e-15   0.00000000e+00
   168       1   1.22250235e-01   1.23520552e-01
   168       2   1.59925777e-05   1.53289980e-10
   168       3   2.86534642e-15   0.00000000e+00
   169       1   1.07934897e-01   1.09406804e-01
   169       2   1.41913242e-05   1.35841095e-10
   169       3   2.39635483e-15   0.00000000e+00
   170       1   9.63942749e-02   9.80701544e-02
   170       2   1.27468824e-05   1.21805773e-10
   170       3   2.16538755e-15   0.00000000e+00
   171       1   8.68705540e-02   8.87530736e-02
   171       2   1.15619069e-05   1.10218462e-10
   171       3   1.97730199e-15   0.00000000e+00
   172       1   7.88583980e-02   8.09505268e-02
   172       2   1.05714967e-05   1.00584931e-10
   172       3   1.82139438e-15   0.00000000e+00
   173       1   7.20078380e-02   7.43128621e-02
   173       2   9.73071661e-06   9.23449086e-11
   173       3   1.69025616e-15   0.00000000e+00
   174       1   6.60687791e-02   6.85903162e-02
   174       2   9.00746646e-06   8.52419053e-11
   174       3   1.47335740e-15   0.00000000e+00
   175       1   6.08577039e-02   6.35997182e-02
   175       2   8.37820239e-06   7.91062174e-11
   175       3   1.38370385e-15   0.00000000e+00
   176       1   5.62368610e-02   5.92036790e-02
   176       2   7.82526293e-06   7.36313092e-11
   176       3   1.49245589e-15   0.00000000e+00
   177       1   5.21007981e-02   5.52971261e-02
   177       2   7.33513871e-06   6.88126368e-11
   177       3   1.41470812e-15   0.00000000e+00
   178       1   4.83673837e-02   5.17983266e-02
   178       2   6.89731882e-06   6.44678713e-11
   178       3   1.17800522e-15   0.00000000e+00
   179       1   4.49716629e-02   4.86427448e-02
   179       2   6.50350160e-06   6.04999640e-11
   179       3   1.12503568e-15   0.00000000e+00
   180       1   4.18615561e-02   4.57787432e-02
   180       2   6.14704202e-06   5.69534356e-11
   180       3   1.07794656e-15   0.00000000e+00
   181       1   3.89947850e-02   4.31645108e-02
   181       2   5.82255708e-06   5.37103651e-11
   181       3   1.03591830e-15   0.00000000e+00
   182       1   3.63366375e-02   4.07658299e-02
   182       2   5.52563866e-06   5.08160216e-11
   182       3   9.98282029e-16   0.00000000e+00
   183       1   3.38583131e-02   3.85544252e-02
   183       2   5.25264131e-06   4.80232535e-11
   183       3   9.64486950e-16   0.00000000e+00
   184       1   3.15356823e-02   3.65067256e-02
   184       2   5.00052313e-06   4.54842808e-11
   184       3   9.34075867e-16   0.00000000e+00
   185       1   2.93483422e-02   3.46029230e-02
   185       2   4.76672466e-06   4.31183976e-11
   185       3   9.06666610e-16   0.00000000e+00
   186       1   2.72788885e-02   3.28262486e-02
   186       2   4.54907581e-06   4.09630519e-11
   186       3   7.55946656e-16   0.00000000e+00
   187       1   2.53123486e-02   3.11624100e-02
   187       2   4.34572337e-06   3.88575115e-11
   187       3   7.36815072e-16   0.00000000e+00
   188       1   2.34357349e-02   2.95991484e-02
   188       2   4.15507403e-06   3.69182115e-11
   188       3   8.39475303e-16   0.00000000e+00
   189       1   2.16376882e-02   2.81258882e-02
   189       2   3.97574913e-06   3.51314586e-11
   189       3   8.21314263e-16   0.00000000e+00
   190       1   1.99081918e-02   2.67334559e-02
   190       2   3.80654843e-06   3.33740895e-11
   190       3   6.89971239e-16   0.00000000e+00
   191       1   1.82383384e-02   2.54138540e-02
   191       2   3.64642081e-06   3.17250748e-11
   191       3   6.77389780e-16   0.00000000e+00
   192       1   1.66201391e-02   2.41600768e-02
   192       2   3.49444044e-06   3.02076775e-11
   192       3   6.66133795e-16   0.00000000e+00
   193       1   1.50463645e-02   2.29659602e-02
   193       2   3.34978715e-06   2.87197167e-11
   193       3   6.56113101e-16   0.00000000e+00
   194       1   1.35104120e-02   2.18260572e-02
   194       2   3.21173025e-06   2.73414347e-11
   194       3   6.47250822e-16   0.00000000e+00
   195       1   1.20061922e-02   2.07355358e-02
   195       2   3.07961500e-06   2.59364042e-11
   195       3   4.26321182e-16   0.00000000e+00
   196       1   1.05280320e-02   1.96900929e-02
   196       2   2.95285124e-06   2.46786491e-11
   196       3   4.21834105e-16   0.00000000e+00
   197       1   9.07058886e-03   1.86858829e-02
   197       2   2.83090377e-06   2.33569127e-11
   197       3   6.27013507e-16   0.00000000e+00
   198       1   7.62877537e-03   1.77194570e-02
   198       2   2.71328412e-06   2.22032544e-11
   198       3   4.14821233e-16   0.00000000e+00
   199       1   6.19769045e-03   1.67877120e-02
   199       2   2.59954339e-06   2.10877761e-11
   199       3   4.12251371e-16   0.00000000e+00
   200       1   4.77255557e-03   1.58878471e-02
   200       2   2.48926610e-06   2.00238400e-11
   200       3   6.15427350e-16   0.00000000e+00
   201       1   3.34865426e-03   1.50173266e-02
   201       2   2.38206463e-06   1.88495090e-11
   201       3   2.04455986e-16   0.00000000e+00
   202       1   1.92127330e-03   1.41738480e-02
   202       2   2.27757434e-06   1.78204376e-11
   202       3   2.04063635e-16   0.00000000e+00
   203       1   4.85643784e-04   1.33553148e-02
   203       2   2.17544907e-06   1.67768218e-11
   203       3   4.07929952e-16   0.00000000e+00
   204       1   9.63119127e-04   1.25598122e-02
   204       2   2.07535692e-06   1.58210906e-11
   204       3   2.04161843e-16   0.00000000e+00
   205       1   2.43007977e-03   1.17855874e-02
   205       2   1.97697632e-06   1.48535893e-11
   205       3   2.04658377e-16   0.00000000e+00
   206       1   3.92055034e-03   1.10310312e-02
   206       2   1.87999214e-06   1.39108721e-11
   206       3   4.10922273e-16   0.00000000e+00
   207       1   5.44016626e-03   1.02946621e-02
   207       2   1.78409181e-06   1.29968158e-11
   207       3   2.06579248e-16   0.00000000e+00
   208       1   6.99497073e-03   9.57511351e-03
   208       2   1.68896143e-06   1.21561857e-11
   208       3   2.08024615e-16   0.00000000e+00
   209       1   8.59151144e-03   8.87112068e-03
   209       2   1.59428148e-06   1.12197529e-11
   209       3   2.09812195e-16   0.00000000e+00
   210       1   1.02369527e-02   8.18151079e-03
   210       2   1.49972238e-06   1.04080378e-11
   210       3   4.23920701e-16   0.00000000e+00
   211       1   1.19392076e-02   7.50519332e-03
   211       2   1.40493946e-06   9.53771819e-12
   211       3   2.14491291e-16   0.00000000e+00
   212       1   1.37070949e-02   6.84115172e-03
   212       2   1.30956720e-06   8.75358712e-12
   212       3   2.17431628e-16   0.00000000e+00
   213       1   1.55505285e-02   6.18843603e-03
   213       2   1.21321266e-06   7.90429941e-12
   213       3   4.41626145e-16   0.00000000e+00
   214       1   1.74807485e-02   5.54615630e-03
   214       2   1.11544762e-06   7.04836768e-12
   214       3   2.24673301e-16   0.00000000e+00
   215       1   1.95106043e-02   4.91347662e-03
   215       2   1.01579918e-06   6.30293963e-12
   215       3   1.14528523e-16   0.00000000e+00
   216       1   2.16549072e-02   4.28960989e-03
   216       2   9.13738204e-07   5.55587986e-12
   216       3   1.17008734e-16   0.00000000e+00
   217       1   2.39308734e-02   3.67381295e-03
   217       2   8.08665107e-07   4.80775351e-12
   217       3   1.19808952e-16   0.00000000e+00
   218       1   2.63586856e-02   3.06538238e-03
   218       2   6.99891862e-07   4.05620947e-12
   218       3   0.00000000e+00   0.00000000e+00
   219       1   2.89622128e-02   2.46365050e-03
   219       2   5.86619146e-07   3.27922496e-12
   219       3   1.26528517e-16   0.00000000e+00
   220       1   3.17699463e-02   1.86798189e-03
   220       2   4.67906803e-07   2.59367874e-12
   220       3   1.30548382e-16   0.00000000e+00
   221       1   3.48162283e-02   1.27777014e-03
   221       2   3.42635157e-07   1.80081293e-12
   221       3   2.70187261e-16   0.00000000e+00
   222       1   3.81428892e-02   6.92434865e-04
   222       2   2.09453588e-07   1.06119004e-12
   222       3   0.00000000e+00   0.00000000e+00
   223       1   4.18014622e-02   1.11419056e-04
   223       2   6.67111224e-08   3.96910373e-13
   223       3   0.00000000e+00   0.00000000e+00
   224       1   4.58562260e-02   4.65813464e-04
   224       2   8.76388525e-08   3.26535818e-13
   224       3   0.00000000e+00   0.00000000e+00
   225       1   5.03884648e-02   1.03978033e-03
   225       2   2.56171862e-07   1.05876989e-12
   225       3   1.60508808e-16   0.00000000e+00
   226       1   5.55025517e-02   1.61098278e-03
   226       2   4.42182585e-07   1.81640799e-12
   226       3   1.69417382e-16   0.00000000e+00
   227       1   6.13348400e-02   2.17990766e-03
   227       2   6.49962778e-07   2.44020602e-12
   227       3   1.79808453e-16   0.00000000e+00
   228       1   6.80669982e-02   2.74702928e-03
   228       2   8.85218033e-07   3.12471631e-12
   228       3   0.00000000e+00   0.00000000e+00
   229       1   7.59466182e-02   3.31281121e-03
   229       2   1.15571172e-06   3.86238265e-12
   229       3   4.13264818e-16   0.00000000e+00
   230       1   8.53201874e-02   3.87770790e-03
   230       2   1.47229521e-06   4.57015346e-12
   230       3   1.12130997e-16   0.00000000e+00
   231       1   9.66880411e-02   4.44216633e-03
   231       2   1.85062472e-06   5.27338226e-12
   231       3   2.45944992e-16   0.00000000e+00
   232       1   1.10800529e-01   5.00662746e-03
   232       2   2.31416576e-06   5.95597462e-12
   232       3   2.73195195e-16   0.00000000e+00
   233       1   1.28836607e-01   5.57152777e-03
   233       2   2.89977260e-06   6.67041022e-12
   233       3   3.08391843e-16   0.00000000e+00
   234       1   1.52761027e-01   6.13730061e-03
   234       2   3.66884710e-06   7.39857603e-12
   234       3   7.11001587e-16   0.00000000e+00
   235       1   1.86110143e-01   6.70437764e-03
   235       2   4.73188802e-06   8.09620010e-12
   235       3   8.43322203e-16   0.00000000e+00
   236       1   2.35956451e-01   7.27319014e-03
   236       2   6.30986394e-06   8.80539319e-12
   236       3   1.17259081e-15   0.00000000e+00
   237       1   3.18802214e-01   7.84417037e-03
   237       2   8.91833171e-06   9.52467639e-12
   237       3   1.71822396e-15   0.00000000e+00
   238       1   4.84154213e-01   8.41775294e-03
   238       2   1.41039081e-05   1.02278619e-11
   238       3   2.42256969e-15   0.00000000e+00
   239       1   9.79550440e-01   8.99437608e-03
   239       2   2.95995441e-05   1.09214074e-11
   239       3   5.04784943e-15   0.00000000e+00
   240       1   4.00217374e+04   9.57448304e-03
   240       2   4.99468372e+00   1.16730093e-11
   240       3   8.82656946e-10   0.00000000e+00
   240       4   0.00000000e+00   0.00000000e+00
   241       1   1.00000613e+00   1.01585234e-02
   241       2   3.22067361e-05   1.23947617e-11
   241       3   5.56847651e-15   0.00000000e+00
   242       1   5.04658010e-01   1.07469546e-02
   242       2   1.67122729e-05   1.32054324e-11
   242       3   2.94223609e-15   0.00000000e+00
   243       1   3.39331778e-01   1.13402431e-02
   243       2   1.15290798e-05   1.38752876e-11
   243       3   1.94386430e-15   0.00000000e+00
   244       1   2.56514995e-01   1.19388662e-02
   244       2   8.92401122e-06   1.46171295e-11
   244       3   1.68612133e-15   0.00000000e+00
   245       1   2.06704077e-01   1.25433133e-02
   245       2   7.35043231e-06   1.53644547e-11
   245       3   1.33760301e-15   0.00000000e+00
   246       1   1.73397601e-01   1.31540876e-02
   246       2   6.29278875e-06   1.60797231e-11
   246       3   9.47719555e-16   0.00000000e+00
   247       1   1.49523421e-01   1.37717078e-02
   247       2   5.53012046e-06   1.68836759e-11
   247       3   9.40354034e-16   0.00000000e+00
   248       1   1.31545390e-01   1.43967101e-02
   248       2   4.95194041e-06   1.76785230e-11
   248       3   6.99993291e-16   0.00000000e+00
   249       1   1.17498927e-01   1.50296493e-02
   249       2   4.49686104e-06   1.84552808e-11
   249       3   1.02957935e-15   0.00000000e+00
   250       1   1.06205232e-01   1.56711019e-02
   250       2   4.12804473e-06   1.93035292e-11
   250       3   7.36189146e-16   0.00000000e+00
   251       1   9.69141217e-02   1.63216672e-02
   251       2   3.82204499e-06   2.00391373e-11
   251       3   6.64844563e-16   0.00000000e+00
   252       1   8.91254372e-02   1.69819704e-02
   252       2   3.56322701e-06   2.09054242e-11
   252       3   7.56990198e-16   0.00000000e+00
   253       1   8.24928835e-02   1.76526644e-02
   253       2   3.34076332e-06   2.17008733e-11
   253       3   5.55636971e-16   0.00000000e+00
   254       1   7.67690791e-02   1.83344328e-02
   254       2   3.14691704e-06   2.26013990e-11
   254       3   6.41228558e-16   0.00000000e+00
   255       1   7.17725858e-02   1.90279927e-02
   255       2   2.97601182e-06   2.34794047e-11
   255       3   4.76166158e-16   0.00000000e+00
   256       1   6.73673024e-02   1.97340978e-02
   256       2   2.82378801e-06   2.43471047e-11
   256       3   4.44089383e-16   0.00000000e+00
   257       1   6.34491308e-02   2.04535415e-02
   257       2   2.68698611e-06   2.51908355e-11
   257       3   4.15913415e-16   0.00000000e+00
   258       1   5.99370868e-02   2.11871610e-02
   258       2   2.56306902e-06   2.61184003e-11
   258       3   5.86478668e-16   0.00000000e+00
   259       1   5.67672185e-02   2.19358409e-02
   259       2   2.45003200e-06   2.70206326e-11
   259       3   3.68791507e-16   0.00000000e+00
   260       1   5.38883481e-02   2.27005177e-02
   260       2   2.34626967e-06   2.79932887e-11
   260       3   3.48918761e-16   0.00000000e+00
   261       1   5.12590313e-02   2.34821847e-02
   261       2   2.25048098e-06   2.89880137e-11
   261       3   3.31034268e-16   0.00000000e+00
   262       1   4.88453453e-02   2.42818972e-02
   262       2   2.16160008e-06   2.99718259e-11
   262       3   3.14865465e-16   0.00000000e+00
   263       1   4.66192540e-02   2.51007783e-02
   263       2   2.07874526e-06   3.10299249e-11
   263       3   3.00187296e-16   0.00000000e+00
   264       1   4.45573819e-02   2.59400252e-02
   264       2   2.00118062e-06   3.20789219e-11
   264       3   4.30218466e-16   0.00000000e+00
   265       1   4.26400821e-02   2.68009165e-02
   265       2   1.92828693e-06   3.31181540e-11
   265       3   2.74583139e-16   0.00000000e+00
   266       1   4.08507197e-02   2.76848203e-02
   266       2   1.85953926e-06   3.42753462e-11
   266       3   2.63366710e-16   0.00000000e+00
   267       1   3.91751140e-02   2.85932022e-02
   267       2   1.79448952e-06   3.53709609e-11
   267       3   2.53049743e-16   0.00000000e+00
   268       1   3.76011004e-02   2.95276359e-02
   268       2   1.73275279e-06   3.65880638e-11
   268       3   3.65302825e-16   0.00000000e+00
   269       1   3.61181829e-02   3.04898139e-02
   269       2   1.67399643e-06   3.77319118e-11
   269       3   2.34739560e-16   0.00000000e+00
   270       1   3.47172562e-02   3.14815593e-02
   270       2   1.61793139e-06   3.90172109e-11
   270       3   4.53180826e-16   0.00000000e+00
   271       1   3.33903813e-02   3.25048401e-02
   271       2   1.56430523e-06   4.02544581e-11
   271       3   2.19024816e-16   0.00000000e+00
   272       1   3.21306035e-02   3.35617844e-02
   272       2   1.51289637e-06   4.15939830e-11
   272       3   2.11987737e-16   0.00000000e+00
   273       1   3.09318031e-02   3.46546979e-02
   273       2   1.46350946e-06   4.29853695e-11
   273       3   2.05430874e-16   0.00000000e+00
   274       1   2.97885730e-02   3.57860834e-02
   274       2   1.41597155e-06   4.43841892e-11
   274       3   1.99311664e-16   0.00000000e+00
   275       1   2.86961162e-02   3.69586635e-02
   275       2   1.37012885e-06   4.58767658e-11
   275       3   1.93592459e-16   0.00000000e+00
   276       1   2.76501620e-02   3.81754058e-02
   276       2   1.32584415e-06   4.74417277e-11
   276       3   3.76479691e-16   0.00000000e+00
   277       1   2.66468939e-02   3.94395520e-02
   277       2   1.28299451e-06   4.89852934e-11
   277       3   1.83224073e-16   0.00000000e+00
   278       1   2.56828906e-02   4.07546510e-02
   278       2   1.24146945e-06   5.06268505e-11
   278       3   1.78518571e-16   0.00000000e+00
   279       1   2.47550747e-02   4.21245972e-02
   279       2   1.20116936e-06   5.22880859e-11
   279       3   1.74099540e-16   0.00000000e+00
   280       1   2.38606700e-02   4.35536739e-02
   280       2   1.16200409e-06   5.41772947e-11
   280       3   1.69945605e-16   0.00000000e+00
   281       1   2.29971647e-02   4.50466047e-02
   281       2   1.12389187e-06   5.61015626e-11
   281       3   3.32075050e-16   0.00000000e+00
   282       1   2.21622797e-02   4.66086115e-02
   282       2   1.08675827e-06   5.79556334e-11
   282       3   1.62357931e-16   0.00000000e+00
   283       1   2.13539414e-02   4.82454835e-02
   283       2   1.05053537e-06   6.00171994e-11
   283       3   1.58891117e-16   0.00000000e+00
   284       1   2.05702584e-02   4.99636567e-02
   284       2   1.01516101e-06   6.22278540e-11
   284       3   3.11245686e-16   0.00000000e+00
   285       1   1.98095012e-02   5.17703083e-02
   285       2   9.80578174e-07   6.44626688e-11
   285       3   1.52540182e-16   0.00000000e+00
   286       1   1.90700843e-02   5.36734664e-02
   286       2   9.46734402e-07   6.68848172e-11
   286       3   1.49631369e-16   0.00000000e+00
   287       1   1.83505508e-02   5.56821421e-02
   287       2   9.13581328e-07   6.93871334e-11
   287       3   1.46885686e-16   0.00000000e+00
   288       1   1.76495592e-02   5.78064844e-02
   288       2   8.81074241e-07   7.21014220e-11
   288       3   2.88586690e-16   0.00000000e+00
   289       1   1.69658708e-02   6.00579673e-02
   289       2   8.49171718e-07   7.50434630e-11
   289       3   2.83690807e-16   0.00000000e+00
   290       1   1.62983398e-02   6.24496140e-02
   290       2   8.17835288e-07   7.78889185e-11
   290       3   2.79067346e-16   0.00000000e+00
   291       1   1.56459041e-02   6.49962683e-02
   291       2   7.87029143e-07   8.11548141e-11
   291       3   1.37350650e-16   0.00000000e+00
   292       1   1.50075767e-02   6.77149255e-02
   292       2   7.56719876e-07   8.45476074e-11
   292       3   1.35289452e-16   0.00000000e+00
   293       1   1.43824384e-02   7.06251374e-02
   293       2   7.26876254e-07   8.82718890e-11
   293       3   1.33343757e-16   0.00000000e+00
   294       1   1.37696319e-02   7.37495131e-02
   294       2   6.97469011e-07   9.23219280e-11
   294       3   1.31507754e-16   0.00000000e+00
   295       1   1.31683553e-02   7.71143415e-02
   295       2   6.68470664e-07   9.64929422e-11
   295       3   1.29776100e-16   0.00000000e+00
   296       1   1.25778573e-02   8.07503731e-02
   296       2   6.39855350e-07   1.01163192e-10
   296       3   0.00000000e+00   0.00000000e+00
   297       1   1.19974326e-02   8.46938087e-02
   297       2   6.11598675e-07   1.06084624e-10
   297       3   0.00000000e+00   0.00000000e+00
   298       1   1.14264173e-02   8.89875644e-02
   298       2   5.83677582e-07   1.11646843e-10
   298       3   1.25159971e-16   0.00000000e+00
   299       1   1.08641856e-02   9.36829046e-02
   299       2   5.56070233e-07   1.17568233e-10
   299       3   0.00000000e+00   0.00000000e+00
   300       1   1.03101461e-02   9.88415767e-02
   300       2   5.28755896e-07   1.24236697e-10
   300       3   1.22523944e-16   0.00000000e+00
   301       1   9.76373861e-03   1.04538634e-01
   301       2   5.01714848e-07   1.31459332e-10
   301       3   1.21327713e-16   0.00000000e+00
   302       1   9.22443162e-03   1.10866227e-01
   302       2   4.74928284e-07   1.39580093e-10
   302       3   1.20208591e-16   0.00000000e+00
   303       1   8.69171951e-03   1.17938756e-01
   303       2   4.48378234e-07   1.48629486e-10
   303       3   0.00000000e+00   0.00000000e+00
   304       1   8.16512027e-03   1.25900027e-01
   304       2   4.22047489e-07   1.58807728e-10
   304       3   1.18190888e-16   0.00000000e+00
   305       1   7.64417332e-03   1.34933330e-01
   305       2   3.95919529e-07   1.70493238e-10
   305       3   1.17287463e-16   0.00000000e+00
   306       1   7.12843754e-03   1.45275985e-01
   306       2   3.69978464e-07   1.83844482e-10
   306       3   1.16451430e-16   0.00000000e+00
   307       1   6.61748942e-03   1.57240814e-01
   307       2   3.44208967e-07   1.99344337e-10
   307       3   0.00000000e+00   0.00000000e+00
   308       1   6.11092137e-03   1.71248719e-01
   308       2   3.18596226e-07   2.17523670e-10
   308       3   1.14973973e-16   0.00000000e+00
   309       1   5.60834016e-03   1.87879702e-01
   309       2   2.93125889e-07   2.39236599e-10
   309       3   0.00000000e+00   0.00000000e+00
   310       1   5.10936544e-03   2.07955747e-01
   310       2   2.67784019e-07   2.65543956e-10
   310       3   1.13745075e-16   0.00000000e+00
   311       1   4.61362835e-03   2.32681421e-01
   311       2   2.42557046e-07   2.97966482e-10
   311       3   1.13220325e-16   0.00000000e+00
   312       1   4.12077025e-03   2.63895120e-01
   312       2   2.17431727e-07   3.39427907e-10
   312       3   0.00000000e+00   0.00000000e+00
   313       1   3.63044146e-03   3.04547585e-01
   313       2   1.92395104e-07   3.93715868e-10
   313       3   0.00000000e+00   0.00000000e+00
   314       1   3.14230015e-03   3.59688957e-01
   314       2   1.67434469e-07   4.68140526e-10
   314       3   0.00000000e+00   0.00000000e+00
   315       1   2.65601121e-03   4.38726906e-01
   315       2   1.42537322e-07   5.76039778e-10
   315       3   1.11694034e-16   0.00000000e+00
   316       1   2.17124517e-03   5.61369514e-01
   316       2   1.17691343e-07   7.46683760e-10
   316       3   0.00000000e+00   0.00000000e+00
   317       1   1.68767721e-03   7.76776554e-01
   317       2   9.28843521e-08   1.05332261e-09
   317       3   0.00000000e+00   0.00000000e+00
   318       1   1.20498616e-03   1.24909215e+00
   318       2   6.81042799e-08   1.75277883e-09
   318       3   0.00000000e+00   0.00000000e+00
   319       1   7.22853515e-04   2.99901337e+00
   319       2   4.33391335e-08   4.53763740e-09
   319       3   0.00000000e+00   0.00000000e+00
   320       1   2.40962497e-04   1.21716151e+07
   320       2   1.85769664e-08   2.44791585e-02
   320       3   0.00000000e+00   0.00000000e+00
   321       1   2.41002875e-04   1.00000008e+00
   321       2   6.19415468e-09   4.16351795e-10
   321       3   0.00000000e+00   0.00000000e+00
   322       1   7.23358729e-04   7.49941210e-01
   322       2   3.09861801e-08   7.23649540e-10
   322       3   0.00000000e+00   0.00000000e+00
   323       1   1.20642227e-03   5.55377869e-01
   323       2   5.58111086e-08   5.96890717e-10
   323       3   0.00000000e+00   0.00000000e+00
   324       1   1.69051272e-03   4.37184113e-01
   324       2   8.06810197e-08   4.90472891e-10
   324       3   0.00000000e+00   0.00000000e+00
   325       1   2.17595227e-03   3.59537359e-01
   325       2   1.05608105e-07   4.12829425e-10
   325       3   1.11694031e-16   0.00000000e+00
   326       1   2.66306705e-03   3.04941595e-01
   326       2   1.30604702e-07   3.55195259e-10
   326       3   0.00000000e+00   0.00000000e+00
   327       1   3.15218814e-03   2.64538082e-01
   327       2   1.55683326e-07   3.11223612e-10
   327       3   0.00000000e+00   0.00000000e+00
   328       1   3.64365258e-03   2.33451047e-01
   328       2   1.80856707e-07   2.76649914e-10
   328       3   1.12753789e-16   0.00000000e+00
   329       1   4.13780446e-03   2.08795365e-01
   329       2   2.06137826e-07   2.48835122e-10
   329       3   0.00000000e+00   0.00000000e+00
   330       1   4.63499602e-03   1.88760596e-01
   330       2   2.31539951e-07   2.25903016e-10
   330       3   0.00000000e+00   0.00000000e+00
   331       1   5.13558883e-03   1.72155279e-01
   331       2   2.57076677e-07   2.06809970e-10
   331       3   0.00000000e+00   0.00000000e+00
   332       1   5.63995504e-03   1.58164062e-01
   332       2   2.82761969e-07   1.90544404e-10
   332       3   0.00000000e+00   0.00000000e+00
   333       1   6.14847866e-03   1.46210507e-01
   333       2   3.08610206e-07   1.76580043e-10
   333       3   0.00000000e+00   0.00000000e+00
   334       1   6.66155699e-03   1.35875732e-01
   334       2   3.34636227e-07   1.64564177e-10
   334       3   0.00000000e+00   0.00000000e+00
   335       1   7.17960207e-03   1.26848113e-01
   335       2   3.60855385e-07   1.53794629e-10
   335       3   1.17287453e-16   0.00000000e+00
   336       1   7.70304233e-03   1.18891061e-01
   336       2   3.87283596e-07   1.44442375e-10
   336       3   1.18190878e-16   0.00000000e+00
   337       1   8.23232427e-03   1.11821752e-01
   337       2   4.13937398e-07   1.36033167e-10
   337       3   1.19163814e-16   0.00000000e+00
   338       1   8.76791434e-03   1.05496686e-01
   338       2   4.40834020e-07   1.28485756e-10
   338       3   1.20208579e-16   0.00000000e+00
   339       1   9.31030097e-03   9.98016624e-02
   339       2   4.67991442e-07   1.21730721e-10
   339       3   1.21327701e-16   0.00000000e+00
   340       1   9.85999673e-03   9.46446723e-02
   340       2   4.95428472e-07   1.15549857e-10
   340       3   1.22523931e-16   0.00000000e+00
   341       1   1.04175408e-02   8.99507587e-02
   341       2   5.23164827e-07   1.09848691e-10
   341       3   2.47600528e-16   0.00000000e+00
   342       1   1.09835014e-02   8.56582434e-02
   342       2   5.51221223e-07   1.04698516e-10
   342       3   1.25159955e-16   0.00000000e+00
   343       1   1.15584790e-02   8.17159119e-02
   343       2   5.79619467e-07   1.00017840e-10
   343       3   1.26606541e-16   0.00000000e+00
   344       1   1.21431091e-02   7.80808849e-02
   344       2   6.08382565e-07   9.56430422e-11
   344       3   2.56287719e-16   0.00000000e+00
   345       1   1.27380661e-02   7.47169887e-02
   345       2   6.37534841e-07   9.15780077e-11
   345       3   1.29776082e-16   0.00000000e+00
   346       1   1.33440667e-02   7.15934938e-02
   346       2   6.67102062e-07   8.78233247e-11
   346       3   1.31507735e-16   0.00000000e+00
   347       1   1.39618746e-02   6.86841270e-02
   347       2   6.97111584e-07   8.43002741e-11
   347       3   0.00000000e+00   0.00000000e+00
   348       1   1.45923052e-02   6.59662915e-02
   348       2   7.27592509e-07   8.10209636e-11
   348       3   1.35289430e-16   0.00000000e+00
   349       1   1.52362304e-02   6.34204451e-02
   349       2   7.58575864e-07   7.79801327e-11
   349       3   1.37350627e-16   0.00000000e+00
   350       1   1.58945852e-02   6.10296005e-02
   350       2   7.90094794e-07   7.51017732e-11
   350       3   1.39533648e-16   0.00000000e+00
   351       1   1.65683738e-02   5.87789198e-02
   351       2   8.22184786e-07   7.22793760e-11
   351       3   1.41845377e-16   0.00000000e+00
   352       1   1.72586774e-02   5.66553852e-02
   352       2   8.54883916e-07   6.96909055e-11
   352       3   1.44293317e-16   0.00000000e+00
   353       1   1.79666623e-02   5.46475267e-02
   353       2   8.88233125e-07   6.72932517e-11
   353       3   1.46885656e-16   0.00000000e+00
   354       1   1.86935893e-02   5.27451989e-02
   354       2   9.22276536e-07   6.49554284e-11
   354       3   1.49631338e-16   0.00000000e+00
   355       1   1.94408246e-02   5.09393939e-02
   355       2   9.57061806e-07   6.27703906e-11
   355       3   1.52540149e-16   0.00000000e+00
   356       1   2.02098520e-02   4.92220860e-02
   356       2   9.92640532e-07   6.06673987e-11
   356       3   1.55622808e-16   0.00000000e+00
   357       1   2.10022861e-02   4.75861004e-02
   357       2   1.02906870e-06   5.87310376e-11
   357       3   1.58891080e-16   0.00000000e+00
   358       1   2.18198890e-02   4.60250033e-02
   358       2   1.06640724e-06   5.67789266e-11
   358       3   1.62357892e-16   0.00000000e+00
   359       1   2.26645874e-02   4.45330074e-02
   359       2   1.10472256e-06   5.49979455e-11
   359       3   1.66037483e-16   0.00000000e+00
   360       1   2.35384941e-02   4.31048924e-02
   360       2   1.14408730e-06   5.31602253e-11
   360       3   1.69945561e-16   0.00000000e+00
   361       1   2.44439314e-02   4.17359366e-02
   361       2   1.18458110e-06   5.15615491e-11
   361       3   1.74099493e-16   0.00000000e+00
   362       1   2.53834590e-02   4.04218581e-02
   362       2   1.22629151e-06   4.99460923e-11
   362       3   1.78518521e-16   0.00000000e+00
   363       1   2.63599064e-02   3.91587641e-02
   363       2   1.26931505e-06   4.83971665e-11
   363       3   3.66448040e-16   0.00000000e+00
   364       1   2.73764100e-02   3.79431071e-02
   364       2   1.31375847e-06   4.69754813e-11
   364       3   1.88239789e-16   0.00000000e+00
   365       1   2.84364571e-02   3.67716470e-02
   365       2   1.35974019e-06   4.54610873e-11
   365       3   1.93592398e-16   0.00000000e+00
   366       1   2.95439378e-02   3.56414176e-02
   366       2   1.40739203e-06   4.41101501e-11
   366       3   1.99311599e-16   0.00000000e+00
   367       1   3.07032061e-02   3.45496978e-02
   367       2   1.45686118e-06   4.27209542e-11
   367       3   2.05430805e-16   0.00000000e+00
   368       1   3.19191518e-02   3.34939862e-02
   368       2   1.50831266e-06   4.13769640e-11
   368       3   2.11987662e-16   0.00000000e+00
   369       1   3.31972876e-02   3.24719788e-02
   369       2   1.56193211e-06   4.01800418e-11
   369       3   2.19024736e-16   0.00000000e+00
   370       1   3.45438528e-02   3.14815489e-02
   370       2   1.61792927e-06   3.90418684e-11
   370       3   2.26590327e-16   0.00000000e+00
   371       1   3.59659382e-02   3.05207303e-02
   371       2   1.67654210e-06   3.77841011e-11
   371       3   2.34739468e-16   0.00000000e+00
   372       1   3.74716383e-02   2.95877012e-02
   372       2   1.73804178e-06   3.66514998e-11
   372       3   2.43535117e-16   0.00000000e+00
   373       1   3.90702372e-02   2.86807711e-02
   373       2   1.80273888e-06   3.55568211e-11
   373       3   3.79574453e-16   0.00000000e+00
   374       1   4.07724372e-02   2.77983681e-02
   374       2   1.87099088e-06   3.44913957e-11
   374       3   2.63366593e-16   0.00000000e+00
   375       1   4.25906423e-02   2.69390281e-02
   375       2   1.94321153e-06   3.34252279e-11
   375       3   2.74583012e-16   0.00000000e+00
   376       1   4.45393128e-02   2.61013852e-02
   376       2   2.01988256e-06   3.23736878e-11
   376       3   2.86812171e-16   0.00000000e+00
   377       1   4.66354117e-02   2.52841628e-02
   377       2   2.10156840e-06   3.14211410e-11
   377       3   4.50280716e-16   0.00000000e+00
   378       1   4.88989737e-02   2.44861657e-02
   378       2   2.18893497e-06   3.03808995e-11
   378       3   3.14865298e-16   0.00000000e+00
   379       1   5.13538362e-02   2.37062729e-02
   379       2   2.28277376e-06   2.94077562e-11
   379       3   3.31034083e-16   0.00000000e+00
   380       1   5.40285895e-02   2.29434316e-02
   380       2   2.38403323e-06   2.84901368e-11
   380       3   5.23377834e-16   0.00000000e+00
   381       1   5.69578277e-02   2.21966508e-02
   381       2   2.49386000e-06   2.76745933e-11
   381       3   5.53186919e-16   0.00000000e+00
   382       1   6.01838155e-02   2.14649965e-02
   382       2   2.61365388e-06   2.67370067e-11
   382       3   3.90985523e-16   0.00000000e+00
   383       1   6.37587442e-02   2.07475868e-02
   383       2   2.74514224e-06   2.57988363e-11
   383       3   6.23869692e-16   0.00000000e+00
   384       1   6.77478329e-02   2.00435873e-02
   384       2   2.89048234e-06   2.49564238e-11
   384       3   4.44089057e-16   0.00000000e+00
   385       1   7.22336709e-02   1.93522074e-02
   385       2   3.05240447e-06   2.41030296e-11
   385       3   5.95207233e-16   0.00000000e+00
   386       1   7.73224202e-02   1.86726966e-02
   386       2   3.23441653e-06   2.32502655e-11
   386       3   6.41228023e-16   0.00000000e+00
   387       1   8.31528815e-02   1.80043411e-02
   387       2   3.44110302e-06   2.23624557e-11
   387       3   5.55636473e-16   0.00000000e+00
   388       1   8.99100924e-02   1.73464607e-02
   388       2   3.67857344e-06   2.16088294e-11
   388       3   6.05591571e-16   0.00000000e+00
   389       1   9.78463430e-02   1.66984060e-02
   389       2   3.95515534e-06   2.08134904e-11
   389       3   6.64843863e-16   0.00000000e+00
   390       1   1.07314802e-01   1.60595558e-02
   390       2   4.28250313e-06   2.00501011e-11
   390       3   9.20235371e-16   0.00000000e+00
   391       1   1.18825555e-01   1.54293147e-02
   391       2   4.67744612e-06   1.93090936e-11
   391       3   8.23662427e-16   0.00000000e+00
   392       1   1.33143683e-01   1.48071107e-02
   392       2   5.16522256e-06   1.84975389e-11
   392       3   9.33323056e-16   0.00000000e+00
   393       1   1.51471394e-01   1.41923933e-02
   393       2   5.78548568e-06   1.77570990e-11
   393       3   1.07468858e-15   0.00000000e+00
   394       1   1.75812293e-01   1.35846312e-02
   394       2   6.60431575e-06   1.70567383e-11
   394       3   1.10567074e-15   0.00000000e+00
   395       1   2.09772787e-01   1.29833108e-02
   395       2   7.74064653e-06   1.63037007e-11
   395       3   1.52868573e-15   0.00000000e+00
   396       1   2.60565592e-01   1.23879343e-02
   396       2   9.43233137e-06   1.55526150e-11
   396       3   1.68611665e-15   0.00000000e+00
   397       1   3.45020291e-01   1.17980179e-02
   397       2   1.22343412e-05   1.48172457e-11
   397       3   2.26783336e-15   0.00000000e+00
   398       1   5.13625853e-01   1.12130906e-02
   398       2   1.78115548e-05   1.41001173e-11
   398       3   3.18740506e-15   0.00000000e+00
   399       1   1.01883236e+00   1.06326921e-02
   399       2   3.44882705e-05   1.33262460e-11
   399       3   6.31087197e-15   0.00000000e+00
   400       1   3.50344946e+04   1.00563721e-02
   400       2   7.43877620e+00   1.26981242e-11
   400       3   1.34680060e-09   0.00000000e+00
   400       4   0.00000000e+00   0.00000000e+00
   401       1   1.00000452e+00   9.48368811e-03
   401       2   3.20489536e-05   1.19156495e-11
   401       3   5.55269291e-15   0.00000000e+00
   402       1   4.94830306e-01   8.91420482e-03
   402       2   1.53705542e-05   1.12491542e-11
   402       3   2.80509530e-15   0.00000000e+00
   403       1   3.26213865e-01   8.34749222e-03
   403       2   9.79086264e-06   1.05537980e-11
   403       3   1.89005282e-15   0.00000000e+00
   404       1   2.41735395e-01   7.78312459e-03
   404       2   6.98542057e-06   9.79405017e-12
   404       3   1.17259377e-15   0.00000000e+00
   405       1   1.90909613e-01   7.22067911e-03
   405       2   5.28932340e-06   9.13523309e-12
   405       3   6.32492913e-16   0.00000000e+00
   406       1   1.56907788e-01   6.65973459e-03
   406       2   4.14758693e-06   8.50517004e-12
   406       3   7.11002748e-16   0.00000000e+00
   407       1   1.32517438e-01   6.09987018e-03
   407       2   3.32234564e-06   7.78422693e-12
   407       3   4.62588400e-16   0.00000000e+00
   408       1   1.14132192e-01   5.54066410e-03
   408       2   2.69465247e-06   7.06775902e-12
   408       3   4.09793276e-16   0.00000000e+00
   409       1   9.97483909e-02   4.98169227e-03
   409       2   2.19841213e-06   6.40301493e-12
   409       3   3.68917868e-16   0.00000000e+00
   410       1   8.81637290e-02   4.42252701e-03
   410       2   1.79395434e-06   5.68380745e-12
   410       3   3.36393296e-16   0.00000000e+00
   411       1   7.86129969e-02   3.86273562e-03
   411       2   1.45602163e-06   4.98325867e-12
   411       3   2.06632575e-16   0.00000000e+00
   412       1   7.05859513e-02   3.30187900e-03
   412       2   1.16776313e-06   4.26544441e-12
   412       3   1.92047442e-16   0.00000000e+00
   413       1   6.37292450e-02   2.73951007e-03
   413       2   9.17500452e-07   3.62304637e-12
   413       3   1.79808569e-16   0.00000000e+00
   414       1   5.77903861e-02   2.17517230e-03
   414       2   6.96879498e-07   2.93750291e-12
   414       3   1.69417480e-16   0.00000000e+00
   415       1   5.25841124e-02   1.60839802e-03
   415       2   4.99761494e-07   2.21893909e-12
   415       3   0.00000000e+00   0.00000000e+00
   416       1   4.79713754e-02   1.03870667e-03
   416       2   3.21529808e-07   1.54985475e-12
   416       3   1.52809109e-16   0.00000000e+00
   417       1   4.38457410e-02   4.65602975e-04
   417       2   1.58641338e-07   8.31031104e-13
   417       3   0.00000000e+00   0.00000000e+00
   418       1   4.01243218e-02   1.11425038e-04
   418       2   8.32735421e-09   9.18822975e-14
   418       3   0.00000000e+00   0.00000000e+00
   419       1   3.67415736e-02   6.92908183e-04
   419       2   1.31611279e-07   6.29187527e-13
   419       3   0.00000000e+00   0.00000000e+00
   420       1   3.36449510e-02   1.27939839e-03
   420       2   2.62947539e-07   1.36317718e-12
   420       3   0.00000000e+00   0.00000000e+00
   421       1   3.07918039e-02   1.87147119e-03
   421       2   3.87130803e-07   2.08566061e-12
   421       3   1.26528554e-16   0.00000000e+00
   422       1   2.81471197e-02   2.46972841e-03
   422       2   5.05361542e-07   2.78363611e-12
   422       3   0.00000000e+00   0.00000000e+00
   423       1   2.56818536e-02   3.07480111e-03
   423       2   6.18646641e-07   3.57785960e-12
   423       3   1.19808981e-16   0.00000000e+00
   424       1   2.33716747e-02   3.68735281e-03
   424       2   7.27841023e-07   4.30303743e-12
   424       3   1.17008759e-16   0.00000000e+00
   425       1   2.11960132e-02   4.30808301e-03
   425       2   8.33679409e-07   5.07904344e-12
   425       3   1.14528544e-16   0.00000000e+00
   426       1   1.91373249e-02   4.93773109e-03
   426       2   9.36800901e-07   5.88288232e-12
   426       3   2.24673338e-16   0.00000000e+00
   427       1   1.71805193e-02   5.57708059e-03
   427       2   1.03776826e-06   6.67803067e-12
   427       3   2.20813104e-16   0.00000000e+00
   428       1   1.53125076e-02   6.22696403e-03
   428       2   1.13708321e-06   7.47714936e-12
   428       3   2.17431655e-16   0.00000000e+00
   429       1   1.35218437e-02   6.88826811e-03
   429       2   1.23519883e-06   8.32130994e-12
   429       3   2.14491313e-16   0.00000000e+00
   430       1   1.17984351e-02   7.56193972e-03
   430       2   1.33252957e-06   9.14458026e-12
   430       3   2.11960369e-16   0.00000000e+00
   431       1   1.01333073e-02   8.24899245e-03
   431       2   1.42945968e-06   9.93747712e-12
   431       3   4.19624418e-16   0.00000000e+00
   432       1   8.51841128e-03   8.95051405e-03
   432       2   1.52635024e-06   1.08267006e-11
   432       3   6.24073875e-16   0.00000000e+00
   433       1   6.94646335e-03   9.66767471e-03
   433       2   1.62354521e-06   1.16891555e-11
   433       3   2.06579254e-16   0.00000000e+00
   434       1   5.41081043e-03   1.04017365e-02
   434       2   1.72137678e-06   1.26548165e-11
   434       3   2.05461139e-16   0.00000000e+00
   435       1   3.90531606e-03   1.11540637e-02
   435       2   1.82017011e-06   1.35523834e-11
   435       3   4.09316752e-16   0.00000000e+00
   436       1   2.42426202e-03   1.19261355e-02
   436       2   1.92024772e-06   1.45479353e-11
   436       3   4.08323677e-16   0.00000000e+00
   437       1   9.62262290e-04   1.27195588e-02
   437       2   2.02193364e-06   1.55018002e-11
   437       3   2.03964969e-16   0.00000000e+00
   438       1   4.85813412e-04   1.35360845e-02
   438       2   2.12555738e-06   1.64951528e-11
   438       3   4.08127248e-16   0.00000000e+00
   439       1   1.92490909e-03   1.43776251e-02
   439       2   2.23145796e-06   1.75691137e-11
   439       3   4.08911944e-16   0.00000000e+00
   440       1   3.35984678e-03   1.52462754e-02
   440       2   2.33998794e-06   1.85701225e-11
   440       3   4.10284865e-16   0.00000000e+00
   441       1   4.79538763e-03   1.61443360e-02
   441       2   2.45151773e-06   1.98015831e-11
   441       3   4.12251329e-16   0.00000000e+00
   442       1   6.23629140e-03   1.70743410e-02
   442       2   2.56644014e-06   2.08921144e-11
   442       3   4.14821184e-16   0.00000000e+00
   443       1   7.68737579e-03   1.80390893e-02
   443       2   2.68517538e-06   2.20541268e-11
   443       3   4.18008948e-16   0.00000000e+00
   444       1   9.15357750e-03   1.90416827e-02
   444       2   2.80817661e-06   2.33188042e-11
   444       3   4.21834041e-16   0.00000000e+00
   445       1   1.06400163e-02   2.00855683e-02
   445       2   2.93593621e-06   2.46098394e-11
   445       3   4.26321110e-16   0.00000000e+00
   446       1   1.21520640e-02   2.11745904e-02
   446       2   3.06899290e-06   2.60539714e-11
   446       3   4.31500467e-16   0.00000000e+00
   447       1   1.36954209e-02   2.23130508e-02
   447       2   3.20794006e-06   2.73777182e-11
   447       3   4.37408645e-16   0.00000000e+00
   448       1   1.52762009e-02   2.35057800e-02
   448       2   3.35343540e-06   2.88593562e-11
   448       3   8.88178195e-16   0.00000000e+00
   449       1   1.69010292e-02   2.47582239e-02
   449       2   3.50621228e-06   3.04148063e-11
   449       3   6.77389616e-16   0.00000000e+00
   450       1   1.85771558e-02   2.60765453e-02
   450       2   3.66709336e-06   3.20590976e-11
   450       3   6.89971058e-16   0.00000000e+00
   451       1   2.03125886e-02   2.74677487e-02
   451       2   3.83700673e-06   3.36679151e-11
   451       3   7.03983455e-16   0.00000000e+00
   452       1   2.21162526e-02   2.89398307e-02
   452       2   4.01700559e-06   3.54827389e-11
   452       3   5.99625034e-16   0.00000000e+00
   453       1   2.39981807e-02   3.05019637e-02
   453       2   4.20829209e-06   3.74972390e-11
   453       3   7.36814832e-16   0.00000000e+00
   454       1   2.59697469e-02   3.21647223e-02
   454       2   4.41224665e-06   3.95192230e-11
   454       3   7.55946391e-16   0.00000000e+00
   455       1   2.80439529e-02   3.39403643e-02
   455       2   4.63046419e-06   4.17736678e-11
   455       3   7.77142517e-16   0.00000000e+00
   456       1   3.02357841e-02   3.58431813e-02
   456       2   4.86479941e-06   4.40673325e-11
   456       3   8.00636136e-16   0.00000000e+00
   457       1   3.25626568e-02   3.78899412e-02
   457       2   5.11742378e-06   4.66615939e-11
   457       3   8.26702745e-16   0.00000000e+00
   458       1   3.50449855e-02   4.01004513e-02
   458       2   5.39089799e-06   4.94464541e-11
   458       3   9.98281570e-16   0.00000000e+00
   459       1   3.77069102e-02   4.24982818e-02
   459       2   5.68826515e-06   5.23449999e-11
   459       3   1.03591779e-15   0.00000000e+00
   460       1   4.05772417e-02   4.51117075e-02
   460       2   6.01317175e-06   5.56529285e-11
   460       3   1.07794600e-15   0.00000000e+00
   461       1   4.36907020e-02   4.79749451e-02
   461       2   6.37002687e-06   5.91564373e-11
   461       3   1.12503505e-15   0.00000000e+00
   462       1   4.70895789e-02   5.11298050e-02
   462       2   6.76421446e-06   6.30483162e-11
   462       3   1.17800450e-15   0.00000000e+00
   463       1   5.08259619e-02   5.46279241e-02
   463       2   7.20238032e-06   6.73655309e-11
   463       3   1.23786880e-15   0.00000000e+00
   464       1   5.49648159e-02   5.85338372e-02
   464       2   7.69282690e-06   7.22557274e-11
   464       3   1.49245484e-15   0.00000000e+00
   465       1   5.95882831e-02   6.29292766e-02
   465       2   8.24606575e-06   7.77631537e-11
   465       3   1.58137462e-15   0.00000000e+00
   466       1   6.48018278e-02   6.79193140e-02
   466       2   8.87560687e-06   8.38129842e-11
   466       3   1.68383564e-15   0.00000000e+00
   467       1   7.07432156e-02   7.36413376e-02
   467       2   9.59911224e-06   9.09120506e-11
   467       3   1.69025464e-15   0.00000000e+00
   468       1   7.75959819e-02   8.02785175e-02
   468       2   1.04401261e-05   9.91450298e-11
   468       3   2.06424494e-15   0.00000000e+00
   469       1   8.56102453e-02   8.80806155e-02
   469       2   1.14307492e-05   1.08848301e-10
   469       3   1.97729986e-15   0.00000000e+00
   470       1   9.51360082e-02   9.73972821e-02
   470       2   1.26159169e-05   1.20392929e-10
   470       3   2.30974395e-15   0.00000000e+00
   471       1   1.06678658e-01   1.08733549e-01
   471       2   1.40605301e-05   1.34442781e-10
   471       3   2.39635162e-15   0.00000000e+00
   472       1   1.20996091e-01   1.22846944e-01
   472       2   1.58619341e-05   1.51915102e-10
   472       3   2.86534207e-15   0.00000000e+00
   473       1   1.39279091e-01   1.40927845e-01
   473       2   1.81730933e-05   1.74272646e-10
   473       3   3.26436498e-15   0.00000000e+00
   474       1   1.63512079e-01   1.64960184e-01
   474       2   2.12489404e-05   2.04147629e-10
   474       3   3.79804738e-15   0.00000000e+00
   475       1   1.97266787e-01   1.98515011e-01
   475       2   2.55483452e-05   2.45641907e-10
   475       3   4.54715981e-15   0.00000000e+00
   476       1   2.47686456e-01   2.48734375e-01
   476       2   3.19890355e-05   3.07924665e-10
   476       3   5.67324822e-15   0.00000000e+00
   477       1   3.31438608e-01   3.32282979e-01
   477       2   4.27123585e-05   4.11318903e-10
   477       3   7.55325909e-15   0.00000000e+00
   478       1   4.98527170e-01   4.99154728e-01
   478       2   6.41423158e-05   6.18148657e-10
   478       3   1.14948823e-14   0.00000000e+00
   479       1   9.98994389e-01   9.99317380e-01
   479       2   1.28398636e-04   1.23776480e-09
   479       3   2.27985221e-14   0.00000000e+00
   480       1   8.39134658e+03   1.24934913e+05
   480       2   1.37847300e+01   1.54806742e-04
   480       3   2.42660124e-09   1.68469132e-16
   480       4   0.00000000e+00   0.00000000e+00
   481       1   1.00000932e+00   1.00000800e+00
   481       2   1.28531079e-04   1.23914764e-09
   481       3   2.24454749e-14   0.00000000e+00
   482       1   4.99721052e-01   4.99833291e-01
   482       2   6.42729902e-05   6.19514610e-10
   482       3   1.11412973e-14   0.00000000e+00
   483       1   3.32665961e-01   3.32959227e-01
   483       2   4.28427451e-05   4.12794949e-10
   483       3   7.67132627e-15   0.00000000e+00
   484       1   2.48925915e-01   2.49409714e-01
   484       2   3.21193686e-05   3.09223243e-10
   484       3   5.67327451e-15   0.00000000e+00
   485       1   1.98512281e-01   1.99189823e-01
   485       2   2.56787055e-05   2.47043525e-10
   485       3   4.54717661e-15   0.00000000e+00
   486       1   1.64761311e-01   1.65634595e-01
   486       2   2.13793710e-05   2.05526919e-10
   486       3   3.79805903e-15   0.00000000e+00
   487       1   1.40531058e-01   1.41601895e-01
   487       2   1.83036242e-05   1.75704996e-10
   487       3   3.26437352e-15   0.00000000e+00
   488       1   1.22250334e-01   1.23520637e-01
   488       2   1.59925903e-05   1.53362694e-10
   488       3   2.68626430e-15   0.00000000e+00
   489       1   1.07934976e-01   1.09406871e-01
   489       2   1.41913342e-05   1.35778406e-10
   489       3   2.55611353e-15   0.00000000e+00
   490       1   9.63943394e-02   9.80702090e-02
   490       2   1.27468905e-05   1.21780819e-10
   490       3   2.30974810e-15   0.00000000e+00
   491       1   8.68706077e-02   8.87531189e-02
   491       2   1.15619136e-05   1.10241572e-10
   491       3   1.97730306e-15   0.00000000e+00
   492       1   7.88584435e-02   8.09505651e-02
   492       2   1.05715023e-05   1.00576234e-10
   492       3   1.82139527e-15   0.00000000e+00
   493       1   7.20078771e-02   7.43128949e-02
   493       2   9.73072143e-06   9.23742036e-11
   493       3   1.80294071e-15   0.00000000e+00
   494       1   6.60688133e-02   6.85903448e-02
   494       2   9.00747063e-06   8.52051876e-11
   494       3   1.47335801e-15   0.00000000e+00
   495       1   6.08577340e-02   6.35997432e-02
   495       2   8.37820604e-06   7.91735203e-11
   495       3   1.38370437e-15   0.00000000e+00
   496       1   5.62368877e-02   5.92037012e-02
   496       2   7.82526615e-06   7.36462461e-11
   496       3   1.30589936e-15   0.00000000e+00
   497       1   5.21008221e-02   5.52971459e-02
   497       2   7.33514157e-06   6.88097359e-11
   497       3   1.41470858e-15   0.00000000e+00
   498       1   4.83674054e-02   5.17983443e-02
   498       2   6.89732139e-06   6.43911536e-11
   498       3   1.17800558e-15   0.00000000e+00
   499       1   4.49716827e-02   4.86427609e-02
   499       2   6.50350391e-06   6.05621325e-11
   499       3   9.64316571e-16   0.00000000e+00
   500       1   4.18615742e-02   4.57787578e-02
   500       2   6.14704412e-06   5.69635065e-11
   500       3   1.07794685e-15   0.00000000e+00
   501       1   3.89948018e-02   4.31645242e-02
   501       2   5.82255900e-06   5.38008056e-11
   501       3   1.03591856e-15   0.00000000e+00
   502       1   3.63366530e-02   4.07658422e-02
   502       2   5.52564041e-06   5.07679782e-11
   502       3   9.98282258e-16   0.00000000e+00
   503       1   3.38583276e-02   3.85544366e-02
   503       2   5.25264293e-06   4.79583982e-11
   503       3   9.64487157e-16   0.00000000e+00
   504       1   3.15356959e-02   3.65067362e-02
   504       2   5.00052463e-06   4.54695769e-11
   504       3   9.34076054e-16   0.00000000e+00
   505       1   2.93483550e-02   3.46029329e-02
   505       2   4.76672605e-06   4.31502114e-11
   505       3   9.06666780e-16   0.00000000e+00
   506       1   2.72789006e-02   3.28262579e-02
   506       2   4.54907710e-06   4.08854496e-11
   506       3   7.55946788e-16   0.00000000e+00
   507       1   2.53123601e-02   3.11624187e-02
   507       2   4.34572458e-06   3.89370312e-11
   507       3   6.14012660e-16   0.00000000e+00
   508       1   2.34357458e-02   2.95991566e-02
   508       2   4.15507516e-06   3.68945945e-11
   508       3   7.19550369e-16   0.00000000e+00
   509       1   2.16376987e-02   2.81258959e-02
   509       2   3.97575019e-06   3.51136550e-11
   509       3   7.03983754e-16   0.00000000e+00
   510       1   1.99082019e-02   2.67334632e-02
   510       2   3.80654944e-06   3.34350715e-11
   510       3   6.89971329e-16   0.00000000e+00
   511       1   1.82383481e-02   2.54138610e-02
   511       2   3.64642177e-06   3.16986214e-11
   511       3   6.77389862e-16   0.00000000e+00
   512       1   1.66201485e-02   2.41600834e-02
   512       2   3.49444135e-06   3.01314178e-11
   512       3   6.66133870e-16   0.00000000e+00
   513       1   1.50463736e-02   2.29659665e-02
   513       2   3.34978802e-06   2.87084657e-11
   513       3   4.37408779e-16   0.00000000e+00
   514       1   1.35104209e-02   2.18260632e-02
   514       2   3.21173108e-06   2.73537751e-11
   514       3   6.47250882e-16   0.00000000e+00
   515       1   1.20062010e-02   2.07355416e-02
   515       2   3.07961579e-06   2.59464439e-11
   515       3   4.26321218e-16   0.00000000e+00
   516       1   1.05280406e-02   1.96900985e-02
   516       2   2.95285199e-06   2.46797449e-11
   516       3   6.32751205e-16   0.00000000e+00
   517       1   9.07059727e-03   1.86858883e-02
   517       2   2.83090450e-06   2.34759998e-11
   517       3   4.18009033e-16   0.00000000e+00
   518       1   7.62878368e-03   1.77194621e-02
   518       2   2.71328482e-06   2.22088768e-11
   518       3   4.14821258e-16   0.00000000e+00
   519       1   6.19769869e-03   1.67877169e-02
   519       2   2.59954407e-06   2.10606656e-11
   519       3   4.12251392e-16   0.00000000e+00
   520       1   4.77256375e-03   1.58878519e-02
   520       2   2.48926675e-06   1.99754071e-11
   520       3   4.10284917e-16   0.00000000e+00
   521       1   3.34866243e-03   1.50173313e-02
   521       2   2.38206526e-06   1.89186439e-11
   521       3   4.08911986e-16   0.00000000e+00
   522       1   1.92128147e-03   1.41738526e-02
   522       2   2.27757496e-06   1.78445319e-11
   522       3   4.08127280e-16   0.00000000e+00
   523       1   4.85651989e-04   1.33553192e-02
   523       2   2.17544968e-06   1.68430894e-11
   523       3   4.07929960e-16   0.00000000e+00
   524       1   9.63110860e-04   1.25598165e-02
   524       2   2.07535751e-06   1.58516382e-11
   524       3   4.08323689e-16   0.00000000e+00
   525       1   2.43007141e-03   1.17855916e-02
   525       2   1.97697690e-06   1.48572444e-11
   525       3   4.09316754e-16   0.00000000e+00
   526       1   3.92054186e-03   1.10310352e-02
   526       2   1.87999271e-06   1.39532965e-11
   526       3   6.16383405e-16   0.00000000e+00
   527       1   5.44015762e-03   1.02946661e-02
   527       2   1.78409238e-06   1.29933953e-11
   527       3   2.06579244e-16   0.00000000e+00
   528       1   6.99496191e-03   9.57511741e-03
   528       2   1.68896199e-06   1.21363179e-11
   528       3   2.08024610e-16   0.00000000e+00
   529       1   8.59150240e-03   8.87112450e-03
   529       2   1.59428203e-06   1.12762345e-11
   529       3   2.09812188e-16   0.00000000e+00
   530       1   1.02369434e-02   8.18151454e-03
   530       2   1.49972294e-06   1.04142457e-11
   530       3   4.23920683e-16   0.00000000e+00
   531       1   1.19391980e-02   7.50519700e-03
   531       2   1.40494002e-06   9.60563899e-12
   531       3   2.14491279e-16   0.00000000e+00
   532       1   1.37070849e-02   6.84115534e-03
   532       2   1.30956776e-06   8.76657114e-12
   532       3   2.17431614e-16   0.00000000e+00
   533       1   1.55505181e-02   6.18843960e-03
   533       2   1.21321323e-06   7.91527493e-12
   533       3   2.20813056e-16   0.00000000e+00
   534       1   1.74807376e-02   5.54615981e-03
   534       2   1.11544819e-06   7.09468046e-12
   534       3   1.12336641e-16   0.00000000e+00
   535       1   1.95105928e-02   4.91348009e-03
   535       2   1.01579976e-06   6.37250765e-12
   535       3   1.14528512e-16   0.00000000e+00
   536       1   2.16548951e-02   4.28961331e-03
   536       2   9.13738797e-07   5.52241431e-12
   536       3   2.34017443e-16   0.00000000e+00
   537       1   2.39308606e-02   3.67381634e-03
   537       2   8.08665717e-07   4.81663525e-12
   537       3   1.19808938e-16   0.00000000e+00
   538       1   2.63586719e-02   3.06538573e-03
   538       2   6.99892492e-07   4.06259632e-12
   538       3   1.22967029e-16   0.00000000e+00
   539       1   2.89621981e-02   2.46365382e-03
   539       2   5.86619801e-07   3.28197613e-12
   539       3   0.00000000e+00   0.00000000e+00
   540       1   3.17699305e-02   1.86798518e-03
   540       2   4.67907490e-07   2.50754075e-12
   540       3   1.30548361e-16   0.00000000e+00
   541       1   3.48162111e-02   1.27777340e-03
   541       2   3.42635881e-07   1.82419637e-12
   541       3   1.35093606e-16   0.00000000e+00
   542       1   3.81428704e-02   6.92438101e-04
   542       2   2.09454357e-07   1.11066512e-12
   542       3   0.00000000e+00   0.00000000e+00
   543       1   4.18014414e-02   1.11422272e-04
   543       2   6.67119469e-08   3.99794893e-13
   543       3   1.46109009e-16   0.00000000e+00
   544       1   4.58562029e-02   4.65810265e-04
   544       2   8.76379606e-08   3.29998854e-13
   544       3   0.00000000e+00   0.00000000e+00
   545       1   5.03884389e-02   1.03977715e-03
   545       2   2.56170886e-07   1.06266985e-12
   545       3   0.00000000e+00   0.00000000e+00
   546       1   5.55025224e-02   1.61097961e-03
   546       2   4.42181507e-07   1.77676672e-12
   546       3   0.00000000e+00   0.00000000e+00
   547       1   6.13348064e-02   2.17990450e-03
   547       2   6.49961572e-07   2.43745113e-12
   547       3   0.00000000e+00   0.00000000e+00
   548       1   6.80669592e-02   2.74702613e-03
   548       2   8.85216662e-07   3.23070535e-12
   548       3   0.00000000e+00   0.00000000e+00
   549       1   7.59465723e-02   3.31280805e-03
   549       2   1.15571014e-06   3.90570635e-12
   549       3   2.06632326e-16   0.00000000e+00
   550       1   8.53201324e-02   3.87770475e-03
   550       2   1.47229334e-06   4.52212198e-12
   550       3   2.24261893e-16   0.00000000e+00
   551       1   9.66879737e-02   4.44216317e-03
   551       2   1.85062247e-06   5.28764958e-12
   551       3   2.45944866e-16   0.00000000e+00
   552       1   1.10800444e-01   5.00662430e-03
   552       2   2.31416298e-06   5.96203519e-12
   552       3   6.82987585e-16   0.00000000e+00
   553       1   1.28836497e-01   5.57152461e-03
   553       2   2.89976903e-06   6.69196386e-12
   553       3   6.16783262e-16   0.00000000e+00
   554       1   1.52760878e-01   6.13729744e-03
   554       2   3.66884232e-06   7.36806551e-12
   554       3   7.11001006e-16   0.00000000e+00
   555       1   1.86109930e-01   6.70437446e-03
   555       2   4.73188123e-06   8.07632548e-12
   555       3   6.32491022e-16   0.00000000e+00
   556       1   2.35956119e-01   7.27318694e-03
   556       2   6.30985343e-06   8.73214214e-12
   556       3   1.17258932e-15   0.00000000e+00
   557       1   3.18801626e-01   7.84416716e-03
   557       2   8.91831318e-06   9.48157298e-12
   557       3   1.54639892e-15   0.00000000e+00
   558       1   4.84152890e-01   8.41774971e-03
   558       2   1.41038667e-05   1.02741015e-11
   558       3   2.67757006e-15   0.00000000e+00
   559       1   9.79545156e-01   8.99437283e-03
   559       2   2.95993789e-05   1.09560877e-11
   559       3   5.30021396e-15   0.00000000e+00
   560       1   5.10242223e+04   9.57447976e-03
   560       2   2.68331801e+00   1.16536964e-11
   560       3   4.68774819e-10   0.00000000e+00
   560       4   0.00000000e+00   0.00000000e+00
   561       1   1.00001142e+00   1.01585201e-02
   561       2   3.22069013e-05   1.24396459e-11
   561       3   5.69225114e-15   0.00000000e+00
   562       1   5.04659332e-01   1.07469513e-02
   562       2   1.67123143e-05   1.31212694e-11
   562       3   2.94224411e-15   0.00000000e+00
   563       1   3.39332367e-01   1.13402397e-02
   563       2   1.15290983e-05   1.38148133e-11
   563       3   1.94386786e-15   0.00000000e+00
   564       1   2.56515327e-01   1.19388628e-02
   564       2   8.92402170e-06   1.45756207e-11
   564       3   1.44524886e-15   0.00000000e+00
   565       1   2.06704290e-01   1.25433098e-02
   565       2   7.35043907e-06   1.53408645e-11
   565       3   1.33760451e-15   0.00000000e+00
   566       1   1.73397749e-01   1.31540841e-02
   566       2   6.29279349e-06   1.61083337e-11
   566       3   1.10567385e-15   0.00000000e+00
   567       1   1.49523530e-01   1.37717043e-02
   567       2   5.53012398e-06   1.68616641e-11
   567       3   9.40354796e-16   0.00000000e+00
   568       1   1.31545475e-01   1.43967065e-02
   568       2   4.95194314e-06   1.76335208e-11
   568       3   8.16659422e-16   0.00000000e+00
   569       1   1.17498994e-01   1.50296457e-02
   569       2   4.49686323e-06   1.84891855e-11
   569       3   8.23664003e-16   0.00000000e+00
   570       1   1.06205286e-01   1.56710982e-02
   570       2   4.12804653e-06   1.92357225e-11
   570       3   7.36189570e-16   0.00000000e+00
   571       1   9.69141670e-02   1.63216635e-02
   571       2   3.82204651e-06   2.00540057e-11
   571       3   4.98633684e-16   0.00000000e+00
   572       1   8.91254755e-02   1.69819666e-02
   572       2   3.56322830e-06   2.09592745e-11
   572       3   7.56990564e-16   0.00000000e+00
   573       1   8.24929164e-02   1.76526605e-02
   573       2   3.34076444e-06   2.17436624e-11
   573       3   5.55637220e-16   0.00000000e+00
   574       1   7.67691077e-02   1.83344289e-02
   574       2   3.14691802e-06   2.24985726e-11
   574       3   5.12983061e-16   0.00000000e+00
   575       1   7.17726109e-02   1.90279887e-02
   575       2   2.97601269e-06   2.35039417e-11
   575       3   5.95207931e-16   0.00000000e+00
   576       1   6.73673247e-02   1.97340937e-02
   576       2   2.82378879e-06   2.43548474e-11
   576       3   5.55111932e-16   0.00000000e+00
   577       1   6.34491506e-02   2.04535374e-02
   577       2   2.68698682e-06   2.52098829e-11
   577       3   4.15913559e-16   0.00000000e+00
   578       1   5.99371047e-02   2.11871568e-02
   578       2   2.56306966e-06   2.61626861e-11
   578       3   3.90985906e-16   0.00000000e+00
   579       1   5.67672347e-02   2.19358366e-02
   579       2   2.45003259e-06   2.70481239e-11
   579       3   3.68791621e-16   0.00000000e+00
   580       1   5.38883629e-02   2.27005133e-02
   580       2   2.34627022e-06   2.80367612e-11
   580       3   3.48918863e-16   0.00000000e+00
   581       1   5.12590449e-02   2.34821802e-02
   581       2   2.25048149e-06   2.89570166e-11
   581       3   3.31034360e-16   0.00000000e+00
   582       1   4.88453578e-02   2.42818926e-02
   582       2   2.16160056e-06   2.99398493e-11
   582       3   4.72298324e-16   0.00000000e+00
   583       1   4.66192655e-02   2.51007735e-02
   583       2   2.07874571e-06   3.10439833e-11
   583       3   3.00187373e-16   0.00000000e+00
   584       1   4.45573926e-02   2.59400203e-02
   584       2   2.00118103e-06   3.20711665e-11
   584       3   2.86812380e-16   0.00000000e+00
   585       1   4.26400921e-02   2.68009116e-02
   585       2   1.92828732e-06   3.31373708e-11
   585       3   2.74583203e-16   0.00000000e+00
   586       1   4.08507291e-02   2.76848152e-02
   586       2   1.85953963e-06   3.42323092e-11
   586       3   2.63366769e-16   0.00000000e+00
   587       1   3.91751228e-02   2.85931969e-02
   587       2   1.79448988e-06   3.54236292e-11
   587       3   3.79574696e-16   0.00000000e+00
   588       1   3.76011087e-02   2.95276305e-02
   588       2   1.73275313e-06   3.65390243e-11
   588       3   3.65302900e-16   0.00000000e+00
   589       1   3.61181907e-02   3.04898083e-02
   589       2   1.67399675e-06   3.77459102e-11
   589       3   3.52109409e-16   0.00000000e+00
   590       1   3.47172635e-02   3.14815535e-02
   590       2   1.61793170e-06   3.90112553e-11
   590       3   2.26590456e-16   0.00000000e+00
   591       1   3.33903883e-02   3.25048342e-02
   591       2   1.56430552e-06   4.03111881e-11
   591       3   2.19024855e-16   0.00000000e+00
   592       1   3.21306101e-02   3.35617783e-02
   592       2   1.51289665e-06   4.16021363e-11
   592       3   4.23975548e-16   0.00000000e+00
   593       1   3.09318095e-02   3.46546915e-02
   593       2   1.46350973e-06   4.29705050e-11
   593       3   2.05430909e-16   0.00000000e+00
   594       1   2.97885790e-02   3.57860768e-02
   594       2   1.41597181e-06   4.43493558e-11
   594       3   1.99311696e-16   0.00000000e+00
   595       1   2.86961220e-02   3.69586567e-02
   595       2   1.37012911e-06   4.58895208e-11
   595       3   3.87184978e-16   0.00000000e+00
   596       1   2.76501675e-02   3.81753987e-02
   596       2   1.32584439e-06   4.74310805e-11
   596       3   3.76479748e-16   0.00000000e+00
   597       1   2.66468992e-02   3.94395446e-02
   597       2   1.28299474e-06   4.88779835e-11
   597       3   1.83224100e-16   0.00000000e+00
   598       1   2.56828957e-02   4.07546433e-02
   598       2   1.24146968e-06   5.06070319e-11
   598       3   1.78518596e-16   0.00000000e+00
   599       1   2.47550796e-02   4.21245892e-02
   599       2   1.20116958e-06   5.24097565e-11
   599       3   1.74099563e-16   0.00000000e+00
   600       1   2.38606748e-02   4.35536656e-02
   600       2   1.16200431e-06   5.41631262e-11
   600       3   1.69945628e-16   0.00000000e+00
   601       1   2.29971694e-02   4.50465959e-02
   601       2   1.12389209e-06   5.60591001e-11
   601       3   1.66037546e-16   0.00000000e+00
   602       1   2.21622842e-02   4.66086023e-02
   602       2   1.08675848e-06   5.79984735e-11
   602       3   1.62357951e-16   0.00000000e+00
   603       1   2.13539457e-02   4.82454739e-02
   603       2   1.05053557e-06   6.00511692e-11
   603       3   3.17782270e-16   0.00000000e+00
   604       1   2.05702626e-02   4.99636466e-02
   604       2   1.01516121e-06   6.21752353e-11
   604       3   1.55622861e-16   0.00000000e+00
   605       1   1.98095053e-02   5.17702976e-02
   605       2   9.80578368e-07   6.44873246e-11
   605       3   1.52540198e-16   0.00000000e+00
   606       1   1.90700883e-02   5.36734552e-02
   606       2   9.46734593e-07   6.68882175e-11
   606       3   1.49631385e-16   0.00000000e+00
   607       1   1.83505547e-02   5.56821302e-02
   607       2   9.13581514e-07   6.93834997e-11
   607       3   1.46885700e-16   0.00000000e+00
   608       1   1.76495630e-02   5.78064718e-02
   608       2   8.81074425e-07   7.21104138e-11
   608       3   1.44293359e-16   0.00000000e+00
   609       1   1.69658745e-02   6.00579539e-02
   609       2   8.49171899e-07   7.48897121e-11
   609       3   1.41845416e-16   0.00000000e+00
   610       1   1.62983435e-02   6.24495998e-02
   610       2   8.17835466e-07   7.79534290e-11
   610       3   2.79067370e-16   0.00000000e+00
   611       1   1.56459077e-02   6.49962532e-02
   611       2   7.87029317e-07   8.11117111e-11
   611       3   2.74701324e-16   0.00000000e+00
   612       1   1.50075801e-02   6.77149093e-02
   612       2   7.56720048e-07   8.45597080e-11
   612       3   1.35289463e-16   0.00000000e+00
   613       1   1.43824418e-02   7.06251201e-02
   613       2   7.26876423e-07   8.82182159e-11
   613       3   1.33343768e-16   0.00000000e+00
   614       1   1.37696352e-02   7.37494945e-02
   614       2   6.97469178e-07   9.22252632e-11
   614       3   1.31507764e-16   0.00000000e+00
   615       1   1.31683585e-02   7.71143214e-02
   615       2   6.68470829e-07   9.63925785e-11
   615       3   0.00000000e+00   0.00000000e+00
   616       1   1.25778605e-02   8.07503513e-02
   616       2   6.39855513e-07   1.01123207e-10
   616       3   1.28143886e-16   0.00000000e+00
   617       1   1.19974357e-02   8.46937850e-02
   617       2   6.11598836e-07   1.06112128e-10
   617       3   0.00000000e+00   0.00000000e+00
   618       1   1.14264204e-02   8.89875385e-02
   618       2   5.83677741e-07   1.11663801e-10
   618       3   2.50319957e-16   0.00000000e+00
   619       1   1.08641887e-02   9.36828763e-02
   619       2   5.56070391e-07   1.17633637e-10
   619       3   1.23800286e-16   0.00000000e+00
   620       1   1.03101491e-02   9.88415455e-02
   620       2   5.28756053e-07   1.24232352e-10
   620       3   1.22523951e-16   0.00000000e+00
   621       1   9.76374159e-03   1.04538600e-01
   621       2   5.01715003e-07   1.31399097e-10
   621       3   1.21327720e-16   0.00000000e+00
   622       1   9.22443456e-03   1.10866188e-01
   622       2   4.74928437e-07   1.39546934e-10
   622       3   0.00000000e+00   0.00000000e+00
   623       1   8.69172242e-03   1.17938713e-01
   623       2   4.48378386e-07   1.48618168e-10
   623       3   1.19163831e-16   0.00000000e+00
   624       1   8.16512315e-03   1.25899978e-01
   624       2   4.22047640e-07   1.58822400e-10
   624       3   1.18190893e-16   0.00000000e+00
   625       1   7.64417617e-03   1.34933274e-01
   625       2   3.95919679e-07   1.70464437e-10
   625       3   1.17287468e-16   0.00000000e+00
   626       1   7.12844036e-03   1.45275921e-01
   626       2   3.69978613e-07   1.83760373e-10
   626       3   0.00000000e+00   0.00000000e+00
   627       1   6.61749221e-03   1.57240740e-01
   627       2   3.44209115e-07   1.99387993e-10
   627       3   1.15680857e-16   0.00000000e+00
   628       1   6.11092415e-03   1.71248631e-01
   628       2   3.18596373e-07   2.17520175e-10
   628       3   0.00000000e+00   0.00000000e+00
   629       1   5.60834292e-03   1.87879597e-01
   629       2   2.93126036e-07   2.39213219e-10
   629       3   1.14329197e-16   0.00000000e+00
   630       1   5.10936818e-03   2.07955620e-01
   630       2   2.67784165e-07   2.65523512e-10
   630       3   1.13745078e-16   0.00000000e+00
   631       1   4.61363108e-03   2.32681261e-01
   631       2   2.42557192e-07   2.98063837e-10
   631       3   0.00000000e+00   0.00000000e+00
   632       1   4.12077295e-03   2.63894916e-01
   632       2   2.17431872e-07   3.39406502e-10
   632       3   1.12753797e-16   0.00000000e+00
   633       1   3.63044415e-03   3.04547314e-01
   633       2   1.92395249e-07   3.93736793e-10
   633       3   0.00000000e+00   0.00000000e+00
   634       1   3.14230283e-03   3.59688581e-01
   634       2   1.67434613e-07   4.68138123e-10
   634       3   0.00000000e+00   0.00000000e+00
   635       1   2.65601388e-03   4.38726350e-01
   635       2   1.42537466e-07   5.76038449e-10
   635       3   0.00000000e+00   0.00000000e+00
   636       1   2.17124784e-03   5.61368610e-01
   636       2   1.17691486e-07   7.46473375e-10
   636       3   1.11451533e-16   0.00000000e+00
   637       1   1.68767988e-03   7.76774839e-01
   637       2   9.28844950e-08   1.05332681e-09
   637       3   0.00000000e+00   0.00000000e+00
   638       1   1.20498882e-03   1.24908781e+00
   638       2   6.81044227e-08   1.75277250e-09
   638       3   1.11129385e-16   0.00000000e+00
   639       1   7.22856171e-04   2.99899015e+00
   639       2   4.33392765e-08   4.53736587e-09
   639       3   0.00000000e+00   0.00000000e+00
   640       1   2.40965153e-04   2.47374068e+07
   640       2   1.85771094e-08   4.85244282e-02
   640       3   0.00000000e+00   0.00000000e+00