  TimeWindow  Iteration  ResRel(Mass-Left-Mesh:Displacement-Left)  ResRel(Mass-Left-Mesh:Displacement-Right)
     1       1   1.00000000e+00   1.00000000e+00
     1       2   6.92845283e-08   4.65288186e-09
     1       3   1.11111804e-16   0.00000000e+00
     2       1   2.42253263e-03   7.49798459e-01
     2       2   3.46978245e-07   8.08925768e-09
     2       3   6.68285621e-16   0.00000000e+00
     3       1   4.04679815e-03   5.54958066e-01
     3       2   6.25908435e-07   6.67006360e-09
     3       3   1.11831603e-15   0.00000000e+00
     4       1   5.68267845e-03   4.36440576e-01
     4       2   9.06539190e-07   5.47711670e-09
     4       3   1.68700506e-15   0.00000000e+00
     5       1   7.33394612e-03   3.58448889e-01
     5       2   1.18934906e-06   4.60375323e-09
     5       3   2.37912562e-15   0.00000000e+00
     6       1   9.00452790e-03   3.03496414e-01
     6       2   1.47483564e-06   3.95648058e-09
     6       3   2.97210332e-15   0.00000000e+00
     7       1   1.06985482e-02   2.62728577e-01
     7       2   1.76352052e-06   3.46099419e-09
     7       3   3.46603293e-15   0.00000000e+00
     8       1   1.24203774e-02   2.31271659e-01
     8       2   2.05595484e-06   3.06994202e-09
     8       3   3.97695184e-15   0.00000000e+00
     9       1   1.41746856e-02   2.06241603e-01
     9       2   2.35272544e-06   2.75356283e-09
     9       3   4.50782197e-15   0.00000000e+00
    10       1   1.59665042e-02   1.85828526e-01
    10       2   2.65446194e-06   2.49220243e-09
    10       3   5.06186650e-15   0.00000000e+00
    11       1   1.78012965e-02   1.68841243e-01
    11       2   2.96184477e-06   2.27154933e-09
    11       3   5.76528748e-15   0.00000000e+00
    12       1   1.96850398e-02   1.54464499e-01
    12       2   3.27561462e-06   2.08669174e-09
    12       3   6.50415794e-15   0.00000000e+00
    13       1   2.16243217e-02   1.42121845e-01
    13       2   3.59658347e-06   1.92443479e-09
    13       3   6.77256631e-15   0.00000000e+00
    14       1   2.36264549e-02   1.31394315e-01
    14       2   3.92564761e-06   1.78323877e-09
    14       3   7.71736791e-15   0.00000000e+00
    15       1   2.56996141e-02   1.21970142e-01
    15       2   4.26380333e-06   1.65970423e-09
    15       3   8.18399524e-15   0.00000000e+00
    16       1   2.78530007e-02   1.13612561e-01
    16       2   4.61216568e-06   1.54925365e-09
    16       3   8.96350562e-15   0.00000000e+00
    17       1   3.00970442e-02   1.06138532e-01
    17       2   4.97199137e-06   1.44996353e-09
    17       3   9.65938403e-15   0.00000000e+00
    18       1   3.24436489e-02   9.94043170e-02
    18       2   5.34470679e-06   1.35891133e-09
    18       3   1.04126892e-14   0.00000000e+00
    19       1   3.49064992e-02   9.32954518e-02
    19       2   5.73194266e-06   1.27751359e-09
    19       3   1.12314260e-14   0.00000000e+00
    20       1   3.75014409e-02   8.77196413e-02
    20       2   6.13557733e-06   1.20423460e-09
    20       3   1.19674829e-14   0.00000000e+00
    21       1   4.02469628e-02   8.26016218e-02
    21       2   6.55779119e-06   1.13416214e-09
    21       3   1.29404663e-14   0.00000000e+00
    22       1   4.31648087e-02   7.78793873e-02
    22       2   7.00113608e-06   1.07109589e-09
    22       3   1.38406899e-14   0.00000000e+00
    23       1   4.62807672e-02   7.35013742e-02
    23       2   7.46862446e-06   1.01195519e-09
    23       3   1.44811395e-14   0.00000000e+00
    24       1   4.96256990e-02   6.94243325e-02
    24       2   7.96384550e-06   9.56577663e-10
    24       3   1.55749553e-14   0.00000000e+00
    25       1   5.32368924e-02   6.56116951e-02
    25       2   8.49111815e-06   9.04760149e-10
    25       3   1.69968931e-14   0.00000000e+00
    26       1   5.71598766e-02   6.20323143e-02
    26       2   9.05569565e-06   8.57213140e-10
    26       3   1.77593373e-14   0.00000000e+00
    27       1   6.14508822e-02   5.86594738e-02
    27       2   9.66404303e-06   8.11696811e-10
    27       3   1.92940228e-14   0.00000000e+00
    28       1   6.61802391e-02   5.54701056e-02
    28       2   1.03242201e-05   7.67748941e-10
    28       3   2.03342487e-14   0.00000000e+00
    29       1   7.14371547e-02   5.24441667e-02
    29       2   1.10464198e-05   7.28982584e-10
    29       3   2.19132954e-14   0.00000000e+00
    30       1   7.73365761e-02   4.95641369e-02
    30       2   1.18437412e-05   6.88210152e-10
    30       3   2.36077150e-14   0.00000000e+00
    31       1   8.40292799e-02   4.68146106e-02
    31       2   1.27333254e-05   6.49034098e-10
    31       3   2.48515004e-14   0.00000000e+00
    32       1   9.17171127e-02   4.41819639e-02
    32       2   1.37380717e-05   6.15799625e-10
    32       3   2.74534169e-14   0.00000000e+00
    33       1   1.00676736e-01   4.16540800e-02
    33       2   1.48893097e-05   5.78564773e-10
    33       3   2.89726627e-14   0.00000000e+00
    34       1   1.11297981e-01   3.92201205e-02
    34       2   1.62311169e-05   5.48203781e-10
    34       3   3.21967389e-14   0.00000000e+00
    35       1   1.24148503e-01   3.68703358e-02
    35       2   1.78275931e-05   5.16798471e-10
    35       3   3.54161145e-14   0.00000000e+00
    36       1   1.40088481e-01   3.45959036e-02
    36       2   1.97757686e-05   4.84335274e-10
    36       3   3.93641237e-14   0.00000000e+00
    37       1   1.60487286e-01   3.23887927e-02
    37       2   2.22299814e-05   4.53982174e-10
    37       3   4.37710733e-14   0.00000000e+00
    38       1   1.87666213e-01   3.02416470e-02
    38       2   2.54516921e-05   4.25146921e-10
    38       3   5.05885554e-14   0.00000000e+00
    39       1   2.25900484e-01   2.81476842e-02
    39       2   2.99222176e-05   3.97370847e-10
    39       3   6.03039291e-14   0.00000000e+00
    40       1   2.84024472e-01   2.61006086e-02
    40       2   3.66358357e-05   3.67819489e-10
    40       3   7.24866147e-14   0.00000000e+00
    41       1   3.83721290e-01   2.40945337e-02
    41       2   4.80323828e-05   3.40642760e-10
    41       3   9.51676584e-14   0.00000000e+00
    42       1   5.96235629e-01   2.21239139e-02
    42       2   7.21273174e-05   3.13532285e-10
    42       3   1.44016065e-13   0.00000000e+00
    43       1   1.37283413e+00   2.01834827e-02
    43       2   1.59682259e-04   2.86455427e-10
    43       3   3.16136207e-13   0.00000000e+00
    44       1   4.05215113e+00   1.82681957e-02
    44       2   4.50717220e-04   2.61308421e-10
    44       3   9.12616089e-13   0.00000000e+00
    45       1   7.96228599e-01   1.63731785e-02
    45       2   8.39572378e-05   2.34122754e-10
    45       3   1.66509771e-13   0.00000000e+00
    46       1   4.33319364e-01   1.44936766e-02
    46       2   4.29027742e-05   2.06902174e-10
    46       3   8.39618082e-14   0.00000000e+00
    47       1   2.93017895e-01   1.26250075e-02
    47       2   2.68916460e-05   1.83669088e-10
    47       3   5.46982874e-14   0.00000000e+00
    48       1   2.18171544e-01   1.07625133e-02
    48       2   1.82369468e-05   1.56854831e-10
    48       3   3.61753706e-14   0.00000000e+00
    49       1   1.71358376e-01   8.90151264e-03
    49       2   1.27266932e-05   1.32142101e-10
    49       3   2.61425575e-14   0.00000000e+00
    50       1   1.39104145e-01   7.03725203e-03
    50       2   8.84379781e-06   1.05746931e-10
    50       3   1.76048642e-14   0.00000000e+00
    51       1   1.15366699e-01   5.16485377e-03
    51       2   5.90743158e-06   7.99551366e-11
    51       3   1.22113857e-14   0.00000000e+00
    52       1   9.70315271e-02   3.27926054e-03
    52       2   3.56610895e-06   5.33203798e-11
    52       3   7.19121887e-15   0.00000000e+00
    53       1   8.23290482e-02   1.37517457e-03
    53       2   1.61956864e-06   2.72602249e-11
    53       3   3.37291593e-15   0.00000000e+00
    54       1   7.01783134e-02   5.53010037e-04
    54       2   5.50961970e-08   1.29228183e-12
    54       3   2.72713931e-16   0.00000000e+00
    55       1   5.98806932e-02   2.51128397e-03
    55       2   1.53792770e-06   2.52655999e-11
    55       3   2.30744914e-15   0.00000000e+00
    56       1   5.09635476e-02   4.50611075e-03
    56       2   2.88371939e-06   5.38920567e-11
    56       3   5.71793391e-15   0.00000000e+00
    57       1   4.30946362e-02   6.54452912e-03
    57       2   4.13167697e-06   8.10254366e-11
    57       3   7.68338161e-15   0.00000000e+00
    58       1   3.60325059e-02   8.63427362e-03
    58       2   5.31103662e-06   1.10260263e-10
    58       3   9.98754060e-15   0.00000000e+00
    59       1   2.95963308e-02   1.07839181e-02
    59       2   6.44450206e-06   1.40516839e-10
    59       3   1.24143228e-14   0.00000000e+00
    60       1   2.36468068e-02   1.30030482e-02
    60       2   7.55044700e-06   1.68698210e-10
    60       3   1.36091758e-14   0.00000000e+00
    61       1   1.80735960e-02   1.53024711e-02
    61       2   8.64439256e-06   2.01172429e-10
    61       3   1.67038669e-14   0.00000000e+00
    62       1   1.27867836e-02   1.76944726e-02
    62       2   9.74004833e-06   2.33540040e-10
    62       3   1.81391293e-14   0.00000000e+00
    63       1   7.71085700e-03   2.01931347e-02
    63       2   1.08500892e-05   2.69772988e-10
    63       3   2.12716232e-14   0.00000000e+00
    64       1   2.78029545e-03   2.28147341e-02
    64       2   1.19867764e-05   3.05333068e-10
    64       3   2.32518648e-14   0.00000000e+00
    65       1   2.06381106e-03   2.55782440e-02
    65       2   1.31624957e-05   3.44502249e-10
    65       3   2.57521293e-14   0.00000000e+00
    66       1   6.87650550e-03   2.85059753e-02
    66       2   1.43902683e-05   3.84359898e-10
    66       3   2.81924698e-14   0.00000000e+00
    67       1   1.17113508e-02   3.16244036e-02
    67       2   1.56842807e-05   4.28743264e-10
    67       3   3.08122975e-14   0.00000000e+00
    68       1   1.66226843e-02   3.49652498e-02
    68       2   1.70604796e-05   4.74688100e-10
    68       3   3.36520774e-14   0.00000000e+00
    69       1   2.16679422e-02   3.85669100e-02
    69       2   1.85372858e-05   5.24632105e-10
    69       3   3.65429139e-14   0.00000000e+00
    70       1   2.69102695e-02   4.24763734e-02
    70       2   2.01364953e-05   5.76565778e-10
    70       3   3.93018947e-14   0.00000000e+00
    71       1   3.24216741e-02   4.67518382e-02
    71       2   2.18844626e-05   6.36644671e-10
    71       3   4.29822457e-14   0.00000000e+00
    72       1   3.82870784e-02   5.14663375e-02
    72       2   2.38137047e-05   7.01959575e-10
    72       3   4.66499313e-14   0.00000000e+00
    73       1   4.46097847e-02   5.67128654e-02
    73       2   2.59651408e-05   7.77334967e-10
    73       3   5.14645401e-14   0.00000000e+00
    74       1   5.15191508e-02   6.26117798e-02
    74       2   2.83913019e-05   8.56687638e-10
    74       3   5.56829468e-14   0.00000000e+00
    75       1   5.91817685e-02   6.93217578e-02
    75       2   3.11610601e-05   9.49504356e-10
    75       3   6.14684900e-14   0.00000000e+00
    76       1   6.78183179e-02   7.70564656e-02
    76       2   3.43668093e-05   1.05531512e-09
    76       3   6.74088407e-14   0.00000000e+00
    77       1   7.77299175e-02   8.61107533e-02
    77       2   3.81357322e-05   1.18147959e-09
    77       3   7.50354168e-14   0.00000000e+00
    78       1   8.93409995e-02   9.69033928e-02
    78       2   4.26481710e-05   1.32966979e-09
    78       3   8.36445709e-14   0.00000000e+00
    79       1   1.03272341e-01   1.10049982e-01
    79       2   4.81689536e-05   1.51296167e-09
    79       3   9.47671301e-14   0.00000000e+00
    80       1   1.20472426e-01   1.26494170e-01
    80       2   5.51037685e-05   1.74127060e-09
    80       3   1.08537619e-13   0.00000000e+00
    81       1   1.42469981e-01   1.47760017e-01
    81       2   6.41075691e-05   2.03458368e-09
    81       3   1.26075908e-13   0.00000000e+00
    82       1   1.71901924e-01   1.76479646e-01
    82       2   7.63112253e-05   2.43112294e-09
    82       3   1.50178077e-13   0.00000000e+00
    83       1   2.13745227e-01   2.17624440e-01
    83       2   9.38503676e-05   3.00172085e-09
    83       3   1.84874501e-13   0.00000000e+00
    84       1   2.78660697e-01   2.81846842e-01
    84       2   1.21300810e-04   3.89130449e-09
    84       3   2.39259144e-13   0.00000000e+00
    85       1   3.94363076e-01   3.96842498e-01
    85       2   1.70558969e-04   5.48390741e-09
    85       3   3.36041812e-13   0.00000000e+00
    86       1   6.62484381e-01   6.64160947e-01
    86       2   2.85243953e-04   9.18057829e-09
    86       3   5.61731023e-13   0.00000000e+00
    87       1   1.99838308e+00   1.99774450e+00
    87       2   8.57924512e-04   2.76421339e-08
    87       3   1.69173145e-12   0.00000000e+00
    88       1   1.99914196e+00   2.00000011e+00
    88       2   8.59378564e-04   2.76931507e-08
    88       3   1.69443861e-12   0.00000000e+00
    89       1   6.66296343e-01   6.66415893e-01
    89       2   2.86698217e-04   9.23391809e-09
    89       3   5.65215339e-13   0.00000000e+00
    90       1   3.98422492e-01   3.99096592e-01
    90       2   1.72014541e-04   5.53240279e-09
    90       3   3.38992312e-13   0.00000000e+00
    91       1   2.82792404e-01   2.84099679e-01
    91       2   1.22758399e-04   3.94174660e-09
    91       3   2.42155225e-13   0.00000000e+00
    92       1   2.17911377e-01   2.19875602e-01
    92       2   9.53106771e-05   3.05466629e-09
    92       3   1.88533669e-13   0.00000000e+00
    93       1   1.76090625e-01   1.78728707e-01
    93       2   7.77749711e-05   2.48392911e-09
    93       3   1.53480280e-13   0.00000000e+00
    94       1   1.46677113e-01   1.50006546e-01
    94       2   6.55754897e-05   2.08715382e-09
    94       3   1.29751597e-13   0.00000000e+00
    95       1   1.24696889e-01   1.28737729e-01
    95       2   5.65766304e-05   1.79169153e-09
    95       3   1.11540640e-13   0.00000000e+00
    96       1   1.07514446e-01   1.12290125e-01
    96       2   4.96475574e-05   1.56396342e-09
    96       3   9.80217622e-14   0.00000000e+00
    97       1   9.36018272e-02   9.91396641e-02
    97       2   4.41333584e-05   1.38344502e-09
    97       3   8.78094485e-14   0.00000000e+00
    98       1   8.20110334e-02   8.83426873e-02
    98       2   3.96283929e-05   1.23219420e-09
    98       3   7.79030145e-14   0.00000000e+00
    99       1   7.21216416e-02   7.92835847e-02
    99       2   3.58678896e-05   1.10688917e-09
    99       3   7.06610234e-14   0.00000000e+00
   100       1   6.35095152e-02   7.15435713e-02
   100       2   3.26715718e-05   9.99759422e-10
   100       3   6.46526700e-14   0.00000000e+00
   101       1   5.58738099e-02   6.48277824e-02
   101       2   2.99123333e-05   9.07566507e-10
   101       3   5.93428600e-14   0.00000000e+00
   102       1   4.89941227e-02   5.89225354e-02
   102       2   2.74978689e-05   8.25377150e-10
   102       3   5.44479927e-14   0.00000000e+00
   103       1   4.27041565e-02   5.36691353e-02
   103       2   2.53594093e-05   7.54075088e-10
   103       3   5.04580899e-14   0.00000000e+00
   104       1   3.68748786e-02   4.89472045e-02
   104       2   2.34445435e-05   6.87031471e-10
   104       3   4.64208262e-14   0.00000000e+00
   105       1   3.14033535e-02   4.46637271e-02
   105       2   2.17124920e-05   6.29079915e-10
   105       3   4.31876760e-14   0.00000000e+00
   106       1   2.62050788e-02   4.07456464e-02
   106       2   2.01309009e-05   5.74733518e-10
   106       3   4.02188289e-14   0.00000000e+00
   107       1   2.12085338e-02   3.71347381e-02
   107       2   1.86736076e-05   5.25826015e-10
   107       3   3.72500987e-14   0.00000000e+00
   108       1   1.63511435e-02   3.37839846e-02
   108       2   1.73190423e-05   4.76986419e-10
   108       3   3.39351660e-14   0.00000000e+00
   109       1   1.15761439e-02   3.06549590e-02
   109       2   1.60490524e-05   4.33592147e-10
   109       3   3.16908058e-14   0.00000000e+00
   110       1   6.82999728e-03   2.77159065e-02
   110       2   1.48480113e-05   3.93121679e-10
   110       3   2.94310052e-14   0.00000000e+00
   111       1   2.06009956e-03   2.49403147e-02
   111       2   1.37021171e-05   3.55301491e-10
   111       3   2.73311396e-14   0.00000000e+00
   112       1   2.78743277e-03   2.23058326e-02
   112       2   1.25988144e-05   3.18752626e-10
   112       3   2.53623202e-14   0.00000000e+00
   113       1   7.77009436e-03   1.97934432e-02
   113       2   1.15262867e-05   2.82983757e-10
   113       3   2.28800383e-14   0.00000000e+00
   114       1   1.29516603e-02   1.73868221e-02
   114       2   1.04729753e-05   2.49127625e-10
   114       3   2.02534388e-14   0.00000000e+00
   115       1   1.84054658e-02   1.50718350e-02
   115       2   9.42708197e-06   2.17536625e-10
   115       3   1.84999735e-14   0.00000000e+00
   116       1   2.42186750e-02   1.28361394e-02
   116       2   8.37600507e-06   1.87139848e-10
   116       3   1.67702256e-14   0.00000000e+00
   117       1   3.04981010e-02   1.06688661e-02
   117       2   7.30564368e-06   1.56943989e-10
   117       3   1.45885425e-14   0.00000000e+00
   118       1   3.73784563e-02   8.56036130e-03
   118       2   6.19947435e-06   1.28164503e-10
   118       3   1.25728063e-14   0.00000000e+00
   119       1   4.50344743e-02   6.50197692e-03
   119       2   5.03724915e-06   9.92956680e-11
   119       3   1.00976280e-14   0.00000000e+00
   120       1   5.36993469e-02   4.48589698e-03
   120       2   3.79306223e-06   7.20914906e-11
   120       3   8.20426365e-15   0.00000000e+00
   121       1   6.36938287e-02   2.50499340e-03
   121       2   2.43233933e-06   4.39651450e-11
   121       3   5.04520775e-15   0.00000000e+00
   122       1   7.54741063e-02   5.52704571e-04
   122       2   9.06922723e-07   1.60713987e-11
   122       3   1.75978223e-15   0.00000000e+00
   123       1   8.97143807e-02   1.37706809e-03
   123       2   8.53374928e-07   1.01434156e-11
   123       3   1.11863405e-15   0.00000000e+00
   124       1   1.07457701e-01   3.29004927e-03
   124       2   2.95616669e-06   3.57719198e-11
   124       3   4.95534492e-15   0.00000000e+00
   125       1   1.30411512e-01   5.19166778e-03
   125       2   5.57662998e-06   6.27356739e-11
   125       3   1.00027638e-14   0.00000000e+00
   126       1   1.61580894e-01   7.08712572e-03
   126       2   9.02205262e-06   9.03131298e-11
   126       3   1.77769391e-14   0.00000000e+00
   127       1   2.06795712e-01   8.98146102e-03
   127       2   1.38874653e-05   1.14809723e-10
   127       3   2.59397036e-14   0.00000000e+00
   128       1   2.79057127e-01   1.08796050e-02
   128       2   2.14985550e-05   1.41136624e-10
   128       3   3.96338407e-14   0.00000000e+00
   129       1   4.14475178e-01   1.27864362e-02
   129       2   3.55356328e-05   1.68887806e-10
   129       3   6.89958052e-14   0.00000000e+00
   130       1   7.64712741e-01   1.47068324e-02
   130       2   7.14525712e-05   1.96132358e-10
   130       3   1.38646237e-13   0.00000000e+00
   131       1   3.90897141e+00   1.66457216e-02
   131       2   3.91949890e-04   2.22930906e-10
   131       3   7.64082475e-13   0.00000000e+00
   132       1   1.32744396e+00   1.86081324e-02
   132       2   1.41336912e-04   2.50739017e-10
   132       3   2.79451477e-13   0.00000000e+00
   133       1   5.78523058e-01   2.05992470e-02
   133       2   6.47945001e-05   2.78805125e-10
   133       3   1.28098504e-13   0.00000000e+00
   134       1   3.73508269e-01   2.26244552e-02
   134       2   4.37007179e-05   3.05681638e-10
   134       3   8.52899790e-14   0.00000000e+00
   135       1   2.77300758e-01   2.46894133e-02
   135       2   3.37030404e-05   3.34045583e-10
   135       3   6.50732120e-14   0.00000000e+00
   136       1   2.21191762e-01   2.68001074e-02
   136       2   2.77979695e-05   3.64116453e-10
   136       3   5.41024619e-14   0.00000000e+00
   137       1   1.84268152e-01   2.89629231e-02
   137       2   2.38536545e-05   3.94485152e-10
   137       3   4.65763601e-14   0.00000000e+00
   138       1   1.58008842e-01   3.11847241e-02
   138       2   2.10012919e-05   4.26877789e-10
   138       3   4.14209490e-14   0.00000000e+00
   139       1   1.38290078e-01   3.34729405e-02
   139       2   1.88202763e-05   4.58979495e-10
   139       3   3.74655329e-14   0.00000000e+00
   140       1   1.22872733e-01   3.58356706e-02
   140       2   1.70821036e-05   4.90326311e-10
   140       3   3.31956687e-14   0.00000000e+00
   141       1   1.10435878e-01   3.82817982e-02
   141       2   1.56518700e-05   5.25654163e-10
   141       3   3.10115832e-14   0.00000000e+00
   142       1   1.00149732e-01   4.08211298e-02
   142       2   1.44447476e-05   5.61803988e-10
   142       3   2.84394237e-14   0.00000000e+00
   143       1   9.14666845e-02   4.34645556e-02
   143       2   1.34046829e-05   5.98403615e-10
   143       3   2.61614916e-14   0.00000000e+00
   144       1   8.40106535e-02   4.62242413e-02
   144       2   1.24931201e-05   6.38913932e-10
   144       3   2.47035750e-14   0.00000000e+00
   145       1   7.75147231e-02   4.91138562e-02
   145       2   1.16826433e-05   6.78193462e-10
   145       3   2.30618720e-14   0.00000000e+00
   146       1   7.17841457e-02   5.21488492e-02
   146       2   1.09532050e-05   7.20609819e-10
   146       3   2.16599626e-14   0.00000000e+00
   147       1   6.66734376e-02   5.53467821e-02
   147       2   1.02897902e-05   7.65192400e-10
   147       3   2.02160264e-14   0.00000000e+00
   148       1   6.20716775e-02   5.87277389e-02
   148       2   9.68091753e-06   8.13547390e-10
   148       3   1.90722525e-14   0.00000000e+00
   149       1   5.78927740e-02   6.23148282e-02
   149       2   9.11764599e-06   8.63407086e-10
   149       3   1.79682707e-14   0.00000000e+00
   150       1   5.40688455e-02   6.61348090e-02
   150       2   8.59289970e-06   9.17549055e-10
   150       3   1.69968931e-14   0.00000000e+00
   151       1   5.05456112e-02   7.02188737e-02
   151       2   8.10099724e-06   9.76129599e-10
   151       3   1.59502555e-14   0.00000000e+00
   152       1   4.72791136e-02   7.46036397e-02
   152       2   7.63731691e-06   1.03761294e-09
   152       3   1.50174781e-14   0.00000000e+00
   153       1   4.42333437e-02   7.93324150e-02
   153       2   7.19805411e-06   1.10407148e-09
   153       3   1.41824354e-14   0.00000000e+00
   154       1   4.13784930e-02   8.44568328e-02
   154       2   6.78004252e-06   1.17807257e-09
   154       3   1.34318764e-14   0.00000000e+00
   155       1   3.86896451e-02   9.00389873e-02
   155       2   6.38062023e-06   1.25640892e-09
   155       3   1.25973505e-14   0.00000000e+00
   156       1   3.61457841e-02   9.61542573e-02
   156       2   5.99752816e-06   1.34352406e-09
   156       3   1.19903062e-14   0.00000000e+00
   157       1   3.37290337e-02   1.02895095e-01
   157       2   5.62883206e-06   1.43909919e-09
   157       3   1.08526620e-14   0.00000000e+00
   158       1   3.14240658e-02   1.10376185e-01
   158       2   5.27286170e-06   1.54739874e-09
   158       3   1.03696329e-14   0.00000000e+00
   159       1   2.92176360e-02   1.18741589e-01
   159       2   4.92816325e-06   1.66704007e-09
   159       3   9.79090616e-15   0.00000000e+00
   160       1   2.70982155e-02   1.28174830e-01
   160       2   4.59346128e-06   1.80070383e-09
   160       3   9.25730612e-15   0.00000000e+00
   161       1   2.50556964e-02   1.38913431e-01
   161       2   4.26762839e-06   1.95657615e-09
   161       3   8.37138215e-15   0.00000000e+00
   162       1   2.30811533e-02   1.51270381e-01
   162       2   3.94966059e-06   2.13588238e-09
   162       3   7.79484049e-15   0.00000000e+00
   163       1   2.11666495e-02   1.65666700e-01
   163       2   3.63865717e-06   2.34621601e-09
   163       3   7.12955775e-15   0.00000000e+00
   164       1   1.93050769e-02   1.82682449e-01
   164       2   3.33380412e-06   2.59197944e-09
   164       3   6.50128164e-15   0.00000000e+00
   165       1   1.74900241e-02   2.03139579e-01
   165       2   3.03436035e-06   2.89004242e-09
   165       3   5.90551092e-15   0.00000000e+00
   166       1   1.57156653e-02   2.28242487e-01
   166       2   2.73964610e-06   3.26148738e-09
   166       3   5.57546403e-15   0.00000000e+00
   167       1   1.39766672e-02   2.59829186e-01
   167       2   2.44903314e-06   3.72708956e-09
   167       3   4.79573605e-15   0.00000000e+00
   168       1   1.22681090e-02   3.00849651e-01
   168       2   2.16193636e-06   4.33709552e-09
   168       3   4.50584282e-15   0.00000000e+00
   169       1   1.05854141e-02   3.56352574e-01
   169       2   1.87780655e-06   5.17386648e-09
   169       3   3.88659665e-15   0.00000000e+00
   170       1   8.92429031e-03   4.35742772e-01
   170       2   1.59612396e-06   6.38585872e-09
   170       3   3.17216750e-15   0.00000000e+00
   171       1   7.28067722e-03   5.58722241e-01
   171       2   1.31639276e-06   8.29365008e-09
   171       3   2.58674110e-15   0.00000000e+00
   172       1   5.65069909e-03   7.74435733e-01
   172       2   1.03813586e-06   1.17279878e-08
   172       3   2.01296886e-15   0.00000000e+00
   173       1   4.03062217e-03   1.24697921e+00
   173       2   7.60890333e-07   1.95435764e-08
   173       3   1.55933312e-15   0.00000000e+00
   174       1   2.41681519e-03   2.99677802e+00
   174       2   4.84203069e-07   5.06610878e-08
   174       3   1.00000623e-15   0.00000000e+00
   175       1   8.05712189e-04   3.45615907e+06
   175       2   2.07626676e-07   7.37550202e-02
   175       3   4.44089210e-16   2.04444710e-13
   176       1   8.06223135e-04   1.00000031e+00
   176       2   6.92844803e-08   4.65262934e-09
   176       3   0.00000000e+00   0.00000000e+00
   177       1   2.42253248e-03   7.49798561e-01
   177       2   3.46978197e-07   8.08861881e-09
   177       3   5.56904684e-16   0.00000000e+00
   178       1   4.04679800e-03   5.54958111e-01
   178       2   6.25908387e-07   6.66990872e-09
   178       3   1.11831603e-15   0.00000000e+00
   179       1   5.68267830e-03   4.36440601e-01
   179       2   9.06539141e-07   5.47657651e-09
   179       3   1.79947206e-15   0.00000000e+00
   180       1   7.33394597e-03   3.58448905e-01
   180       2   1.18934901e-06   4.60603200e-09
   180       3   2.37912562e-15   0.00000000e+00
   181       1   9.00452775e-03   3.03496424e-01
   181       2   1.47483559e-06   3.95753768e-09
   181       3   2.85779165e-15   0.00000000e+00
   182       1   1.06985481e-02   2.62728585e-01
   182       2   1.76352047e-06   3.46129426e-09
   182       3   3.35049850e-15   0.00000000e+00
   183       1   1.24203773e-02   2.31271665e-01
   183       2   2.05595479e-06   3.06949362e-09
   183       3   3.97695184e-15   0.00000000e+00
   184       1   1.41746855e-02   2.06241607e-01
   184       2   2.35272539e-06   2.75282846e-09
   184       3   4.50782197e-15   0.00000000e+00
   185       1   1.59665041e-02   1.85828530e-01
   185       2   2.65446189e-06   2.49199438e-09
   185       3   5.30290775e-15   0.00000000e+00
   186       1   1.78012964e-02   1.68841246e-01
   186       2   2.96184472e-06   2.27225336e-09
   186       3   5.64262178e-15   0.00000000e+00
   187       1   1.96850396e-02   1.54464501e-01
   187       2   3.27561457e-06   2.08599228e-09
   187       3   6.25399801e-15   0.00000000e+00
   188       1   2.16243215e-02   1.42121847e-01
   188       2   3.59658341e-06   1.92507935e-09
   188       3   7.02813484e-15   0.00000000e+00
   189       1   2.36264548e-02   1.31394317e-01
   189       2   3.92564756e-06   1.78338315e-09
   189       3   7.71736789e-15   0.00000000e+00
   190       1   2.56996139e-02   1.21970144e-01
   190       2   4.26380328e-06   1.65867460e-09
   190       3   8.18399523e-15   0.00000000e+00
   191       1   2.78530005e-02   1.13612562e-01
   191       2   4.61216563e-06   1.54753649e-09
   191       3   8.96350560e-15   0.00000000e+00
   192       1   3.00970440e-02   1.06138534e-01
   192       2   4.97199132e-06   1.44912969e-09
   192       3   9.80143377e-15   0.00000000e+00
   193       1   3.24436487e-02   9.94043182e-02
   193       2   5.34470673e-06   1.35886622e-09
   193       3   1.04126891e-14   0.00000000e+00
   194       1   3.49064990e-02   9.32954529e-02
   194       2   5.73194261e-06   1.27842826e-09
   194       3   1.12314260e-14   0.00000000e+00
   195       1   3.75014407e-02   8.77196423e-02
   195       2   6.13557727e-06   1.20214548e-09
   195       3   1.19674829e-14   0.00000000e+00
   196       1   4.02469626e-02   8.26016227e-02
   196       2   6.55779113e-06   1.13449611e-09
   196       3   1.29404662e-14   0.00000000e+00
   197       1   4.31648085e-02   7.78793881e-02
   197       2   7.00113602e-06   1.06898927e-09
   197       3   1.36698172e-14   0.00000000e+00
   198       1   4.62807670e-02   7.35013749e-02
   198       2   7.46862440e-06   1.01173087e-09
   198       3   1.48386985e-14   0.00000000e+00
   199       1   4.96256987e-02   6.94243332e-02
   199       2   7.96384544e-06   9.56397640e-10
   199       3   1.55749552e-14   0.00000000e+00
   200       1   5.32368922e-02   6.56116957e-02
   200       2   8.49111809e-06   9.06459578e-10
   200       3   1.66016164e-14   0.00000000e+00
   201       1   5.71598764e-02   6.20323149e-02
   201       2   9.05569558e-06   8.57595035e-10
   201       3   1.77593372e-14   0.00000000e+00
   202       1   6.14508820e-02   5.86594743e-02
   202       2   9.66404296e-06   8.11482836e-10
   202       3   1.88504820e-14   0.00000000e+00
   203       1   6.61802388e-02   5.54701061e-02
   203       2   1.03242200e-05   7.67970171e-10
   203       3   2.03342486e-14   0.00000000e+00
   204       1   7.14371544e-02   5.24441672e-02
   204       2   1.10464198e-05   7.27680390e-10
   204       3   2.16599624e-14   0.00000000e+00
   205       1   7.73365757e-02   4.95641374e-02
   205       2   1.18437411e-05   6.88548027e-10
   205       3   2.34712541e-14   0.00000000e+00
   206       1   8.40292795e-02   4.68146110e-02
   206       2   1.27333253e-05   6.49348188e-10
   206       3   2.48515003e-14   0.00000000e+00
   207       1   9.17171123e-02   4.41819644e-02
   207       2   1.37380716e-05   6.15252069e-10
   207       3   2.71304354e-14   0.00000000e+00
   208       1   1.00676736e-01   4.16540803e-02
   208       2   1.48893096e-05   5.80516132e-10
   208       3   2.95059017e-14   0.00000000e+00
   209       1   1.11297981e-01   3.92201209e-02
   209       2   1.62311168e-05   5.45795717e-10
   209       3   3.18016867e-14   0.00000000e+00
   210       1   1.24148502e-01   3.68703362e-02
   210       2   1.78275930e-05   5.14840252e-10
   210       3   3.53050919e-14   0.00000000e+00
   211       1   1.40088481e-01   3.45959039e-02
   211       2   1.97757684e-05   4.83808590e-10
   211       3   3.89844052e-14   0.00000000e+00
   212       1   1.60487285e-01   3.23887930e-02
   212       2   2.22299812e-05   4.54776582e-10
   212       3   4.43586041e-14   0.00000000e+00
   213       1   1.87666212e-01   3.02416473e-02
   213       2   2.54516919e-05   4.24524431e-10
   213       3   5.04141116e-14   0.00000000e+00
   214       1   2.25900482e-01   2.81476845e-02
   214       2   2.99222173e-05   3.95503480e-10
   214       3   5.90208661e-14   0.00000000e+00
   215       1   2.84024470e-01   2.61006088e-02
   215       2   3.66358353e-05   3.67741672e-10
   215       3   7.30357548e-14   0.00000000e+00
   216       1   3.83721285e-01   2.40945339e-02
   216       2   4.80323822e-05   3.39116890e-10
   216       3   9.40279244e-14   0.00000000e+00
   217       1   5.96235618e-01   2.21239142e-02
   217       2   7.21273161e-05   3.13102300e-10
   217       3   1.43561275e-13   0.00000000e+00
   218       1   1.37283407e+00   2.01834829e-02
   218       2   1.59682252e-04   2.87063029e-10
   218       3   3.19013426e-13   0.00000000e+00
   219       1   4.05215165e+00   1.82681959e-02
   219       2   4.50717279e-04   2.60983129e-10
   219       3   9.03555932e-13   0.00000000e+00
   220       1   7.96228620e-01   1.63731787e-02
   220       2   8.39572403e-05   2.33899809e-10
   220       3   1.66957382e-13   0.00000000e+00
   221       1   4.33319371e-01   1.44936768e-02
   221       2   4.29027750e-05   2.09499209e-10
   221       3   8.75130636e-14   0.00000000e+00
   222       1   2.93017898e-01   1.26250078e-02
   222       2   2.68916465e-05   1.82697491e-10
   222       3   5.41602716e-14   0.00000000e+00
   223       1   2.18171546e-01   1.07625135e-02
   223       2   1.82369471e-05   1.57101999e-10
   223       3   3.64557998e-14   0.00000000e+00
   224       1   1.71358378e-01   8.90151286e-03
   224       2   1.27266934e-05   1.31907989e-10
   224       3   2.61425575e-14   0.00000000e+00
   225       1   1.39104146e-01   7.03725225e-03
   225       2   8.84379801e-06   1.05783637e-10
   225       3   1.76048642e-14   0.00000000e+00
   226       1   1.15366700e-01   5.16485399e-03
   226       2   5.90743177e-06   7.95389771e-11
   226       3   1.18574324e-14   0.00000000e+00
   227       1   9.70315278e-02   3.27926075e-03
   227       2   3.56610913e-06   5.35557965e-11
   227       3   7.03141398e-15   0.00000000e+00
   228       1   8.23290489e-02   1.37517478e-03
   228       2   1.61956881e-06   2.80064640e-11
   228       3   3.37291592e-15   0.00000000e+00
   229       1   7.01783140e-02   5.53009828e-04
   229       2   5.50960264e-08   1.45708204e-12
   229       3   4.09070895e-16   0.00000000e+00
   230       1   5.98806938e-02   2.51128376e-03
   230       2   1.53792753e-06   2.55173272e-11
   230       3   2.30744913e-15   0.00000000e+00
   231       1   5.09635482e-02   4.50611055e-03
   231       2   2.88371921e-06   5.23606460e-11
   231       3   4.86632670e-15   0.00000000e+00
   232       1   4.30946367e-02   6.54452892e-03
   232       2   4.13167679e-06   8.15607989e-11
   232       3   8.03262617e-15   0.00000000e+00
   233       1   3.60325064e-02   8.63427342e-03
   233       2   5.31103643e-06   1.10216002e-10
   233       3   1.02119796e-14   0.00000000e+00
   234       1   2.95963313e-02   1.07839179e-02
   234       2   6.44450186e-06   1.39526333e-10
   234       3   1.21965276e-14   0.00000000e+00
   235       1   2.36468074e-02   1.30030480e-02
   235       2   7.55044680e-06   1.70849403e-10
   235       3   1.48850359e-14   0.00000000e+00
   236       1   1.80735966e-02   1.53024709e-02
   236       2   8.64439234e-06   2.03150553e-10
   236       3   1.67038667e-14   0.00000000e+00
   237       1   1.27867843e-02   1.76944724e-02
   237       2   9.74004810e-06   2.35442184e-10
   237       3   1.91697615e-14   0.00000000e+00
   238       1   7.71085764e-03   2.01931345e-02
   238       2   1.08500890e-05   2.70315853e-10
   238       3   2.08625533e-14   0.00000000e+00
   239       1   2.78029613e-03   2.28147339e-02
   239       2   1.19867761e-05   3.06197460e-10
   239       3   2.32518645e-14   0.00000000e+00
   240       1   2.06381034e-03   2.55782438e-02
   240       2   1.31624954e-05   3.44459820e-10
   240       3   2.57521290e-14   0.00000000e+00
   241       1   6.87650473e-03   2.85059750e-02
   241       2   1.43902680e-05   3.83722328e-10
   241       3   2.75751161e-14   0.00000000e+00
   242       1   1.17113500e-02   3.16244033e-02
   242       2   1.56842804e-05   4.27141735e-10
   242       3   3.03959147e-14   0.00000000e+00
   243       1   1.66226833e-02   3.49652496e-02
   243       2   1.70604792e-05   4.74055980e-10
   243       3   3.34404286e-14   0.00000000e+00
   244       1   2.16679412e-02   3.85669097e-02
   244       2   1.85372854e-05   5.24411303e-10
   244       3   3.63266831e-14   0.00000000e+00
   245       1   2.69102684e-02   4.24763731e-02
   245       2   2.01364949e-05   5.77363962e-10
   245       3   3.93018941e-14   0.00000000e+00
   246       1   3.24216729e-02   4.67518379e-02
   246       2   2.18844621e-05   6.36125783e-10
   246       3   4.26383870e-14   0.00000000e+00
   247       1   3.82870771e-02   5.14663372e-02
   247       2   2.38137041e-05   7.01618797e-10
   247       3   4.64119206e-14   0.00000000e+00
   248       1   4.46097832e-02   5.67128651e-02
   248       2   2.59651402e-05   7.74312660e-10
   248       3   5.08429866e-14   0.00000000e+00
   249       1   5.15191491e-02   6.26117795e-02
   249       2   2.83913011e-05   8.57193869e-10
   249       3   5.56829455e-14   0.00000000e+00
   250       1   5.91817665e-02   6.93217574e-02
   250       2   3.11610593e-05   9.49423385e-10
   250       3   6.11916034e-14   0.00000000e+00
   251       1   6.78183155e-02   7.70564652e-02
   251       2   3.43668083e-05   1.05540572e-09
   251       3   6.71131861e-14   0.00000000e+00
   252       1   7.77299147e-02   8.61107529e-02
   252       2   3.81357309e-05   1.18223456e-09
   252       3   7.51947255e-14   0.00000000e+00
   253       1   8.93409960e-02   9.69033922e-02
   253       2   4.26481695e-05   1.33067828e-09
   253       3   8.36445682e-14   0.00000000e+00
   254       1   1.03272337e-01   1.10049981e-01
   254       2   4.81689517e-05   1.51127040e-09
   254       3   9.45756779e-14   0.00000000e+00
   255       1   1.20472421e-01   1.26494169e-01
   255       2   5.51037661e-05   1.74049782e-09
   255       3   1.08323113e-13   0.00000000e+00
   256       1   1.42469974e-01   1.47760016e-01
   256       2   6.41075659e-05   2.03464276e-09
   256       3   1.25830857e-13   0.00000000e+00
   257       1   1.71901914e-01   1.76479645e-01
   257       2   7.63112209e-05   2.43185806e-09
   257       3   1.50178069e-13   0.00000000e+00
   258       1   2.13745211e-01   2.17624438e-01
   258       2   9.38503610e-05   3.00144490e-09
   258       3   1.84700242e-13   0.00000000e+00
   259       1   2.78660672e-01   2.81846839e-01
   259       2   1.21300799e-04   3.88968330e-09
   259       3   2.38924962e-13   0.00000000e+00
   260       1   3.94363027e-01   3.96842492e-01
   260       2   1.70558948e-04   5.48099583e-09
   260       3   3.35420621e-13   0.00000000e+00
   261       1   6.62484243e-01   6.64160930e-01
   261       2   2.85243894e-04   9.18306024e-09
   261       3   5.62376129e-13   0.00000000e+00
   262       1   1.99838184e+00   1.99774435e+00
   262       2   8.57923980e-04   2.76418404e-08
   262       3   1.69134380e-12   0.00000000e+00
   263       1   1.99914320e+00   2.00000026e+00
   263       2   8.59379097e-04   2.76928141e-08
   263       3   1.69463296e-12   0.00000000e+00
   264       1   6.66296481e-01   6.66415909e-01
   264       2   2.86698276e-04   9.23417403e-09
   264       3   5.65344500e-13   0.00000000e+00
   265       1   3.98422542e-01   3.99096598e-01
   265       2   1.72014563e-04   5.53455035e-09
   265       3   3.39302929e-13   0.00000000e+00
   266       1   2.82792430e-01   2.84099682e-01
   266       2   1.22758410e-04   3.94167563e-09
   266       3   2.42043859e-13   0.00000000e+00
   267       1   2.17911393e-01   2.19875604e-01
   267       2   9.53106837e-05   3.05303793e-09
   267       3   1.88010945e-13   0.00000000e+00
   268       1   1.76090636e-01   1.78728709e-01
   268       2   7.77749755e-05   2.48492513e-09
   268       3   1.53911010e-13   0.00000000e+00
   269       1   1.46677121e-01   1.50006547e-01
   269       2   6.55754929e-05   2.08745279e-09
   269       3   1.29874126e-13   0.00000000e+00
   270       1   1.24696895e-01   1.28737730e-01
   270       2   5.65766327e-05   1.79354556e-09
   270       3   1.11969647e-13   0.00000000e+00
   271       1   1.07514450e-01   1.12290125e-01
   271       2   4.96475593e-05   1.56328135e-09
   271       3   9.78303169e-14   0.00000000e+00
   272       1   9.36018307e-02   9.91396646e-02
   272       2   4.41333599e-05   1.38193440e-09
   272       3   8.71153054e-14   0.00000000e+00
   273       1   8.20110363e-02   8.83426877e-02
   273       2   3.96283941e-05   1.23200277e-09
   273       3   7.80623276e-14   0.00000000e+00
   274       1   7.21216441e-02   7.92835851e-02
   274       2   3.58678906e-05   1.10857242e-09
   274       3   7.11045045e-14   0.00000000e+00
   275       1   6.35095173e-02   7.15435717e-02
   275       2   3.26715727e-05   9.99977529e-10
   275       3   6.45142290e-14   0.00000000e+00
   276       1   5.58738117e-02   6.48277827e-02
   276       2   2.99123340e-05   9.08132139e-10
   276       3   5.93428613e-14   0.00000000e+00
   277       1   4.89941243e-02   5.89225357e-02
   277       2   2.74978695e-05   8.26082922e-10
   277       3   5.45723043e-14   0.00000000e+00
   278       1   4.27041580e-02   5.36691356e-02
   278       2   2.53594099e-05   7.51824735e-10
   278       3   5.01010760e-14   0.00000000e+00
   279       1   3.68748799e-02   4.89472047e-02
   279       2   2.34445440e-05   6.88587927e-10
   279       3   4.66500656e-14   0.00000000e+00
   280       1   3.14033547e-02   4.46637274e-02
   280       2   2.17124924e-05   6.28212418e-10
   280       3   4.30766543e-14   0.00000000e+00
   281       1   2.62050799e-02   4.07456466e-02
   281       2   2.01309013e-05   5.74276102e-10
   281       3   4.02188295e-14   0.00000000e+00
   282       1   2.12085348e-02   3.71347383e-02
   282       2   1.86736080e-05   5.24816200e-10
   282       3   3.70384509e-14   0.00000000e+00
   283       1   1.63511444e-02   3.37839848e-02
   283       2   1.73190427e-05   4.77685094e-10
   283       3   3.41433576e-14   0.00000000e+00
   284       1   1.15761447e-02   3.06549592e-02
   284       2   1.60490528e-05   4.35555025e-10
   284       3   3.25139441e-14   0.00000000e+00
   285       1   6.82999805e-03   2.77159067e-02
   285       2   1.48480116e-05   3.92943609e-10
   285       3   2.94310056e-14   0.00000000e+00
   286       1   2.06010029e-03   2.49403149e-02
   286       2   1.37021173e-05   3.54690862e-10
   286       3   2.73311399e-14   0.00000000e+00
   287       1   2.78743207e-03   2.23058328e-02
   287       2   1.25988146e-05   3.17910063e-10
   287       3   2.49532508e-14   0.00000000e+00
   288       1   7.77009369e-03   1.97934434e-02
   288       2   1.15262869e-05   2.84094511e-10
   288       3   2.30861650e-14   0.00000000e+00
   289       1   1.29516596e-02   1.73868223e-02
   289       2   1.04729755e-05   2.50471834e-10
   289       3   2.10886323e-14   0.00000000e+00
   290       1   1.84054651e-02   1.50718352e-02
   290       2   9.42708218e-06   2.17804768e-10
   290       3   1.87126170e-14   0.00000000e+00
   291       1   2.42186744e-02   1.28361396e-02
   291       2   8.37600527e-06   1.86886330e-10
   291       3   1.67702258e-14   0.00000000e+00
   292       1   3.04981003e-02   1.06688663e-02
   292       2   7.30564388e-06   1.55698778e-10
   292       3   1.42518840e-14   0.00000000e+00
   293       1   3.73784557e-02   8.56036150e-03
   293       2   6.19947454e-06   1.27495885e-10
   293       3   1.24563915e-14   0.00000000e+00
   294       1   4.50344736e-02   6.50197713e-03
   294       2   5.03724934e-06   9.84068740e-11
   294       3   9.85431174e-15   0.00000000e+00
   295       1   5.36993462e-02   4.48589718e-03
   295       2   3.79306241e-06   7.13441210e-11
   295       3   7.81968883e-15   0.00000000e+00
   296       1   6.36938280e-02   2.50499361e-03
   296       2   2.43233951e-06   4.34154741e-11
   296       3   5.04520777e-15   0.00000000e+00
   297       1   7.54741055e-02   5.52704775e-04
   297       2   9.06922907e-07   1.67929746e-11
   297       3   1.90643076e-15   0.00000000e+00
   298       1   8.97143798e-02   1.37706788e-03
   298       2   8.53374736e-07   1.07300791e-11
   298       3   1.27843892e-15   0.00000000e+00
   299       1   1.07457700e-01   3.29004906e-03
   299       2   2.95616648e-06   3.67950758e-11
   299       3   5.30929813e-15   0.00000000e+00
   300       1   1.30411511e-01   5.19166757e-03
   300       2   5.57662975e-06   6.35396877e-11
   300       3   1.04028743e-14   0.00000000e+00
   301       1   1.61580892e-01   7.08712550e-03
   301       2   9.02205236e-06   8.94962295e-11
   301       3   1.68474259e-14   0.00000000e+00
   302       1   2.06795710e-01   8.98146080e-03
   302       2   1.38874650e-05   1.15776340e-10
   302       3   2.65005620e-14   0.00000000e+00
   303       1   2.79057123e-01   1.08796047e-02
   303       2   2.14985546e-05   1.41446176e-10
   303       3   4.05305337e-14   0.00000000e+00
   304       1   4.14475170e-01   1.27864359e-02
   304       2   3.55356319e-05   1.69367390e-10
   304       3   6.91226349e-14   0.00000000e+00
   305       1   7.64712715e-01   1.47068322e-02
   305       2   7.14525685e-05   1.95826690e-10
   305       3   1.38981939e-13   0.00000000e+00
   306       1   3.90897077e+00   1.66457214e-02
   306       2   3.91949825e-04   2.22403340e-10
   306       3   7.59003116e-13   0.00000000e+00
   307       1   1.32744403e+00   1.86081322e-02
   307       2   1.41336919e-04   2.49597377e-10
   307       3   2.74056677e-13   0.00000000e+00
   308       1   5.78523071e-01   2.05992467e-02
   308       2   6.47945015e-05   2.79299461e-10
   308       3   1.28856487e-13   0.00000000e+00
   309       1   3.73508275e-01   2.26244549e-02
   309       2   4.37007185e-05   3.06379761e-10
   309       3   8.54799361e-14   0.00000000e+00
   310       1   2.77300761e-01   2.46894130e-02
   310       2   3.37030408e-05   3.35301083e-10
   310       3   6.63087804e-14   0.00000000e+00
   311       1   2.21191764e-01   2.68001071e-02
   311       2   2.77979697e-05   3.64468243e-10
   311       3   5.43163064e-14   0.00000000e+00
   312       1   1.84268153e-01   2.89629228e-02
   312       2   2.38536547e-05   3.94252883e-10
   312       3   4.65763607e-14   0.00000000e+00
   313       1   1.58008843e-01   3.11847238e-02
   313       2   2.10012921e-05   4.27268495e-10
   313       3   4.14209494e-14   0.00000000e+00
   314       1   1.38290078e-01   3.34729402e-02
   314       2   1.88202764e-05   4.57631233e-10
   314       3   3.68326695e-14   0.00000000e+00
   315       1   1.22872734e-01   3.58356703e-02
   315       2   1.70821037e-05   4.91129060e-10
   315       3   3.37507805e-14   0.00000000e+00
   316       1   1.10435879e-01   3.82817979e-02
   316       2   1.56518701e-05   5.24132155e-10
   316       3   3.10115834e-14   0.00000000e+00
   317       1   1.00149733e-01   4.08211294e-02
   317       2   1.44447477e-05   5.59508159e-10
   317       3   2.82616775e-14   0.00000000e+00
   318       1   9.14666850e-02   4.34645552e-02
   318       2   1.34046830e-05   5.98061076e-10
   318       3   2.61614918e-14   0.00000000e+00
   319       1   8.40106539e-02   4.62242409e-02
   319       2   1.24931202e-05   6.36740408e-10
   319       3   2.45556496e-14   0.00000000e+00
   320       1   7.75147234e-02   4.91138558e-02
   320       2   1.16826434e-05   6.77470771e-10
   320       3   2.29254114e-14   0.00000000e+00
   321       1   7.17841461e-02   5.21488487e-02
   321       2   1.09532051e-05   7.21291948e-10
   321       3   2.19132956e-14   0.00000000e+00
   322       1   6.66734379e-02   5.53467816e-02
   322       2   1.02897903e-05   7.64918219e-10
   322       3   2.00978042e-14   0.00000000e+00
   323       1   6.20716778e-02   5.87277384e-02
   323       2   9.68091760e-06   8.11961493e-10
   323       3   1.90722526e-14   0.00000000e+00
   324       1   5.78927743e-02   6.23148276e-02
   324       2   9.11764606e-06   8.64141528e-10
   324       3   1.81772042e-14   0.00000000e+00
   325       1   5.40688457e-02   6.61348084e-02
   325       2   8.59289977e-06   9.18928706e-10
   325       3   1.71945315e-14   0.00000000e+00
   326       1   5.05456115e-02   7.02188730e-02
   326       2   8.10099730e-06   9.75653751e-10
   326       3   1.59502555e-14   0.00000000e+00
   327       1   4.72791138e-02   7.46036390e-02
   327       2   7.63731697e-06   1.03661209e-09
   327       3   1.50174781e-14   0.00000000e+00
   328       1   4.42333439e-02   7.93324141e-02
   328       2   7.19805417e-06   1.10364814e-09
   328       3   1.43533082e-14   0.00000000e+00
   329       1   4.13784932e-02   8.44568319e-02
   329       2   6.78004258e-06   1.17612194e-09
   329       3   1.32680731e-14   0.00000000e+00
   330       1   3.86896453e-02   9.00389863e-02
   330       2   6.38062028e-06   1.25764346e-09
   330       3   1.25973505e-14   0.00000000e+00
   331       1   3.61457843e-02   9.61542562e-02
   331       2   5.99752822e-06   1.34382844e-09
   331       3   1.19903062e-14   0.00000000e+00
   332       1   3.37290339e-02   1.02895094e-01
   332       2   5.62883211e-06   1.44130448e-09
   332       3   1.11459772e-14   0.00000000e+00
   333       1   3.14240660e-02   1.10376184e-01
   333       2   5.27286175e-06   1.54612873e-09
   333       3   1.03696329e-14   0.00000000e+00
   334       1   2.92176362e-02   1.18741587e-01
   334       2   4.92816330e-06   1.66766478e-09
   334       3   9.65300610e-15   0.00000000e+00
   335       1   2.70982157e-02   1.28174828e-01
   335       2   4.59346133e-06   1.80278734e-09
   335       3   9.25730614e-15   0.00000000e+00
   336       1   2.50556965e-02   1.38913429e-01
   336       2   4.26762844e-06   1.95717798e-09
   336       3   8.50218502e-15   0.00000000e+00
   337       1   2.30811535e-02   1.51270378e-01
   337       2   3.94966064e-06   2.13527075e-09
   337       3   7.79484050e-15   0.00000000e+00
   338       1   2.11666496e-02   1.65666697e-01
   338       2   3.63865722e-06   2.34386042e-09
   338       3   7.25463773e-15   0.00000000e+00
   339       1   1.93050771e-02   1.82682445e-01
   339       2   3.33380417e-06   2.59287029e-09
   339       3   6.62394734e-15   0.00000000e+00
   340       1   1.74900243e-02   2.03139575e-01
   340       2   3.03436040e-06   2.89125314e-09
   340       3   6.02603156e-15   0.00000000e+00
   341       1   1.57156655e-02   2.28242482e-01
   341       2   2.73964615e-06   3.26079949e-09
   341       3   5.33821024e-15   0.00000000e+00
   342       1   1.39766674e-02   2.59829179e-01
   342       2   2.44903319e-06   3.72664342e-09
   342       3   4.79573606e-15   0.00000000e+00
   343       1   1.22681092e-02   3.00849642e-01
   343       2   2.16193641e-06   4.33881193e-09
   343       3   4.39030839e-15   0.00000000e+00
   344       1   1.05854143e-02   3.56352562e-01
   344       2   1.87780659e-06   5.17392868e-09
   344       3   3.77228498e-15   0.00000000e+00
   345       1   8.92429047e-03   4.35742754e-01
   345       2   1.59612401e-06   6.38489302e-09
   345       3   3.17216750e-15   0.00000000e+00
   346       1   7.28067737e-03   5.58722212e-01
   346       2   1.31639281e-06   8.29348209e-09
   346       3   2.69920810e-15   0.00000000e+00
   347       1   5.65069924e-03   7.74435677e-01
   347       2   1.03813591e-06   1.17260063e-08
   347       3   2.01296886e-15   0.00000000e+00
   348       1   4.03062232e-03   1.24697906e+00
   348       2   7.60890381e-07   1.95455390e-08
   348       3   1.55933312e-15   0.00000000e+00
   349       1   2.41681534e-03   2.99677715e+00
   349       2   4.84203116e-07   5.06539693e-08
   349       3   1.00000623e-15   0.00000000e+00
   350       1   8.05712340e-04   4.41294320e+06
   350       2   2.07626723e-07   9.22847010e-02
   350       3   5.55111512e-16   1.24205970e-11
   351       1   0.00000000e+00   1.93356050e-11