  TimeWindow  TotalIterations  Iterations  Convergence
     1       3       3       1
     2       6       3       1
     3       9       3       1
     4      12       3       1
     5      15       3       1
     6      18       3       1
     7      21       3       1
     8      24       3       1
     9      27       3       1
    10      30       3       1
    11      33       3       1
    12      36       3       1
    13      39       3       1
    14      42       3       1
    15      45       3       1
    16      48       3       1
    17      51       3       1
    18      54       3       1
    19      57       3       1
    20      61       4       1
    21      64       3       1
    22      67       3       1
    23      70       3       1
    24      73       3       1
    25      76       3       1
    26      79       3       1
    27      82       3       1
    28      85       3       1
    29      88       3       1
    30      91       3       1
    31      94       3       1
    32      97       3       1
    33     100       3       1
    34     103       3       1
    35     106       3       1
    36     109       3       1
    37     112       3       1
    38     115       3       1
    39     118       3       1
    40     122       4       1
    41     126       4       1
    42     129       3       1
    43     132       3       1
    44     135       3       1
    45     138       3       1
    46     141       3       1
    47     144       3       1
    48     147       3       1
    49     150       3       1
    50     153       3       1
    51     156       3       1
    52     159       3       1
    53     162       3       1
    54     165       3       1
    55     168       3       1
    56     171       3       1
    57     174       3       1
    58     177       3       1
    59     180       3       1
    60     184       4       1
    61     187       3       1
    62     190       3       1
    63     193       3       1
    64     196       3       1
    65     199       3       1
    66     202       3       1
    67     205       3       1
    68     208       3       1
    69     211       3       1
    70     214       3       1
    71     217       3       1
    72     220       3       1
    73     223       3       1
    74     226       3       1
    75     229       3       1
    76     232       3       1
    77     235       3       1
    78     238       3       1
    79     241       3       1
    80     245       4       1
    81     248       3       1
    82     251       3       1
    83     254       3       1
    84     257       3       1
    85     260       3       1
    86     263       3       1
    87     266       3       1
    88     269       3       1
    89     272       3       1
    90     275       3       1
    91     278       3       1
    92     281       3       1
    93     284       3       1
    94     287       3       1
    95     290       3       1
    96     293       3       1
    97     296       3       1
    98     299       3       1
    99     302       3       1
   100     306       4       1
   101     309       3       1
   102     312       3       1
   103     315       3       1
   104     318       3       1
   105     321       3       1
   106     324       3       1
   107     327       3       1
   108     330       3       1
   109     333       3       1
   110     336       3       1
   111     339       3       1
   112     342       3       1
   113     345       3       1
   114     348       3       1
   115     351       3       1
   116     354       3       1
   117     357       3       1
   118     360       3       1
   119     363       3       1
   120     367       4       1
   121     371       4       1
   122     374       3       1
   123     377       3       1
   124     380       3       1
   125     383       3       1
   126     386       3       1
   127     389       3       1
   128     392       3       1
   129     395       3       1
   130     398       3       1
   131     401       3       1
   132     404       3       1
   133     407       3       1
   134     410       3       1
   135     413       3       1
   136     416       3       1
   137     419       3       1
   138     422       3       1
   139     425       3       1
   140     429       4       1
   141     432       3       1
   142     435       3       1
   143     438       3       1
   144     441       3       1
   145     444       3       1
   146     447       3       1
   147     450       3       1
   148     453       3       1
   149     456       3       1
   150     459       3       1
   151     462       3       1
   152     465       3       1
   153     468       3       1
   154     471       3       1
   155     474       3       1
   156     477       3       1
   157     480       3       1
   158     483       3       1
   159     486       3       1
   160     489       3       1